Component: ARM Compiler 5.05 update 1 (build 106) Tool: armlink [4d0efa]

==============================================================================

Section Cross References

    main.o(i.main) refers to delay.o(i.delay_init) for delay_init
    main.o(i.main) refers to gpio.o(i.gpio_init) for gpio_init
    main.o(i.main) refers to usart.o(i.bsp_InitUart) for bsp_InitUart
    main.o(i.main) refers to spi.o(i.SPI2_Init) for SPI2_Init
    main.o(i.main) refers to i2c.o(i.i2c1_init) for i2c1_init
    main.o(i.main) refers to ws2812.o(i.Timer2_Init) for Timer2_Init
    main.o(i.main) refers to opt3001.o(i.opt3001_reg_init) for opt3001_reg_init
    main.o(i.main) refers to opt3001.o(i.opt3001_int_init) for opt3001_int_init
    main.o(i.main) refers to opt3001.o(i.opt3001_alarm_init) for opt3001_alarm_init
    main.o(i.main) refers to adxl345.o(i.adxl345_low_level_init) for adxl345_low_level_init
    main.o(i.main) refers to adxl345.o(i.observeActivity) for observeActivity
    main.o(i.main) refers to adxl345.o(i.observeFreefall) for observeFreefall
    main.o(i.main) refers to nt3h1101.o(i.nt3h1101_init) for nt3h1101_init
    main.o(i.main) refers to nt3h1101.o(i.nt3h1101_power_on) for nt3h1101_power_on
    main.o(i.main) refers to nt3h1101.o(i.nt3h1101_write_reg) for nt3h1101_write_reg
    main.o(i.main) refers to delay.o(i.delay_ms) for delay_ms
    main.o(i.main) refers to usart.o(i.comGetChar) for comGetChar
    main.o(i.main) refers to usart.o(i.comSendChar) for comSendChar
    stm32l1xx_it.o(i.EXTI15_10_IRQHandler) refers to stm32l1xx_exti.o(i.EXTI_GetITStatus) for EXTI_GetITStatus
    stm32l1xx_it.o(i.EXTI15_10_IRQHandler) refers to stm32l1xx_exti.o(i.EXTI_ClearITPendingBit) for EXTI_ClearITPendingBit
    stm32l1xx_it.o(i.EXTI15_10_IRQHandler) refers to adxl345.o(.data) for ADXL345IntFlag
    stm32l1xx_it.o(i.EXTI1_IRQHandler) refers to stm32l1xx_exti.o(i.EXTI_GetITStatus) for EXTI_GetITStatus
    stm32l1xx_it.o(i.EXTI1_IRQHandler) refers to stm32l1xx_exti.o(i.EXTI_ClearITPendingBit) for EXTI_ClearITPendingBit
    stm32l1xx_it.o(i.EXTI1_IRQHandler) refers to opt3001.o(.data) for LowHighLimitTrigFlag
    stm32l1xx_it.o(i.EXTI2_IRQHandler) refers to stm32l1xx_exti.o(i.EXTI_GetITStatus) for EXTI_GetITStatus
    stm32l1xx_it.o(i.EXTI2_IRQHandler) refers to stm32l1xx_exti.o(i.EXTI_ClearITPendingBit) for EXTI_ClearITPendingBit
    stm32l1xx_it.o(i.EXTI2_IRQHandler) refers to adxl345.o(.data) for ADXL345IntFlag
    stm32l1xx_it.o(i.EXTI4_IRQHandler) refers to stm32l1xx_exti.o(i.EXTI_GetITStatus) for EXTI_GetITStatus
    stm32l1xx_it.o(i.EXTI4_IRQHandler) refers to stm32l1xx_exti.o(i.EXTI_ClearITPendingBit) for EXTI_ClearITPendingBit
    system_stm32l1xx.o(i.SystemCoreClockUpdate) refers to system_stm32l1xx.o(.data) for SystemCoreClock
    system_stm32l1xx.o(i.SystemInit) refers to system_stm32l1xx.o(i.SetSysClock) for SetSysClock
    gpio.o(i.gpio_init) refers to stm32l1xx_rcc.o(i.RCC_AHBPeriphClockCmd) for RCC_AHBPeriphClockCmd
    gpio.o(i.gpio_init) refers to stm32l1xx_gpio.o(i.GPIO_Init) for GPIO_Init
    spi.o(i.SPI2_Init) refers to stm32l1xx_rcc.o(i.RCC_AHBPeriphClockCmd) for RCC_AHBPeriphClockCmd
    spi.o(i.SPI2_Init) refers to stm32l1xx_rcc.o(i.RCC_APB1PeriphClockCmd) for RCC_APB1PeriphClockCmd
    spi.o(i.SPI2_Init) refers to stm32l1xx_gpio.o(i.GPIO_Init) for GPIO_Init
    spi.o(i.SPI2_Init) refers to stm32l1xx_gpio.o(i.GPIO_PinAFConfig) for GPIO_PinAFConfig
    spi.o(i.SPI2_Init) refers to stm32l1xx_spi.o(i.SPI_Init) for SPI_Init
    spi.o(i.SPI2_Init) refers to stm32l1xx_spi.o(i.SPI_Cmd) for SPI_Cmd
    spi.o(i.spi2_read_write_byte) refers to stm32l1xx_spi.o(i.SPI_I2S_GetFlagStatus) for SPI_I2S_GetFlagStatus
    spi.o(i.spi2_read_write_byte) refers to stm32l1xx_spi.o(i.SPI_I2S_SendData) for SPI_I2S_SendData
    spi.o(i.spi2_read_write_byte) refers to stm32l1xx_spi.o(i.SPI_I2S_ReceiveData) for SPI_I2S_ReceiveData
    sx1276.o(i.sx1276_read_one_byte) refers to spi.o(i.spi2_read_write_byte) for spi2_read_write_byte
    sx1276.o(i.sx1276_read_version) refers to sx1276.o(i.sx1276_read_one_byte) for sx1276_read_one_byte
    sx1276.o(i.sx1276_write_one_byte) refers to spi.o(i.spi2_read_write_byte) for spi2_read_write_byte
    ws2812.o(i.Timer2_Init) refers to stm32l1xx_rcc.o(i.RCC_AHBPeriphClockCmd) for RCC_AHBPeriphClockCmd
    ws2812.o(i.Timer2_Init) refers to stm32l1xx_gpio.o(i.GPIO_Init) for GPIO_Init
    ws2812.o(i.Timer2_Init) refers to stm32l1xx_gpio.o(i.GPIO_PinAFConfig) for GPIO_PinAFConfig
    ws2812.o(i.Timer2_Init) refers to stm32l1xx_rcc.o(i.RCC_APB1PeriphClockCmd) for RCC_APB1PeriphClockCmd
    ws2812.o(i.Timer2_Init) refers to stm32l1xx_tim.o(i.TIM_TimeBaseInit) for TIM_TimeBaseInit
    ws2812.o(i.Timer2_Init) refers to stm32l1xx_tim.o(i.TIM_OC1Init) for TIM_OC1Init
    ws2812.o(i.Timer2_Init) refers to stm32l1xx_dma.o(i.DMA_DeInit) for DMA_DeInit
    ws2812.o(i.Timer2_Init) refers to stm32l1xx_dma.o(i.DMA_Init) for DMA_Init
[...]
    sqrt_x.o(i.____softfp_sqrt$lsc) refers to errno.o(i.__set_errno) for __set_errno
    sqrt_x.o(i.____softfp_sqrt$lsc) refers to dsqrt.o(.text) for _dsqrt
    sqrt_x.o(i.__sqrt$lsc) refers (Special) to iusefp.o(.text) for __I$use$fp
    sqrt_x.o(i.__sqrt$lsc) refers to cdcmple.o(.text) for __aeabi_cdcmple
    sqrt_x.o(i.__sqrt$lsc) refers to errno.o(i.__set_errno) for __set_errno
    sqrt_x.o(i.__sqrt$lsc) refers to dsqrt.o(.text) for _dsqrt
    entry2.o(.ARM.Collect$$$$00000001) refers to entry2.o(.ARM.Collect$$$$00002712) for __lit__00000000
    entry2.o(.ARM.Collect$$$$00002712) refers to startup_stm32l1xx_hd.o(STACK) for __initial_sp
    entry2.o(__vectab_stack_and_reset_area) refers to startup_stm32l1xx_hd.o(STACK) for __initial_sp
    entry2.o(__vectab_stack_and_reset_area) refers to entry.o(.ARM.Collect$$$$00000000) for __main
    entry5.o(.ARM.Collect$$$$00000004) refers to init.o(.text) for __scatterload
    entry9a.o(.ARM.Collect$$$$0000000B) refers to main.o(i.main) for main
    entry9b.o(.ARM.Collect$$$$0000000C) refers to main.o(i.main) for main
    errno.o(i.__aeabi_errno_addr) refers to errno.o(.data) for .data
    errno.o(i.__read_errno) refers to errno.o(.data) for .data
    errno.o(i.__set_errno) refers to errno.o(.data) for .data
    depilogue.o(.text) refers to llshl.o(.text) for __aeabi_llsl
    depilogue.o(.text) refers to llushr.o(.text) for __aeabi_llsr
    ddiv.o(.text) refers to depilogue.o(.text) for _double_round
    dflti.o(.text) refers to depilogue.o(.text) for _double_epilogue
    init.o(.text) refers to entry5.o(.ARM.Collect$$$$00000004) for __main_after_scatterload
    dsqrt.o(.text) refers to llushr.o(.text) for __aeabi_llsr
    dsqrt.o(.text) refers to depilogue.o(.text) for _double_round


==============================================================================

Removing Unused input sections from the image.

    Removing system_stm32l1xx.o(i.SystemCoreClockUpdate), (220 bytes).
    Removing spi.o(i.spi2_read_write_byte), (84 bytes).
    Removing sx1276.o(i.sx1276_read_one_byte), (44 bytes).
    Removing sx1276.o(i.sx1276_read_version), (12 bytes).
    Removing sx1276.o(i.sx1276_write_one_byte), (44 bytes).
    Removing ws2812.o(i.setled), (392 bytes).
    Removing sht20.o(i.getTempRh), (80 bytes).
    Removing sht20.o(i.sht20_read_rh), (748 bytes).
    Removing sht20.o(i.sht20_read_temp), (776 bytes).
    Removing sht20.o(.data), (4 bytes).
    Removing opt3001.o(i.opt3001_get_lux), (132 bytes).
    Removing opt3001.o(i.opt3001_int_get_lux), (152 bytes).
    Removing opt3001.o(i.opt3001_read_two_byte), (576 bytes).
    Removing adxl345.o(i.adxl345_act_freefall_int_process), (244 bytes).
    Removing adxl345.o(i.adxl345_actint_disable), (108 bytes).
    Removing adxl345.o(i.adxl345_freefallint_disable), (108 bytes).
    Removing adxl345.o(i.adxl345_read_bytes), (696 bytes).
    Removing adxl345.o(i.adxl345_read_one_byte), (544 bytes).
    Removing adxl345.o(i.getAcceleration), (188 bytes).
    Removing nt3h1101.o(i.nt3h1101_get_id), (110 bytes).
    Removing nt3h1101.o(i.nt3h1101_int_disable), (22 bytes).
    Removing nt3h1101.o(i.nt3h1101_int_enable), (34 bytes).
    Removing nt3h1101.o(i.nt3h1101_power_off), (16 bytes).
    Removing nt3h1101.o(i.nt3h1101_read_reg), (580 bytes).
    Removing nt3h1101.o(i.nt3h1101_write_one_block), (316 bytes).
    Removing usart.o(i.bsp_SetUart1Baud), (44 bytes).
    Removing usart.o(i.bsp_SetUart2Baud), (44 bytes).
    Removing usart.o(i.comClearRxFifo), (28 bytes).
    Removing usart.o(i.fgetc), (24 bytes).
    Removing usart.o(i.fputc), (18 bytes).
    Removing core_cm3.o(.emb_text), (32 bytes).
    Removing startup_stm32l1xx_hd.o(HEAP), (512 bytes).
    Removing misc.o(i.NVIC_PriorityGroupConfig), (20 bytes).
    Removing misc.o(i.NVIC_SetVectorTable), (20 bytes).
    Removing misc.o(i.NVIC_SystemLPConfig), (32 bytes).
    Removing stm32l1xx_adc.o(i.ADC_AnalogWatchdogCmd), (20 bytes).
    Removing stm32l1xx_adc.o(i.ADC_AnalogWatchdogSingleChannelConfig), (16 bytes).
    Removing stm32l1xx_adc.o(i.ADC_AnalogWatchdogThresholdsConfig), (6 bytes).
    Removing stm32l1xx_adc.o(i.ADC_AutoInjectedConvCmd), (22 bytes).
    Removing stm32l1xx_adc.o(i.ADC_ClearFlag), (6 bytes).
    Removing stm32l1xx_adc.o(i.ADC_ClearITPendingBit), (10 bytes).
    Removing stm32l1xx_adc.o(i.ADC_Cmd), (22 bytes).
    Removing stm32l1xx_adc.o(i.ADC_CommonInit), (28 bytes).
    Removing stm32l1xx_adc.o(i.ADC_CommonStructInit), (6 bytes).
    Removing stm32l1xx_adc.o(i.ADC_ContinuousModeCmd), (22 bytes).
    Removing stm32l1xx_adc.o(i.ADC_DMACmd), (22 bytes).
    Removing stm32l1xx_adc.o(i.ADC_DMARequestAfterLastTransferCmd), (22 bytes).
    Removing stm32l1xx_adc.o(i.ADC_DeInit), (24 bytes).
    Removing stm32l1xx_adc.o(i.ADC_DelaySelectionConfig), (16 bytes).
    Removing stm32l1xx_adc.o(i.ADC_DiscModeChannelCountConfig), (24 bytes).
    Removing stm32l1xx_adc.o(i.ADC_DiscModeCmd), (22 bytes).
    Removing stm32l1xx_adc.o(i.ADC_EOCOnEachRegularChannelCmd), (22 bytes).
    Removing stm32l1xx_adc.o(i.ADC_ExternalTrigInjectedConvConfig), (16 bytes).
    Removing stm32l1xx_adc.o(i.ADC_ExternalTrigInjectedConvEdgeConfig), (16 bytes).
    Removing stm32l1xx_adc.o(i.ADC_GetConversionValue), (8 bytes).
    Removing stm32l1xx_adc.o(i.ADC_GetFlagStatus), (18 bytes).
    Removing stm32l1xx_adc.o(i.ADC_GetITStatus), (38 bytes).
    Removing stm32l1xx_adc.o(i.ADC_GetInjectedConversionValue), (28 bytes).
    Removing stm32l1xx_adc.o(i.ADC_GetSoftwareStartConvStatus), (20 bytes).
    Removing stm32l1xx_adc.o(i.ADC_GetSoftwareStartInjectedConvCmdStatus), (20 bytes).
    Removing stm32l1xx_adc.o(i.ADC_ITConfig), (32 bytes).
    Removing stm32l1xx_adc.o(i.ADC_Init), (84 bytes).
    Removing stm32l1xx_adc.o(i.ADC_InjectedChannelConfig), (170 bytes).
    Removing stm32l1xx_adc.o(i.ADC_InjectedDiscModeCmd), (22 bytes).
    Removing stm32l1xx_adc.o(i.ADC_InjectedSequencerLengthConfig), (24 bytes).
    Removing stm32l1xx_adc.o(i.ADC_PowerDownCmd), (18 bytes).
    Removing stm32l1xx_adc.o(i.ADC_RegularChannelConfig), (304 bytes).
    Removing stm32l1xx_adc.o(i.ADC_SetInjectedOffset), (20 bytes).
    Removing stm32l1xx_adc.o(i.ADC_SoftwareStartConv), (10 bytes).
    Removing stm32l1xx_adc.o(i.ADC_SoftwareStartInjectedConv), (10 bytes).
    Removing stm32l1xx_adc.o(i.ADC_StructInit), (26 bytes).
    Removing stm32l1xx_adc.o(i.ADC_TempSensorVrefintCmd), (36 bytes).
    Removing stm32l1xx_comp.o(i.COMP_Cmd), (36 bytes).
    Removing stm32l1xx_comp.o(i.COMP_DeInit), (12 bytes).
    Removing stm32l1xx_comp.o(i.COMP_GetOutputLevel), (48 bytes).
    Removing stm32l1xx_comp.o(i.COMP_Init), (36 bytes).
    Removing stm32l1xx_comp.o(i.COMP_VrefintOutputCmd), (36 bytes).
    Removing stm32l1xx_comp.o(i.COMP_WindowCmd), (36 bytes).
    Removing stm32l1xx_crc.o(i.CRC_CalcBlockCRC), (36 bytes).
    Removing stm32l1xx_crc.o(i.CRC_CalcCRC), (16 bytes).
    Removing stm32l1xx_crc.o(i.CRC_GetCRC), (12 bytes).
    Removing stm32l1xx_crc.o(i.CRC_GetIDRegister), (12 bytes).
    Removing stm32l1xx_crc.o(i.CRC_ResetDR), (12 bytes).
    Removing stm32l1xx_crc.o(i.CRC_SetIDRegister), (12 bytes).
    Removing stm32l1xx_dac.o(i.DAC_ClearFlag), (16 bytes).
    Removing stm32l1xx_dac.o(i.DAC_ClearITPendingBit), (16 bytes).
    Removing stm32l1xx_dac.o(i.DAC_Cmd), (40 bytes).
    Removing stm32l1xx_dac.o(i.DAC_DMACmd), (44 bytes).
    Removing stm32l1xx_dac.o(i.DAC_DeInit), (22 bytes).
    Removing stm32l1xx_dac.o(i.DAC_DualSoftwareTriggerCmd), (36 bytes).
    Removing stm32l1xx_dac.o(i.DAC_GetDataOutputValue), (36 bytes).
    Removing stm32l1xx_dac.o(i.DAC_GetFlagStatus), (32 bytes).
    Removing stm32l1xx_dac.o(i.DAC_GetITStatus), (48 bytes).
    Removing stm32l1xx_dac.o(i.DAC_ITConfig), (40 bytes).
    Removing stm32l1xx_dac.o(i.DAC_Init), (52 bytes).
    Removing stm32l1xx_dac.o(i.DAC_SetChannel1Data), (32 bytes).
    Removing stm32l1xx_dac.o(i.DAC_SetChannel2Data), (32 bytes).
    Removing stm32l1xx_dac.o(i.DAC_SetDualChannelData), (36 bytes).
    Removing stm32l1xx_dac.o(i.DAC_SoftwareTriggerCmd), (44 bytes).
    Removing stm32l1xx_dac.o(i.DAC_StructInit), (12 bytes).
    Removing stm32l1xx_dac.o(i.DAC_WaveGenerationCmd), (40 bytes).
    Removing stm32l1xx_dbgmcu.o(i.DBGMCU_APB1PeriphConfig), (32 bytes).
    Removing stm32l1xx_dbgmcu.o(i.DBGMCU_APB2PeriphConfig), (32 bytes).
    Removing stm32l1xx_dbgmcu.o(i.DBGMCU_Config), (32 bytes).
    Removing stm32l1xx_dbgmcu.o(i.DBGMCU_GetDEVID), (16 bytes).
    Removing stm32l1xx_dbgmcu.o(i.DBGMCU_GetREVID), (12 bytes).
    Removing stm32l1xx_dma.o(i.DMA_ClearFlag), (16 bytes).
    Removing stm32l1xx_dma.o(i.DMA_ClearITPendingBit), (16 bytes).
    Removing stm32l1xx_dma.o(i.DMA_GetCurrDataCounter), (8 bytes).
    Removing stm32l1xx_dma.o(i.DMA_GetFlagStatus), (36 bytes).
    Removing stm32l1xx_dma.o(i.DMA_GetITStatus), (36 bytes).
    Removing stm32l1xx_dma.o(i.DMA_ITConfig), (18 bytes).
    Removing stm32l1xx_dma.o(i.DMA_StructInit), (26 bytes).
    Removing stm32l1xx_exti.o(i.EXTI_ClearFlag), (12 bytes).
    Removing stm32l1xx_exti.o(i.EXTI_DeInit), (36 bytes).
    Removing stm32l1xx_exti.o(i.EXTI_GenerateSWInterrupt), (16 bytes).
    Removing stm32l1xx_exti.o(i.EXTI_GetFlagStatus), (24 bytes).
    Removing stm32l1xx_exti.o(i.EXTI_StructInit), (16 bytes).
    Removing stm32l1xx_flash.o(i.DATA_EEPROM_EraseWord), (26 bytes).
    Removing stm32l1xx_flash.o(i.DATA_EEPROM_FastProgramByte), (108 bytes).
    Removing stm32l1xx_flash.o(i.DATA_EEPROM_FastProgramHalfWord), (136 bytes).
    Removing stm32l1xx_flash.o(i.DATA_EEPROM_FastProgramWord), (52 bytes).
    Removing stm32l1xx_flash.o(i.DATA_EEPROM_FixedTimeProgramCmd), (36 bytes).
    Removing stm32l1xx_flash.o(i.DATA_EEPROM_Lock), (20 bytes).
    Removing stm32l1xx_flash.o(i.DATA_EEPROM_ProgramByte), (92 bytes).
    Removing stm32l1xx_flash.o(i.DATA_EEPROM_ProgramHalfWord), (120 bytes).
    Removing stm32l1xx_flash.o(i.DATA_EEPROM_ProgramWord), (34 bytes).
    Removing stm32l1xx_flash.o(i.DATA_EEPROM_Unlock), (36 bytes).
    Removing stm32l1xx_flash.o(i.FLASH_ClearFlag), (12 bytes).
    Removing stm32l1xx_flash.o(i.FLASH_ErasePage), (84 bytes).
    Removing stm32l1xx_flash.o(i.FLASH_FastProgramWord), (34 bytes).
    Removing stm32l1xx_flash.o(i.FLASH_GetFlagStatus), (24 bytes).
    Removing stm32l1xx_flash.o(i.FLASH_GetStatus), (56 bytes).
    Removing stm32l1xx_flash.o(i.FLASH_ITConfig), (32 bytes).
    Removing stm32l1xx_flash.o(i.FLASH_Lock), (20 bytes).
    Removing stm32l1xx_flash.o(i.FLASH_OB_BORConfig), (72 bytes).
    Removing stm32l1xx_flash.o(i.FLASH_OB_GetBOR), (16 bytes).
    Removing stm32l1xx_flash.o(i.FLASH_OB_GetRDP), (24 bytes).
    Removing stm32l1xx_flash.o(i.FLASH_OB_GetUser), (16 bytes).
    Removing stm32l1xx_flash.o(i.FLASH_OB_GetWRP), (12 bytes).
    Removing stm32l1xx_flash.o(i.FLASH_OB_Launch), (20 bytes).
    Removing stm32l1xx_flash.o(i.FLASH_OB_Lock), (20 bytes).
    Removing stm32l1xx_flash.o(i.FLASH_OB_RDPConfig), (52 bytes).
    Removing stm32l1xx_flash.o(i.FLASH_OB_Unlock), (44 bytes).
    Removing stm32l1xx_flash.o(i.FLASH_OB_UserConfig), (100 bytes).
    Removing stm32l1xx_flash.o(i.FLASH_OB_WRPConfig), (148 bytes).
    Removing stm32l1xx_flash.o(i.FLASH_PrefetchBufferCmd), (36 bytes).
    Removing stm32l1xx_flash.o(i.FLASH_ReadAccess64Cmd), (36 bytes).
    Removing stm32l1xx_flash.o(i.FLASH_SLEEPPowerDownCmd), (36 bytes).
    Removing stm32l1xx_flash.o(i.FLASH_SetLatency), (24 bytes).
    Removing stm32l1xx_flash.o(i.FLASH_Unlock), (44 bytes).
    Removing stm32l1xx_flash.o(i.FLASH_WaitForLastOperation), (38 bytes).
    Removing stm32l1xx_flash_ramfunc.o(i.DATA_EEPROM_EraseDoubleWord), (84 bytes).
    Removing stm32l1xx_flash_ramfunc.o(i.DATA_EEPROM_ProgramDoubleWord), (92 bytes).
    Removing stm32l1xx_flash_ramfunc.o(i.FLASH_ProgramHalfPage), (104 bytes).
    Removing stm32l1xx_flash_ramfunc.o(i.FLASH_RUNPowerDownCmd), (80 bytes).
    Removing stm32l1xx_flash_ramfunc.o(i.GetStatus), (56 bytes).
    Removing stm32l1xx_flash_ramfunc.o(i.WaitForLastOperation), (38 bytes).
    Removing stm32l1xx_gpio.o(i.GPIO_DeInit), (172 bytes).
    Removing stm32l1xx_gpio.o(i.GPIO_PinLockConfig), (18 bytes).
    Removing stm32l1xx_gpio.o(i.GPIO_ReadInputData), (6 bytes).
    Removing stm32l1xx_gpio.o(i.GPIO_ReadInputDataBit), (18 bytes).
    Removing stm32l1xx_gpio.o(i.GPIO_ReadOutputData), (6 bytes).
    Removing stm32l1xx_gpio.o(i.GPIO_ReadOutputDataBit), (18 bytes).
    Removing stm32l1xx_gpio.o(i.GPIO_ResetBits), (4 bytes).
    Removing stm32l1xx_gpio.o(i.GPIO_StructInit), (18 bytes).
    Removing stm32l1xx_gpio.o(i.GPIO_Write), (4 bytes).
    Removing stm32l1xx_gpio.o(i.GPIO_WriteBit), (10 bytes).
    Removing stm32l1xx_i2c.o(i.I2C_ARPCmd), (24 bytes).
    Removing stm32l1xx_i2c.o(i.I2C_CalculatePEC), (24 bytes).
    Removing stm32l1xx_i2c.o(i.I2C_ClearFlag), (12 bytes).
    Removing stm32l1xx_i2c.o(i.I2C_ClearITPendingBit), (12 bytes).
    Removing stm32l1xx_i2c.o(i.I2C_DMACmd), (24 bytes).
    Removing stm32l1xx_i2c.o(i.I2C_DMALastTransferCmd), (24 bytes).
    Removing stm32l1xx_i2c.o(i.I2C_DualAddressCmd), (24 bytes).
    Removing stm32l1xx_i2c.o(i.I2C_FastModeDutyCycleConfig), (28 bytes).
    Removing stm32l1xx_i2c.o(i.I2C_GeneralCallCmd), (24 bytes).
    Removing stm32l1xx_i2c.o(i.I2C_GetITStatus), (38 bytes).
    Removing stm32l1xx_i2c.o(i.I2C_GetLastEvent), (26 bytes).
    Removing stm32l1xx_i2c.o(i.I2C_GetPEC), (8 bytes).
    Removing stm32l1xx_i2c.o(i.I2C_ITConfig), (18 bytes).
    Removing stm32l1xx_i2c.o(i.I2C_OwnAddress2Config), (22 bytes).
    Removing stm32l1xx_i2c.o(i.I2C_PECPositionConfig), (28 bytes).
    Removing stm32l1xx_i2c.o(i.I2C_ReadRegister), (22 bytes).
    Removing stm32l1xx_i2c.o(i.I2C_SMBusAlertConfig), (28 bytes).
    Removing stm32l1xx_i2c.o(i.I2C_SoftwareResetCmd), (22 bytes).
    Removing stm32l1xx_i2c.o(i.I2C_StretchClockCmd), (24 bytes).
    Removing stm32l1xx_i2c.o(i.I2C_StructInit), (30 bytes).
    Removing stm32l1xx_i2c.o(i.I2C_TransmitPEC), (24 bytes).
    Removing stm32l1xx_iwdg.o(i.IWDG_Enable), (16 bytes).
    Removing stm32l1xx_iwdg.o(i.IWDG_GetFlagStatus), (24 bytes).
    Removing stm32l1xx_iwdg.o(i.IWDG_ReloadCounter), (16 bytes).
    Removing stm32l1xx_iwdg.o(i.IWDG_SetPrescaler), (12 bytes).
    Removing stm32l1xx_iwdg.o(i.IWDG_SetReload), (12 bytes).
    Removing stm32l1xx_iwdg.o(i.IWDG_WriteAccessCmd), (12 bytes).
    Removing stm32l1xx_lcd.o(i.LCD_BlinkConfig), (32 bytes).
    Removing stm32l1xx_lcd.o(i.LCD_ClearFlag), (12 bytes).
    Removing stm32l1xx_lcd.o(i.LCD_ClearITPendingBit), (12 bytes).
    Removing stm32l1xx_lcd.o(i.LCD_Cmd), (12 bytes).
    Removing stm32l1xx_lcd.o(i.LCD_ContrastConfig), (28 bytes).
    Removing stm32l1xx_lcd.o(i.LCD_DeInit), (22 bytes).
    Removing stm32l1xx_lcd.o(i.LCD_DeadTimeConfig), (28 bytes).
    Removing stm32l1xx_lcd.o(i.LCD_GetFlagStatus), (24 bytes).
    Removing stm32l1xx_lcd.o(i.LCD_GetITStatus), (44 bytes).
    Removing stm32l1xx_lcd.o(i.LCD_HighDriveCmd), (12 bytes).
    Removing stm32l1xx_lcd.o(i.LCD_ITConfig), (32 bytes).
    Removing stm32l1xx_lcd.o(i.LCD_Init), (84 bytes).
    Removing stm32l1xx_lcd.o(i.LCD_MuxSegmentCmd), (12 bytes).
    Removing stm32l1xx_lcd.o(i.LCD_PulseOnDurationConfig), (28 bytes).
    Removing stm32l1xx_lcd.o(i.LCD_StructInit), (14 bytes).
    Removing stm32l1xx_lcd.o(i.LCD_UpdateDisplayRequest), (12 bytes).
    Removing stm32l1xx_lcd.o(i.LCD_WaitForSynchro), (20 bytes).
    Removing stm32l1xx_lcd.o(i.LCD_Write), (12 bytes).
    Removing stm32l1xx_pwr.o(i.PWR_ClearFlag), (20 bytes).
    Removing stm32l1xx_pwr.o(i.PWR_DeInit), (22 bytes).
    Removing stm32l1xx_pwr.o(i.PWR_EnterLowPowerRunMode), (56 bytes).
    Removing stm32l1xx_pwr.o(i.PWR_EnterSTANDBYMode), (52 bytes).
    Removing stm32l1xx_pwr.o(i.PWR_EnterSTOPMode), (64 bytes).
    Removing stm32l1xx_pwr.o(i.PWR_EnterSleepMode), (52 bytes).
    Removing stm32l1xx_pwr.o(i.PWR_FastWakeUpCmd), (12 bytes).
    Removing stm32l1xx_pwr.o(i.PWR_GetFlagStatus), (24 bytes).
    Removing stm32l1xx_pwr.o(i.PWR_PVDCmd), (12 bytes).
    Removing stm32l1xx_pwr.o(i.PWR_PVDLevelConfig), (24 bytes).
    Removing stm32l1xx_pwr.o(i.PWR_RTCAccessCmd), (12 bytes).
    Removing stm32l1xx_pwr.o(i.PWR_UltraLowPowerCmd), (12 bytes).
    Removing stm32l1xx_pwr.o(i.PWR_VoltageScalingConfig), (28 bytes).
    Removing stm32l1xx_pwr.o(i.PWR_WakeUpPinCmd), (24 bytes).
    Removing stm32l1xx_rcc.o(i.RCC_AHBPeriphClockLPModeCmd), (32 bytes).
    Removing stm32l1xx_rcc.o(i.RCC_AHBPeriphResetCmd), (32 bytes).
    Removing stm32l1xx_rcc.o(i.RCC_APB1PeriphClockLPModeCmd), (32 bytes).
    Removing stm32l1xx_rcc.o(i.RCC_APB2PeriphClockLPModeCmd), (32 bytes).
    Removing stm32l1xx_rcc.o(i.RCC_APB2PeriphResetCmd), (32 bytes).
    Removing stm32l1xx_rcc.o(i.RCC_AdjustHSICalibrationValue), (24 bytes).
    Removing stm32l1xx_rcc.o(i.RCC_AdjustMSICalibrationValue), (12 bytes).
    Removing stm32l1xx_rcc.o(i.RCC_ClearFlag), (20 bytes).
    Removing stm32l1xx_rcc.o(i.RCC_ClearITPendingBit), (12 bytes).
    Removing stm32l1xx_rcc.o(i.RCC_ClockSecuritySystemCmd), (12 bytes).
    Removing stm32l1xx_rcc.o(i.RCC_DeInit), (88 bytes).
    Removing stm32l1xx_rcc.o(i.RCC_GetFlagStatus), (52 bytes).
    Removing stm32l1xx_rcc.o(i.RCC_GetITStatus), (24 bytes).
    Removing stm32l1xx_rcc.o(i.RCC_GetSYSCLKSource), (16 bytes).
    Removing stm32l1xx_rcc.o(i.RCC_HCLKConfig), (24 bytes).
    Removing stm32l1xx_rcc.o(i.RCC_HSEConfig), (16 bytes).
    Removing stm32l1xx_rcc.o(i.RCC_HSICmd), (12 bytes).
    Removing stm32l1xx_rcc.o(i.RCC_ITConfig), (32 bytes).
    Removing stm32l1xx_rcc.o(i.RCC_LSEConfig), (16 bytes).
    Removing stm32l1xx_rcc.o(i.RCC_LSICmd), (12 bytes).
    Removing stm32l1xx_rcc.o(i.RCC_MCOConfig), (16 bytes).
    Removing stm32l1xx_rcc.o(i.RCC_MSICmd), (12 bytes).
    Removing stm32l1xx_rcc.o(i.RCC_MSIRangeConfig), (24 bytes).
    Removing stm32l1xx_rcc.o(i.RCC_PCLK1Config), (24 bytes).
    Removing stm32l1xx_rcc.o(i.RCC_PCLK2Config), (24 bytes).
    Removing stm32l1xx_rcc.o(i.RCC_PLLCmd), (12 bytes).
    Removing stm32l1xx_rcc.o(i.RCC_PLLConfig), (20 bytes).
    Removing stm32l1xx_rcc.o(i.RCC_RTCCLKCmd), (12 bytes).
    Removing stm32l1xx_rcc.o(i.RCC_RTCCLKConfig), (68 bytes).
    Removing stm32l1xx_rcc.o(i.RCC_RTCResetCmd), (12 bytes).
    Removing stm32l1xx_rcc.o(i.RCC_SYSCLKConfig), (24 bytes).
    Removing stm32l1xx_rcc.o(i.RCC_WaitForHSEStartUp), (56 bytes).
    Removing stm32l1xx_rtc.o(i.RTC_AlarmCmd), (116 bytes).
    Removing stm32l1xx_rtc.o(i.RTC_AlarmStructInit), (22 bytes).
    Removing stm32l1xx_rtc.o(i.RTC_Bcd2ToByte), (22 bytes).
    Removing stm32l1xx_rtc.o(i.RTC_ByteToBcd2), (28 bytes).
    Removing stm32l1xx_rtc.o(i.RTC_CalibOutputCmd), (60 bytes).
    Removing stm32l1xx_rtc.o(i.RTC_ClearFlag), (28 bytes).
    Removing stm32l1xx_rtc.o(i.RTC_ClearITPendingBit), (32 bytes).
    Removing stm32l1xx_rtc.o(i.RTC_DateStructInit), (14 bytes).
    Removing stm32l1xx_rtc.o(i.RTC_DayLightSavingConfig), (56 bytes).
    Removing stm32l1xx_rtc.o(i.RTC_DeInit), (192 bytes).
    Removing stm32l1xx_rtc.o(i.RTC_DigitalCalibCmd), (80 bytes).
    Removing stm32l1xx_rtc.o(i.RTC_DigitalCalibConfig), (56 bytes).
    Removing stm32l1xx_rtc.o(i.RTC_EnterInitMode), (80 bytes).
    Removing stm32l1xx_rtc.o(i.RTC_ExitInitMode), (20 bytes).
    Removing stm32l1xx_rtc.o(i.RTC_GetAlarm), (116 bytes).
    Removing stm32l1xx_rtc.o(i.RTC_GetDate), (80 bytes).
    Removing stm32l1xx_rtc.o(i.RTC_GetFlagStatus), (40 bytes).
    Removing stm32l1xx_rtc.o(i.RTC_GetITStatus), (64 bytes).
    Removing stm32l1xx_rtc.o(i.RTC_GetStoreOperation), (16 bytes).
    Removing stm32l1xx_rtc.o(i.RTC_GetTime), (80 bytes).
    Removing stm32l1xx_rtc.o(i.RTC_GetTimeStamp), (156 bytes).
    Removing stm32l1xx_rtc.o(i.RTC_GetWakeUpCounter), (12 bytes).
    Removing stm32l1xx_rtc.o(i.RTC_ITConfig), (100 bytes).
    Removing stm32l1xx_rtc.o(i.RTC_Init), (100 bytes).
    Removing stm32l1xx_rtc.o(i.RTC_OutputConfig), (56 bytes).
    Removing stm32l1xx_rtc.o(i.RTC_OutputTypeConfig), (28 bytes).
    Removing stm32l1xx_rtc.o(i.RTC_ReadBackupRegister), (32 bytes).
    Removing stm32l1xx_rtc.o(i.RTC_RefClockCmd), (80 bytes).
    Removing stm32l1xx_rtc.o(i.RTC_SetAlarm), (236 bytes).
    Removing stm32l1xx_rtc.o(i.RTC_SetDate), (184 bytes).
    Removing stm32l1xx_rtc.o(i.RTC_SetTime), (192 bytes).
    Removing stm32l1xx_rtc.o(i.RTC_SetWakeUpCounter), (28 bytes).
    Removing stm32l1xx_rtc.o(i.RTC_StructInit), (14 bytes).
    Removing stm32l1xx_rtc.o(i.RTC_TamperCmd), (32 bytes).
    Removing stm32l1xx_rtc.o(i.RTC_TamperTriggerConfig), (36 bytes).
    Removing stm32l1xx_rtc.o(i.RTC_TimeStampCmd), (56 bytes).
    Removing stm32l1xx_rtc.o(i.RTC_TimeStructInit), (12 bytes).
    Removing stm32l1xx_rtc.o(i.RTC_WaitForSynchro), (96 bytes).
    Removing stm32l1xx_rtc.o(i.RTC_WakeUpClockConfig), (48 bytes).
    Removing stm32l1xx_rtc.o(i.RTC_WakeUpCmd), (120 bytes).
    Removing stm32l1xx_rtc.o(i.RTC_WriteBackupRegister), (28 bytes).
    Removing stm32l1xx_rtc.o(i.RTC_WriteProtectionCmd), (28 bytes).
    Removing stm32l1xx_spi.o(i.SPI_BiDirectionalLineConfig), (28 bytes).
    Removing stm32l1xx_spi.o(i.SPI_CalculateCRC), (24 bytes).
    Removing stm32l1xx_spi.o(i.SPI_DataSizeConfig), (18 bytes).
    Removing stm32l1xx_spi.o(i.SPI_GetCRC), (16 bytes).
    Removing stm32l1xx_spi.o(i.SPI_GetCRCPolynomial), (6 bytes).
    Removing stm32l1xx_spi.o(i.SPI_I2S_ClearFlag), (6 bytes).
    Removing stm32l1xx_spi.o(i.SPI_I2S_ClearITPendingBit), (20 bytes).
    Removing stm32l1xx_spi.o(i.SPI_I2S_DMACmd), (18 bytes).
    Removing stm32l1xx_spi.o(i.SPI_I2S_DeInit), (60 bytes).
    Removing stm32l1xx_spi.o(i.SPI_I2S_GetFlagStatus), (18 bytes).
    Removing stm32l1xx_spi.o(i.SPI_I2S_GetITStatus), (52 bytes).
    Removing stm32l1xx_spi.o(i.SPI_I2S_ITConfig), (32 bytes).
    Removing stm32l1xx_spi.o(i.SPI_I2S_ReceiveData), (6 bytes).
    Removing stm32l1xx_spi.o(i.SPI_I2S_SendData), (4 bytes).
    Removing stm32l1xx_spi.o(i.SPI_NSSInternalSoftwareConfig), (30 bytes).
    Removing stm32l1xx_spi.o(i.SPI_SSOutputCmd), (24 bytes).
    Removing stm32l1xx_spi.o(i.SPI_StructInit), (24 bytes).
    Removing stm32l1xx_spi.o(i.SPI_TransmitCRC), (10 bytes).
    Removing stm32l1xx_syscfg.o(i.SYSCFG_DeInit), (20 bytes).
    Removing stm32l1xx_syscfg.o(i.SYSCFG_MemoryRemapConfig), (12 bytes).
    Removing stm32l1xx_syscfg.o(i.SYSCFG_RIDeInit), (32 bytes).
    Removing stm32l1xx_syscfg.o(i.SYSCFG_RIHysteresisConfig), (188 bytes).
    Removing stm32l1xx_syscfg.o(i.SYSCFG_RIIOSwitchConfig), (76 bytes).
    Removing stm32l1xx_syscfg.o(i.SYSCFG_RIResistorConfig), (32 bytes).
    Removing stm32l1xx_syscfg.o(i.SYSCFG_RISwitchControlModeCmd), (36 bytes).
    Removing stm32l1xx_syscfg.o(i.SYSCFG_RITIMInputCaptureConfig), (92 bytes).
    Removing stm32l1xx_syscfg.o(i.SYSCFG_RITIMSelect), (24 bytes).
    Removing stm32l1xx_syscfg.o(i.SYSCFG_USBPuCmd), (36 bytes).
    Removing stm32l1xx_tim.o(i.TI1_Config), (58 bytes).
    Removing stm32l1xx_tim.o(i.TI2_Config), (80 bytes).
    Removing stm32l1xx_tim.o(i.TI3_Config), (72 bytes).
    Removing stm32l1xx_tim.o(i.TI4_Config), (80 bytes).
    Removing stm32l1xx_tim.o(i.TIM_ARRPreloadConfig), (24 bytes).
    Removing stm32l1xx_tim.o(i.TIM_CCxCmd), (30 bytes).
    Removing stm32l1xx_tim.o(i.TIM_ClearFlag), (6 bytes).
    Removing stm32l1xx_tim.o(i.TIM_ClearITPendingBit), (6 bytes).
    Removing stm32l1xx_tim.o(i.TIM_ClearOC1Ref), (18 bytes).
    Removing stm32l1xx_tim.o(i.TIM_ClearOC2Ref), (24 bytes).
    Removing stm32l1xx_tim.o(i.TIM_ClearOC3Ref), (18 bytes).
    Removing stm32l1xx_tim.o(i.TIM_ClearOC4Ref), (24 bytes).
    Removing stm32l1xx_tim.o(i.TIM_Cmd), (24 bytes).
    Removing stm32l1xx_tim.o(i.TIM_CounterModeConfig), (18 bytes).
    Removing stm32l1xx_tim.o(i.TIM_DMAConfig), (10 bytes).
    Removing stm32l1xx_tim.o(i.TIM_DeInit), (224 bytes).
    Removing stm32l1xx_tim.o(i.TIM_ETRClockMode1Config), (54 bytes).
    Removing stm32l1xx_tim.o(i.TIM_ETRClockMode2Config), (32 bytes).
    Removing stm32l1xx_tim.o(i.TIM_ETRConfig), (28 bytes).
    Removing stm32l1xx_tim.o(i.TIM_EncoderInterfaceConfig), (66 bytes).
    Removing stm32l1xx_tim.o(i.TIM_ForcedOC1Config), (18 bytes).
    Removing stm32l1xx_tim.o(i.TIM_ForcedOC2Config), (26 bytes).
    Removing stm32l1xx_tim.o(i.TIM_ForcedOC3Config), (18 bytes).
    Removing stm32l1xx_tim.o(i.TIM_ForcedOC4Config), (26 bytes).
    Removing stm32l1xx_tim.o(i.TIM_GenerateEvent), (4 bytes).
    Removing stm32l1xx_tim.o(i.TIM_GetCapture1), (6 bytes).
    Removing stm32l1xx_tim.o(i.TIM_GetCapture2), (6 bytes).
    Removing stm32l1xx_tim.o(i.TIM_GetCapture3), (6 bytes).
    Removing stm32l1xx_tim.o(i.TIM_GetCapture4), (8 bytes).
    Removing stm32l1xx_tim.o(i.TIM_GetCounter), (6 bytes).
    Removing stm32l1xx_tim.o(i.TIM_GetFlagStatus), (18 bytes).
    Removing stm32l1xx_tim.o(i.TIM_GetITStatus), (34 bytes).
    Removing stm32l1xx_tim.o(i.TIM_GetPrescaler), (6 bytes).
    Removing stm32l1xx_tim.o(i.TIM_ICInit), (110 bytes).
    Removing stm32l1xx_tim.o(i.TIM_ICStructInit), (18 bytes).
    Removing stm32l1xx_tim.o(i.TIM_ITConfig), (18 bytes).
    Removing stm32l1xx_tim.o(i.TIM_ITRxExternalClockConfig), (24 bytes).
    Removing stm32l1xx_tim.o(i.TIM_InternalClockConfig), (12 bytes).
    Removing stm32l1xx_tim.o(i.TIM_OC1FastConfig), (18 bytes).
    Removing stm32l1xx_tim.o(i.TIM_OC1PolarityConfig), (18 bytes).
    Removing stm32l1xx_tim.o(i.TIM_OC1PreloadConfig), (18 bytes).
    Removing stm32l1xx_tim.o(i.TIM_OC2FastConfig), (26 bytes).
    Removing stm32l1xx_tim.o(i.TIM_OC2Init), (70 bytes).
    Removing stm32l1xx_tim.o(i.TIM_OC2PolarityConfig), (26 bytes).
    Removing stm32l1xx_tim.o(i.TIM_OC2PreloadConfig), (26 bytes).
    Removing stm32l1xx_tim.o(i.TIM_OC3FastConfig), (18 bytes).
    Removing stm32l1xx_tim.o(i.TIM_OC3Init), (66 bytes).
    Removing stm32l1xx_tim.o(i.TIM_OC3PolarityConfig), (26 bytes).
    Removing stm32l1xx_tim.o(i.TIM_OC3PreloadConfig), (18 bytes).
    Removing stm32l1xx_tim.o(i.TIM_OC4FastConfig), (26 bytes).
    Removing stm32l1xx_tim.o(i.TIM_OC4Init), (72 bytes).
    Removing stm32l1xx_tim.o(i.TIM_OC4PolarityConfig), (26 bytes).
    Removing stm32l1xx_tim.o(i.TIM_OC4PreloadConfig), (26 bytes).
    Removing stm32l1xx_tim.o(i.TIM_OCStructInit), (12 bytes).
    Removing stm32l1xx_tim.o(i.TIM_PWMIConfig), (124 bytes).
    Removing stm32l1xx_tim.o(i.TIM_PrescalerConfig), (6 bytes).
    Removing stm32l1xx_tim.o(i.TIM_RemapConfig), (6 bytes).
    Removing stm32l1xx_tim.o(i.TIM_SelectCCDMA), (24 bytes).
    Removing stm32l1xx_tim.o(i.TIM_SelectHallSensor), (24 bytes).
    Removing stm32l1xx_tim.o(i.TIM_SelectInputTrigger), (18 bytes).
    Removing stm32l1xx_tim.o(i.TIM_SelectMasterSlaveMode), (18 bytes).
    Removing stm32l1xx_tim.o(i.TIM_SelectOCREFClear), (18 bytes).
    Removing stm32l1xx_tim.o(i.TIM_SelectOCxM), (82 bytes).
    Removing stm32l1xx_tim.o(i.TIM_SelectOnePulseMode), (18 bytes).
    Removing stm32l1xx_tim.o(i.TIM_SelectOutputTrigger), (18 bytes).
    Removing stm32l1xx_tim.o(i.TIM_SelectSlaveMode), (18 bytes).
    Removing stm32l1xx_tim.o(i.TIM_SetAutoreload), (4 bytes).
    Removing stm32l1xx_tim.o(i.TIM_SetClockDivision), (18 bytes).
    Removing stm32l1xx_tim.o(i.TIM_SetCompare1), (4 bytes).
    Removing stm32l1xx_tim.o(i.TIM_SetCompare2), (4 bytes).
    Removing stm32l1xx_tim.o(i.TIM_SetCompare3), (4 bytes).
    Removing stm32l1xx_tim.o(i.TIM_SetCompare4), (6 bytes).
    Removing stm32l1xx_tim.o(i.TIM_SetCounter), (4 bytes).
    Removing stm32l1xx_tim.o(i.TIM_SetIC1Prescaler), (18 bytes).
    Removing stm32l1xx_tim.o(i.TIM_SetIC2Prescaler), (26 bytes).
    Removing stm32l1xx_tim.o(i.TIM_SetIC3Prescaler), (18 bytes).
    Removing stm32l1xx_tim.o(i.TIM_SetIC4Prescaler), (26 bytes).
    Removing stm32l1xx_tim.o(i.TIM_TIxExternalClockConfig), (62 bytes).
    Removing stm32l1xx_tim.o(i.TIM_TimeBaseStructInit), (16 bytes).
    Removing stm32l1xx_tim.o(i.TIM_UpdateDisableConfig), (24 bytes).
    Removing stm32l1xx_tim.o(i.TIM_UpdateRequestConfig), (24 bytes).
    Removing stm32l1xx_usart.o(i.USART_ClearITPendingBit), (20 bytes).
    Removing stm32l1xx_usart.o(i.USART_ClockInit), (32 bytes).
    Removing stm32l1xx_usart.o(i.USART_ClockStructInit), (12 bytes).
    Removing stm32l1xx_usart.o(i.USART_DeInit), (96 bytes).
    Removing stm32l1xx_usart.o(i.USART_GetFlagStatus), (18 bytes).
    Removing stm32l1xx_usart.o(i.USART_HalfDuplexCmd), (24 bytes).
    Removing stm32l1xx_usart.o(i.USART_IrDACmd), (24 bytes).
    Removing stm32l1xx_usart.o(i.USART_IrDAConfig), (18 bytes).
    Removing stm32l1xx_usart.o(i.USART_LINBreakDetectLengthConfig), (18 bytes).
    Removing stm32l1xx_usart.o(i.USART_LINCmd), (24 bytes).
    Removing stm32l1xx_usart.o(i.USART_OneBitMethodCmd), (24 bytes).
    Removing stm32l1xx_usart.o(i.USART_OverSampling8Cmd), (22 bytes).
    Removing stm32l1xx_usart.o(i.USART_ReceiverWakeUpCmd), (24 bytes).
    Removing stm32l1xx_usart.o(i.USART_SendBreak), (10 bytes).
    Removing stm32l1xx_usart.o(i.USART_SendData), (8 bytes).
    Removing stm32l1xx_usart.o(i.USART_SetAddress), (18 bytes).
    Removing stm32l1xx_usart.o(i.USART_SetGuardTime), (16 bytes).
    Removing stm32l1xx_usart.o(i.USART_SetPrescaler), (16 bytes).
    Removing stm32l1xx_usart.o(i.USART_SmartCardCmd), (24 bytes).
    Removing stm32l1xx_usart.o(i.USART_SmartCardNACKCmd), (24 bytes).
    Removing stm32l1xx_usart.o(i.USART_StructInit), (24 bytes).
    Removing stm32l1xx_usart.o(i.USART_WakeUpConfig), (18 bytes).
    Removing stm32l1xx_wwdg.o(i.WWDG_ClearFlag), (12 bytes).
    Removing stm32l1xx_wwdg.o(i.WWDG_DeInit), (22 bytes).
    Removing stm32l1xx_wwdg.o(i.WWDG_Enable), (16 bytes).
    Removing stm32l1xx_wwdg.o(i.WWDG_EnableIT), (12 bytes).
    Removing stm32l1xx_wwdg.o(i.WWDG_GetFlagStatus), (20 bytes).
    Removing stm32l1xx_wwdg.o(i.WWDG_SetCounter), (16 bytes).
    Removing stm32l1xx_wwdg.o(i.WWDG_SetPrescaler), (24 bytes).
    Removing stm32l1xx_wwdg.o(i.WWDG_SetWindowValue), (40 bytes).
    Removing delay.o(i.delay_us), (76 bytes).
    Removing sys.o(.emb_text), (6 bytes).
    Removing sys.o(i.INTX_DISABLE), (4 bytes).
    Removing sys.o(i.INTX_ENABLE), (4 bytes).
    Removing sys.o(i.WFI_SET), (4 bytes).
    Removing fadd.o(.text), (176 bytes).
    Removing fdiv.o(.text), (124 bytes).
    Removing dadd.o(.text), (334 bytes).
    Removing dmul.o(.text), (228 bytes).
    Removing fflti.o(.text), (18 bytes).
    Removing ffltui.o(.text), (10 bytes).
    Removing dfltui.o(.text), (26 bytes).
    Removing f2d.o(.text), (38 bytes).
    Removing d2f.o(.text), (56 bytes).
    Removing fepilogue.o(.text), (110 bytes).
    Removing depilogue.o(.text), (186 bytes).
    Removing ddiv.o(.text), (222 bytes).
    Removing dscalb.o(.text), (46 bytes).
    Removing dflti.o(.text), (34 bytes).
    Removing cdrcmple.o(.text), (48 bytes).
    Removing dsqrt.o(.text), (162 bytes).
    Removing cdcmple.o(.text), (48 bytes).

462 unused section(s) (total 22996 bytes) removed from the image.

==============================================================================

Image Symbol Table

    Local Symbols

    Symbol Name                              Value     Ov Type        Size  Object(Section)

    ../clib/../cmprslib/lz77c.c              0x00000000   Number         0  __dclz77c.o ABSOLUTE
    ../clib/microlib/errno.c                 0x00000000   Number         0  errno.o ABSOLUTE
    ../clib/microlib/init/entry.s            0x00000000   Number         0  entry7b.o ABSOLUTE
    ../clib/microlib/init/entry.s            0x00000000   Number         0  entry8a.o ABSOLUTE
    ../clib/microlib/init/entry.s            0x00000000   Number         0  entry8b.o ABSOLUTE
    ../clib/microlib/init/entry.s            0x00000000   Number         0  entry9a.o ABSOLUTE
    ../clib/microlib/init/entry.s            0x00000000   Number         0  entry9b.o ABSOLUTE
    ../clib/microlib/init/entry.s            0x00000000   Number         0  entry10a.o ABSOLUTE
    ../clib/microlib/init/entry.s            0x00000000   Number         0  entry10b.o ABSOLUTE
    ../clib/microlib/init/entry.s            0x00000000   Number         0  entry11a.o ABSOLUTE
    ../clib/microlib/init/entry.s            0x00000000   Number         0  entry11b.o ABSOLUTE
    ../clib/microlib/init/entry.s            0x00000000   Number         0  entry.o ABSOLUTE
    ../clib/microlib/init/entry.s            0x00000000   Number         0  entry2.o ABSOLUTE
    ../clib/microlib/init/entry.s            0x00000000   Number         0  entry5.o ABSOLUTE
    ../clib/microlib/init/entry.s            0x00000000   Number         0  entry7a.o ABSOLUTE
    ../clib/microlib/longlong.c              0x00000000   Number         0  llshl.o ABSOLUTE
    ../clib/microlib/longlong.c              0x00000000   Number         0  llsshr.o ABSOLUTE
    ../clib/microlib/longlong.c              0x00000000   Number         0  llushr.o ABSOLUTE
    ../clib/microlib/string/memcpy.c         0x00000000   Number         0  memcpya.o ABSOLUTE
    ../clib/microlib/string/memcpy.c         0x00000000   Number         0  memcpyb.o ABSOLUTE
    ../clib/microlib/stubs.s                 0x00000000   Number         0  iusefp.o ABSOLUTE
    ../fplib/microlib/d2f.c                  0x00000000   Number         0  d2f.o ABSOLUTE
    ../fplib/microlib/f2d.c                  0x00000000   Number         0  f2d.o ABSOLUTE
    ../fplib/microlib/fpadd.c                0x00000000   Number         0  fadd.o ABSOLUTE
    ../fplib/microlib/fpadd.c                0x00000000   Number         0  dadd.o ABSOLUTE
    ../fplib/microlib/fpdiv.c                0x00000000   Number         0  ddiv.o ABSOLUTE
    ../fplib/microlib/fpdiv.c                0x00000000   Number         0  fdiv.o ABSOLUTE
    ../fplib/microlib/fpepilogue.c           0x00000000   Number         0  fepilogue.o ABSOLUTE
    ../fplib/microlib/fpepilogue.c           0x00000000   Number         0  depilogue.o ABSOLUTE
    ../fplib/microlib/fpfix.c                0x00000000   Number         0  ffixui.o ABSOLUTE
    ../fplib/microlib/fpflt.c                0x00000000   Number         0  dflti.o ABSOLUTE
    ../fplib/microlib/fpflt.c                0x00000000   Number         0  dfltui.o ABSOLUTE
    ../fplib/microlib/fpflt.c                0x00000000   Number         0  ffltui.o ABSOLUTE
    ../fplib/microlib/fpflt.c                0x00000000   Number         0  fflti.o ABSOLUTE
    ../fplib/microlib/fpmul.c                0x00000000   Number         0  fmul.o ABSOLUTE
    ../fplib/microlib/fpmul.c                0x00000000   Number         0  dmul.o ABSOLUTE
    ../fplib/microlib/fpscalb.c              0x00000000   Number         0  dscalb.o ABSOLUTE
    ../fplib/microlib/fpsqrt.c               0x00000000   Number         0  dsqrt.o ABSOLUTE
    ../mathlib/dunder.c                      0x00000000   Number         0  dunder.o ABSOLUTE
    ../mathlib/fpclassify.c                  0x00000000   Number         0  fpclassify.o ABSOLUTE
    ../mathlib/poly.c                        0x00000000   Number         0  poly.o ABSOLUTE
    ../mathlib/pow.c                         0x00000000   Number         0  pow.o ABSOLUTE
    ../mathlib/pow.c                         0x00000000   Number         0  pow_x.o ABSOLUTE
    ../mathlib/qnan.c                        0x00000000   Number         0  qnan.o ABSOLUTE
    ../mathlib/sqrt.c                        0x00000000   Number         0  sqrt.o ABSOLUTE
    ../mathlib/sqrt.c                        0x00000000   Number         0  sqrt_x.o ABSOLUTE
    ..\CORE\core_cm3.c                       0x00000000   Number         0  core_cm3.o ABSOLUTE
    ..\CORE\startup_stm32l1xx_hd.s           0x00000000   Number         0  startup_stm32l1xx_hd.o ABSOLUTE
    ..\STM32L1xx_FWLib\src\misc.c            0x00000000   Number         0  misc.o ABSOLUTE
    ..\STM32L1xx_FWLib\src\stm32l1xx_adc.c   0x00000000   Number         0  stm32l1xx_adc.o ABSOLUTE
    ..\STM32L1xx_FWLib\src\stm32l1xx_comp.c  0x00000000   Number         0  stm32l1xx_comp.o ABSOLUTE
    ..\STM32L1xx_FWLib\src\stm32l1xx_crc.c   0x00000000   Number         0  stm32l1xx_crc.o ABSOLUTE
    ..\STM32L1xx_FWLib\src\stm32l1xx_dac.c   0x00000000   Number         0  stm32l1xx_dac.o ABSOLUTE
    ..\STM32L1xx_FWLib\src\stm32l1xx_dbgmcu.c 0x00000000   Number         0  stm32l1xx_dbgmcu.o ABSOLUTE
    ..\STM32L1xx_FWLib\src\stm32l1xx_dma.c   0x00000000   Number         0  stm32l1xx_dma.o ABSOLUTE
    ..\STM32L1xx_FWLib\src\stm32l1xx_exti.c  0x00000000   Number         0  stm32l1xx_exti.o ABSOLUTE
    ..\STM32L1xx_FWLib\src\stm32l1xx_flash.c 0x00000000   Number         0  stm32l1xx_flash.o ABSOLUTE
    ..\STM32L1xx_FWLib\src\stm32l1xx_flash_ramfunc.c 0x00000000   Number         0  stm32l1xx_flash_ramfunc.o ABSOLUTE
    ..\STM32L1xx_FWLib\src\stm32l1xx_gpio.c  0x00000000   Number         0  stm32l1xx_gpio.o ABSOLUTE
    ..\STM32L1xx_FWLib\src\stm32l1xx_i2c.c   0x00000000   Number         0  stm32l1xx_i2c.o ABSOLUTE
    ..\STM32L1xx_FWLib\src\stm32l1xx_iwdg.c  0x00000000   Number         0  stm32l1xx_iwdg.o ABSOLUTE
    ..\STM32L1xx_FWLib\src\stm32l1xx_lcd.c   0x00000000   Number         0  stm32l1xx_lcd.o ABSOLUTE
    ..\STM32L1xx_FWLib\src\stm32l1xx_pwr.c   0x00000000   Number         0  stm32l1xx_pwr.o ABSOLUTE
    ..\STM32L1xx_FWLib\src\stm32l1xx_rcc.c   0x00000000   Number         0  stm32l1xx_rcc.o ABSOLUTE
    ..\STM32L1xx_FWLib\src\stm32l1xx_rtc.c   0x00000000   Number         0  stm32l1xx_rtc.o ABSOLUTE
    ..\STM32L1xx_FWLib\src\stm32l1xx_spi.c   0x00000000   Number         0  stm32l1xx_spi.o ABSOLUTE
    ..\STM32L1xx_FWLib\src\stm32l1xx_syscfg.c 0x00000000   Number         0  stm32l1xx_syscfg.o ABSOLUTE
    ..\STM32L1xx_FWLib\src\stm32l1xx_tim.c   0x00000000   Number         0  stm32l1xx_tim.o ABSOLUTE
    ..\STM32L1xx_FWLib\src\stm32l1xx_usart.c 0x00000000   Number         0  stm32l1xx_usart.o ABSOLUTE
    ..\STM32L1xx_FWLib\src\stm32l1xx_wwdg.c  0x00000000   Number         0  stm32l1xx_wwdg.o ABSOLUTE
    ..\SYSTEM\delay\delay.c                  0x00000000   Number         0  delay.o ABSOLUTE
    ..\SYSTEM\sys\sys.c                      0x00000000   Number         0  sys.o ABSOLUTE
    ..\\CORE\\core_cm3.c                     0x00000000   Number         0  core_cm3.o ABSOLUTE
    ..\\SYSTEM\\sys\\sys.c                   0x00000000   Number         0  sys.o ABSOLUTE
    GPIO.c                                   0x00000000   Number         0  gpio.o ABSOLUTE
    I2c.c                                    0x00000000   Number         0  i2c.o ABSOLUTE
    SHT20.c                                  0x00000000   Number         0  sht20.o ABSOLUTE
    SPI.c                                    0x00000000   Number         0  spi.o ABSOLUTE
    SX1276.c                                 0x00000000   Number         0  sx1276.o ABSOLUTE
    WS2812.c                                 0x00000000   Number         0  ws2812.o ABSOLUTE
    adxl345.c                                0x00000000   Number         0  adxl345.o ABSOLUTE
    cdcmple.s                                0x00000000   Number         0  cdcmple.o ABSOLUTE
    cdrcmple.s                               0x00000000   Number         0  cdrcmple.o ABSOLUTE
    dc.s                                     0x00000000   Number         0  dc.o ABSOLUTE
    handlers.s                               0x00000000   Number         0  handlers.o ABSOLUTE
    init.s                                   0x00000000   Number         0  init.o ABSOLUTE
    main.c                                   0x00000000   Number         0  main.o ABSOLUTE
    nt3h1101.c                               0x00000000   Number         0  nt3h1101.o ABSOLUTE
    opt3001.c                                0x00000000   Number         0  opt3001.o ABSOLUTE
    stm32l1xx_it.c                           0x00000000   Number         0  stm32l1xx_it.o ABSOLUTE
    system_stm32l1xx.c                       0x00000000   Number         0  system_stm32l1xx.o ABSOLUTE
    usart.c                                  0x00000000   Number         0  usart.o ABSOLUTE
    RESET                                    0x08000000   Section      292  startup_stm32l1xx_hd.o(RESET)
    .ARM.Collect$$$$00000000                 0x08000124   Section        0  entry.o(.ARM.Collect$$$$00000000)
    .ARM.Collect$$$$00000001                 0x08000124   Section        4  entry2.o(.ARM.Collect$$$$00000001)
    .ARM.Collect$$$$00000004                 0x08000128   Section        4  entry5.o(.ARM.Collect$$$$00000004)
    .ARM.Collect$$$$00000008                 0x0800012c   Section        0  entry7b.o(.ARM.Collect$$$$00000008)
    .ARM.Collect$$$$0000000A                 0x0800012c   Section        0  entry8b.o(.ARM.Collect$$$$0000000A)
    .ARM.Collect$$$$0000000B                 0x0800012c   Section        8  entry9a.o(.ARM.Collect$$$$0000000B)
    .ARM.Collect$$$$0000000D                 0x08000134   Section        0  entry10a.o(.ARM.Collect$$$$0000000D)
    .ARM.Collect$$$$0000000F                 0x08000134   Section        0  entry11a.o(.ARM.Collect$$$$0000000F)
    .ARM.Collect$$$$00002712                 0x08000134   Section        4  entry2.o(.ARM.Collect$$$$00002712)
    __lit__00000000                          0x08000134   Data           4  entry2.o(.ARM.Collect$$$$00002712)
    .text                                    0x08000138   Section       36  startup_stm32l1xx_hd.o(.text)
    .text                                    0x0800015c   Section        0  memcpya.o(.text)
    .text                                    0x08000180   Section        0  fmul.o(.text)
    .text                                    0x080001e4   Section        0  ffixui.o(.text)
    .text                                    0x0800020c   Section        0  iusefp.o(.text)
    .text                                    0x0800020c   Section       36  init.o(.text)
    .text                                    0x08000230   Section        0  __dclz77c.o(.text)
    i.BusFault_Handler                       0x0800028e   Section        0  stm32l1xx_it.o(i.BusFault_Handler)
    i.ComToUart                              0x08000294   Section        0  usart.o(i.ComToUart)
    i.ConfigUartNVIC                         0x080002bc   Section        0  usart.o(i.ConfigUartNVIC)
    ConfigUartNVIC                           0x080002bd   Thumb Code    76  usart.o(i.ConfigUartNVIC)
    i.DMA_Cmd                                0x08000308   Section        0  stm32l1xx_dma.o(i.DMA_Cmd)
    i.DMA_DeInit                             0x08000320   Section        0  stm32l1xx_dma.o(i.DMA_DeInit)
    i.DMA_Init                               0x080003ec   Section        0  stm32l1xx_dma.o(i.DMA_Init)
    i.DMA_SetCurrDataCounter                 0x08000428   Section        0  stm32l1xx_dma.o(i.DMA_SetCurrDataCounter)
    i.DebugMon_Handler                       0x0800042c   Section        0  stm32l1xx_it.o(i.DebugMon_Handler)
    i.EXTI15_10_IRQHandler                   0x08000430   Section        0  stm32l1xx_it.o(i.EXTI15_10_IRQHandler)
    i.EXTI1_IRQHandler                       0x08000450   Section        0  stm32l1xx_it.o(i.EXTI1_IRQHandler)
    i.EXTI2_IRQHandler                       0x0800046c   Section        0  stm32l1xx_it.o(i.EXTI2_IRQHandler)
    i.EXTI4_IRQHandler                       0x08000488   Section        0  stm32l1xx_it.o(i.EXTI4_IRQHandler)
    i.EXTI_ClearITPendingBit                 0x0800049c   Section        0  stm32l1xx_exti.o(i.EXTI_ClearITPendingBit)
    i.EXTI_GetITStatus                       0x080004a8   Section        0  stm32l1xx_exti.o(i.EXTI_GetITStatus)
    i.EXTI_Init                              0x080004d0   Section        0  stm32l1xx_exti.o(i.EXTI_Init)
    i.GPIO_Init                              0x08000564   Section        0  stm32l1xx_gpio.o(i.GPIO_Init)
    i.GPIO_PinAFConfig                       0x080005f4   Section        0  stm32l1xx_gpio.o(i.GPIO_PinAFConfig)
    i.GPIO_SetBits                           0x0800063a   Section        0  stm32l1xx_gpio.o(i.GPIO_SetBits)
    i.HardFault_Handler                      0x0800063e   Section        0  stm32l1xx_it.o(i.HardFault_Handler)
    i.I2C_AcknowledgeConfig                  0x08000642   Section        0  stm32l1xx_i2c.o(i.I2C_AcknowledgeConfig)
    i.I2C_CheckEvent                         0x0800065a   Section        0  stm32l1xx_i2c.o(i.I2C_CheckEvent)
    i.I2C_Cmd                                0x08000684   Section        0  stm32l1xx_i2c.o(i.I2C_Cmd)
    i.I2C_DeInit                             0x0800069c   Section        0  stm32l1xx_i2c.o(i.I2C_DeInit)
    i.I2C_GenerateSTART                      0x080006d4   Section        0  stm32l1xx_i2c.o(i.I2C_GenerateSTART)
    i.I2C_GenerateSTOP                       0x080006ec   Section        0  stm32l1xx_i2c.o(i.I2C_GenerateSTOP)
    i.I2C_GetFlagStatus                      0x08000704   Section        0  stm32l1xx_i2c.o(i.I2C_GetFlagStatus)
    i.I2C_Init                               0x08000740   Section        0  stm32l1xx_i2c.o(i.I2C_Init)
    i.I2C_ReceiveData                        0x08000828   Section        0  stm32l1xx_i2c.o(i.I2C_ReceiveData)
    i.I2C_Send7bitAddress                    0x08000830   Section        0  stm32l1xx_i2c.o(i.I2C_Send7bitAddress)
    i.I2C_SendData                           0x08000840   Section        0  stm32l1xx_i2c.o(i.I2C_SendData)
    i.InitHardUart                           0x08000844   Section        0  usart.o(i.InitHardUart)
    InitHardUart                             0x08000845   Thumb Code   496  usart.o(i.InitHardUart)
    i.MemManage_Handler                      0x08000a48   Section        0  stm32l1xx_it.o(i.MemManage_Handler)
    i.NMI_Handler                            0x08000a4c   Section        0  stm32l1xx_it.o(i.NMI_Handler)
    i.NVIC_Init                              0x08000a50   Section        0  misc.o(i.NVIC_Init)
    i.PendSV_Handler                         0x08000ac0   Section        0  stm32l1xx_it.o(i.PendSV_Handler)
    i.RCC_AHBPeriphClockCmd                  0x08000ac4   Section        0  stm32l1xx_rcc.o(i.RCC_AHBPeriphClockCmd)
    i.RCC_APB1PeriphClockCmd                 0x08000ae4   Section        0  stm32l1xx_rcc.o(i.RCC_APB1PeriphClockCmd)
    i.RCC_APB1PeriphResetCmd                 0x08000b04   Section        0  stm32l1xx_rcc.o(i.RCC_APB1PeriphResetCmd)
    i.RCC_APB2PeriphClockCmd                 0x08000b24   Section        0  stm32l1xx_rcc.o(i.RCC_APB2PeriphClockCmd)
    i.RCC_GetClocksFreq                      0x08000b44   Section        0  stm32l1xx_rcc.o(i.RCC_GetClocksFreq)
    i.SPI2_Init                              0x08000c44   Section        0  spi.o(i.SPI2_Init)
    i.SPI_Cmd                                0x08000cf0   Section        0  stm32l1xx_spi.o(i.SPI_Cmd)
    i.SPI_Init                               0x08000d08   Section        0  stm32l1xx_spi.o(i.SPI_Init)
    i.SVC_Handler                            0x08000d3a   Section        0  stm32l1xx_it.o(i.SVC_Handler)
    i.SYSCFG_EXTILineConfig                  0x08000d3c   Section        0  stm32l1xx_syscfg.o(i.SYSCFG_EXTILineConfig)
    i.SetSysClock                            0x08000d7c   Section        0  system_stm32l1xx.o(i.SetSysClock)
    SetSysClock                              0x08000d7d   Thumb Code   182  system_stm32l1xx.o(i.SetSysClock)
    i.SysTick_CLKSourceConfig                0x08000e40   Section        0  misc.o(i.SysTick_CLKSourceConfig)
    i.SysTick_Handler                        0x08000e68   Section        0  stm32l1xx_it.o(i.SysTick_Handler)
    i.SystemInit                             0x08000e6c   Section        0  system_stm32l1xx.o(i.SystemInit)
    i.TIM_DMACmd                             0x08000ed4   Section        0  stm32l1xx_tim.o(i.TIM_DMACmd)
    i.TIM_OC1Init                            0x08000ee6   Section        0  stm32l1xx_tim.o(i.TIM_OC1Init)
    i.TIM_TimeBaseInit                       0x08000f20   Section        0  stm32l1xx_tim.o(i.TIM_TimeBaseInit)
    i.Timer2_Init                            0x08000f78   Section        0  ws2812.o(i.Timer2_Init)
    i.USART1_IRQHandler                      0x08001068   Section        0  usart.o(i.USART1_IRQHandler)
    i.USART2_IRQHandler                      0x08001078   Section        0  usart.o(i.USART2_IRQHandler)
    i.USART3_IRQHandler                      0x08001088   Section        0  usart.o(i.USART3_IRQHandler)
    i.USART_ClearFlag                        0x08001098   Section        0  stm32l1xx_usart.o(i.USART_ClearFlag)
    i.USART_Cmd                              0x0800109e   Section        0  stm32l1xx_usart.o(i.USART_Cmd)
    i.USART_DMACmd                           0x080010b6   Section        0  stm32l1xx_usart.o(i.USART_DMACmd)
    i.USART_GetITStatus                      0x080010c8   Section        0  stm32l1xx_usart.o(i.USART_GetITStatus)
    i.USART_ITConfig                         0x08001114   Section        0  stm32l1xx_usart.o(i.USART_ITConfig)
    i.USART_Init                             0x08001154   Section        0  stm32l1xx_usart.o(i.USART_Init)
    i.USART_ReceiveData                      0x08001218   Section        0  stm32l1xx_usart.o(i.USART_ReceiveData)
    i.Uart1_TX_DMA_Enable                    0x08001224   Section        0  usart.o(i.Uart1_TX_DMA_Enable)
    i.Uart1_TX_DMA_Init                      0x0800125c   Section        0  usart.o(i.Uart1_TX_DMA_Init)
    i.Uart2_TX_DMA_Enable                    0x080012b0   Section        0  usart.o(i.Uart2_TX_DMA_Enable)
    i.Uart2_TX_DMA_Init                      0x080012e8   Section        0  usart.o(i.Uart2_TX_DMA_Init)
    i.Uart3_TX_DMA_Enable                    0x0800133c   Section        0  usart.o(i.Uart3_TX_DMA_Enable)
    i.Uart3_TX_DMA_Init                      0x08001374   Section        0  usart.o(i.Uart3_TX_DMA_Init)
    i.UartGetChar                            0x080013c8   Section        0  usart.o(i.UartGetChar)
    UartGetChar                              0x080013c9   Thumb Code    74  usart.o(i.UartGetChar)
    i.UartIRQ                                0x08001412   Section        0  usart.o(i.UartIRQ)
    UartIRQ                                  0x08001413   Thumb Code    76  usart.o(i.UartIRQ)
    i.UartSend                               0x08001460   Section        0  usart.o(i.UartSend)
    UartSend                                 0x08001461   Thumb Code   124  usart.o(i.UartSend)
    i.UartVarInit                            0x080014e8   Section        0  usart.o(i.UartVarInit)
    UartVarInit                              0x080014e9   Thumb Code   128  usart.o(i.UartVarInit)
    i.UsageFault_Handler                     0x08001598   Section        0  stm32l1xx_it.o(i.UsageFault_Handler)
    i.__scatterload_copy                     0x0800159c   Section       14  handlers.o(i.__scatterload_copy)
    i.__scatterload_null                     0x080015aa   Section        2  handlers.o(i.__scatterload_null)
    i.__scatterload_zeroinit                 0x080015ac   Section       14  handlers.o(i.__scatterload_zeroinit)
    i.__set_PRIMASK                          0x080015ba   Section        0  usart.o(i.__set_PRIMASK)
    __set_PRIMASK                            0x080015bb   Thumb Code     6  usart.o(i.__set_PRIMASK)
    i.adxl345_low_level_init                 0x080015c0   Section        0  adxl345.o(i.adxl345_low_level_init)
    i.adxl345_write_one_byte                 0x08001650   Section        0  adxl345.o(i.adxl345_write_one_byte)
    i.bsp_InitUart                           0x08001780   Section        0  usart.o(i.bsp_InitUart)
    i.comClearTxFifo                         0x08001790   Section        0  usart.o(i.comClearTxFifo)
    i.comGetChar                             0x080017ac   Section        0  usart.o(i.comGetChar)
    i.comSendBuf                             0x080017ca   Section        0  usart.o(i.comSendBuf)
    i.comSendChar                            0x080017f8   Section        0  usart.o(i.comSendChar)
    i.delay_init                             0x08001808   Section        0  delay.o(i.delay_init)
    i.delay_ms                               0x08001848   Section        0  delay.o(i.delay_ms)
    i.gpio_init                              0x08001894   Section        0  gpio.o(i.gpio_init)
    i.i2c1_init                              0x080018e8   Section        0  i2c.o(i.i2c1_init)
    i.i2c1_recover                           0x08001984   Section        0  i2c.o(i.i2c1_recover)
    i.main                                   0x08001a48   Section        0  main.o(i.main)
    i.nt3h1101_init                          0x08001ac8   Section        0  nt3h1101.o(i.nt3h1101_init)
    i.nt3h1101_int_init                      0x08001ad4   Section        0  nt3h1101.o(i.nt3h1101_int_init)
    i.nt3h1101_power_ctl_init                0x08001b4c   Section        0  nt3h1101.o(i.nt3h1101_power_ctl_init)
    i.nt3h1101_power_on                      0x08001b7c   Section        0  nt3h1101.o(i.nt3h1101_power_on)
    i.nt3h1101_read_one_block                0x08001b98   Section        0  nt3h1101.o(i.nt3h1101_read_one_block)
    i.nt3h1101_write_reg                     0x08001dc0   Section        0  nt3h1101.o(i.nt3h1101_write_reg)
    i.observeActivity                        0x08001f5c   Section        0  adxl345.o(i.observeActivity)
    i.observeFreefall                        0x08002048   Section        0  adxl345.o(i.observeFreefall)
    i.opt3001_alarm_init                     0x080020f8   Section        0  opt3001.o(i.opt3001_alarm_init)
    i.opt3001_data_convert                   0x0800212c   Section        0  opt3001.o(i.opt3001_data_convert)
    opt3001_data_convert                     0x0800212d   Thumb Code   506  opt3001.o(i.opt3001_data_convert)
    i.opt3001_int_init                       0x08002344   Section        0  opt3001.o(i.opt3001_int_init)
    i.opt3001_reg_init                       0x080023b4   Section        0  opt3001.o(i.opt3001_reg_init)
    i.opt3001_write_two_byte                 0x08002418   Section        0  opt3001.o(i.opt3001_write_two_byte)
    opt3001_write_two_byte                   0x08002419   Thumb Code   340  opt3001.o(i.opt3001_write_two_byte)
    .data                                    0x20000000   Section       29  system_stm32l1xx.o(.data)
    .data                                    0x2000001e   Section      384  ws2812.o(.data)
    .data                                    0x200001a0   Section        5  opt3001.o(.data)
    opt3001_timeout                          0x200001a0   Data           4  opt3001.o(.data)
    .data                                    0x200001a8   Section       15  adxl345.o(.data)
    adxl345_timeout                          0x200001b0   Data           4  adxl345.o(.data)
    interrupt_reg_enable                     0x200001b4   Data           1  adxl345.o(.data)
    interrupt_reg_source                     0x200001b5   Data           1  adxl345.o(.data)
    interrupt_reg_intmap                     0x200001b6   Data           1  adxl345.o(.data)
    .data                                    0x200001b8   Section        4  nt3h1101.o(.data)
    nt3h1101_timeout                         0x200001b8   Data           4  nt3h1101.o(.data)
    .data                                    0x200001bc   Section       25  stm32l1xx_rcc.o(.data)
    PLLMulTable                              0x200001bc   Data           9  stm32l1xx_rcc.o(.data)
    APBAHBPrescTable                         0x200001c5   Data          16  stm32l1xx_rcc.o(.data)
    .data                                    0x200001d6   Section        4  delay.o(.data)
    fac_us                                   0x200001d6   Data           1  delay.o(.data)
    fac_ms                                   0x200001d8   Data           2  delay.o(.data)
    .bss                                     0x200001dc   Section     6264  usart.o(.bss)
    g_tUart1                                 0x200001dc   Data          40  usart.o(.bss)
    g_TxBuf1                                 0x20000204   Data        1024  usart.o(.bss)
    g_RxBuf1                                 0x20000604   Data        1024  usart.o(.bss)
    g_tUart2                                 0x20000a04   Data          40  usart.o(.bss)
    g_TxBuf2                                 0x20000a2c   Data        1024  usart.o(.bss)
    g_RxBuf2                                 0x20000e2c   Data        1024  usart.o(.bss)
    g_tUart3                                 0x2000122c   Data          40  usart.o(.bss)
    g_TxBuf3                                 0x20001254   Data        1024  usart.o(.bss)
    g_RxBuf3                                 0x20001654   Data        1024  usart.o(.bss)
    STACK                                    0x20001a58   Section     1024  startup_stm32l1xx_hd.o(STACK)

    Global Symbols

    Symbol Name                              Value     Ov Type        Size  Object(Section)

    BuildAttributes$$THM_ISAv4$P$D$K$B$S$PE$A:L22UL41UL21$X:L11$S22US41US21$IEEE1$IW$USESV6$~STKCKD$USESV7$~SHL$OTIME$ROPI$IEEEX$EBA8$MICROLIB$REQ8$PRES8$EABIv2 0x00000000   Number         0  anon$$obj.o ABSOLUTE
    __ARM_use_no_argv                        0x00000000   Number         0  main.o ABSOLUTE
    __cpp_initialize__aeabi_                  - Undefined Weak Reference
    __cxa_finalize                            - Undefined Weak Reference
    _clock_init                               - Undefined Weak Reference
    _microlib_exit                            - Undefined Weak Reference
    __Vectors_Size                           0x00000124   Number         0  startup_stm32l1xx_hd.o ABSOLUTE
    __Vectors                                0x08000000   Data           4  startup_stm32l1xx_hd.o(RESET)
    __Vectors_End                            0x08000124   Data           0  startup_stm32l1xx_hd.o(RESET)
    __main                                   0x08000125   Thumb Code     0  entry.o(.ARM.Collect$$$$00000000)
    _main_stk                                0x08000125   Thumb Code     0  entry2.o(.ARM.Collect$$$$00000001)
    _main_scatterload                        0x08000129   Thumb Code     0  entry5.o(.ARM.Collect$$$$00000004)
    __main_after_scatterload                 0x0800012d   Thumb Code     0  entry5.o(.ARM.Collect$$$$00000004)
    _main_clock                              0x0800012d   Thumb Code     0  entry7b.o(.ARM.Collect$$$$00000008)
    _main_cpp_init                           0x0800012d   Thumb Code     0  entry8b.o(.ARM.Collect$$$$0000000A)
    _main_init                               0x0800012d   Thumb Code     0  entry9a.o(.ARM.Collect$$$$0000000B)
    __rt_final_cpp                           0x08000135   Thumb Code     0  entry10a.o(.ARM.Collect$$$$0000000D)
    __rt_final_exit                          0x08000135   Thumb Code     0  entry11a.o(.ARM.Collect$$$$0000000F)
    Reset_Handler                            0x08000139   Thumb Code     8  startup_stm32l1xx_hd.o(.text)
    ADC1_IRQHandler                          0x08000153   Thumb Code     0  startup_stm32l1xx_hd.o(.text)
    AES_IRQHandler                           0x08000153   Thumb Code     0  startup_stm32l1xx_hd.o(.text)
    COMP_ACQ_IRQHandler                      0x08000153   Thumb Code     0  startup_stm32l1xx_hd.o(.text)
    COMP_IRQHandler                          0x08000153   Thumb Code     0  startup_stm32l1xx_hd.o(.text)
    DAC_IRQHandler                           0x08000153   Thumb Code     0  startup_stm32l1xx_hd.o(.text)
    DMA1_Channel1_IRQHandler                 0x08000153   Thumb Code     0  startup_stm32l1xx_hd.o(.text)
    DMA1_Channel2_IRQHandler                 0x08000153   Thumb Code     0  startup_stm32l1xx_hd.o(.text)
    DMA1_Channel3_IRQHandler                 0x08000153   Thumb Code     0  startup_stm32l1xx_hd.o(.text)
    DMA1_Channel4_IRQHandler                 0x08000153   Thumb Code     0  startup_stm32l1xx_hd.o(.text)
    DMA1_Channel5_IRQHandler                 0x08000153   Thumb Code     0  startup_stm32l1xx_hd.o(.text)
    DMA1_Channel6_IRQHandler                 0x08000153   Thumb Code     0  startup_stm32l1xx_hd.o(.text)
    DMA1_Channel7_IRQHandler                 0x08000153   Thumb Code     0  startup_stm32l1xx_hd.o(.text)
    DMA2_Channel1_IRQHandler                 0x08000153   Thumb Code     0  startup_stm32l1xx_hd.o(.text)
    DMA2_Channel2_IRQHandler                 0x08000153   Thumb Code     0  startup_stm32l1xx_hd.o(.text)
    DMA2_Channel3_IRQHandler                 0x08000153   Thumb Code     0  startup_stm32l1xx_hd.o(.text)
    DMA2_Channel4_IRQHandler                 0x08000153   Thumb Code     0  startup_stm32l1xx_hd.o(.text)
    DMA2_Channel5_IRQHandler                 0x08000153   Thumb Code     0  startup_stm32l1xx_hd.o(.text)
    EXTI0_IRQHandler                         0x08000153   Thumb Code     0  startup_stm32l1xx_hd.o(.text)
    EXTI3_IRQHandler                         0x08000153   Thumb Code     0  startup_stm32l1xx_hd.o(.text)
    EXTI9_5_IRQHandler                       0x08000153   Thumb Code     0  startup_stm32l1xx_hd.o(.text)
    FLASH_IRQHandler                         0x08000153   Thumb Code     0  startup_stm32l1xx_hd.o(.text)
    I2C1_ER_IRQHandler                       0x08000153   Thumb Code     0  startup_stm32l1xx_hd.o(.text)
    I2C1_EV_IRQHandler                       0x08000153   Thumb Code     0  startup_stm32l1xx_hd.o(.text)
    I2C2_ER_IRQHandler                       0x08000153   Thumb Code     0  startup_stm32l1xx_hd.o(.text)
    I2C2_EV_IRQHandler                       0x08000153   Thumb Code     0  startup_stm32l1xx_hd.o(.text)
    LCD_IRQHandler                           0x08000153   Thumb Code     0  startup_stm32l1xx_hd.o(.text)
    PVD_IRQHandler                           0x08000153   Thumb Code     0  startup_stm32l1xx_hd.o(.text)
    RCC_IRQHandler                           0x08000153   Thumb Code     0  startup_stm32l1xx_hd.o(.text)
    RTC_Alarm_IRQHandler                     0x08000153   Thumb Code     0  startup_stm32l1xx_hd.o(.text)
    RTC_WKUP_IRQHandler                      0x08000153   Thumb Code     0  startup_stm32l1xx_hd.o(.text)
    SDIO_IRQHandler                          0x08000153   Thumb Code     0  startup_stm32l1xx_hd.o(.text)
    SPI1_IRQHandler                          0x08000153   Thumb Code     0  startup_stm32l1xx_hd.o(.text)
    SPI2_IRQHandler                          0x08000153   Thumb Code     0  startup_stm32l1xx_hd.o(.text)
    SPI3_IRQHandler                          0x08000153   Thumb Code     0  startup_stm32l1xx_hd.o(.text)
    TAMPER_STAMP_IRQHandler                  0x08000153   Thumb Code     0  startup_stm32l1xx_hd.o(.text)
    TIM10_IRQHandler                         0x08000153   Thumb Code     0  startup_stm32l1xx_hd.o(.text)
    TIM11_IRQHandler                         0x08000153   Thumb Code     0  startup_stm32l1xx_hd.o(.text)
    TIM2_IRQHandler                          0x08000153   Thumb Code     0  startup_stm32l1xx_hd.o(.text)
    TIM3_IRQHandler                          0x08000153   Thumb Code     0  startup_stm32l1xx_hd.o(.text)
    TIM4_IRQHandler                          0x08000153   Thumb Code     0  startup_stm32l1xx_hd.o(.text)
    TIM5_IRQHandler                          0x08000153   Thumb Code     0  startup_stm32l1xx_hd.o(.text)
    TIM6_IRQHandler                          0x08000153   Thumb Code     0  startup_stm32l1xx_hd.o(.text)
    TIM7_IRQHandler                          0x08000153   Thumb Code     0  startup_stm32l1xx_hd.o(.text)
    TIM9_IRQHandler                          0x08000153   Thumb Code     0  startup_stm32l1xx_hd.o(.text)
    UART4_IRQHandler                         0x08000153   Thumb Code     0  startup_stm32l1xx_hd.o(.text)
    UART5_IRQHandler                         0x08000153   Thumb Code     0  startup_stm32l1xx_hd.o(.text)
    USB_FS_WKUP_IRQHandler                   0x08000153   Thumb Code     0  startup_stm32l1xx_hd.o(.text)
    USB_HP_IRQHandler                        0x08000153   Thumb Code     0  startup_stm32l1xx_hd.o(.text)
    USB_LP_IRQHandler                        0x08000153   Thumb Code     0  startup_stm32l1xx_hd.o(.text)
    WWDG_IRQHandler                          0x08000153   Thumb Code     0  startup_stm32l1xx_hd.o(.text)
    __aeabi_memcpy                           0x0800015d   Thumb Code    36  memcpya.o(.text)
    __aeabi_memcpy4                          0x0800015d   Thumb Code     0  memcpya.o(.text)
    __aeabi_memcpy8                          0x0800015d   Thumb Code     0  memcpya.o(.text)
    __aeabi_fmul                             0x08000181   Thumb Code   100  fmul.o(.text)
    __aeabi_f2uiz                            0x080001e5   Thumb Code    40  ffixui.o(.text)
    __I$use$fp                               0x0800020d   Thumb Code     0  iusefp.o(.text)
    __scatterload                            0x0800020d   Thumb Code    28  init.o(.text)
    __scatterload_rt2                        0x0800020d   Thumb Code     0  init.o(.text)
    __decompress                             0x08000231   Thumb Code     0  __dclz77c.o(.text)
    __decompress2                            0x08000231   Thumb Code    94  __dclz77c.o(.text)
    BusFault_Handler                         0x0800028f   Thumb Code     4  stm32l1xx_it.o(i.BusFault_Handler)
    ComToUart                                0x08000295   Thumb Code    28  usart.o(i.ComToUart)
    DMA_Cmd                                  0x08000309   Thumb Code    24  stm32l1xx_dma.o(i.DMA_Cmd)
    DMA_DeInit                               0x08000321   Thumb Code   200  stm32l1xx_dma.o(i.DMA_DeInit)
    DMA_Init                                 0x080003ed   Thumb Code    60  stm32l1xx_dma.o(i.DMA_Init)
    DMA_SetCurrDataCounter                   0x08000429   Thumb Code     4  stm32l1xx_dma.o(i.DMA_SetCurrDataCounter)
    DebugMon_Handler                         0x0800042d   Thumb Code     2  stm32l1xx_it.o(i.DebugMon_Handler)
    EXTI15_10_IRQHandler                     0x08000431   Thumb Code    26  stm32l1xx_it.o(i.EXTI15_10_IRQHandler)
    EXTI1_IRQHandler                         0x08000451   Thumb Code    24  stm32l1xx_it.o(i.EXTI1_IRQHandler)
    EXTI2_IRQHandler                         0x0800046d   Thumb Code    24  stm32l1xx_it.o(i.EXTI2_IRQHandler)
    EXTI4_IRQHandler                         0x08000489   Thumb Code    18  stm32l1xx_it.o(i.EXTI4_IRQHandler)
    EXTI_ClearITPendingBit                   0x0800049d   Thumb Code     6  stm32l1xx_exti.o(i.EXTI_ClearITPendingBit)
    EXTI_GetITStatus                         0x080004a9   Thumb Code    34  stm32l1xx_exti.o(i.EXTI_GetITStatus)
    EXTI_Init                                0x080004d1   Thumb Code   142  stm32l1xx_exti.o(i.EXTI_Init)
    GPIO_Init                                0x08000565   Thumb Code   144  stm32l1xx_gpio.o(i.GPIO_Init)
    GPIO_PinAFConfig                         0x080005f5   Thumb Code    70  stm32l1xx_gpio.o(i.GPIO_PinAFConfig)
    GPIO_SetBits                             0x0800063b   Thumb Code     4  stm32l1xx_gpio.o(i.GPIO_SetBits)
    HardFault_Handler                        0x0800063f   Thumb Code     4  stm32l1xx_it.o(i.HardFault_Handler)
    I2C_AcknowledgeConfig                    0x08000643   Thumb Code    24  stm32l1xx_i2c.o(i.I2C_AcknowledgeConfig)
    I2C_CheckEvent                           0x0800065b   Thumb Code    42  stm32l1xx_i2c.o(i.I2C_CheckEvent)
    I2C_Cmd                                  0x08000685   Thumb Code    24  stm32l1xx_i2c.o(i.I2C_Cmd)
    I2C_DeInit                               0x0800069d   Thumb Code    50  stm32l1xx_i2c.o(i.I2C_DeInit)
    I2C_GenerateSTART                        0x080006d5   Thumb Code    24  stm32l1xx_i2c.o(i.I2C_GenerateSTART)
    I2C_GenerateSTOP                         0x080006ed   Thumb Code    24  stm32l1xx_i2c.o(i.I2C_GenerateSTOP)
    I2C_GetFlagStatus                        0x08000705   Thumb Code    58  stm32l1xx_i2c.o(i.I2C_GetFlagStatus)
    I2C_Init                                 0x08000741   Thumb Code   218  stm32l1xx_i2c.o(i.I2C_Init)
    I2C_ReceiveData                          0x08000829   Thumb Code     8  stm32l1xx_i2c.o(i.I2C_ReceiveData)
    I2C_Send7bitAddress                      0x08000831   Thumb Code    16  stm32l1xx_i2c.o(i.I2C_Send7bitAddress)
    I2C_SendData                             0x08000841   Thumb Code     4  stm32l1xx_i2c.o(i.I2C_SendData)
    MemManage_Handler                        0x08000a49   Thumb Code     4  stm32l1xx_it.o(i.MemManage_Handler)
    NMI_Handler                              0x08000a4d   Thumb Code     2  stm32l1xx_it.o(i.NMI_Handler)
    NVIC_Init                                0x08000a51   Thumb Code   100  misc.o(i.NVIC_Init)
    PendSV_Handler                           0x08000ac1   Thumb Code     2  stm32l1xx_it.o(i.PendSV_Handler)
    RCC_AHBPeriphClockCmd                    0x08000ac5   Thumb Code    26  stm32l1xx_rcc.o(i.RCC_AHBPeriphClockCmd)
    RCC_APB1PeriphClockCmd                   0x08000ae5   Thumb Code    26  stm32l1xx_rcc.o(i.RCC_APB1PeriphClockCmd)
    RCC_APB1PeriphResetCmd                   0x08000b05   Thumb Code    26  stm32l1xx_rcc.o(i.RCC_APB1PeriphResetCmd)
    RCC_APB2PeriphClockCmd                   0x08000b25   Thumb Code    26  stm32l1xx_rcc.o(i.RCC_APB2PeriphClockCmd)
    RCC_GetClocksFreq                        0x08000b45   Thumb Code   234  stm32l1xx_rcc.o(i.RCC_GetClocksFreq)
    SPI2_Init                                0x08000c45   Thumb Code   162  spi.o(i.SPI2_Init)
    SPI_Cmd                                  0x08000cf1   Thumb Code    24  stm32l1xx_spi.o(i.SPI_Cmd)
    SPI_Init                                 0x08000d09   Thumb Code    50  stm32l1xx_spi.o(i.SPI_Init)
    SVC_Handler                              0x08000d3b   Thumb Code     2  stm32l1xx_it.o(i.SVC_Handler)
    SYSCFG_EXTILineConfig                    0x08000d3d   Thumb Code    60  stm32l1xx_syscfg.o(i.SYSCFG_EXTILineConfig)
    SysTick_CLKSourceConfig                  0x08000e41   Thumb Code    40  misc.o(i.SysTick_CLKSourceConfig)
    SysTick_Handler                          0x08000e69   Thumb Code     2  stm32l1xx_it.o(i.SysTick_Handler)
    SystemInit                               0x08000e6d   Thumb Code    88  system_stm32l1xx.o(i.SystemInit)
    TIM_DMACmd                               0x08000ed5   Thumb Code    18  stm32l1xx_tim.o(i.TIM_DMACmd)
    TIM_OC1Init                              0x08000ee7   Thumb Code    56  stm32l1xx_tim.o(i.TIM_OC1Init)
    TIM_TimeBaseInit                         0x08000f21   Thumb Code    70  stm32l1xx_tim.o(i.TIM_TimeBaseInit)
    Timer2_Init                              0x08000f79   Thumb Code   222  ws2812.o(i.Timer2_Init)
    USART1_IRQHandler                        0x08001069   Thumb Code    10  usart.o(i.USART1_IRQHandler)
    USART2_IRQHandler                        0x08001079   Thumb Code    10  usart.o(i.USART2_IRQHandler)
    USART3_IRQHandler                        0x08001089   Thumb Code    10  usart.o(i.USART3_IRQHandler)
    USART_ClearFlag                          0x08001099   Thumb Code     6  stm32l1xx_usart.o(i.USART_ClearFlag)
    USART_Cmd                                0x0800109f   Thumb Code    24  stm32l1xx_usart.o(i.USART_Cmd)
    USART_DMACmd                             0x080010b7   Thumb Code    18  stm32l1xx_usart.o(i.USART_DMACmd)
    USART_GetITStatus                        0x080010c9   Thumb Code    76  stm32l1xx_usart.o(i.USART_GetITStatus)
    USART_ITConfig                           0x08001115   Thumb Code    64  stm32l1xx_usart.o(i.USART_ITConfig)
    USART_Init                               0x08001155   Thumb Code   192  stm32l1xx_usart.o(i.USART_Init)
    USART_ReceiveData                        0x08001219   Thumb Code    10  stm32l1xx_usart.o(i.USART_ReceiveData)
    Uart1_TX_DMA_Enable                      0x08001225   Thumb Code    46  usart.o(i.Uart1_TX_DMA_Enable)
    Uart1_TX_DMA_Init                        0x0800125d   Thumb Code    72  usart.o(i.Uart1_TX_DMA_Init)
    Uart2_TX_DMA_Enable                      0x080012b1   Thumb Code    46  usart.o(i.Uart2_TX_DMA_Enable)
    Uart2_TX_DMA_Init                        0x080012e9   Thumb Code    72  usart.o(i.Uart2_TX_DMA_Init)
    Uart3_TX_DMA_Enable                      0x0800133d   Thumb Code    46  usart.o(i.Uart3_TX_DMA_Enable)
    Uart3_TX_DMA_Init                        0x08001375   Thumb Code    72  usart.o(i.Uart3_TX_DMA_Init)
    UsageFault_Handler                       0x08001599   Thumb Code     4  stm32l1xx_it.o(i.UsageFault_Handler)
    __scatterload_copy                       0x0800159d   Thumb Code    14  handlers.o(i.__scatterload_copy)
    __scatterload_null                       0x080015ab   Thumb Code     2  handlers.o(i.__scatterload_null)
    __scatterload_zeroinit                   0x080015ad   Thumb Code    14  handlers.o(i.__scatterload_zeroinit)
    adxl345_low_level_init                   0x080015c1   Thumb Code   126  adxl345.o(i.adxl345_low_level_init)
    adxl345_write_one_byte                   0x08001651   Thumb Code   286  adxl345.o(i.adxl345_write_one_byte)
    bsp_InitUart                             0x08001781   Thumb Code    16  usart.o(i.bsp_InitUart)
    comClearTxFifo                           0x08001791   Thumb Code    28  usart.o(i.comClearTxFifo)
    comGetChar                               0x080017ad   Thumb Code    30  usart.o(i.comGetChar)
    comSendBuf                               0x080017cb   Thumb Code    46  usart.o(i.comSendBuf)
    comSendChar                              0x080017f9   Thumb Code    16  usart.o(i.comSendChar)
    delay_init                               0x08001809   Thumb Code    48  delay.o(i.delay_init)
    delay_ms                                 0x08001849   Thumb Code    72  delay.o(i.delay_ms)
    gpio_init                                0x08001895   Thumb Code    80  gpio.o(i.gpio_init)
    i2c1_init                                0x080018e9   Thumb Code   144  i2c.o(i.i2c1_init)
    i2c1_recover                             0x08001985   Thumb Code   184  i2c.o(i.i2c1_recover)
    main                                     0x08001a49   Thumb Code   118  main.o(i.main)
    nt3h1101_init                            0x08001ac9   Thumb Code    12  nt3h1101.o(i.nt3h1101_init)
    nt3h1101_int_init                        0x08001ad5   Thumb Code   114  nt3h1101.o(i.nt3h1101_int_init)
    nt3h1101_power_ctl_init                  0x08001b4d   Thumb Code    44  nt3h1101.o(i.nt3h1101_power_ctl_init)
    nt3h1101_power_on                        0x08001b7d   Thumb Code    24  nt3h1101.o(i.nt3h1101_power_on)
    nt3h1101_read_one_block                  0x08001b99   Thumb Code   536  nt3h1101.o(i.nt3h1101_read_one_block)
    nt3h1101_write_reg                       0x08001dc1   Thumb Code   396  nt3h1101.o(i.nt3h1101_write_reg)
    observeActivity                          0x08001f5d   Thumb Code   218  adxl345.o(i.observeActivity)
    observeFreefall                          0x08002049   Thumb Code   162  adxl345.o(i.observeFreefall)
    opt3001_alarm_init                       0x080020f9   Thumb Code    50  opt3001.o(i.opt3001_alarm_init)
    opt3001_int_init                         0x08002345   Thumb Code   108  opt3001.o(i.opt3001_int_init)
    opt3001_reg_init                         0x080023b5   Thumb Code    98  opt3001.o(i.opt3001_reg_init)
    Region$$Table$$Base                      0x0800257c   Number         0  anon$$obj.o(Region$$Table)
    Region$$Table$$Limit                     0x0800259c   Number         0  anon$$obj.o(Region$$Table)
    SystemCoreClock                          0x20000000   Data           4  system_stm32l1xx.o(.data)
    PLLMulTable                              0x20000004   Data           9  system_stm32l1xx.o(.data)
    AHBPrescTable                            0x2000000d   Data          16  system_stm32l1xx.o(.data)
    LED_BYTE_Buffer                          0x2000001e   Data         384  ws2812.o(.data)
    LowHighLimitTrigFlag                     0x200001a4   Data           1  opt3001.o(.data)
    data_format_reg                          0x200001a8   Data           1  adxl345.o(.data)
    power_ctl_reg                            0x200001a9   Data           1  adxl345.o(.data)
    bw_rate_reg                              0x200001aa   Data           1  adxl345.o(.data)
    act_inact_ctl_reg                        0x200001ab   Data           1  adxl345.o(.data)
    ADXL345IntFlag                           0x200001ac   Data           1  adxl345.o(.data)
    __initial_sp                             0x20001e58   Data           0  startup_stm32l1xx_hd.o(STACK)



==============================================================================

Memory Map of the image

  Image Entry point : 0x08000125

  Load Region LR_IROM1 (Base: 0x08000000, Size: 0x00002778, Max: 0x00040000, ABSOLUTE, COMPRESSED[0x000025cc])

    Execution Region ER_IROM1 (Base: 0x08000000, Size: 0x0000259c, Max: 0x00040000, ABSOLUTE)

    Base Addr    Size         Type   Attr      Idx    E Section Name        Object

    0x08000000   0x00000124   Data   RO          804    RESET               startup_stm32l1xx_hd.o
    0x08000124   0x00000000   Code   RO         3693  * .ARM.Collect$$$$00000000  mc_w.l(entry.o)
    0x08000124   0x00000004   Code   RO         3749    .ARM.Collect$$$$00000001  mc_w.l(entry2.o)
    0x08000128   0x00000004   Code   RO         3752    .ARM.Collect$$$$00000004  mc_w.l(entry5.o)
    0x0800012c   0x00000000   Code   RO         3754    .ARM.Collect$$$$00000008  mc_w.l(entry7b.o)
    0x0800012c   0x00000000   Code   RO         3756    .ARM.Collect$$$$0000000A  mc_w.l(entry8b.o)
    0x0800012c   0x00000008   Code   RO         3757    .ARM.Collect$$$$0000000B  mc_w.l(entry9a.o)
    0x08000134   0x00000000   Code   RO         3759    .ARM.Collect$$$$0000000D  mc_w.l(entry10a.o)
    0x08000134   0x00000000   Code   RO         3761    .ARM.Collect$$$$0000000F  mc_w.l(entry11a.o)
    0x08000134   0x00000004   Code   RO         3750    .ARM.Collect$$$$00002712  mc_w.l(entry2.o)
    0x08000138   0x00000024   Code   RO          805    .text               startup_stm32l1xx_hd.o
    0x0800015c   0x00000024   Code   RO         3696    .text               mc_w.l(memcpya.o)
    0x08000180   0x00000064   Code   RO         3702    .text               mf_w.l(fmul.o)
    0x080001e4   0x00000028   Code   RO         3716    .text               mf_w.l(ffixui.o)
    0x0800020c   0x00000000   Code   RO         3774    .text               mc_w.l(iusefp.o)
    0x0800020c   0x00000024   Code   RO         3787    .text               mc_w.l(init.o)
    0x08000230   0x0000005e   Code   RO         3803    .text               mc_w.l(__dclz77c.o)
    0x0800028e   0x00000004   Code   RO          141    i.BusFault_Handler  stm32l1xx_it.o
    0x08000292   0x00000002   PAD
    0x08000294   0x00000028   Code   RO          624    i.ComToUart         usart.o
    0x080002bc   0x0000004c   Code   RO          625    i.ConfigUartNVIC    usart.o
    0x08000308   0x00000018   Code   RO         1303    i.DMA_Cmd           stm32l1xx_dma.o
    0x08000320   0x000000cc   Code   RO         1304    i.DMA_DeInit        stm32l1xx_dma.o
    0x080003ec   0x0000003c   Code   RO         1309    i.DMA_Init          stm32l1xx_dma.o
    0x08000428   0x00000004   Code   RO         1310    i.DMA_SetCurrDataCounter  stm32l1xx_dma.o
    0x0800042c   0x00000002   Code   RO          142    i.DebugMon_Handler  stm32l1xx_it.o
    0x0800042e   0x00000002   PAD
    0x08000430   0x00000020   Code   RO          143    i.EXTI15_10_IRQHandler  stm32l1xx_it.o
    0x08000450   0x0000001c   Code   RO          144    i.EXTI1_IRQHandler  stm32l1xx_it.o
    0x0800046c   0x0000001c   Code   RO          145    i.EXTI2_IRQHandler  stm32l1xx_it.o
    0x08000488   0x00000012   Code   RO          146    i.EXTI4_IRQHandler  stm32l1xx_it.o
    0x0800049a   0x00000002   PAD
    0x0800049c   0x0000000c   Code   RO         1374    i.EXTI_ClearITPendingBit  stm32l1xx_exti.o
    0x080004a8   0x00000028   Code   RO         1378    i.EXTI_GetITStatus  stm32l1xx_exti.o
    0x080004d0   0x00000094   Code   RO         1379    i.EXTI_Init         stm32l1xx_exti.o
    0x08000564   0x00000090   Code   RO         1678    i.GPIO_Init         stm32l1xx_gpio.o
    0x080005f4   0x00000046   Code   RO         1679    i.GPIO_PinAFConfig  stm32l1xx_gpio.o
    0x0800063a   0x00000004   Code   RO         1686    i.GPIO_SetBits      stm32l1xx_gpio.o
    0x0800063e   0x00000004   Code   RO          147    i.HardFault_Handler  stm32l1xx_it.o
    0x08000642   0x00000018   Code   RO         1762    i.I2C_AcknowledgeConfig  stm32l1xx_i2c.o
    0x0800065a   0x0000002a   Code   RO         1764    i.I2C_CheckEvent    stm32l1xx_i2c.o
    0x08000684   0x00000018   Code   RO         1767    i.I2C_Cmd           stm32l1xx_i2c.o
    0x0800069c   0x00000038   Code   RO         1770    i.I2C_DeInit        stm32l1xx_i2c.o
    0x080006d4   0x00000018   Code   RO         1774    i.I2C_GenerateSTART  stm32l1xx_i2c.o
    0x080006ec   0x00000018   Code   RO         1775    i.I2C_GenerateSTOP  stm32l1xx_i2c.o
    0x08000704   0x0000003a   Code   RO         1776    i.I2C_GetFlagStatus  stm32l1xx_i2c.o
    0x0800073e   0x00000002   PAD
    0x08000740   0x000000e8   Code   RO         1781    i.I2C_Init          stm32l1xx_i2c.o
    0x08000828   0x00000008   Code   RO         1785    i.I2C_ReceiveData   stm32l1xx_i2c.o
    0x08000830   0x00000010   Code   RO         1787    i.I2C_Send7bitAddress  stm32l1xx_i2c.o
    0x08000840   0x00000004   Code   RO         1788    i.I2C_SendData      stm32l1xx_i2c.o
    0x08000844   0x00000204   Code   RO          626    i.InitHardUart      usart.o
    0x08000a48   0x00000004   Code   RO          148    i.MemManage_Handler  stm32l1xx_it.o
    0x08000a4c   0x00000002   Code   RO          149    i.NMI_Handler       stm32l1xx_it.o
    0x08000a4e   0x00000002   PAD
    0x08000a50   0x00000070   Code   RO          809    i.NVIC_Init         misc.o
    0x08000ac0   0x00000002   Code   RO          150    i.PendSV_Handler    stm32l1xx_it.o
    0x08000ac2   0x00000002   PAD
    0x08000ac4   0x00000020   Code   RO         2205    i.RCC_AHBPeriphClockCmd  stm32l1xx_rcc.o
    0x08000ae4   0x00000020   Code   RO         2208    i.RCC_APB1PeriphClockCmd  stm32l1xx_rcc.o
    0x08000b04   0x00000020   Code   RO         2210    i.RCC_APB1PeriphResetCmd  stm32l1xx_rcc.o
    0x08000b24   0x00000020   Code   RO         2211    i.RCC_APB2PeriphClockCmd  stm32l1xx_rcc.o
    0x08000b44   0x00000100   Code   RO         2220    i.RCC_GetClocksFreq  stm32l1xx_rcc.o
    0x08000c44   0x000000ac   Code   RO          296    i.SPI2_Init         spi.o
    0x08000cf0   0x00000018   Code   RO         2693    i.SPI_Cmd           stm32l1xx_spi.o
    0x08000d08   0x00000032   Code   RO         2706    i.SPI_Init          stm32l1xx_spi.o
    0x08000d3a   0x00000002   Code   RO          151    i.SVC_Handler       stm32l1xx_it.o
    0x08000d3c   0x00000040   Code   RO         2818    i.SYSCFG_EXTILineConfig  stm32l1xx_syscfg.o
    0x08000d7c   0x000000c4   Code   RO          232    i.SetSysClock       system_stm32l1xx.o
    0x08000e40   0x00000028   Code   RO          813    i.SysTick_CLKSourceConfig  misc.o
    0x08000e68   0x00000002   Code   RO          152    i.SysTick_Handler   stm32l1xx_it.o
    0x08000e6a   0x00000002   PAD
    0x08000e6c   0x00000068   Code   RO          234    i.SystemInit        system_stm32l1xx.o
    0x08000ed4   0x00000012   Code   RO         2903    i.TIM_DMACmd        stm32l1xx_tim.o
    0x08000ee6   0x00000038   Code   RO         2929    i.TIM_OC1Init       stm32l1xx_tim.o
    0x08000f1e   0x00000002   PAD
    0x08000f20   0x00000058   Code   RO         2969    i.TIM_TimeBaseInit  stm32l1xx_tim.o
    0x08000f78   0x000000f0   Code   RO          339    i.Timer2_Init       ws2812.o
    0x08001068   0x00000010   Code   RO          627    i.USART1_IRQHandler  usart.o
    0x08001078   0x00000010   Code   RO          628    i.USART2_IRQHandler  usart.o
    0x08001088   0x00000010   Code   RO          629    i.USART3_IRQHandler  usart.o
    0x08001098   0x00000006   Code   RO         3395    i.USART_ClearFlag   stm32l1xx_usart.o
    0x0800109e   0x00000018   Code   RO         3399    i.USART_Cmd         stm32l1xx_usart.o
    0x080010b6   0x00000012   Code   RO         3400    i.USART_DMACmd      stm32l1xx_usart.o
    0x080010c8   0x0000004c   Code   RO         3403    i.USART_GetITStatus  stm32l1xx_usart.o
    0x08001114   0x00000040   Code   RO         3405    i.USART_ITConfig    stm32l1xx_usart.o
    0x08001154   0x000000c4   Code   RO         3406    i.USART_Init        stm32l1xx_usart.o
    0x08001218   0x0000000a   Code   RO         3413    i.USART_ReceiveData  stm32l1xx_usart.o
    0x08001222   0x00000002   PAD
    0x08001224   0x00000038   Code   RO          630    i.Uart1_TX_DMA_Enable  usart.o
    0x0800125c   0x00000054   Code   RO          631    i.Uart1_TX_DMA_Init  usart.o
    0x080012b0   0x00000038   Code   RO          632    i.Uart2_TX_DMA_Enable  usart.o
    0x080012e8   0x00000054   Code   RO          633    i.Uart2_TX_DMA_Init  usart.o
    0x0800133c   0x00000038   Code   RO          634    i.Uart3_TX_DMA_Enable  usart.o
    0x08001374   0x00000054   Code   RO          635    i.Uart3_TX_DMA_Init  usart.o
    0x080013c8   0x0000004a   Code   RO          636    i.UartGetChar       usart.o
    0x08001412   0x0000004c   Code   RO          637    i.UartIRQ           usart.o
    0x0800145e   0x00000002   PAD
    0x08001460   0x00000088   Code   RO          638    i.UartSend          usart.o
    0x080014e8   0x000000b0   Code   RO          639    i.UartVarInit       usart.o
    0x08001598   0x00000004   Code   RO          153    i.UsageFault_Handler  stm32l1xx_it.o
    0x0800159c   0x0000000e   Code   RO         3797    i.__scatterload_copy  mc_w.l(handlers.o)
    0x080015aa   0x00000002   Code   RO         3798    i.__scatterload_null  mc_w.l(handlers.o)
    0x080015ac   0x0000000e   Code   RO         3799    i.__scatterload_zeroinit  mc_w.l(handlers.o)
    0x080015ba   0x00000006   Code   RO          640    i.__set_PRIMASK     usart.o
    0x080015c0   0x00000090   Code   RO          472    i.adxl345_low_level_init  adxl345.o
    0x08001650   0x00000130   Code   RO          475    i.adxl345_write_one_byte  adxl345.o
    0x08001780   0x00000010   Code   RO          641    i.bsp_InitUart      usart.o
    0x08001790   0x0000001c   Code   RO          645    i.comClearTxFifo    usart.o
    0x080017ac   0x0000001e   Code   RO          646    i.comGetChar        usart.o
    0x080017ca   0x0000002e   Code   RO          647    i.comSendBuf        usart.o
    0x080017f8   0x00000010   Code   RO          648    i.comSendChar       usart.o
    0x08001808   0x00000040   Code   RO         3629    i.delay_init        delay.o
    0x08001848   0x0000004c   Code   RO         3630    i.delay_ms          delay.o
    0x08001894   0x00000054   Code   RO          261    i.gpio_init         gpio.o
    0x080018e8   0x0000009c   Code   RO          363    i.i2c1_init         i2c.o
    0x08001984   0x000000c4   Code   RO          364    i.i2c1_recover      i2c.o
    0x08001a48   0x00000080   Code   RO            1    i.main              main.o
    0x08001ac8   0x0000000c   Code   RO          545    i.nt3h1101_init     nt3h1101.o
    0x08001ad4   0x00000078   Code   RO          548    i.nt3h1101_int_init  nt3h1101.o
    0x08001b4c   0x00000030   Code   RO          549    i.nt3h1101_power_ctl_init  nt3h1101.o
    0x08001b7c   0x0000001c   Code   RO          551    i.nt3h1101_power_on  nt3h1101.o
    0x08001b98   0x00000228   Code   RO          552    i.nt3h1101_read_one_block  nt3h1101.o
    0x08001dc0   0x0000019c   Code   RO          555    i.nt3h1101_write_reg  nt3h1101.o
    0x08001f5c   0x000000ec   Code   RO          477    i.observeActivity   adxl345.o
    0x08002048   0x000000b0   Code   RO          478    i.observeFreefall   adxl345.o
    0x080020f8   0x00000032   Code   RO          408    i.opt3001_alarm_init  opt3001.o
    0x0800212a   0x00000002   PAD
    0x0800212c   0x00000218   Code   RO          409    i.opt3001_data_convert  opt3001.o
    0x08002344   0x00000070   Code   RO          412    i.opt3001_int_init  opt3001.o
    0x080023b4   0x00000062   Code   RO          414    i.opt3001_reg_init  opt3001.o
    0x08002416   0x00000002   PAD
    0x08002418   0x00000164   Code   RO          415    i.opt3001_write_two_byte  opt3001.o
    0x0800257c   0x00000020   Data   RO         3795    Region$$Table       anon$$obj.o


    Execution Region RW_IRAM1 (Base: 0x20000000, Size: 0x00001e58, Max: 0x00008000, ABSOLUTE, COMPRESSED[0x00000030])

    Base Addr    Size         Type   Attr      Idx    E Section Name        Object

    0x20000000   0x0000001d   Data   RW          235    .data               system_stm32l1xx.o
    0x2000001d   0x00000001   PAD
    0x2000001e   0x00000180   Data   RW          341    .data               ws2812.o
    0x2000019e   0x00000002   PAD
    0x200001a0   0x00000005   Data   RW          416    .data               opt3001.o
    0x200001a5   0x00000003   PAD
    0x200001a8   0x0000000f   Data   RW          479    .data               adxl345.o
    0x200001b7   0x00000001   PAD
    0x200001b8   0x00000004   Data   RW          556    .data               nt3h1101.o
    0x200001bc   0x00000019   Data   RW         2242    .data               stm32l1xx_rcc.o
    0x200001d5   0x00000001   PAD
    0x200001d6   0x00000004   Data   RW         3632    .data               delay.o
    0x200001da   0x00000002   PAD
    0x200001dc   0x00001878   Zero   RW          651    .bss                usart.o
    0x20001a54   0x00000004   PAD
    0x20001a58   0x00000400   Zero   RW          802    STACK               startup_stm32l1xx_hd.o


==============================================================================

Image component sizes


      Code (inc. data)   RO Data    RW Data    ZI Data      Debug   Object Name

       860         68          0         15          0       6303   adxl345.o
         0          0          0          0          0         32   core_cm3.o
       140         20          0          4          0       1220   delay.o
        84          4          0          0          0     143052   gpio.o
       352         24          0          0          0       1179   i2c.o
       128         10          0          0          0     203795   main.o
       152         12          0          0          0       1586   misc.o
      1172         46          0          4          0       5017   nt3h1101.o
      1152         50          0          5          0       5138   opt3001.o
       172         10          0          0          0        596   spi.o
        36          8        292          0       1024        812   startup_stm32l1xx_hd.o
       292          4          0          0          0       3499   stm32l1xx_dma.o
       200         18          0          0          0       2148   stm32l1xx_exti.o
       218          0          0          0          0       2338   stm32l1xx_gpio.o
       512         20          0          0          0       7177   stm32l1xx_i2c.o
       132         14          0          0          0       5710   stm32l1xx_it.o
       384         46          0         25          0       4891   stm32l1xx_rcc.o
        74          0          0          0          0       1557   stm32l1xx_spi.o
        64          4          0          0          0        648   stm32l1xx_syscfg.o
       162         18          0          0          0       2390   stm32l1xx_tim.o
       394          4          0          0          0       5367   stm32l1xx_usart.o
       300         30          0         29          0       1689   system_stm32l1xx.o
      1704        176          0          0       6264      29777   usart.o
       240         18          0        384          0       1260   ws2812.o

    ----------------------------------------------------------------------
      8948        604        324        476       7292     437181   Object Totals
         0          0         32          0          0          0   (incl. Generated)
        24          0          0         10          4          0   (incl. Padding)

    ----------------------------------------------------------------------

      Code (inc. data)   RO Data    RW Data    ZI Data      Debug   Library Member Name

        94          0          0          0          0          0   __dclz77c.o
         0          0          0          0          0          0   entry.o
         0          0          0          0          0          0   entry10a.o
         0          0          0          0          0          0   entry11a.o
         8          4          0          0          0          0   entry2.o
         4          0          0          0          0          0   entry5.o
         0          0          0          0          0          0   entry7b.o
         0          0          0          0          0          0   entry8b.o
         8          4          0          0          0          0   entry9a.o
        30          0          0          0          0          0   handlers.o
        36          8          0          0          0         68   init.o
         0          0          0          0          0          0   iusefp.o
        36          0          0          0          0         68   memcpya.o
        40          0          0          0          0         68   ffixui.o
       100          0          0          0          0         76   fmul.o

    ----------------------------------------------------------------------
       356         16          0          0          0        280   Library Totals
         0          0          0          0          0          0   (incl. Padding)

    ----------------------------------------------------------------------

      Code (inc. data)   RO Data    RW Data    ZI Data      Debug   Library Name

       216         16          0          0          0        136   mc_w.l
       140          0          0          0          0        144   mf_w.l

    ----------------------------------------------------------------------
       356         16          0          0          0        280   Library Totals

    ----------------------------------------------------------------------

==============================================================================


      Code (inc. data)   RO Data    RW Data    ZI Data      Debug   

      9304        620        324        476       7292     432597   Grand Totals
      9304        620        324         48       7292     432597   ELF Image Totals (compressed)
      9304        620        324         48          0          0   ROM Totals

==============================================================================

    Total RO  Size (Code + RO Data)                 9628 (   9.40kB)
    Total RW  Size (RW Data + ZI Data)              7768 (   7.59kB)
    Total ROM Size (Code + RO Data + RW Data)       9676 (   9.45kB)

==============================================================================

