Component: ARM Compiler 5.05 update 1 (build 106) Tool: armlink [4d0efa]

==============================================================================

Section Cross References

    main.o(i.main) refers to _scanf_int.o(.text) for _scanf_int
    main.o(i.main) refers to delay.o(i.delay_init) for delay_init
    main.o(i.main) refers to gpio.o(i.gpio_init) for gpio_init
    main.o(i.main) refers to usart.o(i.bsp_InitUart) for bsp_InitUart
    main.o(i.main) refers to spi.o(i.SPI2_Init) for SPI2_Init
    main.o(i.main) refers to i2c.o(i.i2c1_init) for i2c1_init
    main.o(i.main) refers to ws2812.o(i.Timer2_Init) for Timer2_Init
    main.o(i.main) refers to opt3001.o(i.opt3001_reg_init) for opt3001_reg_init
    main.o(i.main) refers to opt3001.o(i.opt3001_int_init) for opt3001_int_init
    main.o(i.main) refers to opt3001.o(i.opt3001_alarm_init) for opt3001_alarm_init
    main.o(i.main) refers to adxl345.o(i.adxl345_low_level_init) for adxl345_low_level_init
    main.o(i.main) refers to adxl345.o(i.observeActivity) for observeActivity
    main.o(i.main) refers to adxl345.o(i.observeFreefall) for observeFreefall
    main.o(i.main) refers to nt3h1101.o(i.nt3h1101_init) for nt3h1101_init
    main.o(i.main) refers to nt3h1101.o(i.nt3h1101_power_on) for nt3h1101_power_on
    main.o(i.main) refers to nt3h1101.o(i.nt3h1101_write_reg) for nt3h1101_write_reg
    main.o(i.main) refers to delay.o(i.delay_ms) for delay_ms
    main.o(i.main) refers to printf1.o(i.__0printf$1) for __2printf
    main.o(i.main) refers to __0scanf.o(.text) for __0scanf
    stm32l1xx_it.o(i.EXTI15_10_IRQHandler) refers to stm32l1xx_exti.o(i.EXTI_GetITStatus) for EXTI_GetITStatus
    stm32l1xx_it.o(i.EXTI15_10_IRQHandler) refers to stm32l1xx_exti.o(i.EXTI_ClearITPendingBit) for EXTI_ClearITPendingBit
    stm32l1xx_it.o(i.EXTI15_10_IRQHandler) refers to adxl345.o(.data) for ADXL345IntFlag
    stm32l1xx_it.o(i.EXTI1_IRQHandler) refers to stm32l1xx_exti.o(i.EXTI_GetITStatus) for EXTI_GetITStatus
    stm32l1xx_it.o(i.EXTI1_IRQHandler) refers to stm32l1xx_exti.o(i.EXTI_ClearITPendingBit) for EXTI_ClearITPendingBit
    stm32l1xx_it.o(i.EXTI1_IRQHandler) refers to opt3001.o(.data) for LowHighLimitTrigFlag
    stm32l1xx_it.o(i.EXTI2_IRQHandler) refers to stm32l1xx_exti.o(i.EXTI_GetITStatus) for EXTI_GetITStatus
    stm32l1xx_it.o(i.EXTI2_IRQHandler) refers to stm32l1xx_exti.o(i.EXTI_ClearITPendingBit) for EXTI_ClearITPendingBit
    stm32l1xx_it.o(i.EXTI2_IRQHandler) refers to adxl345.o(.data) for ADXL345IntFlag
    stm32l1xx_it.o(i.EXTI4_IRQHandler) refers to stm32l1xx_exti.o(i.EXTI_GetITStatus) for EXTI_GetITStatus
    stm32l1xx_it.o(i.EXTI4_IRQHandler) refers to stm32l1xx_exti.o(i.EXTI_ClearITPendingBit) for EXTI_ClearITPendingBit
    system_stm32l1xx.o(i.SystemCoreClockUpdate) refers to system_stm32l1xx.o(.data) for SystemCoreClock
    system_stm32l1xx.o(i.SystemInit) refers to system_stm32l1xx.o(i.SetSysClock) for SetSysClock
    gpio.o(i.gpio_init) refers to stm32l1xx_rcc.o(i.RCC_AHBPeriphClockCmd) for RCC_AHBPeriphClockCmd
    gpio.o(i.gpio_init) refers to stm32l1xx_gpio.o(i.GPIO_Init) for GPIO_Init
    spi.o(i.SPI2_Init) refers to stm32l1xx_rcc.o(i.RCC_AHBPeriphClockCmd) for RCC_AHBPeriphClockCmd
    spi.o(i.SPI2_Init) refers to stm32l1xx_rcc.o(i.RCC_APB1PeriphClockCmd) for RCC_APB1PeriphClockCmd
    spi.o(i.SPI2_Init) refers to stm32l1xx_gpio.o(i.GPIO_Init) for GPIO_Init
    spi.o(i.SPI2_Init) refers to stm32l1xx_gpio.o(i.GPIO_PinAFConfig) for GPIO_PinAFConfig
    spi.o(i.SPI2_Init) refers to stm32l1xx_spi.o(i.SPI_Init) for SPI_Init
    spi.o(i.SPI2_Init) refers to stm32l1xx_spi.o(i.SPI_Cmd) for SPI_Cmd
    spi.o(i.spi2_read_write_byte) refers to stm32l1xx_spi.o(i.SPI_I2S_GetFlagStatus) for SPI_I2S_GetFlagStatus
    spi.o(i.spi2_read_write_byte) refers to stm32l1xx_spi.o(i.SPI_I2S_SendData) for SPI_I2S_SendData
    spi.o(i.spi2_read_write_byte) refers to stm32l1xx_spi.o(i.SPI_I2S_ReceiveData) for SPI_I2S_ReceiveData
    sx1276.o(i.sx1276_read_one_byte) refers to spi.o(i.spi2_read_write_byte) for spi2_read_write_byte
    sx1276.o(i.sx1276_read_version) refers to sx1276.o(i.sx1276_read_one_byte) for sx1276_read_one_byte
    sx1276.o(i.sx1276_write_one_byte) refers to spi.o(i.spi2_read_write_byte) for spi2_read_write_byte
    ws2812.o(i.Timer2_Init) refers to stm32l1xx_rcc.o(i.RCC_AHBPeriphClockCmd) for RCC_AHBPeriphClockCmd
    ws2812.o(i.Timer2_Init) refers to stm32l1xx_gpio.o(i.GPIO_Init) for GPIO_Init
    ws2812.o(i.Timer2_Init) refers to stm32l1xx_gpio.o(i.GPIO_PinAFConfig) for GPIO_PinAFConfig
    ws2812.o(i.Timer2_Init) refers to stm32l1xx_rcc.o(i.RCC_APB1PeriphClockCmd) for RCC_APB1PeriphClockCmd
    ws2812.o(i.Timer2_Init) refers to stm32l1xx_tim.o(i.TIM_TimeBaseInit) for TIM_TimeBaseInit
    ws2812.o(i.Timer2_Init) refers to stm32l1xx_tim.o(i.TIM_OC1Init) for TIM_OC1Init
    ws2812.o(i.Timer2_Init) refers to stm32l1xx_dma.o(i.DMA_DeInit) for DMA_DeInit
    ws2812.o(i.Timer2_Init) refers to stm32l1xx_dma.o(i.DMA_Init) for DMA_Init
[...]
    Removing stm32l1xx_flash.o(i.FLASH_PrefetchBufferCmd), (36 bytes).
    Removing stm32l1xx_flash.o(i.FLASH_ReadAccess64Cmd), (36 bytes).
    Removing stm32l1xx_flash.o(i.FLASH_SLEEPPowerDownCmd), (36 bytes).
    Removing stm32l1xx_flash.o(i.FLASH_SetLatency), (24 bytes).
    Removing stm32l1xx_flash.o(i.FLASH_Unlock), (44 bytes).
    Removing stm32l1xx_flash.o(i.FLASH_WaitForLastOperation), (38 bytes).
    Removing stm32l1xx_flash_ramfunc.o(i.DATA_EEPROM_EraseDoubleWord), (84 bytes).
    Removing stm32l1xx_flash_ramfunc.o(i.DATA_EEPROM_ProgramDoubleWord), (92 bytes).
    Removing stm32l1xx_flash_ramfunc.o(i.FLASH_ProgramHalfPage), (104 bytes).
    Removing stm32l1xx_flash_ramfunc.o(i.FLASH_RUNPowerDownCmd), (80 bytes).
    Removing stm32l1xx_flash_ramfunc.o(i.GetStatus), (56 bytes).
    Removing stm32l1xx_flash_ramfunc.o(i.WaitForLastOperation), (38 bytes).
    Removing stm32l1xx_gpio.o(i.GPIO_DeInit), (172 bytes).
    Removing stm32l1xx_gpio.o(i.GPIO_PinLockConfig), (18 bytes).
    Removing stm32l1xx_gpio.o(i.GPIO_ReadInputData), (6 bytes).
    Removing stm32l1xx_gpio.o(i.GPIO_ReadInputDataBit), (18 bytes).
    Removing stm32l1xx_gpio.o(i.GPIO_ReadOutputData), (6 bytes).
    Removing stm32l1xx_gpio.o(i.GPIO_ReadOutputDataBit), (18 bytes).
    Removing stm32l1xx_gpio.o(i.GPIO_ResetBits), (4 bytes).
    Removing stm32l1xx_gpio.o(i.GPIO_StructInit), (18 bytes).
    Removing stm32l1xx_gpio.o(i.GPIO_Write), (4 bytes).
    Removing stm32l1xx_gpio.o(i.GPIO_WriteBit), (10 bytes).
    Removing stm32l1xx_i2c.o(i.I2C_ARPCmd), (24 bytes).
    Removing stm32l1xx_i2c.o(i.I2C_CalculatePEC), (24 bytes).
    Removing stm32l1xx_i2c.o(i.I2C_ClearFlag), (12 bytes).
    Removing stm32l1xx_i2c.o(i.I2C_ClearITPendingBit), (12 bytes).
    Removing stm32l1xx_i2c.o(i.I2C_DMACmd), (24 bytes).
    Removing stm32l1xx_i2c.o(i.I2C_DMALastTransferCmd), (24 bytes).
    Removing stm32l1xx_i2c.o(i.I2C_DualAddressCmd), (24 bytes).
    Removing stm32l1xx_i2c.o(i.I2C_FastModeDutyCycleConfig), (28 bytes).
    Removing stm32l1xx_i2c.o(i.I2C_GeneralCallCmd), (24 bytes).
    Removing stm32l1xx_i2c.o(i.I2C_GetITStatus), (38 bytes).
    Removing stm32l1xx_i2c.o(i.I2C_GetLastEvent), (26 bytes).
    Removing stm32l1xx_i2c.o(i.I2C_GetPEC), (8 bytes).
    Removing stm32l1xx_i2c.o(i.I2C_ITConfig), (18 bytes).
    Removing stm32l1xx_i2c.o(i.I2C_OwnAddress2Config), (22 bytes).
    Removing stm32l1xx_i2c.o(i.I2C_PECPositionConfig), (28 bytes).
    Removing stm32l1xx_i2c.o(i.I2C_ReadRegister), (22 bytes).
    Removing stm32l1xx_i2c.o(i.I2C_SMBusAlertConfig), (28 bytes).
    Removing stm32l1xx_i2c.o(i.I2C_SoftwareResetCmd), (22 bytes).
    Removing stm32l1xx_i2c.o(i.I2C_StretchClockCmd), (24 bytes).
    Removing stm32l1xx_i2c.o(i.I2C_StructInit), (30 bytes).
    Removing stm32l1xx_i2c.o(i.I2C_TransmitPEC), (24 bytes).
    Removing stm32l1xx_iwdg.o(i.IWDG_Enable), (16 bytes).
    Removing stm32l1xx_iwdg.o(i.IWDG_GetFlagStatus), (24 bytes).
    Removing stm32l1xx_iwdg.o(i.IWDG_ReloadCounter), (16 bytes).
    Removing stm32l1xx_iwdg.o(i.IWDG_SetPrescaler), (12 bytes).
    Removing stm32l1xx_iwdg.o(i.IWDG_SetReload), (12 bytes).
    Removing stm32l1xx_iwdg.o(i.IWDG_WriteAccessCmd), (12 bytes).
    Removing stm32l1xx_lcd.o(i.LCD_BlinkConfig), (32 bytes).
    Removing stm32l1xx_lcd.o(i.LCD_ClearFlag), (12 bytes).
    Removing stm32l1xx_lcd.o(i.LCD_ClearITPendingBit), (12 bytes).
    Removing stm32l1xx_lcd.o(i.LCD_Cmd), (12 bytes).
    Removing stm32l1xx_lcd.o(i.LCD_ContrastConfig), (28 bytes).
    Removing stm32l1xx_lcd.o(i.LCD_DeInit), (22 bytes).
    Removing stm32l1xx_lcd.o(i.LCD_DeadTimeConfig), (28 bytes).
    Removing stm32l1xx_lcd.o(i.LCD_GetFlagStatus), (24 bytes).
    Removing stm32l1xx_lcd.o(i.LCD_GetITStatus), (44 bytes).
    Removing stm32l1xx_lcd.o(i.LCD_HighDriveCmd), (12 bytes).
    Removing stm32l1xx_lcd.o(i.LCD_ITConfig), (32 bytes).
    Removing stm32l1xx_lcd.o(i.LCD_Init), (84 bytes).
    Removing stm32l1xx_lcd.o(i.LCD_MuxSegmentCmd), (12 bytes).
    Removing stm32l1xx_lcd.o(i.LCD_PulseOnDurationConfig), (28 bytes).
    Removing stm32l1xx_lcd.o(i.LCD_StructInit), (14 bytes).
    Removing stm32l1xx_lcd.o(i.LCD_UpdateDisplayRequest), (12 bytes).
    Removing stm32l1xx_lcd.o(i.LCD_WaitForSynchro), (20 bytes).
    Removing stm32l1xx_lcd.o(i.LCD_Write), (12 bytes).
    Removing stm32l1xx_pwr.o(i.PWR_ClearFlag), (20 bytes).
    Removing stm32l1xx_pwr.o(i.PWR_DeInit), (22 bytes).
    Removing stm32l1xx_pwr.o(i.PWR_EnterLowPowerRunMode), (56 bytes).
    Removing stm32l1xx_pwr.o(i.PWR_EnterSTANDBYMode), (52 bytes).
    Removing stm32l1xx_pwr.o(i.PWR_EnterSTOPMode), (64 bytes).
    Removing stm32l1xx_pwr.o(i.PWR_EnterSleepMode), (52 bytes).
    Removing stm32l1xx_pwr.o(i.PWR_FastWakeUpCmd), (12 bytes).
    Removing stm32l1xx_pwr.o(i.PWR_GetFlagStatus), (24 bytes).
    Removing stm32l1xx_pwr.o(i.PWR_PVDCmd), (12 bytes).
    Removing stm32l1xx_pwr.o(i.PWR_PVDLevelConfig), (24 bytes).
    Removing stm32l1xx_pwr.o(i.PWR_RTCAccessCmd), (12 bytes).
    Removing stm32l1xx_pwr.o(i.PWR_UltraLowPowerCmd), (12 bytes).
    Removing stm32l1xx_pwr.o(i.PWR_VoltageScalingConfig), (28 bytes).
    Removing stm32l1xx_pwr.o(i.PWR_WakeUpPinCmd), (24 bytes).
    Removing stm32l1xx_rcc.o(i.RCC_AHBPeriphClockLPModeCmd), (32 bytes).
    Removing stm32l1xx_rcc.o(i.RCC_AHBPeriphResetCmd), (32 bytes).
    Removing stm32l1xx_rcc.o(i.RCC_APB1PeriphClockLPModeCmd), (32 bytes).
    Removing stm32l1xx_rcc.o(i.RCC_APB2PeriphClockLPModeCmd), (32 bytes).
    Removing stm32l1xx_rcc.o(i.RCC_APB2PeriphResetCmd), (32 bytes).
    Removing stm32l1xx_rcc.o(i.RCC_AdjustHSICalibrationValue), (24 bytes).
    Removing stm32l1xx_rcc.o(i.RCC_AdjustMSICalibrationValue), (12 bytes).
    Removing stm32l1xx_rcc.o(i.RCC_ClearFlag), (20 bytes).
    Removing stm32l1xx_rcc.o(i.RCC_ClearITPendingBit), (12 bytes).
    Removing stm32l1xx_rcc.o(i.RCC_ClockSecuritySystemCmd), (12 bytes).
    Removing stm32l1xx_rcc.o(i.RCC_DeInit), (88 bytes).
    Removing stm32l1xx_rcc.o(i.RCC_GetFlagStatus), (52 bytes).
    Removing stm32l1xx_rcc.o(i.RCC_GetITStatus), (24 bytes).
    Removing stm32l1xx_rcc.o(i.RCC_GetSYSCLKSource), (16 bytes).
    Removing stm32l1xx_rcc.o(i.RCC_HCLKConfig), (24 bytes).
    Removing stm32l1xx_rcc.o(i.RCC_HSEConfig), (16 bytes).
    Removing stm32l1xx_rcc.o(i.RCC_HSICmd), (12 bytes).
    Removing stm32l1xx_rcc.o(i.RCC_ITConfig), (32 bytes).
    Removing stm32l1xx_rcc.o(i.RCC_LSEConfig), (16 bytes).
    Removing stm32l1xx_rcc.o(i.RCC_LSICmd), (12 bytes).
    Removing stm32l1xx_rcc.o(i.RCC_MCOConfig), (16 bytes).
    Removing stm32l1xx_rcc.o(i.RCC_MSICmd), (12 bytes).
    Removing stm32l1xx_rcc.o(i.RCC_MSIRangeConfig), (24 bytes).
    Removing stm32l1xx_rcc.o(i.RCC_PCLK1Config), (24 bytes).
    Removing stm32l1xx_rcc.o(i.RCC_PCLK2Config), (24 bytes).
    Removing stm32l1xx_rcc.o(i.RCC_PLLCmd), (12 bytes).
    Removing stm32l1xx_rcc.o(i.RCC_PLLConfig), (20 bytes).
    Removing stm32l1xx_rcc.o(i.RCC_RTCCLKCmd), (12 bytes).
    Removing stm32l1xx_rcc.o(i.RCC_RTCCLKConfig), (68 bytes).
    Removing stm32l1xx_rcc.o(i.RCC_RTCResetCmd), (12 bytes).
    Removing stm32l1xx_rcc.o(i.RCC_SYSCLKConfig), (24 bytes).
    Removing stm32l1xx_rcc.o(i.RCC_WaitForHSEStartUp), (56 bytes).
    Removing stm32l1xx_rtc.o(i.RTC_AlarmCmd), (116 bytes).
    Removing stm32l1xx_rtc.o(i.RTC_AlarmStructInit), (22 bytes).
    Removing stm32l1xx_rtc.o(i.RTC_Bcd2ToByte), (22 bytes).
    Removing stm32l1xx_rtc.o(i.RTC_ByteToBcd2), (28 bytes).
    Removing stm32l1xx_rtc.o(i.RTC_CalibOutputCmd), (60 bytes).
    Removing stm32l1xx_rtc.o(i.RTC_ClearFlag), (28 bytes).
    Removing stm32l1xx_rtc.o(i.RTC_ClearITPendingBit), (32 bytes).
    Removing stm32l1xx_rtc.o(i.RTC_DateStructInit), (14 bytes).
    Removing stm32l1xx_rtc.o(i.RTC_DayLightSavingConfig), (56 bytes).
    Removing stm32l1xx_rtc.o(i.RTC_DeInit), (192 bytes).
    Removing stm32l1xx_rtc.o(i.RTC_DigitalCalibCmd), (80 bytes).
    Removing stm32l1xx_rtc.o(i.RTC_DigitalCalibConfig), (56 bytes).
    Removing stm32l1xx_rtc.o(i.RTC_EnterInitMode), (80 bytes).
    Removing stm32l1xx_rtc.o(i.RTC_ExitInitMode), (20 bytes).
    Removing stm32l1xx_rtc.o(i.RTC_GetAlarm), (116 bytes).
    Removing stm32l1xx_rtc.o(i.RTC_GetDate), (80 bytes).
    Removing stm32l1xx_rtc.o(i.RTC_GetFlagStatus), (40 bytes).
    Removing stm32l1xx_rtc.o(i.RTC_GetITStatus), (64 bytes).
    Removing stm32l1xx_rtc.o(i.RTC_GetStoreOperation), (16 bytes).
    Removing stm32l1xx_rtc.o(i.RTC_GetTime), (80 bytes).
    Removing stm32l1xx_rtc.o(i.RTC_GetTimeStamp), (156 bytes).
    Removing stm32l1xx_rtc.o(i.RTC_GetWakeUpCounter), (12 bytes).
    Removing stm32l1xx_rtc.o(i.RTC_ITConfig), (100 bytes).
    Removing stm32l1xx_rtc.o(i.RTC_Init), (100 bytes).
    Removing stm32l1xx_rtc.o(i.RTC_OutputConfig), (56 bytes).
    Removing stm32l1xx_rtc.o(i.RTC_OutputTypeConfig), (28 bytes).
    Removing stm32l1xx_rtc.o(i.RTC_ReadBackupRegister), (32 bytes).
    Removing stm32l1xx_rtc.o(i.RTC_RefClockCmd), (80 bytes).
    Removing stm32l1xx_rtc.o(i.RTC_SetAlarm), (236 bytes).
    Removing stm32l1xx_rtc.o(i.RTC_SetDate), (184 bytes).
    Removing stm32l1xx_rtc.o(i.RTC_SetTime), (192 bytes).
    Removing stm32l1xx_rtc.o(i.RTC_SetWakeUpCounter), (28 bytes).
    Removing stm32l1xx_rtc.o(i.RTC_StructInit), (14 bytes).
    Removing stm32l1xx_rtc.o(i.RTC_TamperCmd), (32 bytes).
    Removing stm32l1xx_rtc.o(i.RTC_TamperTriggerConfig), (36 bytes).
    Removing stm32l1xx_rtc.o(i.RTC_TimeStampCmd), (56 bytes).
    Removing stm32l1xx_rtc.o(i.RTC_TimeStructInit), (12 bytes).
    Removing stm32l1xx_rtc.o(i.RTC_WaitForSynchro), (96 bytes).
    Removing stm32l1xx_rtc.o(i.RTC_WakeUpClockConfig), (48 bytes).
    Removing stm32l1xx_rtc.o(i.RTC_WakeUpCmd), (120 bytes).
    Removing stm32l1xx_rtc.o(i.RTC_WriteBackupRegister), (28 bytes).
    Removing stm32l1xx_rtc.o(i.RTC_WriteProtectionCmd), (28 bytes).
    Removing stm32l1xx_spi.o(i.SPI_BiDirectionalLineConfig), (28 bytes).
    Removing stm32l1xx_spi.o(i.SPI_CalculateCRC), (24 bytes).
    Removing stm32l1xx_spi.o(i.SPI_DataSizeConfig), (18 bytes).
    Removing stm32l1xx_spi.o(i.SPI_GetCRC), (16 bytes).
    Removing stm32l1xx_spi.o(i.SPI_GetCRCPolynomial), (6 bytes).
    Removing stm32l1xx_spi.o(i.SPI_I2S_ClearFlag), (6 bytes).
    Removing stm32l1xx_spi.o(i.SPI_I2S_ClearITPendingBit), (20 bytes).
    Removing stm32l1xx_spi.o(i.SPI_I2S_DMACmd), (18 bytes).
    Removing stm32l1xx_spi.o(i.SPI_I2S_DeInit), (60 bytes).
    Removing stm32l1xx_spi.o(i.SPI_I2S_GetFlagStatus), (18 bytes).
    Removing stm32l1xx_spi.o(i.SPI_I2S_GetITStatus), (52 bytes).
    Removing stm32l1xx_spi.o(i.SPI_I2S_ITConfig), (32 bytes).
    Removing stm32l1xx_spi.o(i.SPI_I2S_ReceiveData), (6 bytes).
    Removing stm32l1xx_spi.o(i.SPI_I2S_SendData), (4 bytes).
    Removing stm32l1xx_spi.o(i.SPI_NSSInternalSoftwareConfig), (30 bytes).
    Removing stm32l1xx_spi.o(i.SPI_SSOutputCmd), (24 bytes).
    Removing stm32l1xx_spi.o(i.SPI_StructInit), (24 bytes).
    Removing stm32l1xx_spi.o(i.SPI_TransmitCRC), (10 bytes).
    Removing stm32l1xx_syscfg.o(i.SYSCFG_DeInit), (20 bytes).
    Removing stm32l1xx_syscfg.o(i.SYSCFG_MemoryRemapConfig), (12 bytes).
    Removing stm32l1xx_syscfg.o(i.SYSCFG_RIDeInit), (32 bytes).
    Removing stm32l1xx_syscfg.o(i.SYSCFG_RIHysteresisConfig), (188 bytes).
    Removing stm32l1xx_syscfg.o(i.SYSCFG_RIIOSwitchConfig), (76 bytes).
    Removing stm32l1xx_syscfg.o(i.SYSCFG_RIResistorConfig), (32 bytes).
    Removing stm32l1xx_syscfg.o(i.SYSCFG_RISwitchControlModeCmd), (36 bytes).
    Removing stm32l1xx_syscfg.o(i.SYSCFG_RITIMInputCaptureConfig), (92 bytes).
    Removing stm32l1xx_syscfg.o(i.SYSCFG_RITIMSelect), (24 bytes).
    Removing stm32l1xx_syscfg.o(i.SYSCFG_USBPuCmd), (36 bytes).
    Removing stm32l1xx_tim.o(i.TI1_Config), (58 bytes).
    Removing stm32l1xx_tim.o(i.TI2_Config), (80 bytes).
    Removing stm32l1xx_tim.o(i.TI3_Config), (72 bytes).
    Removing stm32l1xx_tim.o(i.TI4_Config), (80 bytes).
    Removing stm32l1xx_tim.o(i.TIM_ARRPreloadConfig), (24 bytes).
    Removing stm32l1xx_tim.o(i.TIM_CCxCmd), (30 bytes).
    Removing stm32l1xx_tim.o(i.TIM_ClearFlag), (6 bytes).
    Removing stm32l1xx_tim.o(i.TIM_ClearITPendingBit), (6 bytes).
    Removing stm32l1xx_tim.o(i.TIM_ClearOC1Ref), (18 bytes).
    Removing stm32l1xx_tim.o(i.TIM_ClearOC2Ref), (24 bytes).
    Removing stm32l1xx_tim.o(i.TIM_ClearOC3Ref), (18 bytes).
    Removing stm32l1xx_tim.o(i.TIM_ClearOC4Ref), (24 bytes).
    Removing stm32l1xx_tim.o(i.TIM_Cmd), (24 bytes).
    Removing stm32l1xx_tim.o(i.TIM_CounterModeConfig), (18 bytes).
    Removing stm32l1xx_tim.o(i.TIM_DMAConfig), (10 bytes).
    Removing stm32l1xx_tim.o(i.TIM_DeInit), (224 bytes).
    Removing stm32l1xx_tim.o(i.TIM_ETRClockMode1Config), (54 bytes).
    Removing stm32l1xx_tim.o(i.TIM_ETRClockMode2Config), (32 bytes).
    Removing stm32l1xx_tim.o(i.TIM_ETRConfig), (28 bytes).
    Removing stm32l1xx_tim.o(i.TIM_EncoderInterfaceConfig), (66 bytes).
    Removing stm32l1xx_tim.o(i.TIM_ForcedOC1Config), (18 bytes).
    Removing stm32l1xx_tim.o(i.TIM_ForcedOC2Config), (26 bytes).
    Removing stm32l1xx_tim.o(i.TIM_ForcedOC3Config), (18 bytes).
    Removing stm32l1xx_tim.o(i.TIM_ForcedOC4Config), (26 bytes).
    Removing stm32l1xx_tim.o(i.TIM_GenerateEvent), (4 bytes).
    Removing stm32l1xx_tim.o(i.TIM_GetCapture1), (6 bytes).
    Removing stm32l1xx_tim.o(i.TIM_GetCapture2), (6 bytes).
    Removing stm32l1xx_tim.o(i.TIM_GetCapture3), (6 bytes).
    Removing stm32l1xx_tim.o(i.TIM_GetCapture4), (8 bytes).
    Removing stm32l1xx_tim.o(i.TIM_GetCounter), (6 bytes).
    Removing stm32l1xx_tim.o(i.TIM_GetFlagStatus), (18 bytes).
    Removing stm32l1xx_tim.o(i.TIM_GetITStatus), (34 bytes).
    Removing stm32l1xx_tim.o(i.TIM_GetPrescaler), (6 bytes).
    Removing stm32l1xx_tim.o(i.TIM_ICInit), (110 bytes).
    Removing stm32l1xx_tim.o(i.TIM_ICStructInit), (18 bytes).
    Removing stm32l1xx_tim.o(i.TIM_ITConfig), (18 bytes).
    Removing stm32l1xx_tim.o(i.TIM_ITRxExternalClockConfig), (24 bytes).
    Removing stm32l1xx_tim.o(i.TIM_InternalClockConfig), (12 bytes).
    Removing stm32l1xx_tim.o(i.TIM_OC1FastConfig), (18 bytes).
    Removing stm32l1xx_tim.o(i.TIM_OC1PolarityConfig), (18 bytes).
    Removing stm32l1xx_tim.o(i.TIM_OC1PreloadConfig), (18 bytes).
    Removing stm32l1xx_tim.o(i.TIM_OC2FastConfig), (26 bytes).
    Removing stm32l1xx_tim.o(i.TIM_OC2Init), (70 bytes).
    Removing stm32l1xx_tim.o(i.TIM_OC2PolarityConfig), (26 bytes).
    Removing stm32l1xx_tim.o(i.TIM_OC2PreloadConfig), (26 bytes).
    Removing stm32l1xx_tim.o(i.TIM_OC3FastConfig), (18 bytes).
    Removing stm32l1xx_tim.o(i.TIM_OC3Init), (66 bytes).
    Removing stm32l1xx_tim.o(i.TIM_OC3PolarityConfig), (26 bytes).
    Removing stm32l1xx_tim.o(i.TIM_OC3PreloadConfig), (18 bytes).
    Removing stm32l1xx_tim.o(i.TIM_OC4FastConfig), (26 bytes).
    Removing stm32l1xx_tim.o(i.TIM_OC4Init), (72 bytes).
    Removing stm32l1xx_tim.o(i.TIM_OC4PolarityConfig), (26 bytes).
    Removing stm32l1xx_tim.o(i.TIM_OC4PreloadConfig), (26 bytes).
    Removing stm32l1xx_tim.o(i.TIM_OCStructInit), (12 bytes).
    Removing stm32l1xx_tim.o(i.TIM_PWMIConfig), (124 bytes).
    Removing stm32l1xx_tim.o(i.TIM_PrescalerConfig), (6 bytes).
    Removing stm32l1xx_tim.o(i.TIM_RemapConfig), (6 bytes).
    Removing stm32l1xx_tim.o(i.TIM_SelectCCDMA), (24 bytes).
    Removing stm32l1xx_tim.o(i.TIM_SelectHallSensor), (24 bytes).
    Removing stm32l1xx_tim.o(i.TIM_SelectInputTrigger), (18 bytes).
    Removing stm32l1xx_tim.o(i.TIM_SelectMasterSlaveMode), (18 bytes).
    Removing stm32l1xx_tim.o(i.TIM_SelectOCREFClear), (18 bytes).
    Removing stm32l1xx_tim.o(i.TIM_SelectOCxM), (82 bytes).
    Removing stm32l1xx_tim.o(i.TIM_SelectOnePulseMode), (18 bytes).
    Removing stm32l1xx_tim.o(i.TIM_SelectOutputTrigger), (18 bytes).
    Removing stm32l1xx_tim.o(i.TIM_SelectSlaveMode), (18 bytes).
    Removing stm32l1xx_tim.o(i.TIM_SetAutoreload), (4 bytes).
    Removing stm32l1xx_tim.o(i.TIM_SetClockDivision), (18 bytes).
    Removing stm32l1xx_tim.o(i.TIM_SetCompare1), (4 bytes).
    Removing stm32l1xx_tim.o(i.TIM_SetCompare2), (4 bytes).
    Removing stm32l1xx_tim.o(i.TIM_SetCompare3), (4 bytes).
    Removing stm32l1xx_tim.o(i.TIM_SetCompare4), (6 bytes).
    Removing stm32l1xx_tim.o(i.TIM_SetCounter), (4 bytes).
    Removing stm32l1xx_tim.o(i.TIM_SetIC1Prescaler), (18 bytes).
    Removing stm32l1xx_tim.o(i.TIM_SetIC2Prescaler), (26 bytes).
    Removing stm32l1xx_tim.o(i.TIM_SetIC3Prescaler), (18 bytes).
    Removing stm32l1xx_tim.o(i.TIM_SetIC4Prescaler), (26 bytes).
    Removing stm32l1xx_tim.o(i.TIM_TIxExternalClockConfig), (62 bytes).
    Removing stm32l1xx_tim.o(i.TIM_TimeBaseStructInit), (16 bytes).
    Removing stm32l1xx_tim.o(i.TIM_UpdateDisableConfig), (24 bytes).
    Removing stm32l1xx_tim.o(i.TIM_UpdateRequestConfig), (24 bytes).
    Removing stm32l1xx_usart.o(i.USART_ClearITPendingBit), (20 bytes).
    Removing stm32l1xx_usart.o(i.USART_ClockInit), (32 bytes).
    Removing stm32l1xx_usart.o(i.USART_ClockStructInit), (12 bytes).
    Removing stm32l1xx_usart.o(i.USART_DMACmd), (18 bytes).
    Removing stm32l1xx_usart.o(i.USART_DeInit), (96 bytes).
    Removing stm32l1xx_usart.o(i.USART_HalfDuplexCmd), (24 bytes).
    Removing stm32l1xx_usart.o(i.USART_IrDACmd), (24 bytes).
    Removing stm32l1xx_usart.o(i.USART_IrDAConfig), (18 bytes).
    Removing stm32l1xx_usart.o(i.USART_LINBreakDetectLengthConfig), (18 bytes).
    Removing stm32l1xx_usart.o(i.USART_LINCmd), (24 bytes).
    Removing stm32l1xx_usart.o(i.USART_OneBitMethodCmd), (24 bytes).
    Removing stm32l1xx_usart.o(i.USART_OverSampling8Cmd), (22 bytes).
    Removing stm32l1xx_usart.o(i.USART_ReceiverWakeUpCmd), (24 bytes).
    Removing stm32l1xx_usart.o(i.USART_SendBreak), (10 bytes).
    Removing stm32l1xx_usart.o(i.USART_SetAddress), (18 bytes).
    Removing stm32l1xx_usart.o(i.USART_SetGuardTime), (16 bytes).
    Removing stm32l1xx_usart.o(i.USART_SetPrescaler), (16 bytes).
    Removing stm32l1xx_usart.o(i.USART_SmartCardCmd), (24 bytes).
    Removing stm32l1xx_usart.o(i.USART_SmartCardNACKCmd), (24 bytes).
    Removing stm32l1xx_usart.o(i.USART_StructInit), (24 bytes).
    Removing stm32l1xx_usart.o(i.USART_WakeUpConfig), (18 bytes).
    Removing stm32l1xx_wwdg.o(i.WWDG_ClearFlag), (12 bytes).
    Removing stm32l1xx_wwdg.o(i.WWDG_DeInit), (22 bytes).
    Removing stm32l1xx_wwdg.o(i.WWDG_Enable), (16 bytes).
    Removing stm32l1xx_wwdg.o(i.WWDG_EnableIT), (12 bytes).
    Removing stm32l1xx_wwdg.o(i.WWDG_GetFlagStatus), (20 bytes).
    Removing stm32l1xx_wwdg.o(i.WWDG_SetCounter), (16 bytes).
    Removing stm32l1xx_wwdg.o(i.WWDG_SetPrescaler), (24 bytes).
    Removing stm32l1xx_wwdg.o(i.WWDG_SetWindowValue), (40 bytes).
    Removing delay.o(i.delay_us), (76 bytes).
    Removing sys.o(.emb_text), (6 bytes).
    Removing sys.o(i.INTX_DISABLE), (4 bytes).
    Removing sys.o(i.INTX_ENABLE), (4 bytes).
    Removing sys.o(i.WFI_SET), (4 bytes).
    Removing fadd.o(.text), (176 bytes).
    Removing fdiv.o(.text), (124 bytes).
    Removing dadd.o(.text), (334 bytes).
    Removing dmul.o(.text), (228 bytes).
    Removing fflti.o(.text), (18 bytes).
    Removing ffltui.o(.text), (10 bytes).
    Removing dfltui.o(.text), (26 bytes).
    Removing f2d.o(.text), (38 bytes).
    Removing d2f.o(.text), (56 bytes).
    Removing fepilogue.o(.text), (110 bytes).
    Removing depilogue.o(.text), (186 bytes).
    Removing ddiv.o(.text), (222 bytes).
    Removing dscalb.o(.text), (46 bytes).
    Removing dflti.o(.text), (34 bytes).
    Removing dfixul.o(.text), (48 bytes).
    Removing cdrcmple.o(.text), (48 bytes).
    Removing dsqrt.o(.text), (162 bytes).
    Removing cdcmple.o(.text), (48 bytes).

469 unused section(s) (total 23580 bytes) removed from the image.

==============================================================================

Image Symbol Table

    Local Symbols

    Symbol Name                              Value     Ov Type        Size  Object(Section)

    ../clib/../cmprslib/lz77c.c              0x00000000   Number         0  __dclz77c.o ABSOLUTE
    ../clib/microlib/ctype/ctype.c           0x00000000   Number         0  isspace_c.o ABSOLUTE
    ../clib/microlib/ctype/ctype.c           0x00000000   Number         0  ctype_c.o ABSOLUTE
    ../clib/microlib/division.c              0x00000000   Number         0  uldiv.o ABSOLUTE
    ../clib/microlib/division.c              0x00000000   Number         0  uidiv.o ABSOLUTE
    ../clib/microlib/errno.c                 0x00000000   Number         0  errno.o ABSOLUTE
    ../clib/microlib/init/entry.s            0x00000000   Number         0  entry8a.o ABSOLUTE
    ../clib/microlib/init/entry.s            0x00000000   Number         0  entry8b.o ABSOLUTE
    ../clib/microlib/init/entry.s            0x00000000   Number         0  entry9a.o ABSOLUTE
    ../clib/microlib/init/entry.s            0x00000000   Number         0  entry9b.o ABSOLUTE
    ../clib/microlib/init/entry.s            0x00000000   Number         0  entry10b.o ABSOLUTE
    ../clib/microlib/init/entry.s            0x00000000   Number         0  entry11b.o ABSOLUTE
    ../clib/microlib/init/entry.s            0x00000000   Number         0  entry7b.o ABSOLUTE
    ../clib/microlib/init/entry.s            0x00000000   Number         0  entry10a.o ABSOLUTE
    ../clib/microlib/init/entry.s            0x00000000   Number         0  entry7a.o ABSOLUTE
    ../clib/microlib/init/entry.s            0x00000000   Number         0  entry2.o ABSOLUTE
    ../clib/microlib/init/entry.s            0x00000000   Number         0  entry5.o ABSOLUTE
    ../clib/microlib/init/entry.s            0x00000000   Number         0  entry11a.o ABSOLUTE
    ../clib/microlib/init/entry.s            0x00000000   Number         0  entry.o ABSOLUTE
    ../clib/microlib/longlong.c              0x00000000   Number         0  llsshr.o ABSOLUTE
    ../clib/microlib/longlong.c              0x00000000   Number         0  llushr.o ABSOLUTE
    ../clib/microlib/longlong.c              0x00000000   Number         0  llshl.o ABSOLUTE
    ../clib/microlib/printf/printf.c         0x00000000   Number         0  printfb.o ABSOLUTE
    ../clib/microlib/printf/printf.c         0x00000000   Number         0  printf6.o ABSOLUTE
    ../clib/microlib/printf/printf.c         0x00000000   Number         0  printf4.o ABSOLUTE
    ../clib/microlib/printf/printf.c         0x00000000   Number         0  printf3.o ABSOLUTE
    ../clib/microlib/printf/printf.c         0x00000000   Number         0  printf2.o ABSOLUTE
    ../clib/microlib/printf/printf.c         0x00000000   Number         0  printf1.o ABSOLUTE
    ../clib/microlib/printf/printf.c         0x00000000   Number         0  printf7.o ABSOLUTE
    ../clib/microlib/printf/printf.c         0x00000000   Number         0  printf8.o ABSOLUTE
    ../clib/microlib/printf/printf.c         0x00000000   Number         0  printfa.o ABSOLUTE
    ../clib/microlib/printf/printf.c         0x00000000   Number         0  printf0.o ABSOLUTE
    ../clib/microlib/printf/printf.c         0x00000000   Number         0  printf5.o ABSOLUTE
    ../clib/microlib/printf/stubs.s          0x00000000   Number         0  stubs.o ABSOLUTE
    ../clib/microlib/stdio/fgetc.c           0x00000000   Number         0  fgetc_b.o ABSOLUTE
    ../clib/microlib/stdio/semi.s            0x00000000   Number         0  semi.o ABSOLUTE
    ../clib/microlib/stdio/streams.c         0x00000000   Number         0  stdout.o ABSOLUTE
    ../clib/microlib/stdio/streams.c         0x00000000   Number         0  stdin.o ABSOLUTE
    ../clib/microlib/string/memcpy.c         0x00000000   Number         0  memcpyb.o ABSOLUTE
    ../clib/microlib/string/memcpy.c         0x00000000   Number         0  memcpya.o ABSOLUTE
    ../clib/microlib/stubs.s                 0x00000000   Number         0  iusefp.o ABSOLUTE
    ../clib/microlib/stubs.s                 0x00000000   Number         0  iusesemig.o ABSOLUTE
    ../clib/scanf.c                          0x00000000   Number         0  scanf_char.o ABSOLUTE
    ../clib/scanf.c                          0x00000000   Number         0  _scanf_int.o ABSOLUTE
    ../clib/scanf.c                          0x00000000   Number         0  __0scanf.o ABSOLUTE
    ../clib/scanf.c                          0x00000000   Number         0  scanf_char_file.o ABSOLUTE
    ../clib/scanf.c                          0x00000000   Number         0  _chval.o ABSOLUTE
    ../clib/scanf.c                          0x00000000   Number         0  _scanf.o ABSOLUTE
    ../fplib/microlib/d2f.c                  0x00000000   Number         0  d2f.o ABSOLUTE
    ../fplib/microlib/f2d.c                  0x00000000   Number         0  f2d.o ABSOLUTE
    ../fplib/microlib/fpadd.c                0x00000000   Number         0  fadd.o ABSOLUTE
    ../fplib/microlib/fpadd.c                0x00000000   Number         0  dadd.o ABSOLUTE
    ../fplib/microlib/fpdiv.c                0x00000000   Number         0  fdiv.o ABSOLUTE
    ../fplib/microlib/fpdiv.c                0x00000000   Number         0  ddiv.o ABSOLUTE
    ../fplib/microlib/fpepilogue.c           0x00000000   Number         0  fepilogue.o ABSOLUTE
    ../fplib/microlib/fpepilogue.c           0x00000000   Number         0  depilogue.o ABSOLUTE
    ../fplib/microlib/fpfix.c                0x00000000   Number         0  ffixui.o ABSOLUTE
    ../fplib/microlib/fpfix.c                0x00000000   Number         0  dfixul.o ABSOLUTE
    ../fplib/microlib/fpflt.c                0x00000000   Number         0  dfltui.o ABSOLUTE
    ../fplib/microlib/fpflt.c                0x00000000   Number         0  fflti.o ABSOLUTE
    ../fplib/microlib/fpflt.c                0x00000000   Number         0  dflti.o ABSOLUTE
    ../fplib/microlib/fpflt.c                0x00000000   Number         0  ffltui.o ABSOLUTE
    ../fplib/microlib/fpmul.c                0x00000000   Number         0  fmul.o ABSOLUTE
    ../fplib/microlib/fpmul.c                0x00000000   Number         0  dmul.o ABSOLUTE
    ../fplib/microlib/fpscalb.c              0x00000000   Number         0  dscalb.o ABSOLUTE
    ../fplib/microlib/fpsqrt.c               0x00000000   Number         0  dsqrt.o ABSOLUTE
    ../mathlib/dunder.c                      0x00000000   Number         0  dunder.o ABSOLUTE
    ../mathlib/fpclassify.c                  0x00000000   Number         0  fpclassify.o ABSOLUTE
    ../mathlib/poly.c                        0x00000000   Number         0  poly.o ABSOLUTE
    ../mathlib/pow.c                         0x00000000   Number         0  pow.o ABSOLUTE
    ../mathlib/pow.c                         0x00000000   Number         0  pow_x.o ABSOLUTE
    ../mathlib/qnan.c                        0x00000000   Number         0  qnan.o ABSOLUTE
    ../mathlib/sqrt.c                        0x00000000   Number         0  sqrt_x.o ABSOLUTE
    ../mathlib/sqrt.c                        0x00000000   Number         0  sqrt.o ABSOLUTE
    ..\CORE\core_cm3.c                       0x00000000   Number         0  core_cm3.o ABSOLUTE
    ..\CORE\startup_stm32l1xx_hd.s           0x00000000   Number         0  startup_stm32l1xx_hd.o ABSOLUTE
    ..\STM32L1xx_FWLib\src\misc.c            0x00000000   Number         0  misc.o ABSOLUTE
    ..\STM32L1xx_FWLib\src\stm32l1xx_adc.c   0x00000000   Number         0  stm32l1xx_adc.o ABSOLUTE
    ..\STM32L1xx_FWLib\src\stm32l1xx_comp.c  0x00000000   Number         0  stm32l1xx_comp.o ABSOLUTE
    ..\STM32L1xx_FWLib\src\stm32l1xx_crc.c   0x00000000   Number         0  stm32l1xx_crc.o ABSOLUTE
    ..\STM32L1xx_FWLib\src\stm32l1xx_dac.c   0x00000000   Number         0  stm32l1xx_dac.o ABSOLUTE
    ..\STM32L1xx_FWLib\src\stm32l1xx_dbgmcu.c 0x00000000   Number         0  stm32l1xx_dbgmcu.o ABSOLUTE
    ..\STM32L1xx_FWLib\src\stm32l1xx_dma.c   0x00000000   Number         0  stm32l1xx_dma.o ABSOLUTE
    ..\STM32L1xx_FWLib\src\stm32l1xx_exti.c  0x00000000   Number         0  stm32l1xx_exti.o ABSOLUTE
    ..\STM32L1xx_FWLib\src\stm32l1xx_flash.c 0x00000000   Number         0  stm32l1xx_flash.o ABSOLUTE
    ..\STM32L1xx_FWLib\src\stm32l1xx_flash_ramfunc.c 0x00000000   Number         0  stm32l1xx_flash_ramfunc.o ABSOLUTE
    ..\STM32L1xx_FWLib\src\stm32l1xx_gpio.c  0x00000000   Number         0  stm32l1xx_gpio.o ABSOLUTE
    ..\STM32L1xx_FWLib\src\stm32l1xx_i2c.c   0x00000000   Number         0  stm32l1xx_i2c.o ABSOLUTE
    ..\STM32L1xx_FWLib\src\stm32l1xx_iwdg.c  0x00000000   Number         0  stm32l1xx_iwdg.o ABSOLUTE
    ..\STM32L1xx_FWLib\src\stm32l1xx_lcd.c   0x00000000   Number         0  stm32l1xx_lcd.o ABSOLUTE
    ..\STM32L1xx_FWLib\src\stm32l1xx_pwr.c   0x00000000   Number         0  stm32l1xx_pwr.o ABSOLUTE
    ..\STM32L1xx_FWLib\src\stm32l1xx_rcc.c   0x00000000   Number         0  stm32l1xx_rcc.o ABSOLUTE
    ..\STM32L1xx_FWLib\src\stm32l1xx_rtc.c   0x00000000   Number         0  stm32l1xx_rtc.o ABSOLUTE
    ..\STM32L1xx_FWLib\src\stm32l1xx_spi.c   0x00000000   Number         0  stm32l1xx_spi.o ABSOLUTE
    ..\STM32L1xx_FWLib\src\stm32l1xx_syscfg.c 0x00000000   Number         0  stm32l1xx_syscfg.o ABSOLUTE
    ..\STM32L1xx_FWLib\src\stm32l1xx_tim.c   0x00000000   Number         0  stm32l1xx_tim.o ABSOLUTE
    ..\STM32L1xx_FWLib\src\stm32l1xx_usart.c 0x00000000   Number         0  stm32l1xx_usart.o ABSOLUTE
    ..\STM32L1xx_FWLib\src\stm32l1xx_wwdg.c  0x00000000   Number         0  stm32l1xx_wwdg.o ABSOLUTE
    ..\SYSTEM\delay\delay.c                  0x00000000   Number         0  delay.o ABSOLUTE
    ..\SYSTEM\sys\sys.c                      0x00000000   Number         0  sys.o ABSOLUTE
    ..\\CORE\\core_cm3.c                     0x00000000   Number         0  core_cm3.o ABSOLUTE
    ..\\SYSTEM\\sys\\sys.c                   0x00000000   Number         0  sys.o ABSOLUTE
    GPIO.c                                   0x00000000   Number         0  gpio.o ABSOLUTE
    I2c.c                                    0x00000000   Number         0  i2c.o ABSOLUTE
    SHT20.c                                  0x00000000   Number         0  sht20.o ABSOLUTE
    SPI.c                                    0x00000000   Number         0  spi.o ABSOLUTE
    SX1276.c                                 0x00000000   Number         0  sx1276.o ABSOLUTE
    WS2812.c                                 0x00000000   Number         0  ws2812.o ABSOLUTE
    adxl345.c                                0x00000000   Number         0  adxl345.o ABSOLUTE
    cdcmple.s                                0x00000000   Number         0  cdcmple.o ABSOLUTE
    cdrcmple.s                               0x00000000   Number         0  cdrcmple.o ABSOLUTE
    dc.s                                     0x00000000   Number         0  dc.o ABSOLUTE
    handlers.s                               0x00000000   Number         0  handlers.o ABSOLUTE
    init.s                                   0x00000000   Number         0  init.o ABSOLUTE
    main.c                                   0x00000000   Number         0  main.o ABSOLUTE
    nt3h1101.c                               0x00000000   Number         0  nt3h1101.o ABSOLUTE
    opt3001.c                                0x00000000   Number         0  opt3001.o ABSOLUTE
    stm32l1xx_it.c                           0x00000000   Number         0  stm32l1xx_it.o ABSOLUTE
    system_stm32l1xx.c                       0x00000000   Number         0  system_stm32l1xx.o ABSOLUTE
    usart.c                                  0x00000000   Number         0  usart.o ABSOLUTE
    RESET                                    0x08000000   Section      292  startup_stm32l1xx_hd.o(RESET)
    .ARM.Collect$$$$00000000                 0x08000124   Section        0  entry.o(.ARM.Collect$$$$00000000)
    .ARM.Collect$$$$00000001                 0x08000124   Section        4  entry2.o(.ARM.Collect$$$$00000001)
    .ARM.Collect$$$$00000004                 0x08000128   Section        4  entry5.o(.ARM.Collect$$$$00000004)
    .ARM.Collect$$$$00000008                 0x0800012c   Section        0  entry7b.o(.ARM.Collect$$$$00000008)
    .ARM.Collect$$$$0000000A                 0x0800012c   Section        0  entry8b.o(.ARM.Collect$$$$0000000A)
    .ARM.Collect$$$$0000000B                 0x0800012c   Section        8  entry9a.o(.ARM.Collect$$$$0000000B)
    .ARM.Collect$$$$0000000D                 0x08000134   Section        0  entry10a.o(.ARM.Collect$$$$0000000D)
    .ARM.Collect$$$$0000000F                 0x08000134   Section        0  entry11a.o(.ARM.Collect$$$$0000000F)
    .ARM.Collect$$$$00002712                 0x08000134   Section        4  entry2.o(.ARM.Collect$$$$00002712)
    __lit__00000000                          0x08000134   Data           4  entry2.o(.ARM.Collect$$$$00002712)
    .text                                    0x08000138   Section       36  startup_stm32l1xx_hd.o(.text)
    .text                                    0x0800015c   Section        0  memcpya.o(.text)
    .text                                    0x08000180   Section        0  __0scanf.o(.text)
    .text                                    0x080001a0   Section        0  _scanf_int.o(.text)
    .text                                    0x080002ec   Section        0  fmul.o(.text)
    .text                                    0x08000350   Section        0  ffixui.o(.text)
    .text                                    0x08000378   Section        0  uidiv.o(.text)
    .text                                    0x080003a4   Section        0  _chval.o(.text)
    .text                                    0x080003c0   Section        0  scanf_char_file.o(.text)
    .text                                    0x080003d4   Section       36  init.o(.text)
    .text                                    0x080003d4   Section        0  iusefp.o(.text)
    .text                                    0x080003f8   Section        0  fgetc_b.o(.text)
    .text                                    0x08000424   Section        0  scanf_char.o(.text)
    _scanf_char_input                        0x08000425   Thumb Code    12  scanf_char.o(.text)
    .text                                    0x0800044c   Section        0  semi.o(.text)
    .text                                    0x0800044c   Section        0  isspace_c.o(.text)
    .text                                    0x08000458   Section        0  _scanf.o(.text)
    .text                                    0x08000784   Section        0  ctype_c.o(.text)
    .text                                    0x08000784   Section        0  iusesemig.o(.text)
    .text                                    0x080007ac   Section        0  __dclz77c.o(.text)
    i.BusFault_Handler                       0x0800080a   Section        0  stm32l1xx_it.o(i.BusFault_Handler)
    i.ComToUart                              0x08000810   Section        0  usart.o(i.ComToUart)
    ComToUart                                0x08000811   Thumb Code    28  usart.o(i.ComToUart)
    i.ConfigUartNVIC                         0x08000838   Section        0  usart.o(i.ConfigUartNVIC)
    ConfigUartNVIC                           0x08000839   Thumb Code    76  usart.o(i.ConfigUartNVIC)
    i.DMA_DeInit                             0x08000884   Section        0  stm32l1xx_dma.o(i.DMA_DeInit)
    i.DMA_Init                               0x08000950   Section        0  stm32l1xx_dma.o(i.DMA_Init)
    i.DebugMon_Handler                       0x0800098c   Section        0  stm32l1xx_it.o(i.DebugMon_Handler)
    i.EXTI15_10_IRQHandler                   0x08000990   Section        0  stm32l1xx_it.o(i.EXTI15_10_IRQHandler)
    i.EXTI1_IRQHandler                       0x080009b0   Section        0  stm32l1xx_it.o(i.EXTI1_IRQHandler)
    i.EXTI2_IRQHandler                       0x080009cc   Section        0  stm32l1xx_it.o(i.EXTI2_IRQHandler)
    i.EXTI4_IRQHandler                       0x080009e8   Section        0  stm32l1xx_it.o(i.EXTI4_IRQHandler)
    i.EXTI_ClearITPendingBit                 0x080009fc   Section        0  stm32l1xx_exti.o(i.EXTI_ClearITPendingBit)
    i.EXTI_GetITStatus                       0x08000a08   Section        0  stm32l1xx_exti.o(i.EXTI_GetITStatus)
    i.EXTI_Init                              0x08000a30   Section        0  stm32l1xx_exti.o(i.EXTI_Init)
    i.GPIO_Init                              0x08000ac4   Section        0  stm32l1xx_gpio.o(i.GPIO_Init)
    i.GPIO_PinAFConfig                       0x08000b54   Section        0  stm32l1xx_gpio.o(i.GPIO_PinAFConfig)
    i.GPIO_SetBits                           0x08000b9a   Section        0  stm32l1xx_gpio.o(i.GPIO_SetBits)
    i.HardFault_Handler                      0x08000b9e   Section        0  stm32l1xx_it.o(i.HardFault_Handler)
    i.I2C_AcknowledgeConfig                  0x08000ba2   Section        0  stm32l1xx_i2c.o(i.I2C_AcknowledgeConfig)
    i.I2C_CheckEvent                         0x08000bba   Section        0  stm32l1xx_i2c.o(i.I2C_CheckEvent)
    i.I2C_Cmd                                0x08000be4   Section        0  stm32l1xx_i2c.o(i.I2C_Cmd)
    i.I2C_DeInit                             0x08000bfc   Section        0  stm32l1xx_i2c.o(i.I2C_DeInit)
    i.I2C_GenerateSTART                      0x08000c34   Section        0  stm32l1xx_i2c.o(i.I2C_GenerateSTART)
    i.I2C_GenerateSTOP                       0x08000c4c   Section        0  stm32l1xx_i2c.o(i.I2C_GenerateSTOP)
    i.I2C_GetFlagStatus                      0x08000c64   Section        0  stm32l1xx_i2c.o(i.I2C_GetFlagStatus)
    i.I2C_Init                               0x08000ca0   Section        0  stm32l1xx_i2c.o(i.I2C_Init)
    i.I2C_ReceiveData                        0x08000d88   Section        0  stm32l1xx_i2c.o(i.I2C_ReceiveData)
    i.I2C_Send7bitAddress                    0x08000d90   Section        0  stm32l1xx_i2c.o(i.I2C_Send7bitAddress)
    i.I2C_SendData                           0x08000da0   Section        0  stm32l1xx_i2c.o(i.I2C_SendData)
    i.InitHardUart                           0x08000da4   Section        0  usart.o(i.InitHardUart)
    InitHardUart                             0x08000da5   Thumb Code   524  usart.o(i.InitHardUart)
    i.MemManage_Handler                      0x08000fd4   Section        0  stm32l1xx_it.o(i.MemManage_Handler)
    i.NMI_Handler                            0x08000fd8   Section        0  stm32l1xx_it.o(i.NMI_Handler)
    i.NVIC_Init                              0x08000fdc   Section        0  misc.o(i.NVIC_Init)
    i.PendSV_Handler                         0x0800104c   Section        0  stm32l1xx_it.o(i.PendSV_Handler)
    i.RCC_AHBPeriphClockCmd                  0x08001050   Section        0  stm32l1xx_rcc.o(i.RCC_AHBPeriphClockCmd)
    i.RCC_APB1PeriphClockCmd                 0x08001070   Section        0  stm32l1xx_rcc.o(i.RCC_APB1PeriphClockCmd)
    i.RCC_APB1PeriphResetCmd                 0x08001090   Section        0  stm32l1xx_rcc.o(i.RCC_APB1PeriphResetCmd)
    i.RCC_APB2PeriphClockCmd                 0x080010b0   Section        0  stm32l1xx_rcc.o(i.RCC_APB2PeriphClockCmd)
    i.RCC_GetClocksFreq                      0x080010d0   Section        0  stm32l1xx_rcc.o(i.RCC_GetClocksFreq)
    i.SPI2_Init                              0x080011d0   Section        0  spi.o(i.SPI2_Init)
    i.SPI_Cmd                                0x0800127c   Section        0  stm32l1xx_spi.o(i.SPI_Cmd)
    i.SPI_Init                               0x08001294   Section        0  stm32l1xx_spi.o(i.SPI_Init)
    i.SVC_Handler                            0x080012c6   Section        0  stm32l1xx_it.o(i.SVC_Handler)
    i.SYSCFG_EXTILineConfig                  0x080012c8   Section        0  stm32l1xx_syscfg.o(i.SYSCFG_EXTILineConfig)
    i.SetSysClock                            0x08001308   Section        0  system_stm32l1xx.o(i.SetSysClock)
    SetSysClock                              0x08001309   Thumb Code   182  system_stm32l1xx.o(i.SetSysClock)
    i.SysTick_CLKSourceConfig                0x080013cc   Section        0  misc.o(i.SysTick_CLKSourceConfig)
    i.SysTick_Handler                        0x080013f4   Section        0  stm32l1xx_it.o(i.SysTick_Handler)
    i.SystemInit                             0x080013f8   Section        0  system_stm32l1xx.o(i.SystemInit)
    i.TIM_DMACmd                             0x08001460   Section        0  stm32l1xx_tim.o(i.TIM_DMACmd)
    i.TIM_OC1Init                            0x08001472   Section        0  stm32l1xx_tim.o(i.TIM_OC1Init)
    i.TIM_TimeBaseInit                       0x080014ac   Section        0  stm32l1xx_tim.o(i.TIM_TimeBaseInit)
    i.Timer2_Init                            0x08001504   Section        0  ws2812.o(i.Timer2_Init)
    i.UARTx_TX_DMA_Init                      0x080015f4   Section        0  usart.o(i.UARTx_TX_DMA_Init)
    i.USART1_IRQHandler                      0x08001640   Section        0  usart.o(i.USART1_IRQHandler)
    i.USART2_IRQHandler                      0x08001650   Section        0  usart.o(i.USART2_IRQHandler)
    i.USART3_IRQHandler                      0x08001660   Section        0  usart.o(i.USART3_IRQHandler)
    i.USART_ClearFlag                        0x08001670   Section        0  stm32l1xx_usart.o(i.USART_ClearFlag)
    i.USART_Cmd                              0x08001676   Section        0  stm32l1xx_usart.o(i.USART_Cmd)
    i.USART_GetFlagStatus                    0x0800168e   Section        0  stm32l1xx_usart.o(i.USART_GetFlagStatus)
    i.USART_GetITStatus                      0x080016a0   Section        0  stm32l1xx_usart.o(i.USART_GetITStatus)
    i.USART_ITConfig                         0x080016ec   Section        0  stm32l1xx_usart.o(i.USART_ITConfig)
    i.USART_Init                             0x0800172c   Section        0  stm32l1xx_usart.o(i.USART_Init)
    i.USART_ReceiveData                      0x080017f0   Section        0  stm32l1xx_usart.o(i.USART_ReceiveData)
    i.USART_SendData                         0x080017fa   Section        0  stm32l1xx_usart.o(i.USART_SendData)
    i.UartGetChar                            0x08001802   Section        0  usart.o(i.UartGetChar)
    UartGetChar                              0x08001803   Thumb Code    74  usart.o(i.UartGetChar)
    i.UartIRQ                                0x0800184c   Section        0  usart.o(i.UartIRQ)
    UartIRQ                                  0x0800184d   Thumb Code    76  usart.o(i.UartIRQ)
    i.UartVarInit                            0x08001898   Section        0  usart.o(i.UartVarInit)
    UartVarInit                              0x08001899   Thumb Code   128  usart.o(i.UartVarInit)
    i.UsageFault_Handler                     0x08001948   Section        0  stm32l1xx_it.o(i.UsageFault_Handler)
    i.__0printf$1                            0x0800194c   Section        0  printf1.o(i.__0printf$1)
    i.__scatterload_copy                     0x0800196c   Section       14  handlers.o(i.__scatterload_copy)
    i.__scatterload_null                     0x0800197a   Section        2  handlers.o(i.__scatterload_null)
    i.__scatterload_zeroinit                 0x0800197c   Section       14  handlers.o(i.__scatterload_zeroinit)
    i.__set_PRIMASK                          0x0800198a   Section        0  usart.o(i.__set_PRIMASK)
    __set_PRIMASK                            0x0800198b   Thumb Code     6  usart.o(i.__set_PRIMASK)
    i._printf_core                           0x08001990   Section        0  printf1.o(i._printf_core)
    _printf_core                             0x08001991   Thumb Code   336  printf1.o(i._printf_core)
    i.adxl345_low_level_init                 0x08001ae4   Section        0  adxl345.o(i.adxl345_low_level_init)
    i.adxl345_write_one_byte                 0x08001b74   Section        0  adxl345.o(i.adxl345_write_one_byte)
    i.bsp_InitUart                           0x08001ca4   Section        0  usart.o(i.bsp_InitUart)
    i.comGetChar                             0x08001cb4   Section        0  usart.o(i.comGetChar)
    i.delay_init                             0x08001cd4   Section        0  delay.o(i.delay_init)
    i.delay_ms                               0x08001d14   Section        0  delay.o(i.delay_ms)
    i.fgetc                                  0x08001d60   Section        0  usart.o(i.fgetc)
    i.fputc                                  0x08001d78   Section        0  usart.o(i.fputc)
    i.gpio_init                              0x08001d9c   Section        0  gpio.o(i.gpio_init)
    i.i2c1_init                              0x08001df0   Section        0  i2c.o(i.i2c1_init)
    i.i2c1_recover                           0x08001e8c   Section        0  i2c.o(i.i2c1_recover)
    i.main                                   0x08001f50   Section        0  main.o(i.main)
    i.nt3h1101_init                          0x0800200c   Section        0  nt3h1101.o(i.nt3h1101_init)
    i.nt3h1101_int_init                      0x08002018   Section        0  nt3h1101.o(i.nt3h1101_int_init)
    i.nt3h1101_power_ctl_init                0x08002090   Section        0  nt3h1101.o(i.nt3h1101_power_ctl_init)
    i.nt3h1101_power_on                      0x080020c0   Section        0  nt3h1101.o(i.nt3h1101_power_on)
    i.nt3h1101_read_one_block                0x080020dc   Section        0  nt3h1101.o(i.nt3h1101_read_one_block)
    i.nt3h1101_write_reg                     0x08002304   Section        0  nt3h1101.o(i.nt3h1101_write_reg)
    i.observeActivity                        0x080024a0   Section        0  adxl345.o(i.observeActivity)
    i.observeFreefall                        0x0800258c   Section        0  adxl345.o(i.observeFreefall)
    i.opt3001_alarm_init                     0x0800263c   Section        0  opt3001.o(i.opt3001_alarm_init)
    i.opt3001_data_convert                   0x08002670   Section        0  opt3001.o(i.opt3001_data_convert)
    opt3001_data_convert                     0x08002671   Thumb Code   506  opt3001.o(i.opt3001_data_convert)
    i.opt3001_int_init                       0x08002888   Section        0  opt3001.o(i.opt3001_int_init)
    i.opt3001_reg_init                       0x080028f8   Section        0  opt3001.o(i.opt3001_reg_init)
    i.opt3001_write_two_byte                 0x0800295c   Section        0  opt3001.o(i.opt3001_write_two_byte)
    opt3001_write_two_byte                   0x0800295d   Thumb Code   340  opt3001.o(i.opt3001_write_two_byte)
    .constdata                               0x08002ac0   Section       64  ctype_c.o(.constdata)
    .data                                    0x20000000   Section       29  system_stm32l1xx.o(.data)
    .data                                    0x2000001e   Section      384  ws2812.o(.data)
    .data                                    0x200001a0   Section        5  opt3001.o(.data)
    opt3001_timeout                          0x200001a0   Data           4  opt3001.o(.data)
    .data                                    0x200001a8   Section       15  adxl345.o(.data)
    adxl345_timeout                          0x200001b0   Data           4  adxl345.o(.data)
    interrupt_reg_enable                     0x200001b4   Data           1  adxl345.o(.data)
    interrupt_reg_source                     0x200001b5   Data           1  adxl345.o(.data)
    interrupt_reg_intmap                     0x200001b6   Data           1  adxl345.o(.data)
    .data                                    0x200001b8   Section        4  nt3h1101.o(.data)
    nt3h1101_timeout                         0x200001b8   Data           4  nt3h1101.o(.data)
    .data                                    0x200001bc   Section       25  stm32l1xx_rcc.o(.data)
    PLLMulTable                              0x200001bc   Data           9  stm32l1xx_rcc.o(.data)
    APBAHBPrescTable                         0x200001c5   Data          16  stm32l1xx_rcc.o(.data)
    .data                                    0x200001d6   Section        4  delay.o(.data)
    fac_us                                   0x200001d6   Data           1  delay.o(.data)
    fac_ms                                   0x200001d8   Data           2  delay.o(.data)
    .data                                    0x200001dc   Section        4  stdin.o(.data)
    .data                                    0x200001e0   Section        4  stdout.o(.data)
    .data                                    0x200001e4   Section        3  fgetc_b.o(.data)
    ungetc_sp                                0x200001e4   Data           1  fgetc_b.o(.data)
    ungetc_stack                             0x200001e5   Data           2  fgetc_b.o(.data)
    .bss                                     0x200001e8   Section     6264  usart.o(.bss)
    g_tUart1                                 0x200001e8   Data          40  usart.o(.bss)
    g_TxBuf1                                 0x20000210   Data        1024  usart.o(.bss)
    g_RxBuf1                                 0x20000610   Data        1024  usart.o(.bss)
    g_tUart2                                 0x20000a10   Data          40  usart.o(.bss)
    g_TxBuf2                                 0x20000a38   Data        1024  usart.o(.bss)
    g_RxBuf2                                 0x20000e38   Data        1024  usart.o(.bss)
    g_tUart3                                 0x20001238   Data          40  usart.o(.bss)
    g_TxBuf3                                 0x20001260   Data        1024  usart.o(.bss)
    g_RxBuf3                                 0x20001660   Data        1024  usart.o(.bss)
    STACK                                    0x20001a60   Section     1024  startup_stm32l1xx_hd.o(STACK)

    Global Symbols

    Symbol Name                              Value     Ov Type        Size  Object(Section)

    BuildAttributes$$THM_ISAv4$P$D$K$B$S$PE$A:L22UL41UL21$X:L11$S22US41US21$IEEE1$IW$USESV6$~STKCKD$USESV7$~SHL$OTIME$ROPI$IEEEX$EBA8$MICROLIB$REQ8$PRES8$EABIv2 0x00000000   Number         0  anon$$obj.o ABSOLUTE
    __ARM_use_no_argv                        0x00000000   Number         0  main.o ABSOLUTE
    _printf_a                                0x00000000   Number         0  stubs.o ABSOLUTE
    _printf_c                                0x00000000   Number         0  stubs.o ABSOLUTE
    _printf_charcount                        0x00000000   Number         0  stubs.o ABSOLUTE
    _printf_d                                0x00000000   Number         0  stubs.o ABSOLUTE
    _printf_e                                0x00000000   Number         0  stubs.o ABSOLUTE
    _printf_f                                0x00000000   Number         0  stubs.o ABSOLUTE
    _printf_flags                            0x00000000   Number         0  stubs.o ABSOLUTE
    _printf_fp_dec                           0x00000000   Number         0  stubs.o ABSOLUTE
    _printf_fp_hex                           0x00000000   Number         0  stubs.o ABSOLUTE
    _printf_g                                0x00000000   Number         0  stubs.o ABSOLUTE
    _printf_i                                0x00000000   Number         0  stubs.o ABSOLUTE
    _printf_int_dec                          0x00000000   Number         0  stubs.o ABSOLUTE
    _printf_l                                0x00000000   Number         0  stubs.o ABSOLUTE
    _printf_lc                               0x00000000   Number         0  stubs.o ABSOLUTE
    _printf_ll                               0x00000000   Number         0  stubs.o ABSOLUTE
    _printf_lld                              0x00000000   Number         0  stubs.o ABSOLUTE
    _printf_lli                              0x00000000   Number         0  stubs.o ABSOLUTE
    _printf_llo                              0x00000000   Number         0  stubs.o ABSOLUTE
    _printf_llu                              0x00000000   Number         0  stubs.o ABSOLUTE
    _printf_llx                              0x00000000   Number         0  stubs.o ABSOLUTE
    _printf_longlong_dec                     0x00000000   Number         0  stubs.o ABSOLUTE
    _printf_longlong_hex                     0x00000000   Number         0  stubs.o ABSOLUTE
    _printf_longlong_oct                     0x00000000   Number         0  stubs.o ABSOLUTE
    _printf_ls                               0x00000000   Number         0  stubs.o ABSOLUTE
    _printf_mbtowc                           0x00000000   Number         0  stubs.o ABSOLUTE
    _printf_n                                0x00000000   Number         0  stubs.o ABSOLUTE
    _printf_o                                0x00000000   Number         0  stubs.o ABSOLUTE
    _printf_p                                0x00000000   Number         0  stubs.o ABSOLUTE
    _printf_percent                          0x00000000   Number         0  stubs.o ABSOLUTE
    _printf_pre_padding                      0x00000000   Number         0  stubs.o ABSOLUTE
    _printf_return_value                     0x00000000   Number         0  stubs.o ABSOLUTE
    _printf_s                                0x00000000   Number         0  stubs.o ABSOLUTE
    _printf_sizespec                         0x00000000   Number         0  stubs.o ABSOLUTE
    _printf_str                              0x00000000   Number         0  stubs.o ABSOLUTE
    _printf_truncate_signed                  0x00000000   Number         0  stubs.o ABSOLUTE
    _printf_truncate_unsigned                0x00000000   Number         0  stubs.o ABSOLUTE
    _printf_u                                0x00000000   Number         0  stubs.o ABSOLUTE
    _printf_wc                               0x00000000   Number         0  stubs.o ABSOLUTE
    _printf_wctomb                           0x00000000   Number         0  stubs.o ABSOLUTE
    _printf_widthprec                        0x00000000   Number         0  stubs.o ABSOLUTE
    _printf_x                                0x00000000   Number         0  stubs.o ABSOLUTE
    __cpp_initialize__aeabi_                  - Undefined Weak Reference
    __cxa_finalize                            - Undefined Weak Reference
    _clock_init                               - Undefined Weak Reference
    _microlib_exit                            - Undefined Weak Reference
    _scanf_longlong                           - Undefined Weak Reference
    _scanf_real                               - Undefined Weak Reference
    _scanf_string                             - Undefined Weak Reference
    __Vectors_Size                           0x00000124   Number         0  startup_stm32l1xx_hd.o ABSOLUTE
    __Vectors                                0x08000000   Data           4  startup_stm32l1xx_hd.o(RESET)
    __Vectors_End                            0x08000124   Data           0  startup_stm32l1xx_hd.o(RESET)
    __main                                   0x08000125   Thumb Code     0  entry.o(.ARM.Collect$$$$00000000)
    _main_stk                                0x08000125   Thumb Code     0  entry2.o(.ARM.Collect$$$$00000001)
    _main_scatterload                        0x08000129   Thumb Code     0  entry5.o(.ARM.Collect$$$$00000004)
    __main_after_scatterload                 0x0800012d   Thumb Code     0  entry5.o(.ARM.Collect$$$$00000004)
    _main_clock                              0x0800012d   Thumb Code     0  entry7b.o(.ARM.Collect$$$$00000008)
    _main_cpp_init                           0x0800012d   Thumb Code     0  entry8b.o(.ARM.Collect$$$$0000000A)
    _main_init                               0x0800012d   Thumb Code     0  entry9a.o(.ARM.Collect$$$$0000000B)
    __rt_final_cpp                           0x08000135   Thumb Code     0  entry10a.o(.ARM.Collect$$$$0000000D)
    __rt_final_exit                          0x08000135   Thumb Code     0  entry11a.o(.ARM.Collect$$$$0000000F)
    Reset_Handler                            0x08000139   Thumb Code     8  startup_stm32l1xx_hd.o(.text)
    ADC1_IRQHandler                          0x08000153   Thumb Code     0  startup_stm32l1xx_hd.o(.text)
    AES_IRQHandler                           0x08000153   Thumb Code     0  startup_stm32l1xx_hd.o(.text)
    COMP_ACQ_IRQHandler                      0x08000153   Thumb Code     0  startup_stm32l1xx_hd.o(.text)
    COMP_IRQHandler                          0x08000153   Thumb Code     0  startup_stm32l1xx_hd.o(.text)
    DAC_IRQHandler                           0x08000153   Thumb Code     0  startup_stm32l1xx_hd.o(.text)
    DMA1_Channel1_IRQHandler                 0x08000153   Thumb Code     0  startup_stm32l1xx_hd.o(.text)
    DMA1_Channel2_IRQHandler                 0x08000153   Thumb Code     0  startup_stm32l1xx_hd.o(.text)
    DMA1_Channel3_IRQHandler                 0x08000153   Thumb Code     0  startup_stm32l1xx_hd.o(.text)
    DMA1_Channel4_IRQHandler                 0x08000153   Thumb Code     0  startup_stm32l1xx_hd.o(.text)
    DMA1_Channel5_IRQHandler                 0x08000153   Thumb Code     0  startup_stm32l1xx_hd.o(.text)
    DMA1_Channel6_IRQHandler                 0x08000153   Thumb Code     0  startup_stm32l1xx_hd.o(.text)
    DMA1_Channel7_IRQHandler                 0x08000153   Thumb Code     0  startup_stm32l1xx_hd.o(.text)
    DMA2_Channel1_IRQHandler                 0x08000153   Thumb Code     0  startup_stm32l1xx_hd.o(.text)
    DMA2_Channel2_IRQHandler                 0x08000153   Thumb Code     0  startup_stm32l1xx_hd.o(.text)
    DMA2_Channel3_IRQHandler                 0x08000153   Thumb Code     0  startup_stm32l1xx_hd.o(.text)
    DMA2_Channel4_IRQHandler                 0x08000153   Thumb Code     0  startup_stm32l1xx_hd.o(.text)
    DMA2_Channel5_IRQHandler                 0x08000153   Thumb Code     0  startup_stm32l1xx_hd.o(.text)
    EXTI0_IRQHandler                         0x08000153   Thumb Code     0  startup_stm32l1xx_hd.o(.text)
    EXTI3_IRQHandler                         0x08000153   Thumb Code     0  startup_stm32l1xx_hd.o(.text)
    EXTI9_5_IRQHandler                       0x08000153   Thumb Code     0  startup_stm32l1xx_hd.o(.text)
    FLASH_IRQHandler                         0x08000153   Thumb Code     0  startup_stm32l1xx_hd.o(.text)
    I2C1_ER_IRQHandler                       0x08000153   Thumb Code     0  startup_stm32l1xx_hd.o(.text)
    I2C1_EV_IRQHandler                       0x08000153   Thumb Code     0  startup_stm32l1xx_hd.o(.text)
    I2C2_ER_IRQHandler                       0x08000153   Thumb Code     0  startup_stm32l1xx_hd.o(.text)
    I2C2_EV_IRQHandler                       0x08000153   Thumb Code     0  startup_stm32l1xx_hd.o(.text)
    LCD_IRQHandler                           0x08000153   Thumb Code     0  startup_stm32l1xx_hd.o(.text)
    PVD_IRQHandler                           0x08000153   Thumb Code     0  startup_stm32l1xx_hd.o(.text)
    RCC_IRQHandler                           0x08000153   Thumb Code     0  startup_stm32l1xx_hd.o(.text)
    RTC_Alarm_IRQHandler                     0x08000153   Thumb Code     0  startup_stm32l1xx_hd.o(.text)
    RTC_WKUP_IRQHandler                      0x08000153   Thumb Code     0  startup_stm32l1xx_hd.o(.text)
    SDIO_IRQHandler                          0x08000153   Thumb Code     0  startup_stm32l1xx_hd.o(.text)
    SPI1_IRQHandler                          0x08000153   Thumb Code     0  startup_stm32l1xx_hd.o(.text)
    SPI2_IRQHandler                          0x08000153   Thumb Code     0  startup_stm32l1xx_hd.o(.text)
    SPI3_IRQHandler                          0x08000153   Thumb Code     0  startup_stm32l1xx_hd.o(.text)
    TAMPER_STAMP_IRQHandler                  0x08000153   Thumb Code     0  startup_stm32l1xx_hd.o(.text)
    TIM10_IRQHandler                         0x08000153   Thumb Code     0  startup_stm32l1xx_hd.o(.text)
    TIM11_IRQHandler                         0x08000153   Thumb Code     0  startup_stm32l1xx_hd.o(.text)
    TIM2_IRQHandler                          0x08000153   Thumb Code     0  startup_stm32l1xx_hd.o(.text)
    TIM3_IRQHandler                          0x08000153   Thumb Code     0  startup_stm32l1xx_hd.o(.text)
    TIM4_IRQHandler                          0x08000153   Thumb Code     0  startup_stm32l1xx_hd.o(.text)
    TIM5_IRQHandler                          0x08000153   Thumb Code     0  startup_stm32l1xx_hd.o(.text)
    TIM6_IRQHandler                          0x08000153   Thumb Code     0  startup_stm32l1xx_hd.o(.text)
    TIM7_IRQHandler                          0x08000153   Thumb Code     0  startup_stm32l1xx_hd.o(.text)
    TIM9_IRQHandler                          0x08000153   Thumb Code     0  startup_stm32l1xx_hd.o(.text)
    UART4_IRQHandler                         0x08000153   Thumb Code     0  startup_stm32l1xx_hd.o(.text)
    UART5_IRQHandler                         0x08000153   Thumb Code     0  startup_stm32l1xx_hd.o(.text)
    USB_FS_WKUP_IRQHandler                   0x08000153   Thumb Code     0  startup_stm32l1xx_hd.o(.text)
    USB_HP_IRQHandler                        0x08000153   Thumb Code     0  startup_stm32l1xx_hd.o(.text)
    USB_LP_IRQHandler                        0x08000153   Thumb Code     0  startup_stm32l1xx_hd.o(.text)
    WWDG_IRQHandler                          0x08000153   Thumb Code     0  startup_stm32l1xx_hd.o(.text)
    __aeabi_memcpy                           0x0800015d   Thumb Code    36  memcpya.o(.text)
    __aeabi_memcpy4                          0x0800015d   Thumb Code     0  memcpya.o(.text)
    __aeabi_memcpy8                          0x0800015d   Thumb Code     0  memcpya.o(.text)
    __0scanf                                 0x08000181   Thumb Code    26  __0scanf.o(.text)
    _scanf_int                               0x080001a1   Thumb Code   332  _scanf_int.o(.text)
    __aeabi_fmul                             0x080002ed   Thumb Code   100  fmul.o(.text)
    __aeabi_f2uiz                            0x08000351   Thumb Code    40  ffixui.o(.text)
    __aeabi_uidiv                            0x08000379   Thumb Code     0  uidiv.o(.text)
    __aeabi_uidivmod                         0x08000379   Thumb Code    44  uidiv.o(.text)
    _chval                                   0x080003a5   Thumb Code    28  _chval.o(.text)
    __vfscanf_char_file                      0x080003c1   Thumb Code    12  scanf_char_file.o(.text)
    __I$use$fp                               0x080003d5   Thumb Code     0  iusefp.o(.text)
    __scatterload                            0x080003d5   Thumb Code    28  init.o(.text)
    __scatterload_rt2                        0x080003d5   Thumb Code     0  init.o(.text)
    _fgetc$bs                                0x080003f9   Thumb Code    28  fgetc_b.o(.text)
    __backspace                              0x08000415   Thumb Code    10  fgetc_b.o(.text)
    __vfscanf_char                           0x08000431   Thumb Code    20  scanf_char.o(.text)
    __semihosting_library_function           0x0800044d   Thumb Code     0  semi.o(.text)
    isspace                                  0x0800044d   Thumb Code    10  isspace_c.o(.text)
    __vfscanf                                0x08000459   Thumb Code   808  _scanf.o(.text)
    __I$use$semihosting$fgetc                0x08000785   Thumb Code     0  iusesemig.o(.text)
    __ctype_lookup                           0x08000785   Thumb Code    34  ctype_c.o(.text)
    __decompress                             0x080007ad   Thumb Code     0  __dclz77c.o(.text)
    __decompress2                            0x080007ad   Thumb Code    94  __dclz77c.o(.text)
    BusFault_Handler                         0x0800080b   Thumb Code     4  stm32l1xx_it.o(i.BusFault_Handler)
    DMA_DeInit                               0x08000885   Thumb Code   200  stm32l1xx_dma.o(i.DMA_DeInit)
    DMA_Init                                 0x08000951   Thumb Code    60  stm32l1xx_dma.o(i.DMA_Init)
    DebugMon_Handler                         0x0800098d   Thumb Code     2  stm32l1xx_it.o(i.DebugMon_Handler)
    EXTI15_10_IRQHandler                     0x08000991   Thumb Code    26  stm32l1xx_it.o(i.EXTI15_10_IRQHandler)
    EXTI1_IRQHandler                         0x080009b1   Thumb Code    24  stm32l1xx_it.o(i.EXTI1_IRQHandler)
    EXTI2_IRQHandler                         0x080009cd   Thumb Code    24  stm32l1xx_it.o(i.EXTI2_IRQHandler)
    EXTI4_IRQHandler                         0x080009e9   Thumb Code    18  stm32l1xx_it.o(i.EXTI4_IRQHandler)
    EXTI_ClearITPendingBit                   0x080009fd   Thumb Code     6  stm32l1xx_exti.o(i.EXTI_ClearITPendingBit)
    EXTI_GetITStatus                         0x08000a09   Thumb Code    34  stm32l1xx_exti.o(i.EXTI_GetITStatus)
    EXTI_Init                                0x08000a31   Thumb Code   142  stm32l1xx_exti.o(i.EXTI_Init)
    GPIO_Init                                0x08000ac5   Thumb Code   144  stm32l1xx_gpio.o(i.GPIO_Init)
    GPIO_PinAFConfig                         0x08000b55   Thumb Code    70  stm32l1xx_gpio.o(i.GPIO_PinAFConfig)
    GPIO_SetBits                             0x08000b9b   Thumb Code     4  stm32l1xx_gpio.o(i.GPIO_SetBits)
    HardFault_Handler                        0x08000b9f   Thumb Code     4  stm32l1xx_it.o(i.HardFault_Handler)
    I2C_AcknowledgeConfig                    0x08000ba3   Thumb Code    24  stm32l1xx_i2c.o(i.I2C_AcknowledgeConfig)
    I2C_CheckEvent                           0x08000bbb   Thumb Code    42  stm32l1xx_i2c.o(i.I2C_CheckEvent)
    I2C_Cmd                                  0x08000be5   Thumb Code    24  stm32l1xx_i2c.o(i.I2C_Cmd)
    I2C_DeInit                               0x08000bfd   Thumb Code    50  stm32l1xx_i2c.o(i.I2C_DeInit)
    I2C_GenerateSTART                        0x08000c35   Thumb Code    24  stm32l1xx_i2c.o(i.I2C_GenerateSTART)
    I2C_GenerateSTOP                         0x08000c4d   Thumb Code    24  stm32l1xx_i2c.o(i.I2C_GenerateSTOP)
    I2C_GetFlagStatus                        0x08000c65   Thumb Code    58  stm32l1xx_i2c.o(i.I2C_GetFlagStatus)
    I2C_Init                                 0x08000ca1   Thumb Code   218  stm32l1xx_i2c.o(i.I2C_Init)
    I2C_ReceiveData                          0x08000d89   Thumb Code     8  stm32l1xx_i2c.o(i.I2C_ReceiveData)
    I2C_Send7bitAddress                      0x08000d91   Thumb Code    16  stm32l1xx_i2c.o(i.I2C_Send7bitAddress)
    I2C_SendData                             0x08000da1   Thumb Code     4  stm32l1xx_i2c.o(i.I2C_SendData)
    MemManage_Handler                        0x08000fd5   Thumb Code     4  stm32l1xx_it.o(i.MemManage_Handler)
    NMI_Handler                              0x08000fd9   Thumb Code     2  stm32l1xx_it.o(i.NMI_Handler)
    NVIC_Init                                0x08000fdd   Thumb Code   100  misc.o(i.NVIC_Init)
    PendSV_Handler                           0x0800104d   Thumb Code     2  stm32l1xx_it.o(i.PendSV_Handler)
    RCC_AHBPeriphClockCmd                    0x08001051   Thumb Code    26  stm32l1xx_rcc.o(i.RCC_AHBPeriphClockCmd)
    RCC_APB1PeriphClockCmd                   0x08001071   Thumb Code    26  stm32l1xx_rcc.o(i.RCC_APB1PeriphClockCmd)
    RCC_APB1PeriphResetCmd                   0x08001091   Thumb Code    26  stm32l1xx_rcc.o(i.RCC_APB1PeriphResetCmd)
    RCC_APB2PeriphClockCmd                   0x080010b1   Thumb Code    26  stm32l1xx_rcc.o(i.RCC_APB2PeriphClockCmd)
    RCC_GetClocksFreq                        0x080010d1   Thumb Code   234  stm32l1xx_rcc.o(i.RCC_GetClocksFreq)
    SPI2_Init                                0x080011d1   Thumb Code   162  spi.o(i.SPI2_Init)
    SPI_Cmd                                  0x0800127d   Thumb Code    24  stm32l1xx_spi.o(i.SPI_Cmd)
    SPI_Init                                 0x08001295   Thumb Code    50  stm32l1xx_spi.o(i.SPI_Init)
    SVC_Handler                              0x080012c7   Thumb Code     2  stm32l1xx_it.o(i.SVC_Handler)
    SYSCFG_EXTILineConfig                    0x080012c9   Thumb Code    60  stm32l1xx_syscfg.o(i.SYSCFG_EXTILineConfig)
    SysTick_CLKSourceConfig                  0x080013cd   Thumb Code    40  misc.o(i.SysTick_CLKSourceConfig)
    SysTick_Handler                          0x080013f5   Thumb Code     2  stm32l1xx_it.o(i.SysTick_Handler)
    SystemInit                               0x080013f9   Thumb Code    88  system_stm32l1xx.o(i.SystemInit)
    TIM_DMACmd                               0x08001461   Thumb Code    18  stm32l1xx_tim.o(i.TIM_DMACmd)
    TIM_OC1Init                              0x08001473   Thumb Code    56  stm32l1xx_tim.o(i.TIM_OC1Init)
    TIM_TimeBaseInit                         0x080014ad   Thumb Code    70  stm32l1xx_tim.o(i.TIM_TimeBaseInit)
    Timer2_Init                              0x08001505   Thumb Code   222  ws2812.o(i.Timer2_Init)
    UARTx_TX_DMA_Init                        0x080015f5   Thumb Code    74  usart.o(i.UARTx_TX_DMA_Init)
    USART1_IRQHandler                        0x08001641   Thumb Code    10  usart.o(i.USART1_IRQHandler)
    USART2_IRQHandler                        0x08001651   Thumb Code    10  usart.o(i.USART2_IRQHandler)
    USART3_IRQHandler                        0x08001661   Thumb Code    10  usart.o(i.USART3_IRQHandler)
    USART_ClearFlag                          0x08001671   Thumb Code     6  stm32l1xx_usart.o(i.USART_ClearFlag)
    USART_Cmd                                0x08001677   Thumb Code    24  stm32l1xx_usart.o(i.USART_Cmd)
    USART_GetFlagStatus                      0x0800168f   Thumb Code    18  stm32l1xx_usart.o(i.USART_GetFlagStatus)
    USART_GetITStatus                        0x080016a1   Thumb Code    76  stm32l1xx_usart.o(i.USART_GetITStatus)
    USART_ITConfig                           0x080016ed   Thumb Code    64  stm32l1xx_usart.o(i.USART_ITConfig)
    USART_Init                               0x0800172d   Thumb Code   192  stm32l1xx_usart.o(i.USART_Init)
    USART_ReceiveData                        0x080017f1   Thumb Code    10  stm32l1xx_usart.o(i.USART_ReceiveData)
    USART_SendData                           0x080017fb   Thumb Code     8  stm32l1xx_usart.o(i.USART_SendData)
    UsageFault_Handler                       0x08001949   Thumb Code     4  stm32l1xx_it.o(i.UsageFault_Handler)
    __0printf$1                              0x0800194d   Thumb Code    22  printf1.o(i.__0printf$1)
    __1printf$1                              0x0800194d   Thumb Code     0  printf1.o(i.__0printf$1)
    __2printf                                0x0800194d   Thumb Code     0  printf1.o(i.__0printf$1)
    __scatterload_copy                       0x0800196d   Thumb Code    14  handlers.o(i.__scatterload_copy)
    __scatterload_null                       0x0800197b   Thumb Code     2  handlers.o(i.__scatterload_null)
    __scatterload_zeroinit                   0x0800197d   Thumb Code    14  handlers.o(i.__scatterload_zeroinit)
    adxl345_low_level_init                   0x08001ae5   Thumb Code   126  adxl345.o(i.adxl345_low_level_init)
    adxl345_write_one_byte                   0x08001b75   Thumb Code   286  adxl345.o(i.adxl345_write_one_byte)
    bsp_InitUart                             0x08001ca5   Thumb Code    16  usart.o(i.bsp_InitUart)
    comGetChar                               0x08001cb5   Thumb Code    30  usart.o(i.comGetChar)
    delay_init                               0x08001cd5   Thumb Code    48  delay.o(i.delay_init)
    delay_ms                                 0x08001d15   Thumb Code    72  delay.o(i.delay_ms)
    fgetc                                    0x08001d61   Thumb Code    24  usart.o(i.fgetc)
    fputc                                    0x08001d79   Thumb Code    32  usart.o(i.fputc)
    gpio_init                                0x08001d9d   Thumb Code    80  gpio.o(i.gpio_init)
    i2c1_init                                0x08001df1   Thumb Code   144  i2c.o(i.i2c1_init)
    i2c1_recover                             0x08001e8d   Thumb Code   184  i2c.o(i.i2c1_recover)
    main                                     0x08001f51   Thumb Code   120  main.o(i.main)
    nt3h1101_init                            0x0800200d   Thumb Code    12  nt3h1101.o(i.nt3h1101_init)
    nt3h1101_int_init                        0x08002019   Thumb Code   114  nt3h1101.o(i.nt3h1101_int_init)
    nt3h1101_power_ctl_init                  0x08002091   Thumb Code    44  nt3h1101.o(i.nt3h1101_power_ctl_init)
    nt3h1101_power_on                        0x080020c1   Thumb Code    24  nt3h1101.o(i.nt3h1101_power_on)
    nt3h1101_read_one_block                  0x080020dd   Thumb Code   536  nt3h1101.o(i.nt3h1101_read_one_block)
    nt3h1101_write_reg                       0x08002305   Thumb Code   396  nt3h1101.o(i.nt3h1101_write_reg)
    observeActivity                          0x080024a1   Thumb Code   218  adxl345.o(i.observeActivity)
    observeFreefall                          0x0800258d   Thumb Code   162  adxl345.o(i.observeFreefall)
    opt3001_alarm_init                       0x0800263d   Thumb Code    50  opt3001.o(i.opt3001_alarm_init)
    opt3001_int_init                         0x08002889   Thumb Code   108  opt3001.o(i.opt3001_int_init)
    opt3001_reg_init                         0x080028f9   Thumb Code    98  opt3001.o(i.opt3001_reg_init)
    __ctype_categories                       0x08002ac0   Data          64  ctype_c.o(.constdata)
    Region$$Table$$Base                      0x08002b00   Number         0  anon$$obj.o(Region$$Table)
    Region$$Table$$Limit                     0x08002b20   Number         0  anon$$obj.o(Region$$Table)
    SystemCoreClock                          0x20000000   Data           4  system_stm32l1xx.o(.data)
    PLLMulTable                              0x20000004   Data           9  system_stm32l1xx.o(.data)
    AHBPrescTable                            0x2000000d   Data          16  system_stm32l1xx.o(.data)
    LED_BYTE_Buffer                          0x2000001e   Data         384  ws2812.o(.data)
    LowHighLimitTrigFlag                     0x200001a4   Data           1  opt3001.o(.data)
    data_format_reg                          0x200001a8   Data           1  adxl345.o(.data)
    power_ctl_reg                            0x200001a9   Data           1  adxl345.o(.data)
    bw_rate_reg                              0x200001aa   Data           1  adxl345.o(.data)
    act_inact_ctl_reg                        0x200001ab   Data           1  adxl345.o(.data)
    ADXL345IntFlag                           0x200001ac   Data           1  adxl345.o(.data)
    __stdin                                  0x200001dc   Data           4  stdin.o(.data)
    __stdout                                 0x200001e0   Data           4  stdout.o(.data)
    __initial_sp                             0x20001e60   Data           0  startup_stm32l1xx_hd.o(STACK)



==============================================================================

Memory Map of the image

  Image Entry point : 0x08000125

  Load Region LR_IROM1 (Base: 0x08000000, Size: 0x00002d08, Max: 0x00040000, ABSOLUTE, COMPRESSED[0x00002b50])

    Execution Region ER_IROM1 (Base: 0x08000000, Size: 0x00002b20, Max: 0x00040000, ABSOLUTE)

    Base Addr    Size         Type   Attr      Idx    E Section Name        Object

    0x08000000   0x00000124   Data   RO          791    RESET               startup_stm32l1xx_hd.o
    0x08000124   0x00000000   Code   RO         3680  * .ARM.Collect$$$$00000000  mc_w.l(entry.o)
    0x08000124   0x00000004   Code   RO         4001    .ARM.Collect$$$$00000001  mc_w.l(entry2.o)
    0x08000128   0x00000004   Code   RO         4004    .ARM.Collect$$$$00000004  mc_w.l(entry5.o)
    0x0800012c   0x00000000   Code   RO         4006    .ARM.Collect$$$$00000008  mc_w.l(entry7b.o)
    0x0800012c   0x00000000   Code   RO         4008    .ARM.Collect$$$$0000000A  mc_w.l(entry8b.o)
    0x0800012c   0x00000008   Code   RO         4009    .ARM.Collect$$$$0000000B  mc_w.l(entry9a.o)
    0x08000134   0x00000000   Code   RO         4011    .ARM.Collect$$$$0000000D  mc_w.l(entry10a.o)
    0x08000134   0x00000000   Code   RO         4013    .ARM.Collect$$$$0000000F  mc_w.l(entry11a.o)
    0x08000134   0x00000004   Code   RO         4002    .ARM.Collect$$$$00002712  mc_w.l(entry2.o)
    0x08000138   0x00000024   Code   RO          792    .text               startup_stm32l1xx_hd.o
    0x0800015c   0x00000024   Code   RO         3683    .text               mc_w.l(memcpya.o)
    0x08000180   0x00000020   Code   RO         3948    .text               mc_w.l(__0scanf.o)
    0x080001a0   0x0000014c   Code   RO         3950    .text               mc_w.l(_scanf_int.o)
    0x080002ec   0x00000064   Code   RO         3954    .text               mf_w.l(fmul.o)
    0x08000350   0x00000028   Code   RO         3968    .text               mf_w.l(ffixui.o)
    0x08000378   0x0000002c   Code   RO         4017    .text               mc_w.l(uidiv.o)
    0x080003a4   0x0000001c   Code   RO         4032    .text               mc_w.l(_chval.o)
    0x080003c0   0x00000014   Code   RO         4034    .text               mc_w.l(scanf_char_file.o)
    0x080003d4   0x00000000   Code   RO         4036    .text               mc_w.l(iusefp.o)
    0x080003d4   0x00000024   Code   RO         4051    .text               mc_w.l(init.o)
    0x080003f8   0x0000002c   Code   RO         4053    .text               mc_w.l(fgetc_b.o)
    0x08000424   0x00000028   Code   RO         4058    .text               mc_w.l(scanf_char.o)
    0x0800044c   0x00000000   Code   RO         4064    .text               mc_w.l(semi.o)
    0x0800044c   0x0000000a   Code   RO         4065    .text               mc_w.l(isspace_c.o)
    0x08000456   0x00000002   PAD
    0x08000458   0x0000032c   Code   RO         4067    .text               mc_w.l(_scanf.o)
    0x08000784   0x00000000   Code   RO         4069    .text               mc_w.l(iusesemig.o)
    0x08000784   0x00000028   Code   RO         4070    .text               mc_w.l(ctype_c.o)
    0x080007ac   0x0000005e   Code   RO         4081    .text               mc_w.l(__dclz77c.o)
    0x0800080a   0x00000004   Code   RO          141    i.BusFault_Handler  stm32l1xx_it.o
    0x0800080e   0x00000002   PAD
    0x08000810   0x00000028   Code   RO          624    i.ComToUart         usart.o
    0x08000838   0x0000004c   Code   RO          625    i.ConfigUartNVIC    usart.o
    0x08000884   0x000000cc   Code   RO         1291    i.DMA_DeInit        stm32l1xx_dma.o
    0x08000950   0x0000003c   Code   RO         1296    i.DMA_Init          stm32l1xx_dma.o
    0x0800098c   0x00000002   Code   RO          142    i.DebugMon_Handler  stm32l1xx_it.o
    0x0800098e   0x00000002   PAD
    0x08000990   0x00000020   Code   RO          143    i.EXTI15_10_IRQHandler  stm32l1xx_it.o
    0x080009b0   0x0000001c   Code   RO          144    i.EXTI1_IRQHandler  stm32l1xx_it.o
    0x080009cc   0x0000001c   Code   RO          145    i.EXTI2_IRQHandler  stm32l1xx_it.o
    0x080009e8   0x00000012   Code   RO          146    i.EXTI4_IRQHandler  stm32l1xx_it.o
    0x080009fa   0x00000002   PAD
    0x080009fc   0x0000000c   Code   RO         1361    i.EXTI_ClearITPendingBit  stm32l1xx_exti.o
    0x08000a08   0x00000028   Code   RO         1365    i.EXTI_GetITStatus  stm32l1xx_exti.o
    0x08000a30   0x00000094   Code   RO         1366    i.EXTI_Init         stm32l1xx_exti.o
    0x08000ac4   0x00000090   Code   RO         1665    i.GPIO_Init         stm32l1xx_gpio.o
    0x08000b54   0x00000046   Code   RO         1666    i.GPIO_PinAFConfig  stm32l1xx_gpio.o
    0x08000b9a   0x00000004   Code   RO         1673    i.GPIO_SetBits      stm32l1xx_gpio.o
    0x08000b9e   0x00000004   Code   RO          147    i.HardFault_Handler  stm32l1xx_it.o
    0x08000ba2   0x00000018   Code   RO         1749    i.I2C_AcknowledgeConfig  stm32l1xx_i2c.o
    0x08000bba   0x0000002a   Code   RO         1751    i.I2C_CheckEvent    stm32l1xx_i2c.o
    0x08000be4   0x00000018   Code   RO         1754    i.I2C_Cmd           stm32l1xx_i2c.o
    0x08000bfc   0x00000038   Code   RO         1757    i.I2C_DeInit        stm32l1xx_i2c.o
    0x08000c34   0x00000018   Code   RO         1761    i.I2C_GenerateSTART  stm32l1xx_i2c.o
    0x08000c4c   0x00000018   Code   RO         1762    i.I2C_GenerateSTOP  stm32l1xx_i2c.o
    0x08000c64   0x0000003a   Code   RO         1763    i.I2C_GetFlagStatus  stm32l1xx_i2c.o
    0x08000c9e   0x00000002   PAD
    0x08000ca0   0x000000e8   Code   RO         1768    i.I2C_Init          stm32l1xx_i2c.o
    0x08000d88   0x00000008   Code   RO         1772    i.I2C_ReceiveData   stm32l1xx_i2c.o
    0x08000d90   0x00000010   Code   RO         1774    i.I2C_Send7bitAddress  stm32l1xx_i2c.o
    0x08000da0   0x00000004   Code   RO         1775    i.I2C_SendData      stm32l1xx_i2c.o
    0x08000da4   0x00000230   Code   RO          626    i.InitHardUart      usart.o
    0x08000fd4   0x00000004   Code   RO          148    i.MemManage_Handler  stm32l1xx_it.o
    0x08000fd8   0x00000002   Code   RO          149    i.NMI_Handler       stm32l1xx_it.o
    0x08000fda   0x00000002   PAD
    0x08000fdc   0x00000070   Code   RO          796    i.NVIC_Init         misc.o
    0x0800104c   0x00000002   Code   RO          150    i.PendSV_Handler    stm32l1xx_it.o
    0x0800104e   0x00000002   PAD
    0x08001050   0x00000020   Code   RO         2192    i.RCC_AHBPeriphClockCmd  stm32l1xx_rcc.o
    0x08001070   0x00000020   Code   RO         2195    i.RCC_APB1PeriphClockCmd  stm32l1xx_rcc.o
    0x08001090   0x00000020   Code   RO         2197    i.RCC_APB1PeriphResetCmd  stm32l1xx_rcc.o
    0x080010b0   0x00000020   Code   RO         2198    i.RCC_APB2PeriphClockCmd  stm32l1xx_rcc.o
    0x080010d0   0x00000100   Code   RO         2207    i.RCC_GetClocksFreq  stm32l1xx_rcc.o
    0x080011d0   0x000000ac   Code   RO          296    i.SPI2_Init         spi.o
    0x0800127c   0x00000018   Code   RO         2680    i.SPI_Cmd           stm32l1xx_spi.o
    0x08001294   0x00000032   Code   RO         2693    i.SPI_Init          stm32l1xx_spi.o
    0x080012c6   0x00000002   Code   RO          151    i.SVC_Handler       stm32l1xx_it.o
    0x080012c8   0x00000040   Code   RO         2805    i.SYSCFG_EXTILineConfig  stm32l1xx_syscfg.o
    0x08001308   0x000000c4   Code   RO          232    i.SetSysClock       system_stm32l1xx.o
    0x080013cc   0x00000028   Code   RO          800    i.SysTick_CLKSourceConfig  misc.o
    0x080013f4   0x00000002   Code   RO          152    i.SysTick_Handler   stm32l1xx_it.o
    0x080013f6   0x00000002   PAD
    0x080013f8   0x00000068   Code   RO          234    i.SystemInit        system_stm32l1xx.o
    0x08001460   0x00000012   Code   RO         2890    i.TIM_DMACmd        stm32l1xx_tim.o
    0x08001472   0x00000038   Code   RO         2916    i.TIM_OC1Init       stm32l1xx_tim.o
    0x080014aa   0x00000002   PAD
    0x080014ac   0x00000058   Code   RO         2956    i.TIM_TimeBaseInit  stm32l1xx_tim.o
    0x08001504   0x000000f0   Code   RO          339    i.Timer2_Init       ws2812.o
    0x080015f4   0x0000004a   Code   RO          628    i.UARTx_TX_DMA_Init  usart.o
    0x0800163e   0x00000002   PAD
    0x08001640   0x00000010   Code   RO          629    i.USART1_IRQHandler  usart.o
    0x08001650   0x00000010   Code   RO          630    i.USART2_IRQHandler  usart.o
    0x08001660   0x00000010   Code   RO          631    i.USART3_IRQHandler  usart.o
    0x08001670   0x00000006   Code   RO         3382    i.USART_ClearFlag   stm32l1xx_usart.o
    0x08001676   0x00000018   Code   RO         3386    i.USART_Cmd         stm32l1xx_usart.o
    0x0800168e   0x00000012   Code   RO         3389    i.USART_GetFlagStatus  stm32l1xx_usart.o
    0x080016a0   0x0000004c   Code   RO         3390    i.USART_GetITStatus  stm32l1xx_usart.o
    0x080016ec   0x00000040   Code   RO         3392    i.USART_ITConfig    stm32l1xx_usart.o
    0x0800172c   0x000000c4   Code   RO         3393    i.USART_Init        stm32l1xx_usart.o
    0x080017f0   0x0000000a   Code   RO         3400    i.USART_ReceiveData  stm32l1xx_usart.o
    0x080017fa   0x00000008   Code   RO         3403    i.USART_SendData    stm32l1xx_usart.o
    0x08001802   0x0000004a   Code   RO          634    i.UartGetChar       usart.o
    0x0800184c   0x0000004c   Code   RO          635    i.UartIRQ           usart.o
    0x08001898   0x000000b0   Code   RO          637    i.UartVarInit       usart.o
    0x08001948   0x00000004   Code   RO          153    i.UsageFault_Handler  stm32l1xx_it.o
    0x0800194c   0x00000020   Code   RO         3732    i.__0printf$1       mc_w.l(printf1.o)
    0x0800196c   0x0000000e   Code   RO         4075    i.__scatterload_copy  mc_w.l(handlers.o)
    0x0800197a   0x00000002   Code   RO         4076    i.__scatterload_null  mc_w.l(handlers.o)
    0x0800197c   0x0000000e   Code   RO         4077    i.__scatterload_zeroinit  mc_w.l(handlers.o)
    0x0800198a   0x00000006   Code   RO          638    i.__set_PRIMASK     usart.o
    0x08001990   0x00000154   Code   RO         3739    i._printf_core      mc_w.l(printf1.o)
    0x08001ae4   0x00000090   Code   RO          472    i.adxl345_low_level_init  adxl345.o
    0x08001b74   0x00000130   Code   RO          475    i.adxl345_write_one_byte  adxl345.o
    0x08001ca4   0x00000010   Code   RO          639    i.bsp_InitUart      usart.o
    0x08001cb4   0x0000001e   Code   RO          644    i.comGetChar        usart.o
    0x08001cd2   0x00000002   PAD
    0x08001cd4   0x00000040   Code   RO         3616    i.delay_init        delay.o
    0x08001d14   0x0000004c   Code   RO         3617    i.delay_ms          delay.o
    0x08001d60   0x00000018   Code   RO          647    i.fgetc             usart.o
    0x08001d78   0x00000024   Code   RO          648    i.fputc             usart.o
    0x08001d9c   0x00000054   Code   RO          261    i.gpio_init         gpio.o
    0x08001df0   0x0000009c   Code   RO          363    i.i2c1_init         i2c.o
    0x08001e8c   0x000000c4   Code   RO          364    i.i2c1_recover      i2c.o
    0x08001f50   0x000000bc   Code   RO            1    i.main              main.o
    0x0800200c   0x0000000c   Code   RO          545    i.nt3h1101_init     nt3h1101.o
    0x08002018   0x00000078   Code   RO          548    i.nt3h1101_int_init  nt3h1101.o
    0x08002090   0x00000030   Code   RO          549    i.nt3h1101_power_ctl_init  nt3h1101.o
    0x080020c0   0x0000001c   Code   RO          551    i.nt3h1101_power_on  nt3h1101.o
    0x080020dc   0x00000228   Code   RO          552    i.nt3h1101_read_one_block  nt3h1101.o
    0x08002304   0x0000019c   Code   RO          555    i.nt3h1101_write_reg  nt3h1101.o
    0x080024a0   0x000000ec   Code   RO          477    i.observeActivity   adxl345.o
    0x0800258c   0x000000b0   Code   RO          478    i.observeFreefall   adxl345.o
    0x0800263c   0x00000032   Code   RO          408    i.opt3001_alarm_init  opt3001.o
    0x0800266e   0x00000002   PAD
    0x08002670   0x00000218   Code   RO          409    i.opt3001_data_convert  opt3001.o
    0x08002888   0x00000070   Code   RO          412    i.opt3001_int_init  opt3001.o
    0x080028f8   0x00000062   Code   RO          414    i.opt3001_reg_init  opt3001.o
    0x0800295a   0x00000002   PAD
    0x0800295c   0x00000164   Code   RO          415    i.opt3001_write_two_byte  opt3001.o
    0x08002ac0   0x00000040   Data   RO         4071    .constdata          mc_w.l(ctype_c.o)
    0x08002b00   0x00000020   Data   RO         4073    Region$$Table       anon$$obj.o


    Execution Region RW_IRAM1 (Base: 0x20000000, Size: 0x00001e60, Max: 0x00008000, ABSOLUTE, COMPRESSED[0x00000030])

    Base Addr    Size         Type   Attr      Idx    E Section Name        Object

    0x20000000   0x0000001d   Data   RW          235    .data               system_stm32l1xx.o
    0x2000001d   0x00000001   PAD
    0x2000001e   0x00000180   Data   RW          341    .data               ws2812.o
    0x2000019e   0x00000002   PAD
    0x200001a0   0x00000005   Data   RW          416    .data               opt3001.o
    0x200001a5   0x00000003   PAD
    0x200001a8   0x0000000f   Data   RW          479    .data               adxl345.o
    0x200001b7   0x00000001   PAD
    0x200001b8   0x00000004   Data   RW          556    .data               nt3h1101.o
    0x200001bc   0x00000019   Data   RW         2229    .data               stm32l1xx_rcc.o
    0x200001d5   0x00000001   PAD
    0x200001d6   0x00000004   Data   RW         3619    .data               delay.o
    0x200001da   0x00000002   PAD
    0x200001dc   0x00000004   Data   RW         4015    .data               mc_w.l(stdin.o)
    0x200001e0   0x00000004   Data   RW         4016    .data               mc_w.l(stdout.o)
    0x200001e4   0x00000003   Data   RW         4054    .data               mc_w.l(fgetc_b.o)
    0x200001e7   0x00000001   PAD
    0x200001e8   0x00001878   Zero   RW          649    .bss                usart.o
    0x20001a60   0x00000400   Zero   RW          789    STACK               startup_stm32l1xx_hd.o


==============================================================================

Image component sizes


      Code (inc. data)   RO Data    RW Data    ZI Data      Debug   Object Name

       860         68          0         15          0       6303   adxl345.o
         0          0          0          0          0         32   core_cm3.o
       140         20          0          4          0       1220   delay.o
        84          4          0          0          0     143052   gpio.o
       352         24          0          0          0       1179   i2c.o
       188         68          0          0          0     205031   main.o
       152         12          0          0          0       1586   misc.o
      1172         46          0          4          0       5017   nt3h1101.o
      1152         50          0          5          0       5138   opt3001.o
       172         10          0          0          0        596   spi.o
        36          8        292          0       1024        812   startup_stm32l1xx_hd.o
       264          4          0          0          0       2368   stm32l1xx_dma.o
       200         18          0          0          0       2148   stm32l1xx_exti.o
       218          0          0          0          0       2338   stm32l1xx_gpio.o
       512         20          0          0          0       7177   stm32l1xx_i2c.o
       132         14          0          0          0       5710   stm32l1xx_it.o
       384         46          0         25          0       4891   stm32l1xx_rcc.o
        74          0          0          0          0       1557   stm32l1xx_spi.o
        64          4          0          0          0        648   stm32l1xx_syscfg.o
       162         18          0          0          0       2390   stm32l1xx_tim.o
       402          4          0          0          0       5943   stm32l1xx_usart.o
       300         30          0         29          0       1689   system_stm32l1xx.o
      1236        118          0          0       6264      26315   usart.o
       240         18          0        384          0       1260   ws2812.o

    ----------------------------------------------------------------------
      8520        604        324        476       7288     434400   Object Totals
         0          0         32          0          0          0   (incl. Generated)
        24          0          0         10          0          0   (incl. Padding)

    ----------------------------------------------------------------------

      Code (inc. data)   RO Data    RW Data    ZI Data      Debug   Library Member Name

        32          6          0          0          0         84   __0scanf.o
        94          0          0          0          0          0   __dclz77c.o
        28          0          0          0          0         68   _chval.o
       812          4          0          0          0        112   _scanf.o
       332          0          0          0          0         96   _scanf_int.o
        40          6         64          0          0         68   ctype_c.o
         0          0          0          0          0          0   entry.o
         0          0          0          0          0          0   entry10a.o
         0          0          0          0          0          0   entry11a.o
         8          4          0          0          0          0   entry2.o
         4          0          0          0          0          0   entry5.o
         0          0          0          0          0          0   entry7b.o
         0          0          0          0          0          0   entry8b.o
         8          4          0          0          0          0   entry9a.o
        44          6          0          3          0        144   fgetc_b.o
        30          0          0          0          0          0   handlers.o
        36          8          0          0          0         68   init.o
        10          0          0          0          0         68   isspace_c.o
         0          0          0          0          0          0   iusefp.o
         0          0          0          0          0          0   iusesemig.o
        36          0          0          0          0         68   memcpya.o
       372         14          0          0          0        184   printf1.o
        40          8          0          0          0         84   scanf_char.o
        20          8          0          0          0         68   scanf_char_file.o
         0          0          0          0          0          0   semi.o
         0          0          0          4          0          0   stdin.o
         0          0          0          4          0          0   stdout.o
        44          0          0          0          0         80   uidiv.o
        40          0          0          0          0         68   ffixui.o
       100          0          0          0          0         76   fmul.o

    ----------------------------------------------------------------------
      2132         68         64         12          0       1336   Library Totals
         2          0          0          1          0          0   (incl. Padding)

    ----------------------------------------------------------------------

      Code (inc. data)   RO Data    RW Data    ZI Data      Debug   Library Name

      1990         68         64         11          0       1192   mc_w.l
       140          0          0          0          0        144   mf_w.l

    ----------------------------------------------------------------------
      2132         68         64         12          0       1336   Library Totals

    ----------------------------------------------------------------------

==============================================================================


      Code (inc. data)   RO Data    RW Data    ZI Data      Debug   

     10652        672        388        488       7288     430664   Grand Totals
     10652        672        388         48       7288     430664   ELF Image Totals (compressed)
     10652        672        388         48          0          0   ROM Totals

==============================================================================

    Total RO  Size (Code + RO Data)                11040 (  10.78kB)
    Total RW  Size (RW Data + ZI Data)              7776 (   7.59kB)
    Total ROM Size (Code + RO Data + RW Data)      11088 (  10.83kB)

==============================================================================

