<html>
<body>
<pre>
<h1>礦ision Build Log</h1>
<h2>Tool Versions:</h2>
IDE-Version: μVision V5.14.2
Copyright (C) 2015 ARM Ltd and ARM Germany GmbH. All rights reserved.
License Information: Cortex-M3, Microsoft, LIC=W9663-AGCIM-QH58A-19BK9-PK1DA-DPBDI
 
Tool Versions:
Toolchain:       MDK-ARM Professional  Version: 5.14.0.0
Toolchain Path:  C:\Keil_v5\ARM\ARMCC\Bin
C Compiler:      Armcc.exe V5.05 update 1 (build 106)
Assembler:       Armasm.exe V5.05 update 1 (build 106)
Linker/Locator:  ArmLink.exe V5.05 update 1 (build 106)
Library Manager: ArmAr.exe V5.05 update 1 (build 106)
Hex Converter:   FromElf.exe V5.05 update 1 (build 106)
CPU DLL:         SARMCM3.DLL V5.14.0.0
Dialog DLL:      DARMSTM.DLL V1.65.0.0
Target DLL:      Segger\JL2CM3.dll V2.99.13.0
Dialog DLL:      TARMSTM.DLL V1.64.0.0
 
<h2>Project:</h2>
E:\开发板资料\ARMFLY\V4配套资料\02.配套例程\02.CPU内部资源例程（10个例子）\V4-001_不一样的流水灯（软件定时器、状态机）\Project\MDK-ARM(uV4)\project.uvproj
Project File Date:  08/13/2015

<h2>Output:</h2>
*** Using Compiler 'V5.05 update 1 (build 106)', folder: 'C:\Keil_v5\ARM\ARMCC\Bin'
Build target 'Flash'
compiling main.c...
compiling bsp_led.c...
compiling bsp_timer.c...
compiling bsp.c...
compiling stm32f10x_it.c...
compiling stm32f10x_assert.c...
assembling startup_stm32f10x_hd.s...
compiling stm32f10x_gpio.c...
compiling stm32f10x_rcc.c...
compiling misc.c...
compiling stm32f10x_tim.c...
compiling system_stm32f10x.c...
linking...
Program Size: Code=3330 RO-data=386 RW-data=60 ZI-data=32820  
FromELF: creating hex file...
After Build - User command #1: CopyHex_Flash.bat
E:\开发板资料\ARMFLY\V4配套资料\02.配套例程\02.CPU内部资源例程（10个例子）\V4-001_不一样的流水灯（软件定时器、状态机）\Project\MDK-ARM(uV4)>copy Flash\Obj\output.hex ..\output(mdk).hex 
已复制         1 个文件。
".\Flash\Obj\output.axf" - 0 Error(s), 0 Warning(s).
</pre>
</body>
</html>
