################################################################################
#                                                                              #
#      IAR Universal Linker V6.3.4.78                                          #
#                                                                              #
#           Link time     =  10/Nov/2016  09:22:06                             #
#           Target CPU    =  MSP430                                            #
#           List file     =  E:\temp_pro\SU_driver_2016_11_9\stdlib-prototype3 #
#                            \stdlib-prototype3\MSP430FR2032\Debug\List\lib_ms #
#                            p430fr2032.map                                    #
#           Output file 1 =  E:\temp_pro\SU_driver_2016_11_9\stdlib-prototype3 #
#                            \stdlib-prototype3\MSP430FR2032\Debug\Exe\lib_msp #
#                            430fr2032.d43                                     #
#                            Format: ubrof10                                   #
#                            UBROF version 10.0.6                              #
#                            Using library modules for C-SPY (-rt)             #
#           Command line  =  E:\temp_pro\SU_driver_2016_11_9\stdlib-prototype3 #
#                            \stdlib-prototype3\MSP430FR2032\Debug\Obj\adc.r43 #
#                            E:\temp_pro\SU_driver_2016_11_9\stdlib-prototype3 #
#                            \stdlib-prototype3\MSP430FR2032\Debug\Obj\crc.r43 #
#                            E:\temp_pro\SU_driver_2016_11_9\stdlib-prototype3 #
#                            \stdlib-prototype3\MSP430FR2032\Debug\Obj\cs.r43  #
#                            E:\temp_pro\SU_driver_2016_11_9\stdlib-prototype3 #
#                            \stdlib-prototype3\MSP430FR2032\Debug\Obj\ecomp.r #
#                            43                                                #
#                            E:\temp_pro\SU_driver_2016_11_9\stdlib-prototype3 #
#                            \stdlib-prototype3\MSP430FR2032\Debug\Obj\eusci_a #
#                            _spi.r43                                          #
#                            E:\temp_pro\SU_driver_2016_11_9\stdlib-prototype3 #
#                            \stdlib-prototype3\MSP430FR2032\Debug\Obj\eusci_a #
#                            _uart.r43                                         #
#                            E:\temp_pro\SU_driver_2016_11_9\stdlib-prototype3 #
#                            \stdlib-prototype3\MSP430FR2032\Debug\Obj\eusci_b #
#                            _i2c.r43                                          #
#                            E:\temp_pro\SU_driver_2016_11_9\stdlib-prototype3 #
#                            \stdlib-prototype3\MSP430FR2032\Debug\Obj\eusci_b #
#                            _spi.r43                                          #
#                            E:\temp_pro\SU_driver_2016_11_9\stdlib-prototype3 #
#                            \stdlib-prototype3\MSP430FR2032\Debug\Obj\framctl #
#                            .r43                                              #
#                            E:\temp_pro\SU_driver_2016_11_9\stdlib-prototype3 #
#                            \stdlib-prototype3\MSP430FR2032\Debug\Obj\gpio.r4 #
#                            3                                                 #
#                            E:\temp_pro\SU_driver_2016_11_9\stdlib-prototype3 #
#                            \stdlib-prototype3\MSP430FR2032\Debug\Obj\lcd_e.r #
#                            43                                                #
#                            E:\temp_pro\SU_driver_2016_11_9\stdlib-prototype3 #
#                            \stdlib-prototype3\MSP430FR2032\Debug\Obj\main.r4 #
#                            3                                                 #
#                            E:\temp_pro\SU_driver_2016_11_9\stdlib-prototype3 #
#                            \stdlib-prototype3\MSP430FR2032\Debug\Obj\mpy32.r #
#                            43                                                #
#                            E:\temp_pro\SU_driver_2016_11_9\stdlib-prototype3 #
#                            \stdlib-prototype3\MSP430FR2032\Debug\Obj\pmm.r43 #
#                            E:\temp_pro\SU_driver_2016_11_9\stdlib-prototype3 #
#                            \stdlib-prototype3\MSP430FR2032\Debug\Obj\rtc.r43 #
#                            E:\temp_pro\SU_driver_2016_11_9\stdlib-prototype3 #
#                            \stdlib-prototype3\MSP430FR2032\Debug\Obj\sac.r43 #
#                            E:\temp_pro\SU_driver_2016_11_9\stdlib-prototype3 #
#                            \stdlib-prototype3\MSP430FR2032\Debug\Obj\sfr.r43 #
#                            E:\temp_pro\SU_driver_2016_11_9\stdlib-prototype3 #
#                            \stdlib-prototype3\MSP430FR2032\Debug\Obj\sysctl. #
#                            r43                                               #
#                            E:\temp_pro\SU_driver_2016_11_9\stdlib-prototype3 #
#                            \stdlib-prototype3\MSP430FR2032\Debug\Obj\timer_a #
#                            .r43                                              #
#                            E:\temp_pro\SU_driver_2016_11_9\stdlib-prototype3 #
#                            \stdlib-prototype3\MSP430FR2032\Debug\Obj\timer_b #
#                            .r43                                              #
#                            E:\temp_pro\SU_driver_2016_11_9\stdlib-prototype3 #
#                            \stdlib-prototype3\MSP430FR2032\Debug\Obj\tlv.r43 #
#                            E:\temp_pro\SU_driver_2016_11_9\stdlib-prototype3 #
#                            \stdlib-prototype3\MSP430FR2032\Debug\Obj\tri.r43 #
#                            E:\temp_pro\SU_driver_2016_11_9\stdlib-prototype3 #
#                            \stdlib-prototype3\MSP430FR2032\Debug\Obj\wdt_a.r #
#                            43                                                #
#                            -o                                                #
#                            E:\temp_pro\SU_driver_2016_11_9\stdlib-prototype3 #
#                            \stdlib-prototype3\MSP430FR2032\Debug\Exe\lib_msp #
#                            430fr2032.d43                                     #
#                            -l                                                #
#                            E:\temp_pro\SU_driver_2016_11_9\stdlib-prototype3 #
#                            \stdlib-prototype3\MSP430FR2032\Debug\List\lib_ms #
#                            p430fr2032.map                                    #
#                            -xms                                              #
#                            "-IC:\Program Files (x86)\IAR Systems\Embedded Wo #
#                            rkbench 7.3\430\LIB\"                             #
#                            -f                                                #
#                            "C:\Program Files (x86)\IAR Systems\Embedded Work #
#                            bench 7.3\430\config\linker\lnk430fr2032.xcl"     #
#                            (-cmsp430 -QCODE_I=CODE_ID -QTLS16_I=TLS16_ID     #
#                            -Z(CONST)INFO=1800-19FF                           #
#                            -Z(CONST)INFOA=1800-19FF                          #
#                            -Z(DATA)DATA16_I,DATA16_Z,DATA16_N,TLS16_I=2000-2 #
#                            3FF                                               #
#                            -Z(DATA)CODE_I                                    #
#                            -Z(DATA)DATA20_I,DATA20_Z,DATA20_N                #
#                            -Z(DATA)CSTACK+_STACK_SIZE#                       #
#                            -Z(CONST)DATA16_P,DATA20_P=E000-FF7F              #
#                            -Z(DATA)DATA16_HEAP+_DATA16_HEAP_SIZE,DATA20_HEAP #
#                            +_DATA20_HEAP_SIZE                                #
#                            -Z(CONST)DATA16_C,DATA16_ID,TLS16_ID,DIFUNCT,CHEC #
#                            KSUM=E000-FF7F                                    #
#                            -Z(CONST)DATA20_C,DATA20_ID                       #
#                            -Z(CODE)CSTART,ISR_CODE,CODE_ID=E000-FF7F         #
#                            -P(CODE)CODE,CODE16=E000-FF7F                     #
#                            -Z(CONST)SIGNATURE=FF80-FF87                      #
#                            -Z(CODE)INTVEC=FF88-FFFF                          #
#                            -Z(CODE)RESET=FFFE-FFFF) -D_STACK_SIZE=A0 -rt     #
#                            "C:\Program Files (x86)\IAR Systems\Embedded Work #
#                            bench 7.3\430\lib\dlib\dl430xlsfn.r43"            #
#                            -e_PrintfLarge=_Printf -e_ScanfLarge=_Scanf       #
#                            -D_DATA16_HEAP_SIZE=A0 -s __program_start         #
#                            -D_DATA20_HEAP_SIZE=50                            #
#                                                                              #
#                           Copyright (C) 1987-2015 IAR Systems AB.            #
################################################################################





                ****************************************
                *                                      *
                *           CROSS REFERENCE            *
                *                                      *
                ****************************************

       Program entry at :           E01C  Relocatable, from module : ?cstart




                ****************************************
                *                                      *
                *            RUNTIME MODEL             *
                *                                      *
                ****************************************

  __Heap_Handler             = Basic
  __SystemLibrary            = DLib
  __code_model               = large
  __core                     = 430X
  __data_model               = small
  __dlib_file_descriptor     = 0
  __dlib_full_locale_support = 0
  __double_size              = 32
  __pic                      = no
  __reg_r4                   = free
  __reg_r5                   = free
  __rt_version               = 3

                ****************************************
                *                                      *
                *    AUTOMATIC SYMBOL REDIRECTIONS     *
                *                                      *
                ****************************************

                  There are no automatic symbol redirections.



                ****************************************
                *                                      *
                *              MODULE MAP              *
                *                                      *
                ****************************************


  DEFINED ABSOLUTE ENTRIES
    *************************************************************************

  DEFINED ABSOLUTE ENTRIES
  PROGRAM MODULE, NAME : ?ABS_ENTRY_MOD

Absolute parts
           ENTRY                   ADDRESS         REF BY
           =====                   =======         ======
           _DATA20_HEAP_SIZE       0050 
           _DATA16_HEAP_SIZE       00A0 
           _STACK_SIZE             00A0 
    *************************************************************************

  FILE NAME : E:\temp_pro\SU_driver_2016_11_9\stdlib-prototype3\stdlib-prototype3\MSP430FR2032\Debug\Obj\adc.r43
    *************************************************************************

  FILE NAME : E:\temp_pro\SU_driver_2016_11_9\stdlib-prototype3\stdlib-prototype3\MSP430FR2032\Debug\Obj\crc.r43
    *************************************************************************

  FILE NAME : E:\temp_pro\SU_driver_2016_11_9\stdlib-prototype3\stdlib-prototype3\MSP430FR2032\Debug\Obj\cs.r43
  PROGRAM MODULE, NAME : cs

  SEGMENTS IN THE MODULE
  ======================
<CODE> 1 (was CODE)
  Relative segment, address: E0CE - E16F (0xa2 bytes), align: 1
  Segment part 7.
           ENTRY                   ADDRESS         REF BY
           =====                   =======         ======
           CS_initClockSignal      E0CE            main (main)
    -------------------------------------------------------------------------
<CODE> 1 (was CODE)
  Relative segment, address: E24C - E27B (0x30 bytes), align: 1
  Segment part 8.
           ENTRY                   ADDRESS         REF BY
           =====                   =======         ======
           CS_turnOnXT1LF          E24C            main (main)
    -------------------------------------------------------------------------
<CODE> 1 (was CODE)
  Relative segment, address: E2A6 - E2C7 (0x22 bytes), align: 1
  Segment part 28.
           ENTRY                   ADDRESS         REF BY
           =====                   =======         ======
           CS_clearAllOscFlagsWithTimeout
                                   E2A6            main (main)

    *************************************************************************

  FILE NAME : E:\temp_pro\SU_driver_2016_11_9\stdlib-prototype3\stdlib-prototype3\MSP430FR2032\Debug\Obj\ecomp.r43
    *************************************************************************

  FILE NAME : E:\temp_pro\SU_driver_2016_11_9\stdlib-prototype3\stdlib-prototype3\MSP430FR2032\Debug\Obj\eusci_a_spi.r43
    *************************************************************************

  FILE NAME : E:\temp_pro\SU_driver_2016_11_9\stdlib-prototype3\stdlib-prototype3\MSP430FR2032\Debug\Obj\eusci_a_uart.r43
    *************************************************************************

  FILE NAME : E:\temp_pro\SU_driver_2016_11_9\stdlib-prototype3\stdlib-prototype3\MSP430FR2032\Debug\Obj\eusci_b_i2c.r43
    *************************************************************************

  FILE NAME : E:\temp_pro\SU_driver_2016_11_9\stdlib-prototype3\stdlib-prototype3\MSP430FR2032\Debug\Obj\eusci_b_spi.r43
    *************************************************************************

  FILE NAME : E:\temp_pro\SU_driver_2016_11_9\stdlib-prototype3\stdlib-prototype3\MSP430FR2032\Debug\Obj\framctl.r43
    *************************************************************************

  FILE NAME : E:\temp_pro\SU_driver_2016_11_9\stdlib-prototype3\stdlib-prototype3\MSP430FR2032\Debug\Obj\gpio.r43
  PROGRAM MODULE, NAME : gpio

  SEGMENTS IN THE MODULE
  ======================
DATA16_C
  Relative segment, address: E000 - E01B (0x1c bytes), align: 1
  Segment part 2.             Intra module refs:   GPIO_setAsInputPinWithPullUpResistor
                                                   GPIO_setAsOutputPin
                                                   GPIO_setAsPeripheralModuleFunctionInputPin
                                                   GPIO_setAsPeripheralModuleFunctionOutputPin
                                                   GPIO_setOutputHighOnPin
                                                   GPIO_setOutputLowOnPin
           LOCAL                   ADDRESS         
           =====                   =======         
           GPIO_PORT_TO_BASE       E000 
    -------------------------------------------------------------------------
<CODE> 1 (was CODE)
  Relative segment, address: E27C - E2A5 (0x2a bytes), align: 1
  Segment part 3.
           ENTRY                   ADDRESS         REF BY
           =====                   =======         ======
           GPIO_setAsOutputPin     E27C            main (main)
    -------------------------------------------------------------------------
<CODE> 1 (was CODE)
  Relative segment, address: E1C0 - E20F (0x50 bytes), align: 1
  Segment part 5.
           ENTRY                   ADDRESS         REF BY
           =====                   =======         ======
           GPIO_setAsPeripheralModuleFunctionOutputPin
                                   E1C0            main (main)
    -------------------------------------------------------------------------
<CODE> 1 (was CODE)
  Relative segment, address: E170 - E1BF (0x50 bytes), align: 1
  Segment part 6.
           ENTRY                   ADDRESS         REF BY
           =====                   =======         ======
           GPIO_setAsPeripheralModuleFunctionInputPin
                                   E170            main (main)
    -------------------------------------------------------------------------
<CODE> 1 (was CODE)
  Relative segment, address: E2E8 - E307 (0x20 bytes), align: 1
  Segment part 7.
           ENTRY                   ADDRESS         REF BY
           =====                   =======         ======
           GPIO_setOutputHighOnPin
                                   E2E8            main (main)
    -------------------------------------------------------------------------
<CODE> 1 (was CODE)
  Relative segment, address: E2C8 - E2E7 (0x20 bytes), align: 1
  Segment part 8.
           ENTRY                   ADDRESS         REF BY
           =====                   =======         ======
           GPIO_setOutputLowOnPin
                                   E2C8            main (main)
    -------------------------------------------------------------------------
<CODE> 1 (was CODE)
  Relative segment, address: E210 - E24B (0x3c bytes), align: 1
  Segment part 11.
           ENTRY                   ADDRESS         REF BY
           =====                   =======         ======
           GPIO_setAsInputPinWithPullUpResistor
                                   E210            main (main)

    *************************************************************************

  FILE NAME : E:\temp_pro\SU_driver_2016_11_9\stdlib-prototype3\stdlib-prototype3\MSP430FR2032\Debug\Obj\lcd_e.r43
    *************************************************************************

  FILE NAME : E:\temp_pro\SU_driver_2016_11_9\stdlib-prototype3\stdlib-prototype3\MSP430FR2032\Debug\Obj\main.r43
  PROGRAM MODULE, NAME : main

  SEGMENTS IN THE MODULE
  ======================
<CODE> 1 (was CODE)
  Relative segment, address: E028 - E0CD (0xa6 bytes), align: 1
  Segment part 2.
           ENTRY                   ADDRESS         REF BY
           =====                   =======         ======
           main                    E028            Segment part 26 (?cstart)
               calls direct

    *************************************************************************

  FILE NAME : E:\temp_pro\SU_driver_2016_11_9\stdlib-prototype3\stdlib-prototype3\MSP430FR2032\Debug\Obj\mpy32.r43
    *************************************************************************

  FILE NAME : E:\temp_pro\SU_driver_2016_11_9\stdlib-prototype3\stdlib-prototype3\MSP430FR2032\Debug\Obj\pmm.r43
  PROGRAM MODULE, NAME : pmm

  SEGMENTS IN THE MODULE
  ======================
DATA16_AN
  Relative segment, address: 0130 - 0131 (0x2 bytes), align: 0
  Segment part 1. ROOT        Intra module refs:   PMM_unlockLPM5
           ENTRY                   ADDRESS         REF BY
           =====                   =======         ======
           _A_PM5CTL0_L            0130 
           LOCAL                   ADDRESS         
           =====                   =======         
           PM5CTL0                 0130 
           PM5CTL0_H               0131 
           PM5CTL0_L               0130 
    -------------------------------------------------------------------------
<CODE> 1 (was CODE)
  Relative segment, address: E338 - E33D (0x6 bytes), align: 1
  Segment part 11.
           ENTRY                   ADDRESS         REF BY
           =====                   =======         ======
           PMM_unlockLPM5          E338            main (main)

    *************************************************************************

  FILE NAME : E:\temp_pro\SU_driver_2016_11_9\stdlib-prototype3\stdlib-prototype3\MSP430FR2032\Debug\Obj\rtc.r43
    *************************************************************************

  FILE NAME : E:\temp_pro\SU_driver_2016_11_9\stdlib-prototype3\stdlib-prototype3\MSP430FR2032\Debug\Obj\sac.r43
    *************************************************************************

  FILE NAME : E:\temp_pro\SU_driver_2016_11_9\stdlib-prototype3\stdlib-prototype3\MSP430FR2032\Debug\Obj\sfr.r43
    *************************************************************************

  FILE NAME : E:\temp_pro\SU_driver_2016_11_9\stdlib-prototype3\stdlib-prototype3\MSP430FR2032\Debug\Obj\sysctl.r43
    *************************************************************************

  FILE NAME : E:\temp_pro\SU_driver_2016_11_9\stdlib-prototype3\stdlib-prototype3\MSP430FR2032\Debug\Obj\timer_a.r43
    *************************************************************************

  FILE NAME : E:\temp_pro\SU_driver_2016_11_9\stdlib-prototype3\stdlib-prototype3\MSP430FR2032\Debug\Obj\timer_b.r43
    *************************************************************************

  FILE NAME : E:\temp_pro\SU_driver_2016_11_9\stdlib-prototype3\stdlib-prototype3\MSP430FR2032\Debug\Obj\tlv.r43
    *************************************************************************

  FILE NAME : E:\temp_pro\SU_driver_2016_11_9\stdlib-prototype3\stdlib-prototype3\MSP430FR2032\Debug\Obj\tri.r43
    *************************************************************************

  FILE NAME : E:\temp_pro\SU_driver_2016_11_9\stdlib-prototype3\stdlib-prototype3\MSP430FR2032\Debug\Obj\wdt_a.r43
  PROGRAM MODULE, NAME : wdt_a

  SEGMENTS IN THE MODULE
  ======================
<CODE> 1 (was CODE)
  Relative segment, address: E308 - E323 (0x1c bytes), align: 1
  Segment part 2.
           ENTRY                   ADDRESS         REF BY
           =====                   =======         ======
           WDT_A_hold              E308            main (main)

    *************************************************************************

  FILE NAME : C:\Program Files (x86)\IAR Systems\Embedded Workbench 7.3\430\lib\dlib\dl430xlsfn.r43
  LIBRARY MODULE, NAME : ?__dbg_break

  SEGMENTS IN THE MODULE
  ======================
<CODE> 1 (was CODE)
  Relative segment, address: E346 - E347 (0x2 bytes), align: 1
  Segment part 2.
           ENTRY                   ADDRESS         REF BY
           =====                   =======         ======
           __DebugBreak            E346            __exit (?__exit)

    -------------------------------------------------------------------------
  LIBRARY MODULE, NAME : ?__exit

  SEGMENTS IN THE MODULE
  ======================
<CODE> 1 (was CODE)
  Relative segment, address: E324 - E337 (0x14 bytes), align: 1
  Segment part 2.
           ENTRY                   ADDRESS         REF BY
           =====                   =======         ======
           __exit                  E324            Segment part 6 (?_exit)
                                                   _exit (?_exit)
               calls direct

    -------------------------------------------------------------------------
  LIBRARY MODULE, NAME : ?_exit

  SEGMENTS IN THE MODULE
  ======================
<CODE> 1 (was CODE)
  Relative segment, address: E33E, align: 1
  Segment part 0.
           ENTRY                   ADDRESS         REF BY
           =====                   =======         ======
           _exit                   E33E            exit (?exit)
    -------------------------------------------------------------------------
<CODE> 1 (was CODE)
  Relative segment, address: E33E - E341 (0x4 bytes), align: 1
  Segment part 6.             Intra module refs:   _exit

    -------------------------------------------------------------------------
  LIBRARY MODULE, NAME : ?cstart

  SEGMENTS IN THE MODULE
  ======================
CSTACK
  Relative segment, address: 2360, align: 1
  Segment part 1.
    -------------------------------------------------------------------------
CODE_I
  Relative segment, address: 2000, align: 1
  Segment part 5.
    -------------------------------------------------------------------------
CODE_ID
  Relative segment, address: E028, align: 1
  Segment part 6.
    -------------------------------------------------------------------------
DATA20_Z
  Relative segment, address: 2000, align: 1
  Segment part 7.
    -------------------------------------------------------------------------
DATA20_I
  Relative segment, address: 2000, align: 1
  Segment part 8.
    -------------------------------------------------------------------------
DATA20_ID
  Relative segment, address: E01C, align: 1
  Segment part 9.
    -------------------------------------------------------------------------
DATA20_C
  Relative segment, address: E01C, align: 1
  Segment part 10.
    -------------------------------------------------------------------------
DATA20_N
  Relative segment, address: 2000, align: 1
  Segment part 12.
    -------------------------------------------------------------------------
CSTART
  Relative segment, address: E01C - E01F (0x4 bytes), align: 1
  Segment part 15.
           ENTRY                   ADDRESS         REF BY
           =====                   =======         ======
           __program_start         E01C            ?reset_vector (?reset_vector)
                                                   Absolute parts (?ABS_ENTRY_MOD)
           ?cstart_begin           E01C 
    -------------------------------------------------------------------------
CSTART
  Relative segment, address: E020 - E027 (0x8 bytes), align: 1
  Segment part 26.            Intra module refs:   Segment part 15
           ENTRY                   ADDRESS         REF BY
           =====                   =======         ======
           ?cstart_call_main       E020 
           ?cstart_end             E028 
    -------------------------------------------------------------------------
CODE_ID
  Relative segment, address: E028, align: 1
  Segment part 27.            Intra module refs:   Segment part 5

    -------------------------------------------------------------------------
  LIBRARY MODULE, NAME : ?reset_vector

  SEGMENTS IN THE MODULE
  ======================
RESET
  Relative segment, address: FFFE - FFFF (0x2 bytes), align: 1
  Segment part 0.
           ENTRY                   ADDRESS         REF BY
           =====                   =======         ======
           ?reset_vector           FFFE            Segment part 15 (?cstart)

    -------------------------------------------------------------------------
  LIBRARY MODULE, NAME : ?exit

  SEGMENTS IN THE MODULE
  ======================
<CODE> 1 (was CODE)
  Relative segment, address: E342 - E345 (0x4 bytes), align: 1
  Segment part 2.
           ENTRY                   ADDRESS         REF BY
           =====                   =======         ======
           exit                    E342            Segment part 26 (?cstart)
               calls direct




                ****************************************
                *                                      *
                *      SEGMENTS IN ADDRESS ORDER       *
                *                                      *
                ****************************************


SEGMENT              SPACE    START ADDRESS   END ADDRESS     SIZE  TYPE  ALIGN
=======              =====    =============   ===========     ====  ====  =====
DATA16_AN                              0130 - 0131               2   rel    0
DATA20_I                                  2000                       rel    1
DATA20_Z                                  2000                       rel    1
DATA20_N                                  2000                       rel    1
CODE_I                                    2000                       rel    1
CSTACK                                 2360 - 23FF              A0   rel    1
DATA16_C                               E000 - E01B              1C   rel    1
DATA20_C                                  E01C                       rel    1
DATA20_ID                                 E01C                       rel    1
CSTART                                 E01C - E027               C   rel    1
ISR_CODE                                  E028                       dse    0
CODE_ID                                   E028                       rel    1
<CODE> 1                               E028 - E347             320   rel    1
RESET                                  FFFE - FFFF               2   rel    1

                ****************************************
                *                                      *
                *        END OF CROSS REFERENCE        *
                *                                      *
                ****************************************

 814 bytes of CODE  memory
 160 bytes of DATA  memory (+ 2 absolute )
  28 bytes of CONST memory

Errors: none
Warnings: none

