###############################################################################
#
# IAR ELF Linker V7.50.2.10312/W32 for ARM                17/Nov/2016  09:54:05
# Copyright 2007-2015 IAR Systems AB.
#
#    Output file  =  
#        F:\phoenix\driver\keil\Project\EWARMv7\Flash\Exe\project.out
#    Map file     =  
#        F:\phoenix\driver\keil\Project\EWARMv7\Flash\List\project.map
#    Command line =  
#        F:\phoenix\driver\keil\Project\EWARMv7\Flash\Obj\bsp.o
#        F:\phoenix\driver\keil\Project\EWARMv7\Flash\Obj\bsp_key.o
#        F:\phoenix\driver\keil\Project\EWARMv7\Flash\Obj\bsp_led.o
#        F:\phoenix\driver\keil\Project\EWARMv7\Flash\Obj\bsp_tim_pwm.o
#        F:\phoenix\driver\keil\Project\EWARMv7\Flash\Obj\bsp_uart_fifo.o
#        F:\phoenix\driver\keil\Project\EWARMv7\Flash\Obj\croutine.o
#        F:\phoenix\driver\keil\Project\EWARMv7\Flash\Obj\event_groups.o
#        F:\phoenix\driver\keil\Project\EWARMv7\Flash\Obj\heap_4.o
#        F:\phoenix\driver\keil\Project\EWARMv7\Flash\Obj\list.o
#        F:\phoenix\driver\keil\Project\EWARMv7\Flash\Obj\main.o
#        F:\phoenix\driver\keil\Project\EWARMv7\Flash\Obj\misc.o
#        F:\phoenix\driver\keil\Project\EWARMv7\Flash\Obj\port.o
#        F:\phoenix\driver\keil\Project\EWARMv7\Flash\Obj\portasm.o
#        F:\phoenix\driver\keil\Project\EWARMv7\Flash\Obj\queue.o
#        F:\phoenix\driver\keil\Project\EWARMv7\Flash\Obj\startup_stm32f10x_hd.o
#        F:\phoenix\driver\keil\Project\EWARMv7\Flash\Obj\stm32f10x_assert.o
#        F:\phoenix\driver\keil\Project\EWARMv7\Flash\Obj\stm32f10x_flash.o
#        F:\phoenix\driver\keil\Project\EWARMv7\Flash\Obj\stm32f10x_gpio.o
#        F:\phoenix\driver\keil\Project\EWARMv7\Flash\Obj\stm32f10x_it.o
#        F:\phoenix\driver\keil\Project\EWARMv7\Flash\Obj\stm32f10x_rcc.o
#        F:\phoenix\driver\keil\Project\EWARMv7\Flash\Obj\stm32f10x_usart.o
#        F:\phoenix\driver\keil\Project\EWARMv7\Flash\Obj\system_stm32f10x.o
#        F:\phoenix\driver\keil\Project\EWARMv7\Flash\Obj\tasks.o
#        F:\phoenix\driver\keil\Project\EWARMv7\Flash\Obj\timers.o -o
#        F:\phoenix\driver\keil\Project\EWARMv7\Flash\Exe\project.out --map
#        F:\phoenix\driver\keil\Project\EWARMv7\Flash\List\project.map --config
#        F:\phoenix\driver\keil\Project\EWARMv7\stm32f10x_flash.icf
#        --semihosting --entry __iar_program_start --inline --vfe
#
###############################################################################

*******************************************************************************
*** RUNTIME MODEL ATTRIBUTES
***

CppFlavor       = *
__SystemLibrary = DLib


*******************************************************************************
*** PLACEMENT SUMMARY
***

"A1":  place at 0x08000000 { ro section .intvec };
"P1":  place in [from 0x08000000 to 0x0807ffff] { ro };
"P2":  place in [from 0x20000000 to 0x2000ffff] { rw, block CSTACK, block HEAP };

  Section            Kind        Address    Size  Object
  -------            ----        -------    ----  ------
"A1":                                      0x130
  .intvec            ro code  0x08000000   0x130  startup_stm32f10x_hd.o [1]
                            - 0x08000130   0x130

"P1":                                     0x1e9c
  .text              ro code  0x08000130   0x70c  tasks.o [1]
  CODE               ro code  0x0800083c    0x94  portasm.o [1]
  .text              ro code  0x080008d0   0x178  port.o [1]
  .text              ro code  0x08000a48    0x98  list.o [1]
  .text              ro code  0x08000ae0   0x24c  heap_4.o [1]
  .text              ro code  0x08000d2c   0x4fc  bsp_uart_fifo.o [1]
  .text              ro code  0x08001228   0x134  stm32f10x_rcc.o [1]
  .text              ro code  0x0800135c   0x136  stm32f10x_gpio.o [1]
  .text              ro code  0x08001494   0x1e2  stm32f10x_usart.o [1]
  .text              ro code  0x08001678    0x88  misc.o [1]
  .text              ro code  0x08001700   0x2e4  bsp_key.o [1]
  .text              ro code  0x080019e4   0x158  system_stm32f10x.o [1]
  .text              ro code  0x08001b3c   0x10c  main.o [1]
  .text              ro code  0x08001c48    0x18  bsp.o [1]
  .text              ro code  0x08001c60    0xb8  bsp_led.o [1]
  .text              ro code  0x08001d18    0x40  zero_init3.o [4]
  .text              ro code  0x08001d58    0x38  stm32f10x_it.o [1]
  .rodata            const    0x08001d90    0x2c  stm32f10x_it.o [1]
  .text              ro code  0x08001dbc    0x2c  copy_init3.o [4]
  .text              ro code  0x08001de8    0x28  data_init.o [4]
  .iar.init_table    const    0x08001e10    0x24  - Linker created -
  .text              ro code  0x08001e34    0x1a  cmain.o [4]
  .text              ro code  0x08001e4e     0x4  exit.o [3]
  .text              ro code  0x08001e54     0xa  cexit.o [4]
  .text              ro code  0x08001e60    0x14  exit.o [5]
  Initializer bytes  const    0x08001e74    0x18  <for P2-1>
  .text              ro code  0x08001e8c    0x10  startup_stm32f10x_hd.o [1]
  .rodata            const    0x08001e9c     0xc  main.o [1]
  .rodata            const    0x08001ea8     0xc  main.o [1]
  .rodata            const    0x08001eb4     0xc  main.o [1]
  .rodata            const    0x08001ec0     0xc  main.o [1]
  .text              ro code  0x08001ecc     0xc  cstartup_M.o [4]
  .rodata            const    0x08001ed8     0x8  tasks.o [1]
  .rodata            const    0x08001ee0     0x4  heap_4.o [1]
  .text              ro code  0x08001ee4     0x4  startup_stm32f10x_hd.o [1]
  .text              ro code  0x08001ee8     0x4  startup_stm32f10x_hd.o [1]
  .text              ro code  0x08001eec     0x4  startup_stm32f10x_hd.o [1]
  .text              ro code  0x08001ef0     0x4  startup_stm32f10x_hd.o [1]
  .text              ro code  0x08001ef4     0x4  startup_stm32f10x_hd.o [1]
  .text              ro code  0x08001ef8     0x4  startup_stm32f10x_hd.o [1]
  .text              ro code  0x08001efc     0x4  startup_stm32f10x_hd.o [1]
  .text              ro code  0x08001f00     0x4  startup_stm32f10x_hd.o [1]
  .text              ro code  0x08001f04     0x4  startup_stm32f10x_hd.o [1]
  .text              ro code  0x08001f08     0x4  startup_stm32f10x_hd.o [1]
  .text              ro code  0x08001f0c     0x4  startup_stm32f10x_hd.o [1]
  .text              ro code  0x08001f10     0x4  startup_stm32f10x_hd.o [1]
  .text              ro code  0x08001f14     0x4  startup_stm32f10x_hd.o [1]
  .text              ro code  0x08001f18     0x4  startup_stm32f10x_hd.o [1]
  .text              ro code  0x08001f1c     0x4  startup_stm32f10x_hd.o [1]
  .text              ro code  0x08001f20     0x4  startup_stm32f10x_hd.o [1]
  .text              ro code  0x08001f24     0x4  startup_stm32f10x_hd.o [1]
  .text              ro code  0x08001f28     0x4  startup_stm32f10x_hd.o [1]
  .text              ro code  0x08001f2c     0x4  startup_stm32f10x_hd.o [1]
  .text              ro code  0x08001f30     0x4  startup_stm32f10x_hd.o [1]
  .text              ro code  0x08001f34     0x4  startup_stm32f10x_hd.o [1]
  .text              ro code  0x08001f38     0x4  startup_stm32f10x_hd.o [1]
  .text              ro code  0x08001f3c     0x4  startup_stm32f10x_hd.o [1]
  .text              ro code  0x08001f40     0x4  startup_stm32f10x_hd.o [1]
  .text              ro code  0x08001f44     0x4  startup_stm32f10x_hd.o [1]
  .text              ro code  0x08001f48     0x4  startup_stm32f10x_hd.o [1]
  .text              ro code  0x08001f4c     0x4  startup_stm32f10x_hd.o [1]
  .text              ro code  0x08001f50     0x4  startup_stm32f10x_hd.o [1]
  .text              ro code  0x08001f54     0x4  startup_stm32f10x_hd.o [1]
  .text              ro code  0x08001f58     0x4  startup_stm32f10x_hd.o [1]
  .text              ro code  0x08001f5c     0x4  startup_stm32f10x_hd.o [1]
  .text              ro code  0x08001f60     0x4  startup_stm32f10x_hd.o [1]
  .text              ro code  0x08001f64     0x4  startup_stm32f10x_hd.o [1]
  .text              ro code  0x08001f68     0x4  startup_stm32f10x_hd.o [1]
  .text              ro code  0x08001f6c     0x4  startup_stm32f10x_hd.o [1]
  .text              ro code  0x08001f70     0x4  startup_stm32f10x_hd.o [1]
  .text              ro code  0x08001f74     0x4  startup_stm32f10x_hd.o [1]
  .text              ro code  0x08001f78     0x4  startup_stm32f10x_hd.o [1]
  .text              ro code  0x08001f7c     0x4  startup_stm32f10x_hd.o [1]
  .text              ro code  0x08001f80     0x4  startup_stm32f10x_hd.o [1]
  .text              ro code  0x08001f84     0x4  startup_stm32f10x_hd.o [1]
  .text              ro code  0x08001f88     0x4  startup_stm32f10x_hd.o [1]
  .text              ro code  0x08001f8c     0x4  startup_stm32f10x_hd.o [1]
  .text              ro code  0x08001f90     0x4  startup_stm32f10x_hd.o [1]
  .text              ro code  0x08001f94     0x4  startup_stm32f10x_hd.o [1]
  .text              ro code  0x08001f98     0x4  startup_stm32f10x_hd.o [1]
  .text              ro code  0x08001f9c     0x4  startup_stm32f10x_hd.o [1]
  .text              ro code  0x08001fa0     0x4  startup_stm32f10x_hd.o [1]
  .text              ro code  0x08001fa4     0x4  startup_stm32f10x_hd.o [1]
  .text              ro code  0x08001fa8     0x4  startup_stm32f10x_hd.o [1]
  .text              ro code  0x08001fac     0x4  startup_stm32f10x_hd.o [1]
  .text              ro code  0x08001fb0     0x4  startup_stm32f10x_hd.o [1]
  .text              ro code  0x08001fb4     0x4  startup_stm32f10x_hd.o [1]
  .text              ro code  0x08001fb8     0x4  startup_stm32f10x_hd.o [1]
  .text              ro code  0x08001fbc     0x4  startup_stm32f10x_hd.o [1]
  .text              ro code  0x08001fc0     0x4  startup_stm32f10x_hd.o [1]
  .text              ro code  0x08001fc4     0x4  startup_stm32f10x_hd.o [1]
  .text              ro code  0x08001fc8     0x4  startup_stm32f10x_hd.o [1]
  .rodata            const    0x08001fcc     0x0  zero_init3.o [4]
  .rodata            const    0x08001fcc     0x0  copy_init3.o [4]
                            - 0x08001fcc  0x1e9c

"P2", part 1 of 3:                          0x18
  P2-1                        0x20000000    0x18  <Init block>
    .data            inited   0x20000000     0x4  port.o [1]
    .data            inited   0x20000004    0x10  stm32f10x_rcc.o [1]
    .data            inited   0x20000014     0x4  stm32f10x_rcc.o [1]
                            - 0x20000018    0x18

"P2", part 2 of 3:                         0x800
  CSTACK                      0x20000018   0x800  <Block>
    CSTACK           uninit   0x20000018   0x800  <Block tail>
                            - 0x20000818   0x800

"P2", part 3 of 3:                        0x4a30
  .bss               zero     0x20000818  0x4400  heap_4.o [1]
  .bss               zero     0x20004c18   0x100  bsp_uart_fifo.o [1]
  .bss               zero     0x20004d18   0x100  bsp_uart_fifo.o [1]
  .bss               zero     0x20004e18   0x100  bsp_uart_fifo.o [1]
  .bss               zero     0x20004f18   0x100  bsp_uart_fifo.o [1]
  .bss               zero     0x20005018    0xa0  bsp_key.o [1]
  .bss               zero     0x200050b8    0x64  tasks.o [1]
  .bss               zero     0x2000511c    0x28  bsp_uart_fifo.o [1]
  .bss               zero     0x20005144    0x28  bsp_uart_fifo.o [1]
  .bss               zero     0x2000516c    0x14  tasks.o [1]
  .bss               zero     0x20005180    0x14  tasks.o [1]
  .bss               zero     0x20005194    0x14  tasks.o [1]
  .bss               zero     0x200051a8    0x14  tasks.o [1]
  .bss               zero     0x200051bc    0x14  tasks.o [1]
  .bss               zero     0x200051d0    0x10  bsp_key.o [1]
  .bss               zero     0x200051e0     0x8  heap_4.o [1]
  .bss               zero     0x200051e8     0x4  heap_4.o [1]
  .bss               zero     0x200051ec     0x4  heap_4.o [1]
  .bss               zero     0x200051f0     0x4  heap_4.o [1]
  .bss               zero     0x200051f4     0x4  heap_4.o [1]
  .bss               zero     0x200051f8     0x4  main.o [1]
  .bss               zero     0x200051fc     0x4  main.o [1]
  .bss               zero     0x20005200     0x4  main.o [1]
  .bss               zero     0x20005204     0x4  main.o [1]
  .bss               zero     0x20005208     0x4  port.o [1]
  .bss               zero     0x2000520c     0x4  tasks.o [1]
  .bss               zero     0x20005210     0x4  tasks.o [1]
  .bss               zero     0x20005214     0x4  tasks.o [1]
  .bss               zero     0x20005218     0x4  tasks.o [1]
  .bss               zero     0x2000521c     0x4  tasks.o [1]
  .bss               zero     0x20005220     0x4  tasks.o [1]
  .bss               zero     0x20005224     0x4  tasks.o [1]
  .bss               zero     0x20005228     0x4  tasks.o [1]
  .bss               zero     0x2000522c     0x4  tasks.o [1]
  .bss               zero     0x20005230     0x4  tasks.o [1]
  .bss               zero     0x20005234     0x4  tasks.o [1]
  .bss               zero     0x20005238     0x4  tasks.o [1]
  .bss               zero     0x2000523c     0x4  tasks.o [1]
  .bss               zero     0x20005240     0x4  tasks.o [1]
  .bss               zero     0x20005244     0x1  port.o [1]
                            - 0x20005245  0x4a2d


*******************************************************************************
*** INIT TABLE
***

          Address     Size
          -------     ----
Zero (__iar_zero_init3)
    1 destination range, total size 0x4a2d:
          0x20000818  0x4a2d

Copy (__iar_copy_init3)
    1 source range, total size 0x18:
          0x08001e74    0x18
    1 destination range, total size 0x18:
          0x20000000    0x18



*******************************************************************************
*** MODULE SUMMARY
***

    Module                  ro code  ro data  rw data
    ------                  -------  -------  -------
F:\phoenix\driver\keil\Project\EWARMv7\Flash\Obj: [1]
    bsp.o                        24
    bsp_key.o                   740               176
    bsp_led.o                   184
    bsp_uart_fifo.o           1 276             1 104
    heap_4.o                    588        4   17 432
    list.o                      152
    main.o                      268       48       16
    misc.o                      136
    port.o                      376        4        9
    portasm.o                   148
    startup_stm32f10x_hd.o      552
    stm32f10x_gpio.o            310
    stm32f10x_it.o               56       44
    stm32f10x_rcc.o             308       20       20
    stm32f10x_usart.o           482
    system_stm32f10x.o          344
    tasks.o                   1 804        8      256
    -------------------------------------------------
    Total:                    7 748      128   19 013

command line: [2]
    -------------------------------------------------
    Total:

dl7M_tlf.a: [3]
    exit.o                        4
    -------------------------------------------------
    Total:                        4

rt7M_tl.a: [4]
    cexit.o                      10
    cmain.o                      26
    copy_init3.o                 44
    cstartup_M.o                 12
    data_init.o                  40
    zero_init3.o                 64
    -------------------------------------------------
    Total:                      196

shb_l.a: [5]
    exit.o                       20
    -------------------------------------------------
    Total:                       20

    Gaps                          8
    Linker created                        36    2 048
-----------------------------------------------------
    Grand Total:              7 976      164   21 061


*******************************************************************************
*** ENTRY LIST
***

Entry                      Address    Size  Type      Object
-----                      -------    ----  ----      ------
.iar.init_table$$Base   0x08001e10           --   Gb  - Linker created -
.iar.init_table$$Limit  0x08001e34           --   Gb  - Linker created -
?main                   0x08001e35          Code  Gb  cmain.o [4]
ADCPrescTable           0x20000014     0x4  Data  Lc  stm32f10x_rcc.o [1]
APBAHBPrescTable        0x20000004    0x10  Data  Lc  stm32f10x_rcc.o [1]
AppTaskCreate           0x08001b99    0x80  Code  Lc  main.o [1]
BusFault_Handler        0x08001d8b     0x2  Code  Gb  stm32f10x_it.o [1]
CSTACK$$Base            0x20000018           --   Gb  - Linker created -
CSTACK$$Limit           0x20000818           --   Gb  - Linker created -
ComToUart               0x08000d41    0x3c  Code  Gb  bsp_uart_fifo.o [1]
ConfigUartNVIC          0x08001005    0x40  Code  Lc  bsp_uart_fifo.o [1]
DebugMon_Handler        0x08001d8f     0x2  Code  Gb  stm32f10x_it.o [1]
GPIO_Init               0x0800135d   0x136  Code  Gb  stm32f10x_gpio.o [1]
HardFault_Handler       0x08001d5b    0x22  Code  Gb  stm32f10x_it.o [1]
InitHardUart            0x08000ee1   0x124  Code  Lc  bsp_uart_fifo.o [1]
IsKeyDown1              0x08001701    0x26  Code  Lc  bsp_key.o [1]
IsKeyDown10             0x08001799    0x26  Code  Lc  bsp_key.o [1]
IsKeyDown2              0x08001727    0x26  Code  Lc  bsp_key.o [1]
IsKeyDown3              0x0800174d    0x26  Code  Lc  bsp_key.o [1]
IsKeyDown4              0x080017bf    0x12  Code  Lc  bsp_key.o [1]
IsKeyDown5              0x080017d1    0x12  Code  Lc  bsp_key.o [1]
IsKeyDown6              0x080017e3    0x12  Code  Lc  bsp_key.o [1]
IsKeyDown7              0x080017f5    0x12  Code  Lc  bsp_key.o [1]
IsKeyDown8              0x08001807    0x12  Code  Lc  bsp_key.o [1]
IsKeyDown9              0x08001773    0x26  Code  Lc  bsp_key.o [1]
MemManage_Handler       0x08001d89     0x2  Code  Gb  stm32f10x_it.o [1]
NMI_Handler             0x08001d59     0x2  Code  Gb  stm32f10x_it.o [1]
NVIC_Init               0x08001683    0x68  Code  Gb  misc.o [1]
NVIC_PriorityGroupConfig
                        0x08001679     0xa  Code  Gb  misc.o [1]
PendSV_Handler          0x0800083d          Code  Gb  portasm.o [1]
RCC_APB1PeriphClockCmd  0x08001323    0x1e  Code  Gb  stm32f10x_rcc.o [1]
RCC_APB2PeriphClockCmd  0x08001305    0x1e  Code  Gb  stm32f10x_rcc.o [1]
RCC_GetClocksFreq       0x08001229    0xdc  Code  Gb  stm32f10x_rcc.o [1]
RS485_InitTXE           0x08000ddf    0x28  Code  Gb  bsp_uart_fifo.o [1]
Region$$Table$$Base     0x08001e10           --   Gb  - Linker created -
Region$$Table$$Limit    0x08001e34           --   Gb  - Linker created -
SVC_Handler             0x0800088f          Code  Gb  portasm.o [1]
SetSysClock             0x08001a39     0x8  Code  Lc  system_stm32f10x.o [1]
SetSysClockTo72         0x08001a41    0xe0  Code  Lc  system_stm32f10x.o [1]
SysTick_Handler         0x080009f9    0x1e  Code  Gb  port.o [1]
SystemInit              0x080019e5    0x54  Code  Gb  system_stm32f10x.o [1]
USART1_IRQHandler       0x080011ed     0xa  Code  Gb  bsp_uart_fifo.o [1]
USART2_IRQHandler       0x080011f7     0xa  Code  Gb  bsp_uart_fifo.o [1]
USART_ClearFlag         0x080015fb     0xc  Code  Gb  stm32f10x_usart.o [1]
USART_Cmd               0x08001579    0x1c  Code  Gb  stm32f10x_usart.o [1]
USART_GetITStatus       0x08001607    0x70  Code  Gb  stm32f10x_usart.o [1]
USART_ITConfig          0x08001595    0x56  Code  Gb  stm32f10x_usart.o [1]
USART_Init              0x08001495    0xde  Code  Gb  stm32f10x_usart.o [1]
USART_ReceiveData       0x080015f3     0x8  Code  Gb  stm32f10x_usart.o [1]
USART_SendData          0x080015eb     0x8  Code  Gb  stm32f10x_usart.o [1]
UartGetChar             0x080010ad    0x48  Code  Lc  bsp_uart_fifo.o [1]
UartIRQ                 0x080010f5    0xf8  Code  Lc  bsp_uart_fifo.o [1]
UartSend                0x08001045    0x68  Code  Lc  bsp_uart_fifo.o [1]
UartVarInit             0x08000e07    0xda  Code  Lc  bsp_uart_fifo.o [1]
UsageFault_Handler      0x08001d8d     0x2  Code  Gb  stm32f10x_it.o [1]
__cmain                 0x08001e35          Code  Gb  cmain.o [4]
__exit                  0x08001e61    0x14  Code  Gb  exit.o [5]
__iar_copy_init3        0x08001dbd    0x2c  Code  Gb  copy_init3.o [4]
__iar_data_init3        0x08001de9    0x28  Code  Gb  data_init.o [4]
__iar_program_start     0x08001ecd          Code  Gb  cstartup_M.o [4]
__iar_zero_init3        0x08001d19    0x40  Code  Gb  zero_init3.o [4]
__vector_table          0x08000000          Data  Gb  startup_stm32f10x_hd.o [1]
_call_main              0x08001e41          Code  Gb  cmain.o [4]
_exit                   0x08001e55          Code  Gb  cexit.o [4]
_main                   0x08001e4b          Code  Gb  cmain.o [4]
bsp_Init                0x08001c49    0x18  Code  Gb  bsp.o [1]
bsp_InitKey             0x08001819     0xc  Code  Gb  bsp_key.o [1]
bsp_InitKeyHard         0x08001825    0x94  Code  Lc  bsp_key.o [1]
bsp_InitKeyVar          0x080018b9    0xdc  Code  Lc  bsp_key.o [1]
bsp_InitLed             0x08001c61    0x6e  Code  Gb  bsp_led.o [1]
bsp_InitUart            0x08000d2d    0x14  Code  Gb  bsp_uart_fifo.o [1]
bsp_LedOff              0x08001ccf    0x40  Code  Gb  bsp_led.o [1]
comGetChar              0x08000dbd    0x22  Code  Gb  bsp_uart_fifo.o [1]
comSendBuf              0x08000d7d    0x2e  Code  Gb  bsp_uart_fifo.o [1]
comSendChar             0x08000dab    0x12  Code  Gb  bsp_uart_fifo.o [1]
exit                    0x08001e4f     0x4  Code  Gb  exit.o [3]
g_RxBuf1                0x20004d18   0x100  Data  Lc  bsp_uart_fifo.o [1]
g_RxBuf2                0x20004f18   0x100  Data  Lc  bsp_uart_fifo.o [1]
g_TxBuf1                0x20004c18   0x100  Data  Lc  bsp_uart_fifo.o [1]
g_TxBuf2                0x20004e18   0x100  Data  Lc  bsp_uart_fifo.o [1]
g_tUart1                0x2000511c    0x28  Data  Lc  bsp_uart_fifo.o [1]
g_tUart2                0x20005144    0x28  Data  Lc  bsp_uart_fifo.o [1]
main                    0x08001b3d    0x16  Code  Gb  main.o [1]
prvAddCurrentTaskToDelayedList
                        0x08000731    0x4a  Code  Lc  tasks.o [1]
prvAllocateTCBAndStack  0x0800077b    0x3c  Code  Lc  tasks.o [1]
prvCheckTasksWaitingTermination
                        0x080006c7    0x66  Code  Lc  tasks.o [1]
prvDeleteTCB            0x080007b7    0x12  Code  Lc  tasks.o [1]
prvHeapInit             0x08000c3f    0x6e  Code  Lc  heap_4.o [1]
prvIdleTask             0x080005e5    0x18  Code  Lc  tasks.o [1]
prvInitialiseTCBVariables
                        0x08000609    0x66  Code  Lc  tasks.o [1]
prvInitialiseTaskLists  0x0800066f    0x58  Code  Lc  tasks.o [1]
prvInsertBlockIntoFreeList
                        0x08000cad    0x62  Code  Lc  heap_4.o [1]
prvResetNextTaskUnblockTime
                        0x080007c9    0x2a  Code  Lc  tasks.o [1]
prvTaskExitError        0x080008ed    0x18  Code  Lc  port.o [1]
pvPortMalloc            0x08000ae1    0xfa  Code  Gb  heap_4.o [1]
pxCurrentTCB            0x2000520c     0x4  Data  Gb  tasks.o [1]
pxDelayedTaskList       0x20005210     0x4  Data  Lc  tasks.o [1]
pxEnd                   0x200051e8     0x4  Data  Lc  heap_4.o [1]
pxOverflowDelayedTaskList
                        0x20005214     0x4  Data  Lc  tasks.o [1]
pxPortInitialiseStack   0x080008d1    0x1c  Code  Gb  port.o [1]
pxReadyTasksLists       0x200050b8    0x64  Data  Lc  tasks.o [1]
s_tBtn                  0x20005018    0xa0  Data  Lc  bsp_key.o [1]
s_tKey                  0x200051d0    0x10  Data  Lc  bsp_key.o [1]
ucHeap                  0x20000818  0x4400  Data  Lc  heap_4.o [1]
ucMaxSysCallPriority    0x20005244     0x1  Data  Lc  port.o [1]
ulMaxPRIGROUPValue      0x20005208     0x4  Data  Lc  port.o [1]
ulPortSetInterruptMask  0x0800087b          Code  Gb  portasm.o [1]
uxCriticalNesting       0x20000000     0x4  Data  Lc  port.o [1]
uxCurrentNumberOfTasks  0x2000521c     0x4  Data  Lc  tasks.o [1]
uxListRemove            0x08000ab9    0x28  Code  Gb  list.o [1]
uxPendedTicks           0x2000522c     0x4  Data  Lc  tasks.o [1]
uxSchedulerSuspended    0x20005240     0x4  Data  Lc  tasks.o [1]
uxTaskNumber            0x20005238     0x4  Data  Lc  tasks.o [1]
uxTasksDeleted          0x20005218     0x4  Data  Lc  tasks.o [1]
uxTopReadyPriority      0x20005224     0x4  Data  Lc  tasks.o [1]
vListInitialise         0x08000a49    0x1e  Code  Gb  list.o [1]
vListInsert             0x08000a7f    0x3a  Code  Gb  list.o [1]
vListInsertEnd          0x08000a67    0x18  Code  Gb  list.o [1]
vPortClearInterruptMask
                        0x08000889          Code  Gb  portasm.o [1]
vPortEnterCritical      0x0800099f    0x30  Code  Gb  port.o [1]
vPortExitCritical       0x080009cf    0x2a  Code  Gb  port.o [1]
vPortFree               0x08000bdb    0x64  Code  Gb  heap_4.o [1]
vPortSetupTimerInterrupt
                        0x08000a17     0xe  Code  Wk  port.o [1]
vPortStartFirstTask     0x080008af          Code  Gb  portasm.o [1]
vPortYield              0x0800098d    0x12  Code  Gb  port.o [1]
vTaskDelay              0x0800027f    0x6c  Code  Gb  tasks.o [1]
vTaskLED                0x08001b71     0xc  Code  Lc  main.o [1]
vTaskMsgPro             0x08001b7d     0xe  Code  Lc  main.o [1]
vTaskStart              0x08001b8b     0xe  Code  Lc  main.o [1]
vTaskStartScheduler     0x080002eb    0x58  Code  Gb  tasks.o [1]
vTaskSuspendAll         0x08000343    0x10  Code  Gb  tasks.o [1]
vTaskSwitchContext      0x0800056f    0x6a  Code  Gb  tasks.o [1]
vTaskTaskUserIF         0x08001b53    0x1e  Code  Lc  main.o [1]
xBlockAllocatedBit      0x200051f4     0x4  Data  Lc  heap_4.o [1]
xDelayedTaskList1       0x2000516c    0x14  Data  Lc  tasks.o [1]
xDelayedTaskList2       0x20005180    0x14  Data  Lc  tasks.o [1]
xFreeBytesRemaining     0x200051ec     0x4  Data  Lc  heap_4.o [1]
xHandleTaskLED          0x200051fc     0x4  Data  Lc  main.o [1]
xHandleTaskMsgPro       0x20005200     0x4  Data  Lc  main.o [1]
xHandleTaskStart        0x20005204     0x4  Data  Lc  main.o [1]
xHandleTaskUserIF       0x200051f8     0x4  Data  Lc  main.o [1]
xHeapStructSize         0x08001ee0     0x4  Data  Lc  heap_4.o [1]
xMinimumEverFreeBytesRemaining
                        0x200051f0     0x4  Data  Lc  heap_4.o [1]
xNextTaskUnblockTime    0x2000523c     0x4  Data  Lc  tasks.o [1]
xNumOfOverflows         0x20005234     0x4  Data  Lc  tasks.o [1]
xPendingReadyList       0x20005194    0x14  Data  Lc  tasks.o [1]
xPortStartScheduler     0x08000905    0x88  Code  Gb  port.o [1]
xSchedulerRunning       0x20005228     0x4  Data  Lc  tasks.o [1]
xStart                  0x200051e0     0x8  Data  Lc  heap_4.o [1]
xSuspendedTaskList      0x200051bc    0x14  Data  Lc  tasks.o [1]
xTaskGenericCreate      0x08000131   0x14e  Code  Gb  tasks.o [1]
xTaskIncrementTick      0x0800043b   0x134  Code  Gb  tasks.o [1]
xTaskResumeAll          0x08000353    0xe8  Code  Gb  tasks.o [1]
xTasksWaitingTermination
                        0x200051a8    0x14  Data  Lc  tasks.o [1]
xTickCount              0x20005220     0x4  Data  Lc  tasks.o [1]
xYieldPending           0x20005230     0x4  Data  Lc  tasks.o [1]


[1] = F:\phoenix\driver\keil\Project\EWARMv7\Flash\Obj
[2] = command line
[3] = dl7M_tlf.a
[4] = rt7M_tl.a
[5] = shb_l.a

   7 976 bytes of readonly  code memory
     164 bytes of readonly  data memory
  21 061 bytes of readwrite data memory

Errors: none
Warnings: none
