Component: ARM Compiler 5.05 update 1 (build 106) Tool: armlink [4d0efa]

==============================================================================

Section Cross References

    main.o(i.AppTaskCreate) refers to tasks.o(i.xTaskGenericCreate) for xTaskGenericCreate
    main.o(i.AppTaskCreate) refers to main.o(.data) for xHandleTaskUserIF
    main.o(i.AppTaskCreate) refers to main.o(i.vTaskTaskUserIF) for vTaskTaskUserIF
    main.o(i.AppTaskCreate) refers to main.o(i.vTaskLED) for vTaskLED
    main.o(i.AppTaskCreate) refers to main.o(i.vTaskMsgPro) for vTaskMsgPro
    main.o(i.AppTaskCreate) refers to main.o(i.vTaskStart) for vTaskStart
    main.o(i.main) refers to bsp.o(i.bsp_Init) for bsp_Init
    main.o(i.main) refers to main.o(i.AppTaskCreate) for AppTaskCreate
    main.o(i.main) refers to tasks.o(i.vTaskStartScheduler) for vTaskStartScheduler
    main.o(i.vTaskLED) refers to printfb.o(i.__0printf$bare) for __2printf
    main.o(i.vTaskLED) refers to tasks.o(i.vTaskDelay) for vTaskDelay
    main.o(i.vTaskMsgPro) refers to printfb.o(i.__0printf$bare) for __2printf
    main.o(i.vTaskMsgPro) refers to tasks.o(i.vTaskDelay) for vTaskDelay
    main.o(i.vTaskStart) refers to printfb.o(i.__0printf$bare) for __2printf
    main.o(i.vTaskStart) refers to tasks.o(i.vTaskDelay) for vTaskDelay
    main.o(i.vTaskTaskUserIF) refers to printfb.o(i.__0printf$bare) for __2printf
    main.o(i.vTaskTaskUserIF) refers to tasks.o(i.vTaskDelay) for vTaskDelay
    bsp.o(i.bsp_Init) refers to misc.o(i.NVIC_PriorityGroupConfig) for NVIC_PriorityGroupConfig
    bsp.o(i.bsp_Init) refers to bsp_uart_fifo.o(i.bsp_InitUart) for bsp_InitUart
    bsp.o(i.bsp_Init) refers to bsp_led.o(i.bsp_InitLed) for bsp_InitLed
    bsp.o(i.bsp_Init) refers to bsp_key.o(i.bsp_InitKey) for bsp_InitKey
    bsp_key.o(i.bsp_ClearKey) refers to bsp_key.o(.bss) for s_tKey
    bsp_key.o(i.bsp_DetectKey) refers to bsp_key.o(i.bsp_PutKey) for bsp_PutKey
    bsp_key.o(i.bsp_DetectKey) refers to bsp_key.o(.bss) for s_tBtn
    bsp_key.o(i.bsp_GetKey) refers to bsp_key.o(.bss) for s_tKey
    bsp_key.o(i.bsp_GetKey2) refers to bsp_key.o(.bss) for s_tKey
    bsp_key.o(i.bsp_GetKeyState) refers to bsp_key.o(.bss) for s_tBtn
    bsp_key.o(i.bsp_InitKey) refers to bsp_key.o(i.bsp_InitKeyVar) for bsp_InitKeyVar
    bsp_key.o(i.bsp_InitKey) refers to bsp_key.o(i.bsp_InitKeyHard) for bsp_InitKeyHard
    bsp_key.o(i.bsp_InitKeyHard) refers to stm32f10x_rcc.o(i.RCC_APB2PeriphClockCmd) for RCC_APB2PeriphClockCmd
    bsp_key.o(i.bsp_InitKeyHard) refers to stm32f10x_gpio.o(i.GPIO_Init) for GPIO_Init
    bsp_key.o(i.bsp_InitKeyVar) refers to bsp_key.o(.bss) for s_tKey
    bsp_key.o(i.bsp_InitKeyVar) refers to bsp_key.o(i.IsKeyDown1) for IsKeyDown1
    bsp_key.o(i.bsp_InitKeyVar) refers to bsp_key.o(i.IsKeyDown2) for IsKeyDown2
    bsp_key.o(i.bsp_InitKeyVar) refers to bsp_key.o(i.IsKeyDown3) for IsKeyDown3
    bsp_key.o(i.bsp_InitKeyVar) refers to bsp_key.o(i.IsKeyDown4) for IsKeyDown4
    bsp_key.o(i.bsp_InitKeyVar) refers to bsp_key.o(i.IsKeyDown5) for IsKeyDown5
    bsp_key.o(i.bsp_InitKeyVar) refers to bsp_key.o(i.IsKeyDown6) for IsKeyDown6
    bsp_key.o(i.bsp_InitKeyVar) refers to bsp_key.o(i.IsKeyDown7) for IsKeyDown7
    bsp_key.o(i.bsp_InitKeyVar) refers to bsp_key.o(i.IsKeyDown8) for IsKeyDown8
    bsp_key.o(i.bsp_InitKeyVar) refers to bsp_key.o(i.IsKeyDown9) for IsKeyDown9
    bsp_key.o(i.bsp_InitKeyVar) refers to bsp_key.o(i.IsKeyDown10) for IsKeyDown10
    bsp_key.o(i.bsp_KeyScan) refers to bsp_key.o(i.bsp_DetectKey) for bsp_DetectKey
    bsp_key.o(i.bsp_PutKey) refers to bsp_key.o(.bss) for s_tKey
    bsp_key.o(i.bsp_SetKeyParam) refers to bsp_key.o(.bss) for s_tBtn
    bsp_led.o(i.bsp_InitLed) refers to stm32f10x_rcc.o(i.RCC_APB2PeriphClockCmd) for RCC_APB2PeriphClockCmd
    bsp_led.o(i.bsp_InitLed) refers to bsp_led.o(i.bsp_LedOff) for bsp_LedOff
    bsp_led.o(i.bsp_InitLed) refers to stm32f10x_gpio.o(i.GPIO_Init) for GPIO_Init
    bsp_uart_fifo.o(i.ComToUart) refers to bsp_uart_fifo.o(.bss) for g_tUart1
    bsp_uart_fifo.o(i.ConfigUartNVIC) refers to misc.o(i.NVIC_Init) for NVIC_Init
    bsp_uart_fifo.o(i.InitHardUart) refers to stm32f10x_rcc.o(i.RCC_APB2PeriphClockCmd) for RCC_APB2PeriphClockCmd
    bsp_uart_fifo.o(i.InitHardUart) refers to stm32f10x_gpio.o(i.GPIO_Init) for GPIO_Init
    bsp_uart_fifo.o(i.InitHardUart) refers to stm32f10x_usart.o(i.USART_Init) for USART_Init
    bsp_uart_fifo.o(i.InitHardUart) refers to stm32f10x_usart.o(i.USART_ITConfig) for USART_ITConfig
    bsp_uart_fifo.o(i.InitHardUart) refers to stm32f10x_usart.o(i.USART_Cmd) for USART_Cmd
    bsp_uart_fifo.o(i.InitHardUart) refers to stm32f10x_usart.o(i.USART_ClearFlag) for USART_ClearFlag
    bsp_uart_fifo.o(i.InitHardUart) refers to stm32f10x_rcc.o(i.RCC_APB1PeriphClockCmd) for RCC_APB1PeriphClockCmd
    bsp_uart_fifo.o(i.RS485_InitTXE) refers to stm32f10x_rcc.o(i.RCC_APB2PeriphClockCmd) for RCC_APB2PeriphClockCmd
[...]
    port.o(i.prvTaskExitError) refers to port.o(.data) for uxCriticalNesting
    port.o(i.pxPortInitialiseStack) refers to port.o(i.prvTaskExitError) for prvTaskExitError
    port.o(i.vPortEndScheduler) refers to port.o(.emb_text) for ulPortSetInterruptMask
    port.o(i.vPortEndScheduler) refers to port.o(.data) for uxCriticalNesting
    port.o(i.vPortEnterCritical) refers to port.o(.emb_text) for ulPortSetInterruptMask
    port.o(i.vPortEnterCritical) refers to port.o(.data) for uxCriticalNesting
    port.o(i.vPortExitCritical) refers to port.o(.emb_text) for ulPortSetInterruptMask
    port.o(i.vPortExitCritical) refers to port.o(.data) for uxCriticalNesting
    port.o(i.vPortValidateInterruptPriority) refers to port.o(.emb_text) for vPortGetIPSR
    port.o(i.vPortValidateInterruptPriority) refers to port.o(.data) for ucMaxSysCallPriority
    port.o(i.xPortStartScheduler) refers to port.o(i.vPortSetupTimerInterrupt) for vPortSetupTimerInterrupt
    port.o(i.xPortStartScheduler) refers to port.o(.emb_text) for __asm___6_port_c_39a90d8d__prvStartFirstTask
    port.o(i.xPortStartScheduler) refers to port.o(.data) for ucMaxSysCallPriority
    heap_4.o(i.prvHeapInit) refers to heap_4.o(.bss) for ucHeap
    heap_4.o(i.prvHeapInit) refers to heap_4.o(.data) for xStart
    heap_4.o(i.prvInsertBlockIntoFreeList) refers to heap_4.o(.data) for xStart
    heap_4.o(i.pvPortMalloc) refers to tasks.o(i.vTaskSuspendAll) for vTaskSuspendAll
    heap_4.o(i.pvPortMalloc) refers to heap_4.o(i.prvHeapInit) for prvHeapInit
    heap_4.o(i.pvPortMalloc) refers to port.o(.emb_text) for ulPortSetInterruptMask
    heap_4.o(i.pvPortMalloc) refers to heap_4.o(i.prvInsertBlockIntoFreeList) for prvInsertBlockIntoFreeList
    heap_4.o(i.pvPortMalloc) refers to tasks.o(i.xTaskResumeAll) for xTaskResumeAll
    heap_4.o(i.pvPortMalloc) refers to heap_4.o(.data) for pxEnd
    heap_4.o(i.vPortFree) refers to port.o(.emb_text) for ulPortSetInterruptMask
    heap_4.o(i.vPortFree) refers to tasks.o(i.vTaskSuspendAll) for vTaskSuspendAll
    heap_4.o(i.vPortFree) refers to heap_4.o(i.prvInsertBlockIntoFreeList) for prvInsertBlockIntoFreeList
    heap_4.o(i.vPortFree) refers to tasks.o(i.xTaskResumeAll) for xTaskResumeAll
    heap_4.o(i.vPortFree) refers to heap_4.o(.data) for xBlockAllocatedBit
    heap_4.o(i.xPortGetFreeHeapSize) refers to heap_4.o(.data) for xFreeBytesRemaining
    heap_4.o(i.xPortGetMinimumEverFreeHeapSize) refers to heap_4.o(.data) for xMinimumEverFreeBytesRemaining
    entry.o(.ARM.Collect$$$$00000000) refers (Special) to entry10a.o(.ARM.Collect$$$$0000000D) for __rt_final_cpp
    entry.o(.ARM.Collect$$$$00000000) refers (Special) to entry11a.o(.ARM.Collect$$$$0000000F) for __rt_final_exit
    entry.o(.ARM.Collect$$$$00000000) refers (Special) to entry7b.o(.ARM.Collect$$$$00000008) for _main_clock
    entry.o(.ARM.Collect$$$$00000000) refers (Special) to entry8b.o(.ARM.Collect$$$$0000000A) for _main_cpp_init
    entry.o(.ARM.Collect$$$$00000000) refers (Special) to entry9a.o(.ARM.Collect$$$$0000000B) for _main_init
    entry.o(.ARM.Collect$$$$00000000) refers (Special) to entry5.o(.ARM.Collect$$$$00000004) for _main_scatterload
    entry.o(.ARM.Collect$$$$00000000) refers (Special) to entry2.o(.ARM.Collect$$$$00000001) for _main_stk
    printfb.o(i.__0fprintf$bare) refers to printfb.o(i._printf_core) for _printf_core
    printfb.o(i.__0fprintf$bare) refers to bsp_uart_fifo.o(i.fputc) for fputc
    printfb.o(i.__0printf$bare) refers to printfb.o(i._printf_core) for _printf_core
    printfb.o(i.__0printf$bare) refers to bsp_uart_fifo.o(i.fputc) for fputc
    printfb.o(i.__0printf$bare) refers to stdout.o(.data) for __stdout
    printfb.o(i.__0snprintf$bare) refers to printfb.o(i._printf_core) for _printf_core
    printfb.o(i.__0snprintf$bare) refers to printfb.o(i._snputc) for _snputc
    printfb.o(i.__0sprintf$bare) refers to printfb.o(i._printf_core) for _printf_core
    printfb.o(i.__0sprintf$bare) refers to printfb.o(i._sputc) for _sputc
    printfb.o(i.__0vfprintf$bare) refers to printfb.o(i._printf_core) for _printf_core
    printfb.o(i.__0vfprintf$bare) refers to bsp_uart_fifo.o(i.fputc) for fputc
    printfb.o(i.__0vprintf$bare) refers to printfb.o(i._printf_core) for _printf_core
    printfb.o(i.__0vprintf$bare) refers to bsp_uart_fifo.o(i.fputc) for fputc
    printfb.o(i.__0vprintf$bare) refers to stdout.o(.data) for __stdout
    printfb.o(i.__0vsnprintf$bare) refers to printfb.o(i._printf_core) for _printf_core
    printfb.o(i.__0vsnprintf$bare) refers to printfb.o(i._snputc) for _snputc
    printfb.o(i.__0vsprintf$bare) refers to printfb.o(i._printf_core) for _printf_core
    printfb.o(i.__0vsprintf$bare) refers to printfb.o(i._sputc) for _sputc
    printf0.o(i.__0fprintf$0) refers to printf0.o(i._printf_core) for _printf_core
    printf0.o(i.__0fprintf$0) refers to bsp_uart_fifo.o(i.fputc) for fputc
    printf0.o(i.__0printf$0) refers to printf0.o(i._printf_core) for _printf_core
    printf0.o(i.__0printf$0) refers to bsp_uart_fifo.o(i.fputc) for fputc
    printf0.o(i.__0printf$0) refers to stdout.o(.data) for __stdout
    printf0.o(i.__0snprintf$0) refers to printf0.o(i._printf_core) for _printf_core
    printf0.o(i.__0snprintf$0) refers to printf0.o(i._snputc) for _snputc
    printf0.o(i.__0sprintf$0) refers to printf0.o(i._printf_core) for _printf_core
    printf0.o(i.__0sprintf$0) refers to printf0.o(i._sputc) for _sputc
    printf0.o(i.__0vfprintf$0) refers to printf0.o(i._printf_core) for _printf_core
    printf0.o(i.__0vfprintf$0) refers to bsp_uart_fifo.o(i.fputc) for fputc
    printf0.o(i.__0vprintf$0) refers to printf0.o(i._printf_core) for _printf_core
    printf0.o(i.__0vprintf$0) refers to bsp_uart_fifo.o(i.fputc) for fputc
    printf0.o(i.__0vprintf$0) refers to stdout.o(.data) for __stdout
    printf0.o(i.__0vsnprintf$0) refers to printf0.o(i._printf_core) for _printf_core
    printf0.o(i.__0vsnprintf$0) refers to printf0.o(i._snputc) for _snputc
    printf0.o(i.__0vsprintf$0) refers to printf0.o(i._printf_core) for _printf_core
    printf0.o(i.__0vsprintf$0) refers to printf0.o(i._sputc) for _sputc
    printf1.o(i.__0fprintf$1) refers to printf1.o(i._printf_core) for _printf_core
    printf1.o(i.__0fprintf$1) refers to bsp_uart_fifo.o(i.fputc) for fputc
    printf1.o(i.__0printf$1) refers to printf1.o(i._printf_core) for _printf_core
    printf1.o(i.__0printf$1) refers to bsp_uart_fifo.o(i.fputc) for fputc
    printf1.o(i.__0printf$1) refers to stdout.o(.data) for __stdout
    printf1.o(i.__0snprintf$1) refers to printf1.o(i._printf_core) for _printf_core
    printf1.o(i.__0snprintf$1) refers to printf1.o(i._snputc) for _snputc
    printf1.o(i.__0sprintf$1) refers to printf1.o(i._printf_core) for _printf_core
    printf1.o(i.__0sprintf$1) refers to printf1.o(i._sputc) for _sputc
    printf1.o(i.__0vfprintf$1) refers to printf1.o(i._printf_core) for _printf_core
    printf1.o(i.__0vfprintf$1) refers to bsp_uart_fifo.o(i.fputc) for fputc
    printf1.o(i.__0vprintf$1) refers to printf1.o(i._printf_core) for _printf_core
    printf1.o(i.__0vprintf$1) refers to bsp_uart_fifo.o(i.fputc) for fputc
    printf1.o(i.__0vprintf$1) refers to stdout.o(.data) for __stdout
    printf1.o(i.__0vsnprintf$1) refers to printf1.o(i._printf_core) for _printf_core
    printf1.o(i.__0vsnprintf$1) refers to printf1.o(i._snputc) for _snputc
    printf1.o(i.__0vsprintf$1) refers to printf1.o(i._printf_core) for _printf_core
    printf1.o(i.__0vsprintf$1) refers to printf1.o(i._sputc) for _sputc
    printf1.o(i._printf_core) refers to uidiv.o(.text) for __aeabi_uidivmod
    printf2.o(i.__0fprintf$2) refers to printf2.o(i._printf_core) for _printf_core
    printf2.o(i.__0fprintf$2) refers to bsp_uart_fifo.o(i.fputc) for fputc
    printf2.o(i.__0printf$2) refers to printf2.o(i._printf_core) for _printf_core
    printf2.o(i.__0printf$2) refers to bsp_uart_fifo.o(i.fputc) for fputc
    printf2.o(i.__0printf$2) refers to stdout.o(.data) for __stdout
    printf2.o(i.__0snprintf$2) refers to printf2.o(i._printf_core) for _printf_core
    printf2.o(i.__0snprintf$2) refers to printf2.o(i._snputc) for _snputc
    printf2.o(i.__0sprintf$2) refers to printf2.o(i._printf_core) for _printf_core
    printf2.o(i.__0sprintf$2) refers to printf2.o(i._sputc) for _sputc
    printf2.o(i.__0vfprintf$2) refers to printf2.o(i._printf_core) for _printf_core
    printf2.o(i.__0vfprintf$2) refers to bsp_uart_fifo.o(i.fputc) for fputc
    printf2.o(i.__0vprintf$2) refers to printf2.o(i._printf_core) for _printf_core
    printf2.o(i.__0vprintf$2) refers to bsp_uart_fifo.o(i.fputc) for fputc
    printf2.o(i.__0vprintf$2) refers to stdout.o(.data) for __stdout
    printf2.o(i.__0vsnprintf$2) refers to printf2.o(i._printf_core) for _printf_core
    printf2.o(i.__0vsnprintf$2) refers to printf2.o(i._snputc) for _snputc
    printf2.o(i.__0vsprintf$2) refers to printf2.o(i._printf_core) for _printf_core
    printf2.o(i.__0vsprintf$2) refers to printf2.o(i._sputc) for _sputc
    printf3.o(i.__0fprintf$3) refers to printf3.o(i._printf_core) for _printf_core
    printf3.o(i.__0fprintf$3) refers to bsp_uart_fifo.o(i.fputc) for fputc
    printf3.o(i.__0printf$3) refers to printf3.o(i._printf_core) for _printf_core
    printf3.o(i.__0printf$3) refers to bsp_uart_fifo.o(i.fputc) for fputc
    printf3.o(i.__0printf$3) refers to stdout.o(.data) for __stdout
    printf3.o(i.__0snprintf$3) refers to printf3.o(i._printf_core) for _printf_core
    printf3.o(i.__0snprintf$3) refers to printf3.o(i._snputc) for _snputc
    printf3.o(i.__0sprintf$3) refers to printf3.o(i._printf_core) for _printf_core
    printf3.o(i.__0sprintf$3) refers to printf3.o(i._sputc) for _sputc
    printf3.o(i.__0vfprintf$3) refers to printf3.o(i._printf_core) for _printf_core
    printf3.o(i.__0vfprintf$3) refers to bsp_uart_fifo.o(i.fputc) for fputc
    printf3.o(i.__0vprintf$3) refers to printf3.o(i._printf_core) for _printf_core
    printf3.o(i.__0vprintf$3) refers to bsp_uart_fifo.o(i.fputc) for fputc
    printf3.o(i.__0vprintf$3) refers to stdout.o(.data) for __stdout
    printf3.o(i.__0vsnprintf$3) refers to printf3.o(i._printf_core) for _printf_core
    printf3.o(i.__0vsnprintf$3) refers to printf3.o(i._snputc) for _snputc
    printf3.o(i.__0vsprintf$3) refers to printf3.o(i._printf_core) for _printf_core
    printf3.o(i.__0vsprintf$3) refers to printf3.o(i._sputc) for _sputc
    printf3.o(i._printf_core) refers to uidiv.o(.text) for __aeabi_uidivmod
    printf4.o(i.__0fprintf$4) refers to printf4.o(i._printf_core) for _printf_core
    printf4.o(i.__0fprintf$4) refers to bsp_uart_fifo.o(i.fputc) for fputc
    printf4.o(i.__0printf$4) refers to printf4.o(i._printf_core) for _printf_core
    printf4.o(i.__0printf$4) refers to bsp_uart_fifo.o(i.fputc) for fputc
    printf4.o(i.__0printf$4) refers to stdout.o(.data) for __stdout
    printf4.o(i.__0snprintf$4) refers to printf4.o(i._printf_core) for _printf_core
    printf4.o(i.__0snprintf$4) refers to printf4.o(i._snputc) for _snputc
    printf4.o(i.__0sprintf$4) refers to printf4.o(i._printf_core) for _printf_core
    printf4.o(i.__0sprintf$4) refers to printf4.o(i._sputc) for _sputc
    printf4.o(i.__0vfprintf$4) refers to printf4.o(i._printf_core) for _printf_core
    printf4.o(i.__0vfprintf$4) refers to bsp_uart_fifo.o(i.fputc) for fputc
    printf4.o(i.__0vprintf$4) refers to printf4.o(i._printf_core) for _printf_core
    printf4.o(i.__0vprintf$4) refers to bsp_uart_fifo.o(i.fputc) for fputc
    printf4.o(i.__0vprintf$4) refers to stdout.o(.data) for __stdout
    printf4.o(i.__0vsnprintf$4) refers to printf4.o(i._printf_core) for _printf_core
    printf4.o(i.__0vsnprintf$4) refers to printf4.o(i._snputc) for _snputc
    printf4.o(i.__0vsprintf$4) refers to printf4.o(i._printf_core) for _printf_core
    printf4.o(i.__0vsprintf$4) refers to printf4.o(i._sputc) for _sputc
    printf4.o(i._printf_core) refers to uldiv.o(.text) for __aeabi_uldivmod
    printf5.o(i.__0fprintf$5) refers to printf5.o(i._printf_core) for _printf_core
    printf5.o(i.__0fprintf$5) refers to bsp_uart_fifo.o(i.fputc) for fputc
    printf5.o(i.__0printf$5) refers to printf5.o(i._printf_core) for _printf_core
    printf5.o(i.__0printf$5) refers to bsp_uart_fifo.o(i.fputc) for fputc
    printf5.o(i.__0printf$5) refers to stdout.o(.data) for __stdout
    printf5.o(i.__0snprintf$5) refers to printf5.o(i._printf_core) for _printf_core
    printf5.o(i.__0snprintf$5) refers to printf5.o(i._snputc) for _snputc
    printf5.o(i.__0sprintf$5) refers to printf5.o(i._printf_core) for _printf_core
    printf5.o(i.__0sprintf$5) refers to printf5.o(i._sputc) for _sputc
    printf5.o(i.__0vfprintf$5) refers to printf5.o(i._printf_core) for _printf_core
    printf5.o(i.__0vfprintf$5) refers to bsp_uart_fifo.o(i.fputc) for fputc
    printf5.o(i.__0vprintf$5) refers to printf5.o(i._printf_core) for _printf_core
    printf5.o(i.__0vprintf$5) refers to bsp_uart_fifo.o(i.fputc) for fputc
    printf5.o(i.__0vprintf$5) refers to stdout.o(.data) for __stdout
    printf5.o(i.__0vsnprintf$5) refers to printf5.o(i._printf_core) for _printf_core
    printf5.o(i.__0vsnprintf$5) refers to printf5.o(i._snputc) for _snputc
    printf5.o(i.__0vsprintf$5) refers to printf5.o(i._printf_core) for _printf_core
    printf5.o(i.__0vsprintf$5) refers to printf5.o(i._sputc) for _sputc
    printf5.o(i._printf_core) refers to uldiv.o(.text) for __aeabi_uldivmod
    printf6.o(i.__0fprintf$6) refers to printf6.o(i._printf_core) for _printf_core
    printf6.o(i.__0fprintf$6) refers to bsp_uart_fifo.o(i.fputc) for fputc
    printf6.o(i.__0printf$6) refers to printf6.o(i._printf_core) for _printf_core
    printf6.o(i.__0printf$6) refers to bsp_uart_fifo.o(i.fputc) for fputc
    printf6.o(i.__0printf$6) refers to stdout.o(.data) for __stdout
    printf6.o(i.__0snprintf$6) refers to printf6.o(i._printf_core) for _printf_core
    printf6.o(i.__0snprintf$6) refers to printf6.o(i._snputc) for _snputc
    printf6.o(i.__0sprintf$6) refers to printf6.o(i._printf_core) for _printf_core
    printf6.o(i.__0sprintf$6) refers to printf6.o(i._sputc) for _sputc
    printf6.o(i.__0vfprintf$6) refers to printf6.o(i._printf_core) for _printf_core
    printf6.o(i.__0vfprintf$6) refers to bsp_uart_fifo.o(i.fputc) for fputc
    printf6.o(i.__0vprintf$6) refers to printf6.o(i._printf_core) for _printf_core
    printf6.o(i.__0vprintf$6) refers to bsp_uart_fifo.o(i.fputc) for fputc
    printf6.o(i.__0vprintf$6) refers to stdout.o(.data) for __stdout
    printf6.o(i.__0vsnprintf$6) refers to printf6.o(i._printf_core) for _printf_core
    printf6.o(i.__0vsnprintf$6) refers to printf6.o(i._snputc) for _snputc
    printf6.o(i.__0vsprintf$6) refers to printf6.o(i._printf_core) for _printf_core
    printf6.o(i.__0vsprintf$6) refers to printf6.o(i._sputc) for _sputc
    printf6.o(i._printf_core) refers to printf6.o(i._printf_pre_padding) for _printf_pre_padding
    printf6.o(i._printf_core) refers to uidiv.o(.text) for __aeabi_uidivmod
    printf6.o(i._printf_core) refers to printf6.o(i._printf_post_padding) for _printf_post_padding
    printf7.o(i.__0fprintf$7) refers to printf7.o(i._printf_core) for _printf_core
    printf7.o(i.__0fprintf$7) refers to bsp_uart_fifo.o(i.fputc) for fputc
    printf7.o(i.__0printf$7) refers to printf7.o(i._printf_core) for _printf_core
    printf7.o(i.__0printf$7) refers to bsp_uart_fifo.o(i.fputc) for fputc
    printf7.o(i.__0printf$7) refers to stdout.o(.data) for __stdout
    printf7.o(i.__0snprintf$7) refers to printf7.o(i._printf_core) for _printf_core
    printf7.o(i.__0snprintf$7) refers to printf7.o(i._snputc) for _snputc
    printf7.o(i.__0sprintf$7) refers to printf7.o(i._printf_core) for _printf_core
    printf7.o(i.__0sprintf$7) refers to printf7.o(i._sputc) for _sputc
    printf7.o(i.__0vfprintf$7) refers to printf7.o(i._printf_core) for _printf_core
    printf7.o(i.__0vfprintf$7) refers to bsp_uart_fifo.o(i.fputc) for fputc
    printf7.o(i.__0vprintf$7) refers to printf7.o(i._printf_core) for _printf_core
    printf7.o(i.__0vprintf$7) refers to bsp_uart_fifo.o(i.fputc) for fputc
    printf7.o(i.__0vprintf$7) refers to stdout.o(.data) for __stdout
    printf7.o(i.__0vsnprintf$7) refers to printf7.o(i._printf_core) for _printf_core
    printf7.o(i.__0vsnprintf$7) refers to printf7.o(i._snputc) for _snputc
    printf7.o(i.__0vsprintf$7) refers to printf7.o(i._printf_core) for _printf_core
    printf7.o(i.__0vsprintf$7) refers to printf7.o(i._sputc) for _sputc
    printf7.o(i._printf_core) refers to printf7.o(i._printf_pre_padding) for _printf_pre_padding
    printf7.o(i._printf_core) refers to uldiv.o(.text) for __aeabi_uldivmod
    printf7.o(i._printf_core) refers to printf7.o(i._printf_post_padding) for _printf_post_padding
    printf8.o(i.__0fprintf$8) refers to printf8.o(i._printf_core) for _printf_core
    printf8.o(i.__0fprintf$8) refers to bsp_uart_fifo.o(i.fputc) for fputc
    printf8.o(i.__0printf$8) refers to printf8.o(i._printf_core) for _printf_core
    printf8.o(i.__0printf$8) refers to bsp_uart_fifo.o(i.fputc) for fputc
    printf8.o(i.__0printf$8) refers to stdout.o(.data) for __stdout
    printf8.o(i.__0snprintf$8) refers to printf8.o(i._printf_core) for _printf_core
    printf8.o(i.__0snprintf$8) refers to printf8.o(i._snputc) for _snputc
    printf8.o(i.__0sprintf$8) refers to printf8.o(i._printf_core) for _printf_core
    printf8.o(i.__0sprintf$8) refers to printf8.o(i._sputc) for _sputc
    printf8.o(i.__0vfprintf$8) refers to printf8.o(i._printf_core) for _printf_core
    printf8.o(i.__0vfprintf$8) refers to bsp_uart_fifo.o(i.fputc) for fputc
    printf8.o(i.__0vprintf$8) refers to printf8.o(i._printf_core) for _printf_core
    printf8.o(i.__0vprintf$8) refers to bsp_uart_fifo.o(i.fputc) for fputc
    printf8.o(i.__0vprintf$8) refers to stdout.o(.data) for __stdout
    printf8.o(i.__0vsnprintf$8) refers to printf8.o(i._printf_core) for _printf_core
    printf8.o(i.__0vsnprintf$8) refers to printf8.o(i._snputc) for _snputc
    printf8.o(i.__0vsprintf$8) refers to printf8.o(i._printf_core) for _printf_core
    printf8.o(i.__0vsprintf$8) refers to printf8.o(i._sputc) for _sputc
    printf8.o(i._printf_core) refers to printf8.o(i._printf_pre_padding) for _printf_pre_padding
    printf8.o(i._printf_core) refers to uldiv.o(.text) for __aeabi_uldivmod
    printf8.o(i._printf_core) refers to printf8.o(i._printf_post_padding) for _printf_post_padding
    printfa.o(i.__0fprintf) refers (Special) to iusefp.o(.text) for __I$use$fp
    printfa.o(i.__0fprintf) refers to printfa.o(i._printf_core) for _printf_core
    printfa.o(i.__0fprintf) refers to bsp_uart_fifo.o(i.fputc) for fputc
    printfa.o(i.__0printf) refers (Special) to iusefp.o(.text) for __I$use$fp
    printfa.o(i.__0printf) refers to printfa.o(i._printf_core) for _printf_core
    printfa.o(i.__0printf) refers to bsp_uart_fifo.o(i.fputc) for fputc
    printfa.o(i.__0printf) refers to stdout.o(.data) for __stdout
    printfa.o(i.__0snprintf) refers (Special) to iusefp.o(.text) for __I$use$fp
    printfa.o(i.__0snprintf) refers to printfa.o(i._printf_core) for _printf_core
    printfa.o(i.__0snprintf) refers to printfa.o(i._snputc) for _snputc
    printfa.o(i.__0sprintf) refers (Special) to iusefp.o(.text) for __I$use$fp
    printfa.o(i.__0sprintf) refers to printfa.o(i._printf_core) for _printf_core
    printfa.o(i.__0sprintf) refers to printfa.o(i._sputc) for _sputc
    printfa.o(i.__0vfprintf) refers (Special) to iusefp.o(.text) for __I$use$fp
    printfa.o(i.__0vfprintf) refers to printfa.o(i._printf_core) for _printf_core
    printfa.o(i.__0vfprintf) refers to bsp_uart_fifo.o(i.fputc) for fputc
    printfa.o(i.__0vprintf) refers (Special) to iusefp.o(.text) for __I$use$fp
    printfa.o(i.__0vprintf) refers to printfa.o(i._printf_core) for _printf_core
    printfa.o(i.__0vprintf) refers to bsp_uart_fifo.o(i.fputc) for fputc
    printfa.o(i.__0vprintf) refers to stdout.o(.data) for __stdout
    printfa.o(i.__0vsnprintf) refers (Special) to iusefp.o(.text) for __I$use$fp
    printfa.o(i.__0vsnprintf) refers to printfa.o(i._printf_core) for _printf_core
    printfa.o(i.__0vsnprintf) refers to printfa.o(i._snputc) for _snputc
    printfa.o(i.__0vsprintf) refers (Special) to iusefp.o(.text) for __I$use$fp
    printfa.o(i.__0vsprintf) refers to printfa.o(i._printf_core) for _printf_core
    printfa.o(i.__0vsprintf) refers to printfa.o(i._sputc) for _sputc
    printfa.o(i._fp_digits) refers (Special) to iusefp.o(.text) for __I$use$fp
    printfa.o(i._fp_digits) refers to dmul.o(.text) for __aeabi_dmul
    printfa.o(i._fp_digits) refers to ddiv.o(.text) for __aeabi_ddiv
    printfa.o(i._fp_digits) refers to cdrcmple.o(.text) for __aeabi_cdrcmple
    printfa.o(i._fp_digits) refers to dadd.o(.text) for __aeabi_dadd
    printfa.o(i._fp_digits) refers to dfixul.o(.text) for __aeabi_d2ulz
    printfa.o(i._fp_digits) refers to uldiv.o(.text) for __aeabi_uldivmod
    printfa.o(i._printf_core) refers (Special) to iusefp.o(.text) for __I$use$fp
    printfa.o(i._printf_core) refers to printfa.o(i._printf_pre_padding) for _printf_pre_padding
    printfa.o(i._printf_core) refers to uldiv.o(.text) for __aeabi_uldivmod
    printfa.o(i._printf_core) refers to printfa.o(i._printf_post_padding) for _printf_post_padding
    printfa.o(i._printf_core) refers to printfa.o(i._fp_digits) for _fp_digits
    printfa.o(i._printf_core) refers to uidiv.o(.text) for __aeabi_uidivmod
    printfa.o(i._printf_post_padding) refers (Special) to iusefp.o(.text) for __I$use$fp
    printfa.o(i._printf_pre_padding) refers (Special) to iusefp.o(.text) for __I$use$fp
    printfa.o(i._snputc) refers (Special) to iusefp.o(.text) for __I$use$fp
    printfa.o(i._sputc) refers (Special) to iusefp.o(.text) for __I$use$fp
    entry2.o(.ARM.Collect$$$$00000001) refers to entry2.o(.ARM.Collect$$$$00002712) for __lit__00000000
    entry2.o(.ARM.Collect$$$$00002712) refers to startup_stm32f10x_md.o(STACK) for __initial_sp
    entry2.o(__vectab_stack_and_reset_area) refers to startup_stm32f10x_md.o(STACK) for __initial_sp
    entry2.o(__vectab_stack_and_reset_area) refers to entry.o(.ARM.Collect$$$$00000000) for __main
    entry5.o(.ARM.Collect$$$$00000004) refers to init.o(.text) for __scatterload
    entry9a.o(.ARM.Collect$$$$0000000B) refers to main.o(i.main) for main
    entry9b.o(.ARM.Collect$$$$0000000C) refers to main.o(i.main) for main
    uldiv.o(.text) refers to llushr.o(.text) for __aeabi_llsr
    uldiv.o(.text) refers to llshl.o(.text) for __aeabi_llsl
    dadd.o(.text) refers to llshl.o(.text) for __aeabi_llsl
    dadd.o(.text) refers to llsshr.o(.text) for __aeabi_lasr
    dadd.o(.text) refers to depilogue.o(.text) for _double_epilogue
    dmul.o(.text) refers to depilogue.o(.text) for _double_epilogue
    ddiv.o(.text) refers to depilogue.o(.text) for _double_round
    dfixul.o(.text) refers to llushr.o(.text) for __aeabi_llsr
    dfixul.o(.text) refers to llshl.o(.text) for __aeabi_llsl
    init.o(.text) refers to entry5.o(.ARM.Collect$$$$00000004) for __main_after_scatterload
    depilogue.o(.text) refers to llshl.o(.text) for __aeabi_llsl
    depilogue.o(.text) refers to llushr.o(.text) for __aeabi_llsr


==============================================================================

Removing Unused input sections from the image.

    Removing main.o(.rev16_text), (4 bytes).
    Removing main.o(.revsh_text), (4 bytes).
    Removing bsp.o(.rev16_text), (4 bytes).
    Removing bsp.o(.revsh_text), (4 bytes).
    Removing bsp_key.o(.rev16_text), (4 bytes).
    Removing bsp_key.o(.revsh_text), (4 bytes).
    Removing bsp_key.o(i.bsp_ClearKey), (16 bytes).
    Removing bsp_key.o(i.bsp_DetectKey), (204 bytes).
    Removing bsp_key.o(i.bsp_GetKey), (52 bytes).
    Removing bsp_key.o(i.bsp_GetKey2), (52 bytes).
    Removing bsp_key.o(i.bsp_GetKeyState), (16 bytes).
    Removing bsp_key.o(i.bsp_KeyScan), (22 bytes).
    Removing bsp_key.o(i.bsp_PutKey), (32 bytes).
    Removing bsp_key.o(i.bsp_SetKeyParam), (36 bytes).
    Removing bsp_led.o(.rev16_text), (4 bytes).
    Removing bsp_led.o(.revsh_text), (4 bytes).
    Removing bsp_led.o(i.bsp_IsLedOn), (100 bytes).
    Removing bsp_led.o(i.bsp_LedOn), (60 bytes).
    Removing bsp_led.o(i.bsp_LedToggle), (76 bytes).
    Removing bsp_uart_fifo.o(.rev16_text), (4 bytes).
    Removing bsp_uart_fifo.o(.revsh_text), (4 bytes).
    Removing bsp_uart_fifo.o(i.RS485_ReciveNew), (2 bytes).
    Removing bsp_uart_fifo.o(i.RS485_SendBefor), (12 bytes).
    Removing bsp_uart_fifo.o(i.RS485_SendBuf), (18 bytes).
    Removing bsp_uart_fifo.o(i.RS485_SendOver), (12 bytes).
    Removing bsp_uart_fifo.o(i.RS485_SendStr), (22 bytes).
    Removing bsp_uart_fifo.o(i.UartGetChar), (66 bytes).
    Removing bsp_uart_fifo.o(i.bsp_Set485Baud), (44 bytes).
    Removing bsp_uart_fifo.o(i.bsp_SetUart1Baud), (44 bytes).
    Removing bsp_uart_fifo.o(i.bsp_SetUart2Baud), (44 bytes).
    Removing bsp_uart_fifo.o(i.comClearRxFifo), (28 bytes).
    Removing bsp_uart_fifo.o(i.comClearTxFifo), (28 bytes).
    Removing bsp_uart_fifo.o(i.comGetChar), (30 bytes).
    Removing bsp_uart_fifo.o(i.fgetc), (24 bytes).
    Removing stm32f10x_it.o(.rev16_text), (4 bytes).
    Removing stm32f10x_it.o(.revsh_text), (4 bytes).
    Removing stm32f10x_assert.o(.rev16_text), (4 bytes).
    Removing stm32f10x_assert.o(.revsh_text), (4 bytes).
    Removing startup_stm32f10x_md.o(HEAP), (512 bytes).
    Removing misc.o(.rev16_text), (4 bytes).
    Removing misc.o(.revsh_text), (4 bytes).
    Removing misc.o(i.NVIC_SetVectorTable), (20 bytes).
    Removing misc.o(i.NVIC_SystemLPConfig), (32 bytes).
    Removing misc.o(i.SysTick_CLKSourceConfig), (40 bytes).
    Removing stm32f10x_gpio.o(.rev16_text), (4 bytes).
    Removing stm32f10x_gpio.o(.revsh_text), (4 bytes).
    Removing stm32f10x_gpio.o(i.GPIO_AFIODeInit), (20 bytes).
    Removing stm32f10x_gpio.o(i.GPIO_DeInit), (200 bytes).
    Removing stm32f10x_gpio.o(i.GPIO_ETH_MediaInterfaceConfig), (12 bytes).
    Removing stm32f10x_gpio.o(i.GPIO_EXTILineConfig), (64 bytes).
    Removing stm32f10x_gpio.o(i.GPIO_EventOutputCmd), (12 bytes).
    Removing stm32f10x_gpio.o(i.GPIO_EventOutputConfig), (32 bytes).
    Removing stm32f10x_gpio.o(i.GPIO_PinLockConfig), (18 bytes).
    Removing stm32f10x_gpio.o(i.GPIO_PinRemapConfig), (144 bytes).
    Removing stm32f10x_gpio.o(i.GPIO_ReadInputData), (8 bytes).
    Removing stm32f10x_gpio.o(i.GPIO_ReadInputDataBit), (18 bytes).
    Removing stm32f10x_gpio.o(i.GPIO_ReadOutputData), (8 bytes).
    Removing stm32f10x_gpio.o(i.GPIO_ReadOutputDataBit), (18 bytes).
    Removing stm32f10x_gpio.o(i.GPIO_ResetBits), (4 bytes).
    Removing stm32f10x_gpio.o(i.GPIO_SetBits), (4 bytes).
    Removing stm32f10x_gpio.o(i.GPIO_StructInit), (16 bytes).
    Removing stm32f10x_gpio.o(i.GPIO_Write), (4 bytes).
    Removing stm32f10x_gpio.o(i.GPIO_WriteBit), (10 bytes).
    Removing stm32f10x_rcc.o(.rev16_text), (4 bytes).
    Removing stm32f10x_rcc.o(.revsh_text), (4 bytes).
    Removing stm32f10x_rcc.o(i.RCC_ADCCLKConfig), (24 bytes).
    Removing stm32f10x_rcc.o(i.RCC_AHBPeriphClockCmd), (32 bytes).
    Removing stm32f10x_rcc.o(i.RCC_APB1PeriphResetCmd), (32 bytes).
    Removing stm32f10x_rcc.o(i.RCC_APB2PeriphResetCmd), (32 bytes).
    Removing stm32f10x_rcc.o(i.RCC_AdjustHSICalibrationValue), (24 bytes).
    Removing stm32f10x_rcc.o(i.RCC_BackupResetCmd), (12 bytes).
    Removing stm32f10x_rcc.o(i.RCC_ClearFlag), (20 bytes).
    Removing stm32f10x_rcc.o(i.RCC_ClearITPendingBit), (12 bytes).
    Removing stm32f10x_rcc.o(i.RCC_ClockSecuritySystemCmd), (12 bytes).
    Removing stm32f10x_rcc.o(i.RCC_DeInit), (76 bytes).
    Removing stm32f10x_rcc.o(i.RCC_GetFlagStatus), (60 bytes).
    Removing stm32f10x_rcc.o(i.RCC_GetITStatus), (24 bytes).
    Removing stm32f10x_rcc.o(i.RCC_GetSYSCLKSource), (16 bytes).
    Removing stm32f10x_rcc.o(i.RCC_HCLKConfig), (24 bytes).
    Removing stm32f10x_rcc.o(i.RCC_HSEConfig), (76 bytes).
    Removing stm32f10x_rcc.o(i.RCC_HSICmd), (12 bytes).
    Removing stm32f10x_rcc.o(i.RCC_ITConfig), (32 bytes).
    Removing stm32f10x_rcc.o(i.RCC_LSEConfig), (52 bytes).
    Removing stm32f10x_rcc.o(i.RCC_LSICmd), (12 bytes).
    Removing stm32f10x_rcc.o(i.RCC_MCOConfig), (12 bytes).
    Removing stm32f10x_rcc.o(i.RCC_PCLK1Config), (24 bytes).
    Removing stm32f10x_rcc.o(i.RCC_PCLK2Config), (24 bytes).
    Removing stm32f10x_rcc.o(i.RCC_PLLCmd), (12 bytes).
    Removing stm32f10x_rcc.o(i.RCC_PLLConfig), (28 bytes).
    Removing stm32f10x_rcc.o(i.RCC_RTCCLKCmd), (12 bytes).
    Removing stm32f10x_rcc.o(i.RCC_RTCCLKConfig), (16 bytes).
    Removing stm32f10x_rcc.o(i.RCC_SYSCLKConfig), (24 bytes).
    Removing stm32f10x_rcc.o(i.RCC_USBCLKConfig), (12 bytes).
    Removing stm32f10x_rcc.o(i.RCC_WaitForHSEStartUp), (56 bytes).
    Removing stm32f10x_usart.o(.rev16_text), (4 bytes).
    Removing stm32f10x_usart.o(.revsh_text), (4 bytes).
    Removing stm32f10x_usart.o(i.USART_ClearITPendingBit), (30 bytes).
    Removing stm32f10x_usart.o(i.USART_ClockInit), (34 bytes).
    Removing stm32f10x_usart.o(i.USART_ClockStructInit), (12 bytes).
    Removing stm32f10x_usart.o(i.USART_DMACmd), (18 bytes).
    Removing stm32f10x_usart.o(i.USART_DeInit), (156 bytes).
    Removing stm32f10x_usart.o(i.USART_GetFlagStatus), (26 bytes).
    Removing stm32f10x_usart.o(i.USART_HalfDuplexCmd), (24 bytes).
    Removing stm32f10x_usart.o(i.USART_IrDACmd), (24 bytes).
    Removing stm32f10x_usart.o(i.USART_IrDAConfig), (18 bytes).
    Removing stm32f10x_usart.o(i.USART_LINBreakDetectLengthConfig), (18 bytes).
    Removing stm32f10x_usart.o(i.USART_LINCmd), (24 bytes).
    Removing stm32f10x_usart.o(i.USART_OneBitMethodCmd), (24 bytes).
    Removing stm32f10x_usart.o(i.USART_OverSampling8Cmd), (22 bytes).
    Removing stm32f10x_usart.o(i.USART_ReceiverWakeUpCmd), (24 bytes).
    Removing stm32f10x_usart.o(i.USART_SendBreak), (10 bytes).
    Removing stm32f10x_usart.o(i.USART_SetAddress), (18 bytes).
    Removing stm32f10x_usart.o(i.USART_SetGuardTime), (16 bytes).
    Removing stm32f10x_usart.o(i.USART_SetPrescaler), (16 bytes).
    Removing stm32f10x_usart.o(i.USART_SmartCardCmd), (24 bytes).
    Removing stm32f10x_usart.o(i.USART_SmartCardNACKCmd), (24 bytes).
    Removing stm32f10x_usart.o(i.USART_StructInit), (24 bytes).
    Removing stm32f10x_usart.o(i.USART_WakeUpConfig), (18 bytes).
    Removing stm32f10x_flash.o(.rev16_text), (4 bytes).
    Removing stm32f10x_flash.o(.revsh_text), (4 bytes).
    Removing stm32f10x_flash.o(i.FLASH_ClearFlag), (12 bytes).
    Removing stm32f10x_flash.o(i.FLASH_EnableWriteProtection), (196 bytes).
    Removing stm32f10x_flash.o(i.FLASH_EraseAllBank1Pages), (72 bytes).
    Removing stm32f10x_flash.o(i.FLASH_EraseAllPages), (72 bytes).
    Removing stm32f10x_flash.o(i.FLASH_EraseOptionBytes), (168 bytes).
    Removing stm32f10x_flash.o(i.FLASH_ErasePage), (76 bytes).
    Removing stm32f10x_flash.o(i.FLASH_GetBank1Status), (52 bytes).
    Removing stm32f10x_flash.o(i.FLASH_GetFlagStatus), (48 bytes).
    Removing stm32f10x_flash.o(i.FLASH_GetPrefetchBufferStatus), (24 bytes).
    Removing stm32f10x_flash.o(i.FLASH_GetReadOutProtectionStatus), (24 bytes).
    Removing stm32f10x_flash.o(i.FLASH_GetStatus), (52 bytes).
    Removing stm32f10x_flash.o(i.FLASH_GetUserOptionByte), (12 bytes).
    Removing stm32f10x_flash.o(i.FLASH_GetWriteProtectionOptionByte), (12 bytes).
    Removing stm32f10x_flash.o(i.FLASH_HalfCycleAccessCmd), (28 bytes).
    Removing stm32f10x_flash.o(i.FLASH_ITConfig), (32 bytes).
    Removing stm32f10x_flash.o(i.FLASH_Lock), (20 bytes).
    Removing stm32f10x_flash.o(i.FLASH_LockBank1), (20 bytes).
    Removing stm32f10x_flash.o(i.FLASH_PrefetchBufferCmd), (28 bytes).
    Removing stm32f10x_flash.o(i.FLASH_ProgramHalfWord), (64 bytes).
    Removing stm32f10x_flash.o(i.FLASH_ProgramOptionByteData), (84 bytes).
    Removing stm32f10x_flash.o(i.FLASH_ProgramWord), (108 bytes).
    Removing stm32f10x_flash.o(i.FLASH_ReadOutProtection), (172 bytes).
    Removing stm32f10x_flash.o(i.FLASH_SetLatency), (24 bytes).
    Removing stm32f10x_flash.o(i.FLASH_Unlock), (24 bytes).
    Removing stm32f10x_flash.o(i.FLASH_UnlockBank1), (24 bytes).
    Removing stm32f10x_flash.o(i.FLASH_UserOptionByteConfig), (104 bytes).
    Removing stm32f10x_flash.o(i.FLASH_WaitForLastBank1Operation), (38 bytes).
    Removing stm32f10x_flash.o(i.FLASH_WaitForLastOperation), (38 bytes).
    Removing system_stm32f10x.o(.rev16_text), (4 bytes).
    Removing system_stm32f10x.o(.revsh_text), (4 bytes).
    Removing system_stm32f10x.o(i.SystemCoreClockUpdate), (164 bytes).
    Removing system_stm32f10x.o(.data), (20 bytes).
    Removing event_groups.o(i.prvTestWaitCondition), (30 bytes).
    Removing event_groups.o(i.vEventGroupClearBitsCallback), (16 bytes).
    Removing event_groups.o(i.vEventGroupDelete), (68 bytes).
    Removing event_groups.o(i.vEventGroupSetBitsCallback), (16 bytes).
    Removing event_groups.o(i.xEventGroupClearBits), (64 bytes).
    Removing event_groups.o(i.xEventGroupCreate), (26 bytes).
    Removing event_groups.o(i.xEventGroupGetBitsFromISR), (28 bytes).
    Removing event_groups.o(i.xEventGroupSetBits), (178 bytes).
    Removing event_groups.o(i.xEventGroupSync), (186 bytes).
    Removing event_groups.o(i.xEventGroupWaitBits), (238 bytes).
    Removing queue.o(i.prvCopyDataFromQueue), (42 bytes).
    Removing queue.o(i.prvCopyDataToQueue), (110 bytes).
    Removing queue.o(i.prvIsQueueEmpty), (26 bytes).
    Removing queue.o(i.prvIsQueueFull), (30 bytes).
    Removing queue.o(i.prvUnlockQueue), (126 bytes).
    Removing queue.o(i.uxQueueMessagesWaiting), (28 bytes).
    Removing queue.o(i.uxQueueMessagesWaitingFromISR), (20 bytes).
    Removing queue.o(i.uxQueueSpacesAvailable), (34 bytes).
    Removing queue.o(i.vQueueDelete), (24 bytes).
    Removing queue.o(i.xQueueGenericCreate), (102 bytes).
    Removing queue.o(i.xQueueGenericReceive), (290 bytes).
    Removing queue.o(i.xQueueGenericReset), (120 bytes).
    Removing queue.o(i.xQueueGenericSend), (296 bytes).
    Removing queue.o(i.xQueueGenericSendFromISR), (172 bytes).
    Removing queue.o(i.xQueueGiveFromISR), (148 bytes).
    Removing queue.o(i.xQueueIsQueueEmptyFromISR), (28 bytes).
    Removing queue.o(i.xQueueIsQueueFullFromISR), (32 bytes).
    Removing queue.o(i.xQueuePeekFromISR), (110 bytes).
    Removing queue.o(i.xQueueReceiveFromISR), (136 bytes).
    Removing tasks.o(i.prvTaskIsTaskSuspended), (76 bytes).
    Removing tasks.o(i.ulTaskNotifyTake), (180 bytes).
    Removing tasks.o(i.uxTaskGetNumberOfTasks), (12 bytes).
    Removing tasks.o(i.uxTaskPriorityGet), (36 bytes).
    Removing tasks.o(i.uxTaskPriorityGetFromISR), (48 bytes).
    Removing tasks.o(i.uxTaskResetEventItemValue), (28 bytes).
    Removing tasks.o(i.vTaskDelayUntil), (192 bytes).
    Removing tasks.o(i.vTaskDelete), (192 bytes).
    Removing tasks.o(i.vTaskEndScheduler), (24 bytes).
    Removing tasks.o(i.vTaskMissedYield), (12 bytes).
    Removing tasks.o(i.vTaskNotifyGiveFromISR), (180 bytes).
    Removing tasks.o(i.vTaskPlaceOnEventList), (112 bytes).
    Removing tasks.o(i.vTaskPlaceOnUnorderedEventList), (152 bytes).
    Removing tasks.o(i.vTaskPrioritySet), (236 bytes).
    Removing tasks.o(i.vTaskResume), (116 bytes).
    Removing tasks.o(i.vTaskSetTimeOutState), (36 bytes).
    Removing tasks.o(i.vTaskSuspend), (200 bytes).
    Removing tasks.o(i.xTaskCheckForTimeOut), (116 bytes).
    Removing tasks.o(i.xTaskGenericNotify), (216 bytes).
    Removing tasks.o(i.xTaskGenericNotifyFromISR), (260 bytes).
    Removing tasks.o(i.xTaskGetTickCount), (12 bytes).
    Removing tasks.o(i.xTaskGetTickCountFromISR), (20 bytes).
    Removing tasks.o(i.xTaskNotifyStateClear), (56 bytes).
    Removing tasks.o(i.xTaskNotifyWait), (212 bytes).
    Removing tasks.o(i.xTaskRemoveFromEventList), (140 bytes).
    Removing tasks.o(i.xTaskRemoveFromUnorderedEventList), (148 bytes).
    Removing tasks.o(i.xTaskResumeFromISR), (148 bytes).
    Removing port.o(i.vPortEndScheduler), (36 bytes).
    Removing port.o(i.vPortValidateInterruptPriority), (92 bytes).
    Removing heap_4.o(i.vPortInitialiseBlocks), (2 bytes).
    Removing heap_4.o(i.xPortGetFreeHeapSize), (12 bytes).
    Removing heap_4.o(i.xPortGetMinimumEverFreeHeapSize), (12 bytes).
    Removing dadd.o(.text), (334 bytes).
    Removing dmul.o(.text), (228 bytes).
    Removing ddiv.o(.text), (222 bytes).
    Removing dfixul.o(.text), (48 bytes).
    Removing cdrcmple.o(.text), (48 bytes).
    Removing depilogue.o(.text), (186 bytes).

219 unused section(s) (total 12664 bytes) removed from the image.

==============================================================================

Image Symbol Table

    Local Symbols

    Symbol Name                              Value     Ov Type        Size  Object(Section)

    ../clib/microlib/division.c              0x00000000   Number         0  uldiv.o ABSOLUTE
    ../clib/microlib/division.c              0x00000000   Number         0  uidiv.o ABSOLUTE
    ../clib/microlib/init/entry.s            0x00000000   Number         0  entry5.o ABSOLUTE
    ../clib/microlib/init/entry.s            0x00000000   Number         0  entry10b.o ABSOLUTE
    ../clib/microlib/init/entry.s            0x00000000   Number         0  entry7b.o ABSOLUTE
    ../clib/microlib/init/entry.s            0x00000000   Number         0  entry8a.o ABSOLUTE
    ../clib/microlib/init/entry.s            0x00000000   Number         0  entry8b.o ABSOLUTE
    ../clib/microlib/init/entry.s            0x00000000   Number         0  entry9a.o ABSOLUTE
    ../clib/microlib/init/entry.s            0x00000000   Number         0  entry9b.o ABSOLUTE
    ../clib/microlib/init/entry.s            0x00000000   Number         0  entry10a.o ABSOLUTE
    ../clib/microlib/init/entry.s            0x00000000   Number         0  entry11a.o ABSOLUTE
    ../clib/microlib/init/entry.s            0x00000000   Number         0  entry11b.o ABSOLUTE
    ../clib/microlib/init/entry.s            0x00000000   Number         0  entry2.o ABSOLUTE
    ../clib/microlib/init/entry.s            0x00000000   Number         0  entry.o ABSOLUTE
    ../clib/microlib/init/entry.s            0x00000000   Number         0  entry7a.o ABSOLUTE
    ../clib/microlib/longlong.c              0x00000000   Number         0  llushr.o ABSOLUTE
    ../clib/microlib/longlong.c              0x00000000   Number         0  llsshr.o ABSOLUTE
    ../clib/microlib/longlong.c              0x00000000   Number         0  llshl.o ABSOLUTE
    ../clib/microlib/printf/printf.c         0x00000000   Number         0  printf5.o ABSOLUTE
    ../clib/microlib/printf/printf.c         0x00000000   Number         0  printf4.o ABSOLUTE
    ../clib/microlib/printf/printf.c         0x00000000   Number         0  printf2.o ABSOLUTE
    ../clib/microlib/printf/printf.c         0x00000000   Number         0  printf3.o ABSOLUTE
    ../clib/microlib/printf/printf.c         0x00000000   Number         0  printf1.o ABSOLUTE
    ../clib/microlib/printf/printf.c         0x00000000   Number         0  printf0.o ABSOLUTE
    ../clib/microlib/printf/printf.c         0x00000000   Number         0  printfb.o ABSOLUTE
    ../clib/microlib/printf/printf.c         0x00000000   Number         0  printfa.o ABSOLUTE
    ../clib/microlib/printf/printf.c         0x00000000   Number         0  printf8.o ABSOLUTE
    ../clib/microlib/printf/printf.c         0x00000000   Number         0  printf7.o ABSOLUTE
    ../clib/microlib/printf/printf.c         0x00000000   Number         0  printf6.o ABSOLUTE
    ../clib/microlib/stdio/streams.c         0x00000000   Number         0  stdout.o ABSOLUTE
    ../clib/microlib/string/memcpy.c         0x00000000   Number         0  memcpyb.o ABSOLUTE
    ../clib/microlib/string/memcpy.c         0x00000000   Number         0  memcpya.o ABSOLUTE
    ../clib/microlib/string/strlen.c         0x00000000   Number         0  strlen.o ABSOLUTE
    ../clib/microlib/stubs.s                 0x00000000   Number         0  iusefp.o ABSOLUTE
    ../fplib/microlib/fpadd.c                0x00000000   Number         0  dadd.o ABSOLUTE
    ../fplib/microlib/fpdiv.c                0x00000000   Number         0  ddiv.o ABSOLUTE
    ../fplib/microlib/fpepilogue.c           0x00000000   Number         0  depilogue.o ABSOLUTE
    ../fplib/microlib/fpfix.c                0x00000000   Number         0  dfixul.o ABSOLUTE
    ../fplib/microlib/fpmul.c                0x00000000   Number         0  dmul.o ABSOLUTE
    ..\..\FreeRTOS\croutine.c                0x00000000   Number         0  croutine.o ABSOLUTE
    ..\..\FreeRTOS\event_groups.c            0x00000000   Number         0  event_groups.o ABSOLUTE
    ..\..\FreeRTOS\list.c                    0x00000000   Number         0  list.o ABSOLUTE
    ..\..\FreeRTOS\portable\MemMang\heap_4.c 0x00000000   Number         0  heap_4.o ABSOLUTE
    ..\..\FreeRTOS\portable\RVDS\ARM_CM3\port.c 0x00000000   Number         0  port.o ABSOLUTE
    ..\..\FreeRTOS\queue.c                   0x00000000   Number         0  queue.o ABSOLUTE
    ..\..\FreeRTOS\tasks.c                   0x00000000   Number         0  tasks.o ABSOLUTE
    ..\..\FreeRTOS\timers.c                  0x00000000   Number         0  timers.o ABSOLUTE
    ..\..\Libraries\CMSIS\Device\ST\STM32F10x\Source\Templates\arm\startup_stm32f10x_md.s 0x00000000   Number         0  startup_stm32f10x_md.o ABSOLUTE
    ..\..\Libraries\STM32F10x_StdPeriph_Driver\src\misc.c 0x00000000   Number         0  misc.o ABSOLUTE
    ..\..\Libraries\STM32F10x_StdPeriph_Driver\src\stm32f10x_flash.c 0x00000000   Number         0  stm32f10x_flash.o ABSOLUTE
    ..\..\Libraries\STM32F10x_StdPeriph_Driver\src\stm32f10x_gpio.c 0x00000000   Number         0  stm32f10x_gpio.o ABSOLUTE
    ..\..\Libraries\STM32F10x_StdPeriph_Driver\src\stm32f10x_rcc.c 0x00000000   Number         0  stm32f10x_rcc.o ABSOLUTE
    ..\..\Libraries\STM32F10x_StdPeriph_Driver\src\stm32f10x_usart.c 0x00000000   Number         0  stm32f10x_usart.o ABSOLUTE
    ..\..\User\bsp\bsp.c                     0x00000000   Number         0  bsp.o ABSOLUTE
    ..\..\User\bsp\src\bsp_key.c             0x00000000   Number         0  bsp_key.o ABSOLUTE
    ..\..\User\bsp\src\bsp_led.c             0x00000000   Number         0  bsp_led.o ABSOLUTE
    ..\..\User\bsp\src\bsp_uart_fifo.c       0x00000000   Number         0  bsp_uart_fifo.o ABSOLUTE
    ..\..\User\bsp\stm32f10x_assert.c        0x00000000   Number         0  stm32f10x_assert.o ABSOLUTE
    ..\..\User\bsp\stm32f10x_it.c            0x00000000   Number         0  stm32f10x_it.o ABSOLUTE
    ..\..\User\bsp\system_stm32f10x.c        0x00000000   Number         0  system_stm32f10x.o ABSOLUTE
    ..\..\User\main.c                        0x00000000   Number         0  main.o ABSOLUTE
    ..\\..\\FreeRTOS\\portable\\RVDS\\ARM_CM3\\port.c 0x00000000   Number         0  port.o ABSOLUTE
    ..\\..\\Libraries\\STM32F10x_StdPeriph_Driver\\src\\misc.c 0x00000000   Number         0  misc.o ABSOLUTE
    ..\\..\\Libraries\\STM32F10x_StdPeriph_Driver\\src\\stm32f10x_flash.c 0x00000000   Number         0  stm32f10x_flash.o ABSOLUTE
    ..\\..\\Libraries\\STM32F10x_StdPeriph_Driver\\src\\stm32f10x_gpio.c 0x00000000   Number         0  stm32f10x_gpio.o ABSOLUTE
    ..\\..\\Libraries\\STM32F10x_StdPeriph_Driver\\src\\stm32f10x_rcc.c 0x00000000   Number         0  stm32f10x_rcc.o ABSOLUTE
    ..\\..\\Libraries\\STM32F10x_StdPeriph_Driver\\src\\stm32f10x_usart.c 0x00000000   Number         0  stm32f10x_usart.o ABSOLUTE
    ..\\..\\User\\bsp\\bsp.c                 0x00000000   Number         0  bsp.o ABSOLUTE
    ..\\..\\User\\bsp\\src\\bsp_key.c        0x00000000   Number         0  bsp_key.o ABSOLUTE
    ..\\..\\User\\bsp\\src\\bsp_led.c        0x00000000   Number         0  bsp_led.o ABSOLUTE
    ..\\..\\User\\bsp\\src\\bsp_uart_fifo.c  0x00000000   Number         0  bsp_uart_fifo.o ABSOLUTE
    ..\\..\\User\\bsp\\stm32f10x_assert.c    0x00000000   Number         0  stm32f10x_assert.o ABSOLUTE
    ..\\..\\User\\bsp\\stm32f10x_it.c        0x00000000   Number         0  stm32f10x_it.o ABSOLUTE
    ..\\..\\User\\bsp\\system_stm32f10x.c    0x00000000   Number         0  system_stm32f10x.o ABSOLUTE
    ..\\..\\User\\main.c                     0x00000000   Number         0  main.o ABSOLUTE
    cdrcmple.s                               0x00000000   Number         0  cdrcmple.o ABSOLUTE
    dc.s                                     0x00000000   Number         0  dc.o ABSOLUTE
    handlers.s                               0x00000000   Number         0  handlers.o ABSOLUTE
    init.s                                   0x00000000   Number         0  init.o ABSOLUTE
    RESET                                    0x08000000   Section      236  startup_stm32f10x_md.o(RESET)
    .ARM.Collect$$$$00000000                 0x080000ec   Section        0  entry.o(.ARM.Collect$$$$00000000)
    .ARM.Collect$$$$00000001                 0x080000ec   Section        4  entry2.o(.ARM.Collect$$$$00000001)
    .ARM.Collect$$$$00000004                 0x080000f0   Section        4  entry5.o(.ARM.Collect$$$$00000004)
    .ARM.Collect$$$$00000008                 0x080000f4   Section        0  entry7b.o(.ARM.Collect$$$$00000008)
    .ARM.Collect$$$$0000000A                 0x080000f4   Section        0  entry8b.o(.ARM.Collect$$$$0000000A)
    .ARM.Collect$$$$0000000B                 0x080000f4   Section        8  entry9a.o(.ARM.Collect$$$$0000000B)
    .ARM.Collect$$$$0000000D                 0x080000fc   Section        0  entry10a.o(.ARM.Collect$$$$0000000D)
    .ARM.Collect$$$$0000000F                 0x080000fc   Section        0  entry11a.o(.ARM.Collect$$$$0000000F)
    .ARM.Collect$$$$00002712                 0x080000fc   Section        4  entry2.o(.ARM.Collect$$$$00002712)
    __lit__00000000                          0x080000fc   Data           4  entry2.o(.ARM.Collect$$$$00002712)
    .emb_text                                0x08000100   Section      162  port.o(.emb_text)
    .text                                    0x080001a4   Section       36  startup_stm32f10x_md.o(.text)
    .text                                    0x080001c8   Section       36  init.o(.text)
    i.AppTaskCreate                          0x080001ec   Section        0  main.o(i.AppTaskCreate)
    AppTaskCreate                            0x080001ed   Thumb Code   116  main.o(i.AppTaskCreate)
    i.BusFault_Handler                       0x080002b0   Section        0  stm32f10x_it.o(i.BusFault_Handler)
    i.ComToUart                              0x080002b4   Section        0  bsp_uart_fifo.o(i.ComToUart)
    i.ConfigUartNVIC                         0x080002e8   Section        0  bsp_uart_fifo.o(i.ConfigUartNVIC)
    ConfigUartNVIC                           0x080002e9   Thumb Code    64  bsp_uart_fifo.o(i.ConfigUartNVIC)
    i.DebugMon_Handler                       0x08000328   Section        0  stm32f10x_it.o(i.DebugMon_Handler)
    i.GPIO_Init                              0x0800032a   Section        0  stm32f10x_gpio.o(i.GPIO_Init)
    i.HardFault_Handler                      0x08000440   Section        0  stm32f10x_it.o(i.HardFault_Handler)
    i.InitHardUart                           0x08000498   Section        0  bsp_uart_fifo.o(i.InitHardUart)
    InitHardUart                             0x08000499   Thumb Code   276  bsp_uart_fifo.o(i.InitHardUart)
    i.IsKeyDown1                             0x080005b8   Section        0  bsp_key.o(i.IsKeyDown1)
    IsKeyDown1                               0x080005b9   Thumb Code    38  bsp_key.o(i.IsKeyDown1)
    i.IsKeyDown10                            0x080005ec   Section        0  bsp_key.o(i.IsKeyDown10)
    IsKeyDown10                              0x080005ed   Thumb Code    38  bsp_key.o(i.IsKeyDown10)
    i.IsKeyDown2                             0x08000620   Section        0  bsp_key.o(i.IsKeyDown2)
    IsKeyDown2                               0x08000621   Thumb Code    38  bsp_key.o(i.IsKeyDown2)
    i.IsKeyDown3                             0x08000654   Section        0  bsp_key.o(i.IsKeyDown3)
    IsKeyDown3                               0x08000655   Thumb Code    38  bsp_key.o(i.IsKeyDown3)
    i.IsKeyDown4                             0x08000688   Section        0  bsp_key.o(i.IsKeyDown4)
    IsKeyDown4                               0x08000689   Thumb Code    18  bsp_key.o(i.IsKeyDown4)
    i.IsKeyDown5                             0x080006a0   Section        0  bsp_key.o(i.IsKeyDown5)
    IsKeyDown5                               0x080006a1   Thumb Code    18  bsp_key.o(i.IsKeyDown5)
    i.IsKeyDown6                             0x080006b8   Section        0  bsp_key.o(i.IsKeyDown6)
    IsKeyDown6                               0x080006b9   Thumb Code    18  bsp_key.o(i.IsKeyDown6)
    i.IsKeyDown7                             0x080006d0   Section        0  bsp_key.o(i.IsKeyDown7)
    IsKeyDown7                               0x080006d1   Thumb Code    18  bsp_key.o(i.IsKeyDown7)
    i.IsKeyDown8                             0x080006e8   Section        0  bsp_key.o(i.IsKeyDown8)
    IsKeyDown8                               0x080006e9   Thumb Code    18  bsp_key.o(i.IsKeyDown8)
    i.IsKeyDown9                             0x08000700   Section        0  bsp_key.o(i.IsKeyDown9)
    IsKeyDown9                               0x08000701   Thumb Code    38  bsp_key.o(i.IsKeyDown9)
    i.MemManage_Handler                      0x08000734   Section        0  stm32f10x_it.o(i.MemManage_Handler)
    i.NMI_Handler                            0x08000738   Section        0  stm32f10x_it.o(i.NMI_Handler)
    i.NVIC_Init                              0x0800073c   Section        0  misc.o(i.NVIC_Init)
    i.NVIC_PriorityGroupConfig               0x080007ac   Section        0  misc.o(i.NVIC_PriorityGroupConfig)
    i.RCC_APB1PeriphClockCmd                 0x080007c0   Section        0  stm32f10x_rcc.o(i.RCC_APB1PeriphClockCmd)
    i.RCC_APB2PeriphClockCmd                 0x080007e0   Section        0  stm32f10x_rcc.o(i.RCC_APB2PeriphClockCmd)
    i.RCC_GetClocksFreq                      0x08000800   Section        0  stm32f10x_rcc.o(i.RCC_GetClocksFreq)
    i.RS485_InitTXE                          0x080008d4   Section        0  bsp_uart_fifo.o(i.RS485_InitTXE)
    i.SetSysClock                            0x08000900   Section        0  system_stm32f10x.o(i.SetSysClock)
    SetSysClock                              0x08000901   Thumb Code     8  system_stm32f10x.o(i.SetSysClock)
    i.SetSysClockTo72                        0x08000908   Section        0  system_stm32f10x.o(i.SetSysClockTo72)
    SetSysClockTo72                          0x08000909   Thumb Code   214  system_stm32f10x.o(i.SetSysClockTo72)
    i.SysTick_Handler                        0x080009e8   Section        0  port.o(i.SysTick_Handler)
    i.SystemInit                             0x08000a08   Section        0  system_stm32f10x.o(i.SystemInit)
    i.USART1_IRQHandler                      0x08000a68   Section        0  bsp_uart_fifo.o(i.USART1_IRQHandler)
    i.USART2_IRQHandler                      0x08000a78   Section        0  bsp_uart_fifo.o(i.USART2_IRQHandler)
    i.USART_ClearFlag                        0x08000a88   Section        0  stm32f10x_usart.o(i.USART_ClearFlag)
    i.USART_Cmd                              0x08000a9a   Section        0  stm32f10x_usart.o(i.USART_Cmd)
    i.USART_GetITStatus                      0x08000ab2   Section        0  stm32f10x_usart.o(i.USART_GetITStatus)
    i.USART_ITConfig                         0x08000b06   Section        0  stm32f10x_usart.o(i.USART_ITConfig)
    i.USART_Init                             0x08000b50   Section        0  stm32f10x_usart.o(i.USART_Init)
    i.USART_ReceiveData                      0x08000c28   Section        0  stm32f10x_usart.o(i.USART_ReceiveData)
    i.USART_SendData                         0x08000c32   Section        0  stm32f10x_usart.o(i.USART_SendData)
    i.UartIRQ                                0x08000c3a   Section        0  bsp_uart_fifo.o(i.UartIRQ)
    UartIRQ                                  0x08000c3b   Thumb Code   230  bsp_uart_fifo.o(i.UartIRQ)
    i.UartSend                               0x08000d20   Section        0  bsp_uart_fifo.o(i.UartSend)
    UartSend                                 0x08000d21   Thumb Code   106  bsp_uart_fifo.o(i.UartSend)
    i.UartVarInit                            0x08000d8c   Section        0  bsp_uart_fifo.o(i.UartVarInit)
    UartVarInit                              0x08000d8d   Thumb Code    86  bsp_uart_fifo.o(i.UartVarInit)
    i.UsageFault_Handler                     0x08000e04   Section        0  stm32f10x_it.o(i.UsageFault_Handler)
    i.__0printf$bare                         0x08000e08   Section        0  printfb.o(i.__0printf$bare)
    i.__scatterload_copy                     0x08000e18   Section       14  handlers.o(i.__scatterload_copy)
    i.__scatterload_null                     0x08000e26   Section        2  handlers.o(i.__scatterload_null)
    i.__scatterload_zeroinit                 0x08000e28   Section       14  handlers.o(i.__scatterload_zeroinit)
    i._printf_core                           0x08000e36   Section        0  printfb.o(i._printf_core)
    _printf_core                             0x08000e37   Thumb Code    34  printfb.o(i._printf_core)
    i.bsp_Init                               0x08000e58   Section        0  bsp.o(i.bsp_Init)
    i.bsp_InitKey                            0x08000e70   Section        0  bsp_key.o(i.bsp_InitKey)
    i.bsp_InitKeyHard                        0x08000e7c   Section        0  bsp_key.o(i.bsp_InitKeyHard)
    bsp_InitKeyHard                          0x08000e7d   Thumb Code   146  bsp_key.o(i.bsp_InitKeyHard)
    i.bsp_InitKeyVar                         0x08000f20   Section        0  bsp_key.o(i.bsp_InitKeyVar)
    bsp_InitKeyVar                           0x08000f21   Thumb Code   164  bsp_key.o(i.bsp_InitKeyVar)
    i.bsp_InitLed                            0x08000ff4   Section        0  bsp_led.o(i.bsp_InitLed)
    i.bsp_InitUart                           0x08001064   Section        0  bsp_uart_fifo.o(i.bsp_InitUart)
    i.bsp_LedOff                             0x08001078   Section        0  bsp_led.o(i.bsp_LedOff)
    i.comSendBuf                             0x080010b4   Section        0  bsp_uart_fifo.o(i.comSendBuf)
    i.comSendChar                            0x080010e2   Section        0  bsp_uart_fifo.o(i.comSendChar)
    i.fputc                                  0x080010f2   Section        0  bsp_uart_fifo.o(i.fputc)
    i.main                                   0x08001104   Section        0  main.o(i.main)
    i.prvAddCurrentTaskToDelayedList         0x0800111c   Section        0  tasks.o(i.prvAddCurrentTaskToDelayedList)
    prvAddCurrentTaskToDelayedList           0x0800111d   Thumb Code    62  tasks.o(i.prvAddCurrentTaskToDelayedList)
    i.prvAllocateTCBAndStack                 0x08001170   Section        0  tasks.o(i.prvAllocateTCBAndStack)
    prvAllocateTCBAndStack                   0x08001171   Thumb Code    54  tasks.o(i.prvAllocateTCBAndStack)
    i.prvCheckTasksWaitingTermination        0x080011a8   Section        0  tasks.o(i.prvCheckTasksWaitingTermination)
    prvCheckTasksWaitingTermination          0x080011a9   Thumb Code    86  tasks.o(i.prvCheckTasksWaitingTermination)
    i.prvDeleteTCB                           0x0800120c   Section        0  tasks.o(i.prvDeleteTCB)
    prvDeleteTCB                             0x0800120d   Thumb Code    18  tasks.o(i.prvDeleteTCB)
    i.prvHeapInit                            0x08001220   Section        0  heap_4.o(i.prvHeapInit)
    prvHeapInit                              0x08001221   Thumb Code    98  heap_4.o(i.prvHeapInit)
    i.prvIdleTask                            0x0800129c   Section        0  tasks.o(i.prvIdleTask)
    prvIdleTask                              0x0800129d   Thumb Code    20  tasks.o(i.prvIdleTask)
    i.prvInitialiseTCBVariables              0x080012b4   Section        0  tasks.o(i.prvInitialiseTCBVariables)
    prvInitialiseTCBVariables                0x080012b5   Thumb Code    92  tasks.o(i.prvInitialiseTCBVariables)
    i.prvInitialiseTaskLists                 0x08001310   Section        0  tasks.o(i.prvInitialiseTaskLists)
    prvInitialiseTaskLists                   0x08001311   Thumb Code    70  tasks.o(i.prvInitialiseTaskLists)
    i.prvInsertBlockIntoFreeList             0x08001378   Section        0  heap_4.o(i.prvInsertBlockIntoFreeList)
    prvInsertBlockIntoFreeList               0x08001379   Thumb Code    96  heap_4.o(i.prvInsertBlockIntoFreeList)
    i.prvResetNextTaskUnblockTime            0x080013e0   Section        0  tasks.o(i.prvResetNextTaskUnblockTime)
    prvResetNextTaskUnblockTime              0x080013e1   Thumb Code    42  tasks.o(i.prvResetNextTaskUnblockTime)
    i.prvTaskExitError                       0x08001414   Section        0  port.o(i.prvTaskExitError)
    prvTaskExitError                         0x08001415   Thumb Code    32  port.o(i.prvTaskExitError)
    i.pvPortMalloc                           0x08001438   Section        0  heap_4.o(i.pvPortMalloc)
    i.pxPortInitialiseStack                  0x0800154c   Section        0  port.o(i.pxPortInitialiseStack)
    i.uxListRemove                           0x0800156c   Section        0  list.o(i.uxListRemove)
    i.vListInitialise                        0x08001594   Section        0  list.o(i.vListInitialise)
    i.vListInitialiseItem                    0x080015ae   Section        0  list.o(i.vListInitialiseItem)
    i.vListInsert                            0x080015b4   Section        0  list.o(i.vListInsert)
    i.vListInsertEnd                         0x080015e8   Section        0  list.o(i.vListInsertEnd)
    i.vPortEnterCritical                     0x08001600   Section        0  port.o(i.vPortEnterCritical)
    i.vPortExitCritical                      0x08001644   Section        0  port.o(i.vPortExitCritical)
    i.vPortFree                              0x08001670   Section        0  heap_4.o(i.vPortFree)
    i.vPortSetupTimerInterrupt               0x080016e8   Section        0  port.o(i.vPortSetupTimerInterrupt)
    i.vPortYield                             0x080016fc   Section        0  port.o(i.vPortYield)
    i.vTaskDelay                             0x08001714   Section        0  tasks.o(i.vTaskDelay)
    i.vTaskLED                               0x08001784   Section        0  main.o(i.vTaskLED)
    vTaskLED                                 0x08001785   Thumb Code    16  main.o(i.vTaskLED)
    i.vTaskMsgPro                            0x080017a4   Section        0  main.o(i.vTaskMsgPro)
    vTaskMsgPro                              0x080017a5   Thumb Code    18  main.o(i.vTaskMsgPro)
    i.vTaskStart                             0x080017cc   Section        0  main.o(i.vTaskStart)
    vTaskStart                               0x080017cd   Thumb Code    18  main.o(i.vTaskStart)
    i.vTaskStartScheduler                    0x080017f0   Section        0  tasks.o(i.vTaskStartScheduler)
    i.vTaskSuspendAll                        0x08001850   Section        0  tasks.o(i.vTaskSuspendAll)
    i.vTaskSwitchContext                     0x08001860   Section        0  tasks.o(i.vTaskSwitchContext)
    i.vTaskTaskUserIF                        0x080018e0   Section        0  main.o(i.vTaskTaskUserIF)
    vTaskTaskUserIF                          0x080018e1   Thumb Code    16  main.o(i.vTaskTaskUserIF)
    i.xPortStartScheduler                    0x08001908   Section        0  port.o(i.xPortStartScheduler)
    i.xTaskGenericCreate                     0x080019a8   Section        0  tasks.o(i.xTaskGenericCreate)
    i.xTaskIncrementTick                     0x08001adc   Section        0  tasks.o(i.xTaskIncrementTick)
    i.xTaskResumeAll                         0x08001c18   Section        0  tasks.o(i.xTaskResumeAll)
    .data                                    0x20000000   Section       16  main.o(.data)
    xHandleTaskUserIF                        0x20000000   Data           4  main.o(.data)
    xHandleTaskLED                           0x20000004   Data           4  main.o(.data)
    xHandleTaskMsgPro                        0x20000008   Data           4  main.o(.data)
    xHandleTaskStart                         0x2000000c   Data           4  main.o(.data)
    .data                                    0x20000010   Section       20  stm32f10x_rcc.o(.data)
    APBAHBPrescTable                         0x20000010   Data          16  stm32f10x_rcc.o(.data)
    ADCPrescTable                            0x20000020   Data           4  stm32f10x_rcc.o(.data)
    .data                                    0x20000024   Section       56  tasks.o(.data)
    pxDelayedTaskList                        0x20000028   Data           4  tasks.o(.data)
    pxOverflowDelayedTaskList                0x2000002c   Data           4  tasks.o(.data)
    uxTasksDeleted                           0x20000030   Data           4  tasks.o(.data)
    uxCurrentNumberOfTasks                   0x20000034   Data           4  tasks.o(.data)
    xTickCount                               0x20000038   Data           4  tasks.o(.data)
    uxTopReadyPriority                       0x2000003c   Data           4  tasks.o(.data)
    xSchedulerRunning                        0x20000040   Data           4  tasks.o(.data)
    uxPendedTicks                            0x20000044   Data           4  tasks.o(.data)
    xYieldPending                            0x20000048   Data           4  tasks.o(.data)
    xNumOfOverflows                          0x2000004c   Data           4  tasks.o(.data)
    uxTaskNumber                             0x20000050   Data           4  tasks.o(.data)
    xNextTaskUnblockTime                     0x20000054   Data           4  tasks.o(.data)
    uxSchedulerSuspended                     0x20000058   Data           4  tasks.o(.data)
    .data                                    0x2000005c   Section       12  port.o(.data)
    uxCriticalNesting                        0x2000005c   Data           4  port.o(.data)
    ucMaxSysCallPriority                     0x20000060   Data           1  port.o(.data)
    ulMaxPRIGROUPValue                       0x20000064   Data           4  port.o(.data)
    .data                                    0x20000068   Section       24  heap_4.o(.data)
    xStart                                   0x20000068   Data           8  heap_4.o(.data)
    pxEnd                                    0x20000070   Data           4  heap_4.o(.data)
    xFreeBytesRemaining                      0x20000074   Data           4  heap_4.o(.data)
    xMinimumEverFreeBytesRemaining           0x20000078   Data           4  heap_4.o(.data)
    xBlockAllocatedBit                       0x2000007c   Data           4  heap_4.o(.data)
    .data                                    0x20000080   Section        4  stdout.o(.data)
    .bss                                     0x20000084   Section      173  bsp_key.o(.bss)
    s_tBtn                                   0x20000084   Data         160  bsp_key.o(.bss)
    s_tKey                                   0x20000124   Data          13  bsp_key.o(.bss)
    .bss                                     0x20000134   Section     1104  bsp_uart_fifo.o(.bss)
    g_tUart1                                 0x20000134   Data          40  bsp_uart_fifo.o(.bss)
    g_TxBuf1                                 0x2000015c   Data         256  bsp_uart_fifo.o(.bss)
    g_RxBuf1                                 0x2000025c   Data         256  bsp_uart_fifo.o(.bss)
    g_tUart2                                 0x2000035c   Data          40  bsp_uart_fifo.o(.bss)
    g_TxBuf2                                 0x20000384   Data         256  bsp_uart_fifo.o(.bss)
    g_RxBuf2                                 0x20000484   Data         256  bsp_uart_fifo.o(.bss)
    .bss                                     0x20000584   Section      200  tasks.o(.bss)
    pxReadyTasksLists                        0x20000584   Data         100  tasks.o(.bss)
    xDelayedTaskList1                        0x200005e8   Data          20  tasks.o(.bss)
    xDelayedTaskList2                        0x200005fc   Data          20  tasks.o(.bss)
    xPendingReadyList                        0x20000610   Data          20  tasks.o(.bss)
    xTasksWaitingTermination                 0x20000624   Data          20  tasks.o(.bss)
    xSuspendedTaskList                       0x20000638   Data          20  tasks.o(.bss)
    .bss                                     0x2000064c   Section    17408  heap_4.o(.bss)
    ucHeap                                   0x2000064c   Data       17408  heap_4.o(.bss)
    STACK                                    0x20004a50   Section     1024  startup_stm32f10x_md.o(STACK)

    Global Symbols

    Symbol Name                              Value     Ov Type        Size  Object(Section)

    BuildAttributes$$THM_ISAv4$P$D$K$B$S$PE$A:L22UL41UL21$X:L11$S22US41US21$IEEE1$IW$USESV6$~STKCKD$USESV7$~SHL$OSPACE$ROPI$EBA8$MICROLIB$REQ8$PRES8$EABIv2 0x00000000   Number         0  anon$$obj.o ABSOLUTE
    __ARM_use_no_argv                        0x00000000   Number         0  main.o ABSOLUTE
    __cpp_initialize__aeabi_                  - Undefined Weak Reference
    __cxa_finalize                            - Undefined Weak Reference
    __decompress                              - Undefined Weak Reference
    _clock_init                               - Undefined Weak Reference
    _microlib_exit                            - Undefined Weak Reference
    __Vectors_Size                           0x000000ec   Number         0  startup_stm32f10x_md.o ABSOLUTE
    __Vectors                                0x08000000   Data           4  startup_stm32f10x_md.o(RESET)
    __Vectors_End                            0x080000ec   Data           0  startup_stm32f10x_md.o(RESET)
    __main                                   0x080000ed   Thumb Code     0  entry.o(.ARM.Collect$$$$00000000)
    _main_stk                                0x080000ed   Thumb Code     0  entry2.o(.ARM.Collect$$$$00000001)
    _main_scatterload                        0x080000f1   Thumb Code     0  entry5.o(.ARM.Collect$$$$00000004)
    __main_after_scatterload                 0x080000f5   Thumb Code     0  entry5.o(.ARM.Collect$$$$00000004)
    _main_clock                              0x080000f5   Thumb Code     0  entry7b.o(.ARM.Collect$$$$00000008)
    _main_cpp_init                           0x080000f5   Thumb Code     0  entry8b.o(.ARM.Collect$$$$0000000A)
    _main_init                               0x080000f5   Thumb Code     0  entry9a.o(.ARM.Collect$$$$0000000B)
    __rt_final_cpp                           0x080000fd   Thumb Code     0  entry10a.o(.ARM.Collect$$$$0000000D)
    __rt_final_exit                          0x080000fd   Thumb Code     0  entry11a.o(.ARM.Collect$$$$0000000F)
    SVC_Handler                              0x08000101   Thumb Code    32  port.o(.emb_text)
    __asm___6_port_c_39a90d8d__prvStartFirstTask 0x08000125   Thumb Code    28  port.o(.emb_text)
    PendSV_Handler                           0x08000145   Thumb Code    64  port.o(.emb_text)
    ulPortSetInterruptMask                   0x08000189   Thumb Code    14  port.o(.emb_text)
    vPortClearInterruptMask                  0x08000197   Thumb Code     6  port.o(.emb_text)
    vPortGetIPSR                             0x0800019d   Thumb Code     6  port.o(.emb_text)
    Reset_Handler                            0x080001a5   Thumb Code     8  startup_stm32f10x_md.o(.text)
    ADC1_2_IRQHandler                        0x080001bf   Thumb Code     0  startup_stm32f10x_md.o(.text)
    CAN1_RX1_IRQHandler                      0x080001bf   Thumb Code     0  startup_stm32f10x_md.o(.text)
    CAN1_SCE_IRQHandler                      0x080001bf   Thumb Code     0  startup_stm32f10x_md.o(.text)
    DMA1_Channel1_IRQHandler                 0x080001bf   Thumb Code     0  startup_stm32f10x_md.o(.text)
    DMA1_Channel2_IRQHandler                 0x080001bf   Thumb Code     0  startup_stm32f10x_md.o(.text)
    DMA1_Channel3_IRQHandler                 0x080001bf   Thumb Code     0  startup_stm32f10x_md.o(.text)
    DMA1_Channel4_IRQHandler                 0x080001bf   Thumb Code     0  startup_stm32f10x_md.o(.text)
    DMA1_Channel5_IRQHandler                 0x080001bf   Thumb Code     0  startup_stm32f10x_md.o(.text)
    DMA1_Channel6_IRQHandler                 0x080001bf   Thumb Code     0  startup_stm32f10x_md.o(.text)
    DMA1_Channel7_IRQHandler                 0x080001bf   Thumb Code     0  startup_stm32f10x_md.o(.text)
    EXTI0_IRQHandler                         0x080001bf   Thumb Code     0  startup_stm32f10x_md.o(.text)
    EXTI15_10_IRQHandler                     0x080001bf   Thumb Code     0  startup_stm32f10x_md.o(.text)
    EXTI1_IRQHandler                         0x080001bf   Thumb Code     0  startup_stm32f10x_md.o(.text)
    EXTI2_IRQHandler                         0x080001bf   Thumb Code     0  startup_stm32f10x_md.o(.text)
    EXTI3_IRQHandler                         0x080001bf   Thumb Code     0  startup_stm32f10x_md.o(.text)
    EXTI4_IRQHandler                         0x080001bf   Thumb Code     0  startup_stm32f10x_md.o(.text)
    EXTI9_5_IRQHandler                       0x080001bf   Thumb Code     0  startup_stm32f10x_md.o(.text)
    FLASH_IRQHandler                         0x080001bf   Thumb Code     0  startup_stm32f10x_md.o(.text)
    I2C1_ER_IRQHandler                       0x080001bf   Thumb Code     0  startup_stm32f10x_md.o(.text)
    I2C1_EV_IRQHandler                       0x080001bf   Thumb Code     0  startup_stm32f10x_md.o(.text)
    I2C2_ER_IRQHandler                       0x080001bf   Thumb Code     0  startup_stm32f10x_md.o(.text)
    I2C2_EV_IRQHandler                       0x080001bf   Thumb Code     0  startup_stm32f10x_md.o(.text)
    PVD_IRQHandler                           0x080001bf   Thumb Code     0  startup_stm32f10x_md.o(.text)
    RCC_IRQHandler                           0x080001bf   Thumb Code     0  startup_stm32f10x_md.o(.text)
    RTCAlarm_IRQHandler                      0x080001bf   Thumb Code     0  startup_stm32f10x_md.o(.text)
    RTC_IRQHandler                           0x080001bf   Thumb Code     0  startup_stm32f10x_md.o(.text)
    SPI1_IRQHandler                          0x080001bf   Thumb Code     0  startup_stm32f10x_md.o(.text)
    SPI2_IRQHandler                          0x080001bf   Thumb Code     0  startup_stm32f10x_md.o(.text)
    TAMPER_IRQHandler                        0x080001bf   Thumb Code     0  startup_stm32f10x_md.o(.text)
    TIM1_BRK_IRQHandler                      0x080001bf   Thumb Code     0  startup_stm32f10x_md.o(.text)
    TIM1_CC_IRQHandler                       0x080001bf   Thumb Code     0  startup_stm32f10x_md.o(.text)
    TIM1_TRG_COM_IRQHandler                  0x080001bf   Thumb Code     0  startup_stm32f10x_md.o(.text)
    TIM1_UP_IRQHandler                       0x080001bf   Thumb Code     0  startup_stm32f10x_md.o(.text)
    TIM2_IRQHandler                          0x080001bf   Thumb Code     0  startup_stm32f10x_md.o(.text)
    TIM3_IRQHandler                          0x080001bf   Thumb Code     0  startup_stm32f10x_md.o(.text)
    TIM4_IRQHandler                          0x080001bf   Thumb Code     0  startup_stm32f10x_md.o(.text)
    USART3_IRQHandler                        0x080001bf   Thumb Code     0  startup_stm32f10x_md.o(.text)
    USBWakeUp_IRQHandler                     0x080001bf   Thumb Code     0  startup_stm32f10x_md.o(.text)
    USB_HP_CAN1_TX_IRQHandler                0x080001bf   Thumb Code     0  startup_stm32f10x_md.o(.text)
    USB_LP_CAN1_RX0_IRQHandler               0x080001bf   Thumb Code     0  startup_stm32f10x_md.o(.text)
    WWDG_IRQHandler                          0x080001bf   Thumb Code     0  startup_stm32f10x_md.o(.text)
    __scatterload                            0x080001c9   Thumb Code    28  init.o(.text)
    __scatterload_rt2                        0x080001c9   Thumb Code     0  init.o(.text)
    BusFault_Handler                         0x080002b1   Thumb Code     4  stm32f10x_it.o(i.BusFault_Handler)
    ComToUart                                0x080002b5   Thumb Code    44  bsp_uart_fifo.o(i.ComToUart)
    DebugMon_Handler                         0x08000329   Thumb Code     2  stm32f10x_it.o(i.DebugMon_Handler)
    GPIO_Init                                0x0800032b   Thumb Code   278  stm32f10x_gpio.o(i.GPIO_Init)
    HardFault_Handler                        0x08000441   Thumb Code    40  stm32f10x_it.o(i.HardFault_Handler)
    MemManage_Handler                        0x08000735   Thumb Code     4  stm32f10x_it.o(i.MemManage_Handler)
    NMI_Handler                              0x08000739   Thumb Code     2  stm32f10x_it.o(i.NMI_Handler)
    NVIC_Init                                0x0800073d   Thumb Code   100  misc.o(i.NVIC_Init)
    NVIC_PriorityGroupConfig                 0x080007ad   Thumb Code    10  misc.o(i.NVIC_PriorityGroupConfig)
    RCC_APB1PeriphClockCmd                   0x080007c1   Thumb Code    26  stm32f10x_rcc.o(i.RCC_APB1PeriphClockCmd)
    RCC_APB2PeriphClockCmd                   0x080007e1   Thumb Code    26  stm32f10x_rcc.o(i.RCC_APB2PeriphClockCmd)
    RCC_GetClocksFreq                        0x08000801   Thumb Code   192  stm32f10x_rcc.o(i.RCC_GetClocksFreq)
    RS485_InitTXE                            0x080008d5   Thumb Code    38  bsp_uart_fifo.o(i.RS485_InitTXE)
    SysTick_Handler                          0x080009e9   Thumb Code    28  port.o(i.SysTick_Handler)
    SystemInit                               0x08000a09   Thumb Code    78  system_stm32f10x.o(i.SystemInit)
    USART1_IRQHandler                        0x08000a69   Thumb Code    10  bsp_uart_fifo.o(i.USART1_IRQHandler)
    USART2_IRQHandler                        0x08000a79   Thumb Code    10  bsp_uart_fifo.o(i.USART2_IRQHandler)
    USART_ClearFlag                          0x08000a89   Thumb Code    18  stm32f10x_usart.o(i.USART_ClearFlag)
    USART_Cmd                                0x08000a9b   Thumb Code    24  stm32f10x_usart.o(i.USART_Cmd)
    USART_GetITStatus                        0x08000ab3   Thumb Code    84  stm32f10x_usart.o(i.USART_GetITStatus)
    USART_ITConfig                           0x08000b07   Thumb Code    74  stm32f10x_usart.o(i.USART_ITConfig)
    USART_Init                               0x08000b51   Thumb Code   210  stm32f10x_usart.o(i.USART_Init)
    USART_ReceiveData                        0x08000c29   Thumb Code    10  stm32f10x_usart.o(i.USART_ReceiveData)
    USART_SendData                           0x08000c33   Thumb Code     8  stm32f10x_usart.o(i.USART_SendData)
    UsageFault_Handler                       0x08000e05   Thumb Code     4  stm32f10x_it.o(i.UsageFault_Handler)
    __0printf$bare                           0x08000e09   Thumb Code     8  printfb.o(i.__0printf$bare)
    __1printf$bare                           0x08000e09   Thumb Code     0  printfb.o(i.__0printf$bare)
    __2printf                                0x08000e09   Thumb Code     0  printfb.o(i.__0printf$bare)
    __scatterload_copy                       0x08000e19   Thumb Code    14  handlers.o(i.__scatterload_copy)
    __scatterload_null                       0x08000e27   Thumb Code     2  handlers.o(i.__scatterload_null)
    __scatterload_zeroinit                   0x08000e29   Thumb Code    14  handlers.o(i.__scatterload_zeroinit)
    bsp_Init                                 0x08000e59   Thumb Code    24  bsp.o(i.bsp_Init)
    bsp_InitKey                              0x08000e71   Thumb Code    12  bsp_key.o(i.bsp_InitKey)
    bsp_InitLed                              0x08000ff5   Thumb Code   108  bsp_led.o(i.bsp_InitLed)
    bsp_InitUart                             0x08001065   Thumb Code    20  bsp_uart_fifo.o(i.bsp_InitUart)
    bsp_LedOff                               0x08001079   Thumb Code    54  bsp_led.o(i.bsp_LedOff)
    comSendBuf                               0x080010b5   Thumb Code    46  bsp_uart_fifo.o(i.comSendBuf)
    comSendChar                              0x080010e3   Thumb Code    16  bsp_uart_fifo.o(i.comSendChar)
    fputc                                    0x080010f3   Thumb Code    18  bsp_uart_fifo.o(i.fputc)
    main                                     0x08001105   Thumb Code    24  main.o(i.main)
    pvPortMalloc                             0x08001439   Thumb Code   254  heap_4.o(i.pvPortMalloc)
    pxPortInitialiseStack                    0x0800154d   Thumb Code    26  port.o(i.pxPortInitialiseStack)
    uxListRemove                             0x0800156d   Thumb Code    40  list.o(i.uxListRemove)
    vListInitialise                          0x08001595   Thumb Code    26  list.o(i.vListInitialise)
    vListInitialiseItem                      0x080015af   Thumb Code     6  list.o(i.vListInitialiseItem)
    vListInsert                              0x080015b5   Thumb Code    52  list.o(i.vListInsert)
    vListInsertEnd                           0x080015e9   Thumb Code    24  list.o(i.vListInsertEnd)
    vPortEnterCritical                       0x08001601   Thumb Code    58  port.o(i.vPortEnterCritical)
    vPortExitCritical                        0x08001645   Thumb Code    40  port.o(i.vPortExitCritical)
    vPortFree                                0x08001671   Thumb Code   112  heap_4.o(i.vPortFree)
    vPortSetupTimerInterrupt                 0x080016e9   Thumb Code    14  port.o(i.vPortSetupTimerInterrupt)
    vPortYield                               0x080016fd   Thumb Code    18  port.o(i.vPortYield)
    vTaskDelay                               0x08001715   Thumb Code    94  tasks.o(i.vTaskDelay)
    vTaskStartScheduler                      0x080017f1   Thumb Code    70  tasks.o(i.vTaskStartScheduler)
    vTaskSuspendAll                          0x08001851   Thumb Code    12  tasks.o(i.vTaskSuspendAll)
    vTaskSwitchContext                       0x08001861   Thumb Code   106  tasks.o(i.vTaskSwitchContext)
    xPortStartScheduler                      0x08001909   Thumb Code   140  port.o(i.xPortStartScheduler)
    xTaskGenericCreate                       0x080019a9   Thumb Code   282  tasks.o(i.xTaskGenericCreate)
    xTaskIncrementTick                       0x08001add   Thumb Code   272  tasks.o(i.xTaskIncrementTick)
    xTaskResumeAll                           0x08001c19   Thumb Code   200  tasks.o(i.xTaskResumeAll)
    Region$$Table$$Base                      0x08001d00   Number         0  anon$$obj.o(Region$$Table)
    Region$$Table$$Limit                     0x08001d20   Number         0  anon$$obj.o(Region$$Table)
    pxCurrentTCB                             0x20000024   Data           4  tasks.o(.data)
    __stdout                                 0x20000080   Data           4  stdout.o(.data)
    __initial_sp                             0x20004e50   Data           0  startup_stm32f10x_md.o(STACK)



==============================================================================

Memory Map of the image

  Image Entry point : 0x080000ed

  Load Region LR_IROM1 (Base: 0x08000000, Size: 0x00001da4, Max: 0x00020000, ABSOLUTE)

    Execution Region ER_IROM1 (Base: 0x08000000, Size: 0x00001d20, Max: 0x00020000, ABSOLUTE)

    Base Addr    Size         Type   Attr      Idx    E Section Name        Object

    0x08000000   0x000000ec   Data   RO          674    RESET               startup_stm32f10x_md.o
    0x080000ec   0x00000000   Code   RO         2087  * .ARM.Collect$$$$00000000  mc_w.l(entry.o)
    0x080000ec   0x00000004   Code   RO         2356    .ARM.Collect$$$$00000001  mc_w.l(entry2.o)
    0x080000f0   0x00000004   Code   RO         2359    .ARM.Collect$$$$00000004  mc_w.l(entry5.o)
    0x080000f4   0x00000000   Code   RO         2361    .ARM.Collect$$$$00000008  mc_w.l(entry7b.o)
    0x080000f4   0x00000000   Code   RO         2363    .ARM.Collect$$$$0000000A  mc_w.l(entry8b.o)
    0x080000f4   0x00000008   Code   RO         2364    .ARM.Collect$$$$0000000B  mc_w.l(entry9a.o)
    0x080000fc   0x00000000   Code   RO         2366    .ARM.Collect$$$$0000000D  mc_w.l(entry10a.o)
    0x080000fc   0x00000000   Code   RO         2368    .ARM.Collect$$$$0000000F  mc_w.l(entry11a.o)
    0x080000fc   0x00000004   Code   RO         2357    .ARM.Collect$$$$00002712  mc_w.l(entry2.o)
    0x08000100   0x000000a2   Code   RO         1967    .emb_text           port.o
    0x080001a2   0x00000002   PAD
    0x080001a4   0x00000024   Code   RO          675    .text               startup_stm32f10x_md.o
    0x080001c8   0x00000024   Code   RO         2386    .text               mc_w.l(init.o)
    0x080001ec   0x000000c4   Code   RO            3    i.AppTaskCreate     main.o
    0x080002b0   0x00000004   Code   RO          603    i.BusFault_Handler  stm32f10x_it.o
    0x080002b4   0x00000034   Code   RO          437    i.ComToUart         bsp_uart_fifo.o
    0x080002e8   0x00000040   Code   RO          438    i.ConfigUartNVIC    bsp_uart_fifo.o
    0x08000328   0x00000002   Code   RO          604    i.DebugMon_Handler  stm32f10x_it.o
    0x0800032a   0x00000116   Code   RO          731    i.GPIO_Init         stm32f10x_gpio.o
    0x08000440   0x00000058   Code   RO          605    i.HardFault_Handler  stm32f10x_it.o
    0x08000498   0x00000120   Code   RO          439    i.InitHardUart      bsp_uart_fifo.o
    0x080005b8   0x00000034   Code   RO          264    i.IsKeyDown1        bsp_key.o
    0x080005ec   0x00000034   Code   RO          265    i.IsKeyDown10       bsp_key.o
    0x08000620   0x00000034   Code   RO          266    i.IsKeyDown2        bsp_key.o
    0x08000654   0x00000034   Code   RO          267    i.IsKeyDown3        bsp_key.o
    0x08000688   0x00000018   Code   RO          268    i.IsKeyDown4        bsp_key.o
    0x080006a0   0x00000018   Code   RO          269    i.IsKeyDown5        bsp_key.o
    0x080006b8   0x00000018   Code   RO          270    i.IsKeyDown6        bsp_key.o
    0x080006d0   0x00000018   Code   RO          271    i.IsKeyDown7        bsp_key.o
    0x080006e8   0x00000018   Code   RO          272    i.IsKeyDown8        bsp_key.o
    0x08000700   0x00000034   Code   RO          273    i.IsKeyDown9        bsp_key.o
    0x08000734   0x00000004   Code   RO          606    i.MemManage_Handler  stm32f10x_it.o
    0x08000738   0x00000002   Code   RO          607    i.NMI_Handler       stm32f10x_it.o
    0x0800073a   0x00000002   PAD
    0x0800073c   0x00000070   Code   RO          681    i.NVIC_Init         misc.o
    0x080007ac   0x00000014   Code   RO          682    i.NVIC_PriorityGroupConfig  misc.o
    0x080007c0   0x00000020   Code   RO          849    i.RCC_APB1PeriphClockCmd  stm32f10x_rcc.o
    0x080007e0   0x00000020   Code   RO          851    i.RCC_APB2PeriphClockCmd  stm32f10x_rcc.o
    0x08000800   0x000000d4   Code   RO          859    i.RCC_GetClocksFreq  stm32f10x_rcc.o
    0x080008d4   0x0000002c   Code   RO          440    i.RS485_InitTXE     bsp_uart_fifo.o
    0x08000900   0x00000008   Code   RO         1425    i.SetSysClock       system_stm32f10x.o
    0x08000908   0x000000e0   Code   RO         1426    i.SetSysClockTo72   system_stm32f10x.o
    0x080009e8   0x00000020   Code   RO         1968    i.SysTick_Handler   port.o
    0x08000a08   0x00000060   Code   RO         1428    i.SystemInit        system_stm32f10x.o
    0x08000a68   0x00000010   Code   RO          446    i.USART1_IRQHandler  bsp_uart_fifo.o
    0x08000a78   0x00000010   Code   RO          447    i.USART2_IRQHandler  bsp_uart_fifo.o
    0x08000a88   0x00000012   Code   RO         1055    i.USART_ClearFlag   stm32f10x_usart.o
    0x08000a9a   0x00000018   Code   RO         1059    i.USART_Cmd         stm32f10x_usart.o
    0x08000ab2   0x00000054   Code   RO         1063    i.USART_GetITStatus  stm32f10x_usart.o
    0x08000b06   0x0000004a   Code   RO         1065    i.USART_ITConfig    stm32f10x_usart.o
    0x08000b50   0x000000d8   Code   RO         1066    i.USART_Init        stm32f10x_usart.o
    0x08000c28   0x0000000a   Code   RO         1073    i.USART_ReceiveData  stm32f10x_usart.o
    0x08000c32   0x00000008   Code   RO         1076    i.USART_SendData    stm32f10x_usart.o
    0x08000c3a   0x000000e6   Code   RO          449    i.UartIRQ           bsp_uart_fifo.o
    0x08000d20   0x0000006a   Code   RO          450    i.UartSend          bsp_uart_fifo.o
    0x08000d8a   0x00000002   PAD
    0x08000d8c   0x00000078   Code   RO          451    i.UartVarInit       bsp_uart_fifo.o
    0x08000e04   0x00000004   Code   RO          608    i.UsageFault_Handler  stm32f10x_it.o
    0x08000e08   0x00000010   Code   RO         2097    i.__0printf$bare    mc_w.l(printfb.o)
    0x08000e18   0x0000000e   Code   RO         2398    i.__scatterload_copy  mc_w.l(handlers.o)
    0x08000e26   0x00000002   Code   RO         2399    i.__scatterload_null  mc_w.l(handlers.o)
    0x08000e28   0x0000000e   Code   RO         2400    i.__scatterload_zeroinit  mc_w.l(handlers.o)
    0x08000e36   0x00000022   Code   RO         2104    i._printf_core      mc_w.l(printfb.o)
    0x08000e58   0x00000018   Code   RO          222    i.bsp_Init          bsp.o
    0x08000e70   0x0000000c   Code   RO          279    i.bsp_InitKey       bsp_key.o
    0x08000e7c   0x000000a4   Code   RO          280    i.bsp_InitKeyHard   bsp_key.o
    0x08000f20   0x000000d4   Code   RO          281    i.bsp_InitKeyVar    bsp_key.o
    0x08000ff4   0x00000070   Code   RO          393    i.bsp_InitLed       bsp_led.o
    0x08001064   0x00000014   Code   RO          452    i.bsp_InitUart      bsp_uart_fifo.o
    0x08001078   0x0000003c   Code   RO          395    i.bsp_LedOff        bsp_led.o
    0x080010b4   0x0000002e   Code   RO          459    i.comSendBuf        bsp_uart_fifo.o
    0x080010e2   0x00000010   Code   RO          460    i.comSendChar       bsp_uart_fifo.o
    0x080010f2   0x00000012   Code   RO          462    i.fputc             bsp_uart_fifo.o
    0x08001104   0x00000018   Code   RO            4    i.main              main.o
    0x0800111c   0x00000054   Code   RO         1705    i.prvAddCurrentTaskToDelayedList  tasks.o
    0x08001170   0x00000036   Code   RO         1706    i.prvAllocateTCBAndStack  tasks.o
    0x080011a6   0x00000002   PAD
    0x080011a8   0x00000064   Code   RO         1707    i.prvCheckTasksWaitingTermination  tasks.o
    0x0800120c   0x00000012   Code   RO         1708    i.prvDeleteTCB      tasks.o
    0x0800121e   0x00000002   PAD
    0x08001220   0x0000007c   Code   RO         2038    i.prvHeapInit       heap_4.o
    0x0800129c   0x00000018   Code   RO         1709    i.prvIdleTask       tasks.o
    0x080012b4   0x0000005c   Code   RO         1710    i.prvInitialiseTCBVariables  tasks.o
    0x08001310   0x00000068   Code   RO         1711    i.prvInitialiseTaskLists  tasks.o
    0x08001378   0x00000068   Code   RO         2039    i.prvInsertBlockIntoFreeList  heap_4.o
    0x080013e0   0x00000034   Code   RO         1712    i.prvResetNextTaskUnblockTime  tasks.o
    0x08001414   0x00000024   Code   RO         1969    i.prvTaskExitError  port.o
    0x08001438   0x00000114   Code   RO         2040    i.pvPortMalloc      heap_4.o
    0x0800154c   0x00000020   Code   RO         1970    i.pxPortInitialiseStack  port.o
    0x0800156c   0x00000028   Code   RO         1551    i.uxListRemove      list.o
    0x08001594   0x0000001a   Code   RO         1552    i.vListInitialise   list.o
    0x080015ae   0x00000006   Code   RO         1553    i.vListInitialiseItem  list.o
    0x080015b4   0x00000034   Code   RO         1554    i.vListInsert       list.o
    0x080015e8   0x00000018   Code   RO         1555    i.vListInsertEnd    list.o
    0x08001600   0x00000044   Code   RO         1972    i.vPortEnterCritical  port.o
    0x08001644   0x0000002c   Code   RO         1973    i.vPortExitCritical  port.o
    0x08001670   0x00000078   Code   RO         2041    i.vPortFree         heap_4.o
    0x080016e8   0x00000014   Code   RO         1974    i.vPortSetupTimerInterrupt  port.o
    0x080016fc   0x00000018   Code   RO         1976    i.vPortYield        port.o
    0x08001714   0x00000070   Code   RO         1719    i.vTaskDelay        tasks.o
    0x08001784   0x00000020   Code   RO            5    i.vTaskLED          main.o
    0x080017a4   0x00000028   Code   RO            6    i.vTaskMsgPro       main.o
    0x080017cc   0x00000024   Code   RO            7    i.vTaskStart        main.o
    0x080017f0   0x00000060   Code   RO         1730    i.vTaskStartScheduler  tasks.o
    0x08001850   0x00000010   Code   RO         1732    i.vTaskSuspendAll   tasks.o
    0x08001860   0x00000080   Code   RO         1733    i.vTaskSwitchContext  tasks.o
    0x080018e0   0x00000028   Code   RO            8    i.vTaskTaskUserIF   main.o
    0x08001908   0x000000a0   Code   RO         1977    i.xPortStartScheduler  port.o
    0x080019a8   0x00000134   Code   RO         1735    i.xTaskGenericCreate  tasks.o
    0x08001adc   0x0000013c   Code   RO         1740    i.xTaskIncrementTick  tasks.o
    0x08001c18   0x000000e8   Code   RO         1745    i.xTaskResumeAll    tasks.o
    0x08001d00   0x00000020   Data   RO         2396    Region$$Table       anon$$obj.o


    Execution Region RW_IRAM1 (Base: 0x20000000, Size: 0x00004e50, Max: 0x00005000, ABSOLUTE)

    Base Addr    Size         Type   Attr      Idx    E Section Name        Object

    0x20000000   0x00000010   Data   RW            9    .data               main.o
    0x20000010   0x00000014   Data   RW          879    .data               stm32f10x_rcc.o
    0x20000024   0x00000038   Data   RW         1748    .data               tasks.o
    0x2000005c   0x0000000c   Data   RW         1978    .data               port.o
    0x20000068   0x00000018   Data   RW         2046    .data               heap_4.o
    0x20000080   0x00000004   Data   RW         2370    .data               mc_w.l(stdout.o)
    0x20000084   0x000000ad   Zero   RW          285    .bss                bsp_key.o
    0x20000131   0x00000003   PAD
    0x20000134   0x00000450   Zero   RW          463    .bss                bsp_uart_fifo.o
    0x20000584   0x000000c8   Zero   RW         1747    .bss                tasks.o
    0x2000064c   0x00004400   Zero   RW         2045    .bss                heap_4.o
    0x20004a4c   0x00000004   PAD
    0x20004a50   0x00000400   Zero   RW          672    STACK               startup_stm32f10x_md.o


==============================================================================

Image component sizes


      Code (inc. data)   RO Data    RW Data    ZI Data      Debug   Object Name

        24          0          0          0          0       1667   bsp.o
       768        166          0          0        173       6822   bsp_key.o
       172         10          0          0          0       1011   bsp_led.o
      1036         72          0          0       1104       7674   bsp_uart_fifo.o
         0          0          0          0          0       1452   event_groups.o
       624         64          0         24      17408       3727   heap_4.o
       148          0          0          0          0       2910   list.o
       368        160          0         16          0     249975   main.o
       132         22          0          0          0       1623   misc.o
       578         72          0         12          0       6933   port.o
        36          8        236          0       1024        884   startup_stm32f10x_md.o
       278          0          0          0          0       2020   stm32f10x_gpio.o
       104         48          0          0          0       2649   stm32f10x_it.o
       276         32          0         20          0       4554   stm32f10x_rcc.o
       434          6          0          0          0       6257   stm32f10x_usart.o
       328         28          0          0          0       1873   system_stm32f10x.o
      1736        256          0         56        200      12224   tasks.o

    ----------------------------------------------------------------------
      7052        944        268        128      19916     314255   Object Totals
         0          0         32          0          0          0   (incl. Generated)
        10          0          0          0          7          0   (incl. Padding)

    ----------------------------------------------------------------------

      Code (inc. data)   RO Data    RW Data    ZI Data      Debug   Library Member Name

         0          0          0          0          0          0   entry.o
         0          0          0          0          0          0   entry10a.o
         0          0          0          0          0          0   entry11a.o
         8          4          0          0          0          0   entry2.o
         4          0          0          0          0          0   entry5.o
         0          0          0          0          0          0   entry7b.o
         0          0          0          0          0          0   entry8b.o
         8          4          0          0          0          0   entry9a.o
        30          0          0          0          0          0   handlers.o
        36          8          0          0          0         68   init.o
        50          8          0          0          0        152   printfb.o
         0          0          0          4          0          0   stdout.o

    ----------------------------------------------------------------------
       136         24          0          4          0        220   Library Totals
         0          0          0          0          0          0   (incl. Padding)

    ----------------------------------------------------------------------

      Code (inc. data)   RO Data    RW Data    ZI Data      Debug   Library Name

       136         24          0          4          0        220   mc_w.l

    ----------------------------------------------------------------------
       136         24          0          4          0        220   Library Totals

    ----------------------------------------------------------------------

==============================================================================


      Code (inc. data)   RO Data    RW Data    ZI Data      Debug   

      7188        968        268        132      19916     310051   Grand Totals
      7188        968        268        132      19916     310051   ELF Image Totals
      7188        968        268        132          0          0   ROM Totals

==============================================================================

    Total RO  Size (Code + RO Data)                 7456 (   7.28kB)
    Total RW  Size (RW Data + ZI Data)             20048 (  19.58kB)
    Total ROM Size (Code + RO Data + RW Data)       7588 (   7.41kB)

==============================================================================

