###############################################################################
#
# IAR ELF Linker V7.50.2.10312/W32 for ARM                18/Nov/2016  16:54:05
# Copyright 2007-2015 IAR Systems AB.
#
#    Output file  =  
#        F:\phoenix\PRO\IAR+FreeRTOS+STM32L1xx\Project\EWARMv6\Debug\Exe\c.out
#    Map file     =  
#        F:\phoenix\PRO\IAR+FreeRTOS+STM32L1xx\Project\EWARMv6\Debug\List\c.map
#    Command line =  
#        F:\phoenix\PRO\IAR+FreeRTOS+STM32L1xx\Project\EWARMv6\Debug\Obj\beep.o
#        F:\phoenix\PRO\IAR+FreeRTOS+STM32L1xx\Project\EWARMv6\Debug\Obj\bsp.o
#        F:\phoenix\PRO\IAR+FreeRTOS+STM32L1xx\Project\EWARMv6\Debug\Obj\croutine.o
#        F:\phoenix\PRO\IAR+FreeRTOS+STM32L1xx\Project\EWARMv6\Debug\Obj\event_groups.o
#        F:\phoenix\PRO\IAR+FreeRTOS+STM32L1xx\Project\EWARMv6\Debug\Obj\hal_beep.o
#        F:\phoenix\PRO\IAR+FreeRTOS+STM32L1xx\Project\EWARMv6\Debug\Obj\heap_4.o
#        F:\phoenix\PRO\IAR+FreeRTOS+STM32L1xx\Project\EWARMv6\Debug\Obj\list.o
#        F:\phoenix\PRO\IAR+FreeRTOS+STM32L1xx\Project\EWARMv6\Debug\Obj\main.o
#        F:\phoenix\PRO\IAR+FreeRTOS+STM32L1xx\Project\EWARMv6\Debug\Obj\misc.o
#        F:\phoenix\PRO\IAR+FreeRTOS+STM32L1xx\Project\EWARMv6\Debug\Obj\port.o
#        F:\phoenix\PRO\IAR+FreeRTOS+STM32L1xx\Project\EWARMv6\Debug\Obj\portasm.o
#        F:\phoenix\PRO\IAR+FreeRTOS+STM32L1xx\Project\EWARMv6\Debug\Obj\queue.o
#        F:\phoenix\PRO\IAR+FreeRTOS+STM32L1xx\Project\EWARMv6\Debug\Obj\startup_stm32l1xx_mdp.o
#        F:\phoenix\PRO\IAR+FreeRTOS+STM32L1xx\Project\EWARMv6\Debug\Obj\stm32l1xx_adc.o
#        F:\phoenix\PRO\IAR+FreeRTOS+STM32L1xx\Project\EWARMv6\Debug\Obj\stm32l1xx_aes.o
#        F:\phoenix\PRO\IAR+FreeRTOS+STM32L1xx\Project\EWARMv6\Debug\Obj\stm32l1xx_aes_util.o
#        F:\phoenix\PRO\IAR+FreeRTOS+STM32L1xx\Project\EWARMv6\Debug\Obj\stm32l1xx_comp.o
#        F:\phoenix\PRO\IAR+FreeRTOS+STM32L1xx\Project\EWARMv6\Debug\Obj\stm32l1xx_crc.o
#        F:\phoenix\PRO\IAR+FreeRTOS+STM32L1xx\Project\EWARMv6\Debug\Obj\stm32l1xx_dac.o
#        F:\phoenix\PRO\IAR+FreeRTOS+STM32L1xx\Project\EWARMv6\Debug\Obj\stm32l1xx_dbgmcu.o
#        F:\phoenix\PRO\IAR+FreeRTOS+STM32L1xx\Project\EWARMv6\Debug\Obj\stm32l1xx_dma.o
#        F:\phoenix\PRO\IAR+FreeRTOS+STM32L1xx\Project\EWARMv6\Debug\Obj\stm32l1xx_exti.o
#        F:\phoenix\PRO\IAR+FreeRTOS+STM32L1xx\Project\EWARMv6\Debug\Obj\stm32l1xx_flash.o
#        F:\phoenix\PRO\IAR+FreeRTOS+STM32L1xx\Project\EWARMv6\Debug\Obj\stm32l1xx_flash_ramfunc.o
#        F:\phoenix\PRO\IAR+FreeRTOS+STM32L1xx\Project\EWARMv6\Debug\Obj\stm32l1xx_fsmc.o
#        F:\phoenix\PRO\IAR+FreeRTOS+STM32L1xx\Project\EWARMv6\Debug\Obj\stm32l1xx_gpio.o
#        F:\phoenix\PRO\IAR+FreeRTOS+STM32L1xx\Project\EWARMv6\Debug\Obj\stm32l1xx_i2c.o
#        F:\phoenix\PRO\IAR+FreeRTOS+STM32L1xx\Project\EWARMv6\Debug\Obj\stm32l1xx_it.o
#        F:\phoenix\PRO\IAR+FreeRTOS+STM32L1xx\Project\EWARMv6\Debug\Obj\stm32l1xx_iwdg.o
#        F:\phoenix\PRO\IAR+FreeRTOS+STM32L1xx\Project\EWARMv6\Debug\Obj\stm32l1xx_lcd.o
#        F:\phoenix\PRO\IAR+FreeRTOS+STM32L1xx\Project\EWARMv6\Debug\Obj\stm32l1xx_opamp.o
#        F:\phoenix\PRO\IAR+FreeRTOS+STM32L1xx\Project\EWARMv6\Debug\Obj\stm32l1xx_pwr.o
#        F:\phoenix\PRO\IAR+FreeRTOS+STM32L1xx\Project\EWARMv6\Debug\Obj\stm32l1xx_rcc.o
#        F:\phoenix\PRO\IAR+FreeRTOS+STM32L1xx\Project\EWARMv6\Debug\Obj\stm32l1xx_rtc.o
#        F:\phoenix\PRO\IAR+FreeRTOS+STM32L1xx\Project\EWARMv6\Debug\Obj\stm32l1xx_sdio.o
#        F:\phoenix\PRO\IAR+FreeRTOS+STM32L1xx\Project\EWARMv6\Debug\Obj\stm32l1xx_spi.o
#        F:\phoenix\PRO\IAR+FreeRTOS+STM32L1xx\Project\EWARMv6\Debug\Obj\stm32l1xx_syscfg.o
#        F:\phoenix\PRO\IAR+FreeRTOS+STM32L1xx\Project\EWARMv6\Debug\Obj\stm32l1xx_tim.o
#        F:\phoenix\PRO\IAR+FreeRTOS+STM32L1xx\Project\EWARMv6\Debug\Obj\stm32l1xx_usart.o
#        F:\phoenix\PRO\IAR+FreeRTOS+STM32L1xx\Project\EWARMv6\Debug\Obj\stm32l1xx_wwdg.o
#        F:\phoenix\PRO\IAR+FreeRTOS+STM32L1xx\Project\EWARMv6\Debug\Obj\system_stm32l1xx.o
#        F:\phoenix\PRO\IAR+FreeRTOS+STM32L1xx\Project\EWARMv6\Debug\Obj\tasks.o
#        F:\phoenix\PRO\IAR+FreeRTOS+STM32L1xx\Project\EWARMv6\Debug\Obj\timers.o
#        F:\phoenix\PRO\IAR+FreeRTOS+STM32L1xx\Project\EWARMv6\Debug\Obj\usart.o
#        -o
#        F:\phoenix\PRO\IAR+FreeRTOS+STM32L1xx\Project\EWARMv6\Debug\Exe\c.out
#        --map
#        F:\phoenix\PRO\IAR+FreeRTOS+STM32L1xx\Project\EWARMv6\Debug\List\c.map
#        --config
#        F:\phoenix\PRO\IAR+FreeRTOS+STM32L1xx\Project\EWARMv6\SU_driver_IAR.icf
#        --semihosting --entry __iar_program_start --vfe
#
###############################################################################

*******************************************************************************
*** RUNTIME MODEL ATTRIBUTES
***

CppFlavor                     = *
__SystemLibrary               = DLib
__dlib_dynamic_initialization = normal


*******************************************************************************
*** PLACEMENT SUMMARY
***

"A1":  place at 0x08000000 { ro section .intvec };
"P1":  place in [from 0x08000000 to 0x0803ffff] { ro };
"P2":  place in [from 0x20000000 to 0x20007fff] { rw, block CSTACK, block HEAP };

  Section             Kind        Address    Size  Object
  -------             ----        -------    ----  ------
"A1":                                       0x124
  .intvec             ro code  0x08000000   0x124  startup_stm32l1xx_mdp.o [1]
                             - 0x08000124   0x124

"P1":                                      0x2896
  .text               ro code  0x08000124   0x70c  tasks.o [1]
  CODE                ro code  0x08000830    0x94  portasm.o [1]
  .text               ro code  0x080008c4   0x178  port.o [1]
  .text               ro code  0x08000a3c    0x9e  list.o [1]
  .text               ro code  0x08000adc   0x24c  heap_4.o [1]
  .text               ro code  0x08000d28   0x5d0  usart.o [1]
  .text               ro code  0x080012f8   0x188  stm32l1xx_rcc.o [1]
  .text               ro code  0x08001480   0x180  stm32l1xx_dma.o [1]
  .text               ro code  0x08001600    0xfe  stm32l1xx_gpio.o [1]
  .text               ro code  0x08001700   0x20c  stm32l1xx_usart.o [1]
  .text               ro code  0x0800190c    0x88  misc.o [1]
  .text               ro code  0x08001994   0x4f8  xscanfsmall_nomb.o [3]
  .text               ro code  0x08001e8c    0x14  isxxx.o [3]
  .text               ro code  0x08001ea0    0x16  strchr.o [4]
  .text               ro code  0x08001eb6    0x88  xstol.o [3]
  .text               ro code  0x08001f40   0x198  xstoul.o [3]
  .text               ro code  0x080020d8    0x18  setlocale.o [3]
  .text               ro code  0x080020f0    0x14  xlocale_c.o [3]
  .text               ro code  0x08002104     0xc  errno.o [3]
  .text               ro code  0x08002110    0x14  tolower.o [3]
  .text               ro code  0x08002124    0x58  memchr.o [4]
  .text               ro code  0x0800217c     0x2  xtls.o [3]
  .text               ro code  0x0800217e     0xc  xlocale_c.o [3]
  .text               ro code  0x0800218a   0x14c  xprintftiny.o [3]
  .text               ro code  0x080022d8    0x36  strlen.o [4]
  .text               ro code  0x08002310   0x130  system_stm32l1xx.o [1]
  .text               ro code  0x08002440   0x11c  main.o [1]
  .text               ro code  0x0800255c    0x14  bsp.o [1]
  .text               ro code  0x08002570    0x24  printf.o [3]
  .text               ro code  0x08002594    0x24  scanf.o [3]
  .text               ro code  0x080025b8    0x16  hal_beep.o [1]
  .text               ro code  0x080025d0    0x54  beep.o [1]
  .text               ro code  0x08002624    0x52  ungetc.o [3]
  .text               ro code  0x08002676     0x4  xsyslock_nop.o [3]
  .text               ro code  0x0800267a    0x40  zero_init3.o [4]
  .text               ro code  0x080026ba    0x38  packbits_init_single.o [4]
  .text               ro code  0x080026f4    0x28  data_init.o [4]
  .iar.init_table     const    0x0800271c    0x20  - Linker created -
  .text               ro code  0x0800273c    0x1a  cmain.o [4]
  .text               ro code  0x08002756     0x4  low_level_init.o [3]
  .text               ro code  0x0800275a     0x4  exit.o [3]
  .text               ro code  0x08002760     0xa  cexit.o [4]
  .text               ro code  0x0800276c    0x14  exit.o [5]
  .rodata             const    0x08002780    0x18  main.o [1]
  .text               ro code  0x08002798    0x16  xprout.o [3]
  .text               ro code  0x080027b0     0xc  putchar.o [3]
  .rodata             const    0x080027bc    0x14  main.o [1]
  .text               ro code  0x080027d0    0x10  startup_stm32l1xx_mdp.o [1]
  .text               ro code  0x080027e0    0x10  getchar.o [3]
  .text               ro code  0x080027f0     0xe  xscin.o [3]
  .rodata             const    0x08002800     0xc  main.o [1]
  .rodata             const    0x0800280c     0xc  main.o [1]
  .rodata             const    0x08002818     0xc  main.o [1]
  .rodata             const    0x08002824     0xc  main.o [1]
  .text               ro code  0x08002830     0xc  stm32l1xx_it.o [1]
  .text               ro code  0x0800283c     0xc  cstartup_M.o [4]
  .rodata             const    0x08002848     0x8  main.o [1]
  .rodata             const    0x08002850     0x8  tasks.o [1]
  .rodata             const    0x08002858     0x4  heap_4.o [1]
  .text               ro code  0x0800285c     0x4  startup_stm32l1xx_mdp.o [1]
  .text               ro code  0x08002860     0x4  startup_stm32l1xx_mdp.o [1]
  .text               ro code  0x08002864     0x4  startup_stm32l1xx_mdp.o [1]
  .text               ro code  0x08002868     0x4  startup_stm32l1xx_mdp.o [1]
  .text               ro code  0x0800286c     0x4  startup_stm32l1xx_mdp.o [1]
  .text               ro code  0x08002870     0x4  startup_stm32l1xx_mdp.o [1]
  .text               ro code  0x08002874     0x4  startup_stm32l1xx_mdp.o [1]
  .text               ro code  0x08002878     0x4  startup_stm32l1xx_mdp.o [1]
  .text               ro code  0x0800287c     0x4  startup_stm32l1xx_mdp.o [1]
  .text               ro code  0x08002880     0x4  startup_stm32l1xx_mdp.o [1]
  .text               ro code  0x08002884     0x4  startup_stm32l1xx_mdp.o [1]
  .text               ro code  0x08002888     0x4  startup_stm32l1xx_mdp.o [1]
  .text               ro code  0x0800288c     0x4  startup_stm32l1xx_mdp.o [1]
  .text               ro code  0x08002890     0x4  startup_stm32l1xx_mdp.o [1]
  .text               ro code  0x08002894     0x4  startup_stm32l1xx_mdp.o [1]
  .text               ro code  0x08002898     0x4  startup_stm32l1xx_mdp.o [1]
  .text               ro code  0x0800289c     0x4  startup_stm32l1xx_mdp.o [1]
  .text               ro code  0x080028a0     0x4  startup_stm32l1xx_mdp.o [1]
  .text               ro code  0x080028a4     0x4  startup_stm32l1xx_mdp.o [1]
  .text               ro code  0x080028a8     0x4  startup_stm32l1xx_mdp.o [1]
  .text               ro code  0x080028ac     0x4  startup_stm32l1xx_mdp.o [1]
  .text               ro code  0x080028b0     0x4  startup_stm32l1xx_mdp.o [1]
  .text               ro code  0x080028b4     0x4  startup_stm32l1xx_mdp.o [1]
  .text               ro code  0x080028b8     0x4  startup_stm32l1xx_mdp.o [1]
  .text               ro code  0x080028bc     0x4  startup_stm32l1xx_mdp.o [1]
  .text               ro code  0x080028c0     0x4  startup_stm32l1xx_mdp.o [1]
  .text               ro code  0x080028c4     0x4  startup_stm32l1xx_mdp.o [1]
  .text               ro code  0x080028c8     0x4  startup_stm32l1xx_mdp.o [1]
  .text               ro code  0x080028cc     0x4  startup_stm32l1xx_mdp.o [1]
  .text               ro code  0x080028d0     0x4  startup_stm32l1xx_mdp.o [1]
  .text               ro code  0x080028d4     0x4  startup_stm32l1xx_mdp.o [1]
  .text               ro code  0x080028d8     0x4  startup_stm32l1xx_mdp.o [1]
  .text               ro code  0x080028dc     0x4  startup_stm32l1xx_mdp.o [1]
  .text               ro code  0x080028e0     0x4  startup_stm32l1xx_mdp.o [1]
  .text               ro code  0x080028e4     0x4  startup_stm32l1xx_mdp.o [1]
  .text               ro code  0x080028e8     0x4  startup_stm32l1xx_mdp.o [1]
  .text               ro code  0x080028ec     0x4  startup_stm32l1xx_mdp.o [1]
  .text               ro code  0x080028f0     0x4  startup_stm32l1xx_mdp.o [1]
  .text               ro code  0x080028f4     0x4  startup_stm32l1xx_mdp.o [1]
  .text               ro code  0x080028f8     0x4  startup_stm32l1xx_mdp.o [1]
  .text               ro code  0x080028fc     0x4  startup_stm32l1xx_mdp.o [1]
  .text               ro code  0x08002900     0x4  startup_stm32l1xx_mdp.o [1]
  .text               ro code  0x08002904     0x4  startup_stm32l1xx_mdp.o [1]
  .text               ro code  0x08002908     0x4  startup_stm32l1xx_mdp.o [1]
  .text               ro code  0x0800290c     0x4  startup_stm32l1xx_mdp.o [1]
  .text               ro code  0x08002910     0x4  startup_stm32l1xx_mdp.o [1]
  .text               ro code  0x08002914     0x4  startup_stm32l1xx_mdp.o [1]
  .text               ro code  0x08002918     0x4  startup_stm32l1xx_mdp.o [1]
  .text               ro code  0x0800291c     0x4  startup_stm32l1xx_mdp.o [1]
  .text               ro code  0x08002920     0x4  startup_stm32l1xx_mdp.o [1]
  .text               ro code  0x08002924     0x4  startup_stm32l1xx_mdp.o [1]
  .text               ro code  0x08002928     0x4  startup_stm32l1xx_mdp.o [1]
  .text               ro code  0x0800292c     0x4  startup_stm32l1xx_mdp.o [1]
  .text               ro code  0x08002930     0x4  startup_stm32l1xx_mdp.o [1]
  .text               ro code  0x08002934     0x4  startup_stm32l1xx_mdp.o [1]
  .text               ro code  0x08002938     0x4  startup_stm32l1xx_mdp.o [1]
  .text               ro code  0x0800293c     0x4  startup_stm32l1xx_mdp.o [1]
  .text               ro code  0x08002940     0x4  startup_stm32l1xx_mdp.o [1]
  .text               ro code  0x08002944     0x4  startup_stm32l1xx_mdp.o [1]
  .text               ro code  0x08002948     0x4  startup_stm32l1xx_mdp.o [1]
  .text               ro code  0x0800294c     0x4  startup_stm32l1xx_mdp.o [1]
  .text               ro code  0x08002950     0x4  startup_stm32l1xx_mdp.o [1]
  .text               ro code  0x08002954     0x4  startup_stm32l1xx_mdp.o [1]
  .rodata             const    0x08002958     0x0  zero_init3.o [4]
  .rodata             const    0x08002958     0x0  packbits_init_single.o [4]
  Initializer bytes   const    0x08002958    0x62  <for P2-1>
                             - 0x080029ba  0x2896

"P2", part 1 of 3:                          0x118
  P2-1                         0x20000000   0x118  <Init block>
    .data             inited   0x20000000     0x4  port.o [1]
    .data             inited   0x20000004     0xc  stm32l1xx_rcc.o [1]
    .data             inited   0x20000010    0x10  stm32l1xx_rcc.o [1]
    .data             inited   0x20000020    0x40  xfiles.o [3]
    .data             inited   0x20000060    0x40  xfiles.o [3]
    __DLIB_PERTHREAD  inited   0x200000a0     0x4  errno.o [3]
    __DLIB_PERTHREAD  inited   0x200000a4    0x74  setlocale.o [3]
                             - 0x20000118   0x118

"P2", part 2 of 3:                          0x800
  CSTACK                       0x20000118   0x800  <Block>
    CSTACK            uninit   0x20000118   0x800  <Block tail>
                             - 0x20000918   0x800

"P2", part 3 of 3:                         0x5dfc
  .bss                zero     0x20000918  0x4400  heap_4.o [1]
  .bss                zero     0x20004d18   0x400  usart.o [1]
  .bss                zero     0x20005118   0x400  usart.o [1]
  .bss                zero     0x20005518   0x400  usart.o [1]
  .bss                zero     0x20005918   0x400  usart.o [1]
  .bss                zero     0x20005d18   0x400  usart.o [1]
  .bss                zero     0x20006118   0x400  usart.o [1]
  .bss                zero     0x20006518    0x64  tasks.o [1]
  .bss                zero     0x2000657c    0x50  xfiles.o [3]
  .bss                zero     0x200065cc    0x28  usart.o [1]
  .bss                zero     0x200065f4    0x28  usart.o [1]
  .bss                zero     0x2000661c    0x28  usart.o [1]
  .bss                zero     0x20006644    0x14  tasks.o [1]
  .bss                zero     0x20006658    0x14  tasks.o [1]
  .bss                zero     0x2000666c    0x14  tasks.o [1]
  .bss                zero     0x20006680    0x14  tasks.o [1]
  .bss                zero     0x20006694    0x14  tasks.o [1]
  .bss                zero     0x200066a8     0x8  heap_4.o [1]
  .bss                zero     0x200066b0     0x4  heap_4.o [1]
  .bss                zero     0x200066b4     0x4  heap_4.o [1]
  .bss                zero     0x200066b8     0x4  heap_4.o [1]
  .bss                zero     0x200066bc     0x4  heap_4.o [1]
  .bss                zero     0x200066c0     0x4  main.o [1]
  .bss                zero     0x200066c4     0x4  main.o [1]
  .bss                zero     0x200066c8     0x4  main.o [1]
  .bss                zero     0x200066cc     0x4  main.o [1]
  .bss                zero     0x200066d0     0x4  main.o [1]
  .bss                zero     0x200066d4     0x4  port.o [1]
  .bss                zero     0x200066d8     0x4  tasks.o [1]
  .bss                zero     0x200066dc     0x4  tasks.o [1]
  .bss                zero     0x200066e0     0x4  tasks.o [1]
  .bss                zero     0x200066e4     0x4  tasks.o [1]
  .bss                zero     0x200066e8     0x4  tasks.o [1]
  .bss                zero     0x200066ec     0x4  tasks.o [1]
  .bss                zero     0x200066f0     0x4  tasks.o [1]
  .bss                zero     0x200066f4     0x4  tasks.o [1]
  .bss                zero     0x200066f8     0x4  tasks.o [1]
  .bss                zero     0x200066fc     0x4  tasks.o [1]
  .bss                zero     0x20006700     0x4  tasks.o [1]
  .bss                zero     0x20006704     0x4  tasks.o [1]
  .bss                zero     0x20006708     0x4  tasks.o [1]
  .bss                zero     0x2000670c     0x4  tasks.o [1]
  .bss                zero     0x20006710     0x1  port.o [1]
                             - 0x20006711  0x5df9


*******************************************************************************
*** INIT TABLE
***

          Address     Size
          -------     ----
Zero (__iar_zero_init3)
    1 destination range, total size 0x5df9:
          0x20000918  0x5df9

Copy/packbits (__iar_packbits_init_single3)
    1 source range, total size 0x62 (35% of destination):
          0x08002958    0x62
    1 destination range, total size 0x118:
          0x20000000   0x118



*******************************************************************************
*** MODULE SUMMARY
***

    Module                   ro code  ro data  rw data
    ------                   -------  -------  -------
F:\phoenix\PRO\IAR+FreeRTOS+STM32L1xx\Project\EWARMv6\Debug\Obj: [1]
    beep.o                        84
    bsp.o                         20
    hal_beep.o                    22
    heap_4.o                     588        4   17 432
    list.o                       158
    main.o                       284      100       20
    misc.o                       136
    port.o                       376        1        9
    portasm.o                    148
    startup_stm32l1xx_mdp.o      560
    stm32l1xx_dma.o              384
    stm32l1xx_gpio.o             254
    stm32l1xx_it.o                12
    stm32l1xx_rcc.o              392       10       28
    stm32l1xx_usart.o            524
    system_stm32l1xx.o           304
    tasks.o                    1 804        8      256
    usart.o                    1 488             6 264
    --------------------------------------------------
    Total:                     7 538      123   24 009

command line: [2]
    --------------------------------------------------
    Total:

dl7M_tlf.a: [3]
    errno.o                       12        1        4
    exit.o                         4
    getchar.o                     16
    isxxx.o                       20
    low_level_init.o               4
    printf.o                      36
    putchar.o                     12
    scanf.o                       36
    setlocale.o                   24       41      116
    tolower.o                     20
    ungetc.o                      82
    xfiles.o                               45      208
    xlocale_c.o                   32
    xprintftiny.o                332
    xprout.o                      22
    xscanfsmall_nomb.o         1 272
    xscin.o                       14
    xstol.o                      136
    xstoul.o                     408
    xsyslock_nop.o                 4
    xtls.o                         2
    --------------------------------------------------
    Total:                     2 488       87      328

rt7M_tl.a: [4]
    cexit.o                       10
    cmain.o                       26
    cstartup_M.o                  12
    data_init.o                   40
    memchr.o                      88
    packbits_init_single.o        56
    strchr.o                      22
    strlen.o                      54
    zero_init3.o                  64
    --------------------------------------------------
    Total:                       372

shb_l.a: [5]
    exit.o                        20
    --------------------------------------------------
    Total:                        20

    Gaps                          20        2
    Linker created                         32    2 048
------------------------------------------------------
    Grand Total:              10 438      244   26 385


*******************************************************************************
*** ENTRY LIST
***

Entry                      Address    Size  Type      Object
-----                      -------    ----  ----      ------
.iar.init_table$$Base   0x0800271c           --   Gb  - Linker created -
.iar.init_table$$Limit  0x0800273c           --   Gb  - Linker created -
?main                   0x0800273d          Code  Gb  cmain.o [4]
APBAHBPrescTable        0x20000010    0x10  Data  Lc  stm32l1xx_rcc.o [1]
AppTaskCreate           0x08002499    0x80  Code  Lc  main.o [1]
BusFault_Handler        0x08002837     0x2  Code  Gb  stm32l1xx_it.o [1]
CSTACK$$Base            0x20000118           --   Gb  - Linker created -
CSTACK$$Limit           0x20000918           --   Gb  - Linker created -
ComToUart               0x08000d89    0x2a  Code  Lc  usart.o [1]
ConfigUartNVIC          0x08001163    0x4c  Code  Lc  usart.o [1]
DMA_DeInit              0x08001481   0x10a  Code  Gb  stm32l1xx_dma.o [1]
DMA_Init                0x0800158b    0x3e  Code  Gb  stm32l1xx_dma.o [1]
DebugMon_Handler        0x0800283b     0x2  Code  Gb  stm32l1xx_it.o [1]
GPIO_Init               0x08001601    0xa4  Code  Gb  stm32l1xx_gpio.o [1]
GPIO_PinAFConfig        0x080016a5    0x5a  Code  Gb  stm32l1xx_gpio.o [1]
HardFault_Handler       0x08002833     0x2  Code  Gb  stm32l1xx_it.o [1]
InitHardUart            0x08000f45   0x21e  Code  Lc  usart.o [1]
MemManage_Handler       0x08002835     0x2  Code  Gb  stm32l1xx_it.o [1]
NMI_Handler             0x08002831     0x2  Code  Gb  stm32l1xx_it.o [1]
NVIC_Init               0x08001917    0x6a  Code  Gb  misc.o [1]
NVIC_PriorityGroupConfig
                        0x0800190d     0xa  Code  Gb  misc.o [1]
PLLMulTable             0x20000004     0xc  Data  Lc  stm32l1xx_rcc.o [1]
PendSV_Handler          0x08000831          Code  Gb  portasm.o [1]
RCC_AHBPeriphClockCmd   0x08001403    0x1e  Code  Gb  stm32l1xx_rcc.o [1]
RCC_APB1PeriphClockCmd  0x0800143f    0x1e  Code  Gb  stm32l1xx_rcc.o [1]
RCC_APB2PeriphClockCmd  0x08001421    0x1e  Code  Gb  stm32l1xx_rcc.o [1]
RCC_GetClocksFreq       0x080012f9   0x10a  Code  Gb  stm32l1xx_rcc.o [1]
Region$$Table$$Base     0x0800271c           --   Gb  - Linker created -
Region$$Table$$Limit    0x0800273c           --   Gb  - Linker created -
SVC_Handler             0x08000883          Code  Gb  portasm.o [1]
SetSysClock             0x08002363    0xb0  Code  Lc  system_stm32l1xx.o [1]
SysTick_Handler         0x080009ed    0x1e  Code  Gb  port.o [1]
SystemInit              0x08002311    0x52  Code  Gb  system_stm32l1xx.o [1]
UARTx_TX_DMA_Init       0x08000d39    0x50  Code  Gb  usart.o [1]
USART1_IRQHandler       0x0800124f     0xa  Code  Gb  usart.o [1]
USART2_IRQHandler       0x08001259     0xa  Code  Gb  usart.o [1]
USART3_IRQHandler       0x08001263     0xa  Code  Gb  usart.o [1]
USART_ClearFlag         0x08001891     0xc  Code  Gb  stm32l1xx_usart.o [1]
USART_Cmd               0x080017f1    0x1c  Code  Gb  stm32l1xx_usart.o [1]
USART_GetFlagStatus     0x08001873    0x1e  Code  Gb  stm32l1xx_usart.o [1]
USART_GetITStatus       0x0800189d    0x70  Code  Gb  stm32l1xx_usart.o [1]
USART_ITConfig          0x0800181d    0x56  Code  Gb  stm32l1xx_usart.o [1]
USART_Init              0x08001701    0xe8  Code  Gb  stm32l1xx_usart.o [1]
USART_ReceiveData       0x08001815     0x8  Code  Gb  stm32l1xx_usart.o [1]
USART_SendData          0x0800180d     0x8  Code  Gb  stm32l1xx_usart.o [1]
UartGetChar             0x080011af    0x50  Code  Lc  usart.o [1]
UartIRQ                 0x080011ff    0x50  Code  Lc  usart.o [1]
UartVarInit             0x08000dd5   0x170  Code  Lc  usart.o [1]
UsageFault_Handler      0x08002839     0x2  Code  Gb  stm32l1xx_it.o [1]
_GetintSmallNoMb        0x08001c45   0x232  Code  Lc  xscanfsmall_nomb.o [3]
_GetstrSmallNoMb        0x08001b97    0xac  Code  Lc  xscanfsmall_nomb.o [3]
_IsdstStr               0x200000a8     0x4  Data  Gb  setlocale.o [3]
_LocaleC_isspace        0x080020f1    0x14  Code  Gb  xlocale_c.o [3]
_LocaleC_tolower        0x0800217f     0xc  Code  Gb  xlocale_c.o [3]
_LocaleForCat           0x080020d9    0x12  Code  Gb  setlocale.o [3]
_LocaleReturnString     0x200000c8    0x50  Data  Lc  setlocale.o [3]
_Locale_Profile         0x200000ac    0x1c  Data  Gb  setlocale.o [3]
_PrintfTiny             0x080021a3   0x134  Code  Gb  xprintftiny.o [3]
_Prout                  0x08002799    0x16  Code  Gb  xprout.o [3]
_ScanfSmallNoMb         0x080019af   0x1e2  Code  Gb  xscanfsmall_nomb.o [3]
_Scin                   0x080027f1     0xe  Code  Gb  xscin.o [3]
_TzoneStr               0x200000a4     0x4  Data  Gb  setlocale.o [3]
_UngetN                 0x08001995    0x1a  Code  Lc  xscanfsmall_nomb.o [3]
__aeabi_errno_addr      0x08002105     0x6  Code  Gb  errno.o [3]
__cmain                 0x0800273d          Code  Gb  cmain.o [4]
__exit                  0x0800276d    0x14  Code  Gb  exit.o [5]
__iar_Errno             0x200000a0     0x4  Data  Gb  errno.o [3]
__iar_Lockfilelock      0x08002677     0x2  Code  Gb  xsyslock_nop.o [3]
__iar_Memchr            0x08002125          Code  Gb  memchr.o [4]
__iar_Stdin             0x20000020    0x40  Data  Gb  xfiles.o [3]
__iar_Stdout            0x20000060    0x40  Data  Gb  xfiles.o [3]
__iar_Stolx             0x08001eb7    0x88  Code  Gb  xstol.o [3]
__iar_Stoul             0x08002085     0x4  Code  Gb  xstoul.o [3]
__iar_Stoulx            0x08001f41   0x13e  Code  Gb  xstoul.o [3]
__iar_Strchr            0x08001ea1          Code  Gb  strchr.o [4]
__iar_Unlockfilelock    0x08002679     0x2  Code  Gb  xsyslock_nop.o [3]
__iar_data_init3        0x080026f5    0x28  Code  Gb  data_init.o [4]
__iar_dlib_perthread_access
                        0x0800217d     0x2  Code  Gb  xtls.o [3]
__iar_packbits_init_single3
                        0x080026bb    0x38  Code  Gb  packbits_init_single.o [4]
__iar_program_start     0x0800283d          Code  Gb  cstartup_M.o [4]
__iar_zero_init3        0x0800267b    0x40  Code  Gb  zero_init3.o [4]
__low_level_init        0x08002757     0x4  Code  Gb  low_level_init.o [3]
__ungetchar             0x080027e7     0x6  Code  Gb  getchar.o [3]
__vector_table          0x08000000          Data  Gb  startup_stm32l1xx_mdp.o [1]
_call_main              0x08002749          Code  Gb  cmain.o [4]
_exit                   0x08002761          Code  Gb  cexit.o [4]
_main                   0x08002753          Code  Gb  cmain.o [4]
_testStep               0x200066d0     0x4  Data  Gb  main.o [1]
beep                    0x08002603    0x16  Code  Gb  beep.o [1]
beep_init               0x080025d1    0x32  Code  Gb  beep.o [1]
bsp_Init                0x0800255d    0x14  Code  Gb  bsp.o [1]
bsp_InitUart            0x08000d29    0x10  Code  Gb  usart.o [1]
comGetChar              0x08000db3    0x22  Code  Gb  usart.o [1]
digits                  0x08002088    0x28  Data  Lc  xstoul.o [3]
exit                    0x0800275b     0x4  Code  Gb  exit.o [3]
fgetc                   0x080012e1    0x18  Code  Gb  usart.o [1]
fputc                   0x0800126d    0x22  Code  Gb  usart.o [1]
g_RxBuf1                0x20005118   0x400  Data  Lc  usart.o [1]
g_RxBuf2                0x20005918   0x400  Data  Lc  usart.o [1]
g_RxBuf3                0x20006118   0x400  Data  Lc  usart.o [1]
g_TxBuf1                0x20004d18   0x400  Data  Lc  usart.o [1]
g_TxBuf2                0x20005518   0x400  Data  Lc  usart.o [1]
g_TxBuf3                0x20005d18   0x400  Data  Lc  usart.o [1]
g_tUart1                0x200065cc    0x28  Data  Lc  usart.o [1]
g_tUart2                0x200065f4    0x28  Data  Lc  usart.o [1]
g_tUart3                0x2000661c    0x28  Data  Lc  usart.o [1]
getchar                 0x080027e1     0x6  Code  Gb  getchar.o [3]
hal_beep                0x080025c1     0xe  Code  Gb  hal_beep.o [1]
hal_beep_init           0x080025b9     0x8  Code  Gb  hal_beep.o [1]
isspace                 0x08001e8d    0x14  Code  Gb  isxxx.o [3]
main                    0x08002441    0x10  Code  Gb  main.o [1]
memchr                  0x08002125          Code  Gb  memchr.o [4]
ndigs                   0x080020b0    0x28  Data  Lc  xstoul.o [3]
obuf                    0x2000657c    0x50  Data  Lc  xfiles.o [3]
out                     0x0800218b    0x18  Code  Lc  xprintftiny.o [3]
printf                  0x08002571    0x24  Code  Gb  printf.o [3]
prvAddCurrentTaskToDelayedList
                        0x08000725    0x4a  Code  Lc  tasks.o [1]
prvAllocateTCBAndStack  0x0800076f    0x3c  Code  Lc  tasks.o [1]
prvCheckTasksWaitingTermination
                        0x080006bb    0x66  Code  Lc  tasks.o [1]
prvDeleteTCB            0x080007ab    0x12  Code  Lc  tasks.o [1]
prvHeapInit             0x08000c3b    0x6e  Code  Lc  heap_4.o [1]
prvIdleTask             0x080005d9    0x18  Code  Lc  tasks.o [1]
prvInitialiseTCBVariables
                        0x080005fd    0x66  Code  Lc  tasks.o [1]
prvInitialiseTaskLists  0x08000663    0x58  Code  Lc  tasks.o [1]
prvInsertBlockIntoFreeList
                        0x08000ca9    0x62  Code  Lc  heap_4.o [1]
prvResetNextTaskUnblockTime
                        0x080007bd    0x2a  Code  Lc  tasks.o [1]
prvTaskExitError        0x080008e1    0x18  Code  Lc  port.o [1]
putchar                 0x080027b1     0xc  Code  Gb  putchar.o [3]
pvPortMalloc            0x08000add    0xfa  Code  Gb  heap_4.o [1]
pxCurrentTCB            0x200066d8     0x4  Data  Gb  tasks.o [1]
pxDelayedTaskList       0x200066dc     0x4  Data  Lc  tasks.o [1]
pxEnd                   0x200066b0     0x4  Data  Lc  heap_4.o [1]
pxOverflowDelayedTaskList
                        0x200066e0     0x4  Data  Lc  tasks.o [1]
pxPortInitialiseStack   0x080008c5    0x1c  Code  Gb  port.o [1]
pxReadyTasksLists       0x20006518    0x64  Data  Lc  tasks.o [1]
scanf                   0x08002595    0x24  Code  Gb  scanf.o [3]
strchr                  0x08001ea1          Code  Gb  strchr.o [4]
strlen                  0x080022d9          Code  Gb  strlen.o [4]
tolower                 0x08002111    0x14  Code  Gb  tolower.o [3]
ucHeap                  0x20000918  0x4400  Data  Lc  heap_4.o [1]
ucMaxSysCallPriority    0x20006710     0x1  Data  Lc  port.o [1]
ulMaxPRIGROUPValue      0x200066d4     0x4  Data  Lc  port.o [1]
ulPortSetInterruptMask  0x0800086f          Code  Gb  portasm.o [1]
ungetc                  0x08002625    0x52  Code  Gb  ungetc.o [3]
uxCriticalNesting       0x20000000     0x4  Data  Lc  port.o [1]
uxCurrentNumberOfTasks  0x200066e8     0x4  Data  Lc  tasks.o [1]
uxListRemove            0x08000ab3    0x28  Code  Gb  list.o [1]
uxPendedTicks           0x200066f8     0x4  Data  Lc  tasks.o [1]
uxSchedulerSuspended    0x2000670c     0x4  Data  Lc  tasks.o [1]
uxTaskNumber            0x20006704     0x4  Data  Lc  tasks.o [1]
uxTasksDeleted          0x200066e4     0x4  Data  Lc  tasks.o [1]
uxTopReadyPriority      0x200066f0     0x4  Data  Lc  tasks.o [1]
vListInitialise         0x08000a3d    0x1e  Code  Gb  list.o [1]
vListInitialiseItem     0x08000a5b     0x6  Code  Gb  list.o [1]
vListInsert             0x08000a79    0x3a  Code  Gb  list.o [1]
vListInsertEnd          0x08000a61    0x18  Code  Gb  list.o [1]
vPortClearInterruptMask
                        0x0800087d          Code  Gb  portasm.o [1]
vPortEnterCritical      0x08000993    0x30  Code  Gb  port.o [1]
vPortExitCritical       0x080009c3    0x2a  Code  Gb  port.o [1]
vPortFree               0x08000bd7    0x64  Code  Gb  heap_4.o [1]
vPortSetupTimerInterrupt
                        0x08000a0b    0x10  Code  Wk  port.o [1]
vPortStartFirstTask     0x080008a3          Code  Gb  portasm.o [1]
vPortYield              0x08000981    0x12  Code  Gb  port.o [1]
vTaskDelay              0x08000273    0x6c  Code  Gb  tasks.o [1]
vTaskLED                0x08002453     0x2  Code  Lc  main.o [1]
vTaskMsgPro             0x08002455     0x2  Code  Lc  main.o [1]
vTaskStart              0x08002457    0x42  Code  Lc  main.o [1]
vTaskStartScheduler     0x080002df    0x58  Code  Gb  tasks.o [1]
vTaskSuspendAll         0x08000337    0x10  Code  Gb  tasks.o [1]
vTaskSwitchContext      0x08000563    0x6a  Code  Gb  tasks.o [1]
vTaskTaskUserIF         0x08002451     0x2  Code  Lc  main.o [1]
xBlockAllocatedBit      0x200066bc     0x4  Data  Lc  heap_4.o [1]
xDelayedTaskList1       0x20006644    0x14  Data  Lc  tasks.o [1]
xDelayedTaskList2       0x20006658    0x14  Data  Lc  tasks.o [1]
xFreeBytesRemaining     0x200066b4     0x4  Data  Lc  heap_4.o [1]
xHandleTaskLED          0x200066c4     0x4  Data  Lc  main.o [1]
xHandleTaskMsgPro       0x200066c8     0x4  Data  Lc  main.o [1]
xHandleTaskStart        0x200066cc     0x4  Data  Lc  main.o [1]
xHandleTaskUserIF       0x200066c0     0x4  Data  Lc  main.o [1]
xHeapStructSize         0x08002858     0x4  Data  Lc  heap_4.o [1]
xMinimumEverFreeBytesRemaining
                        0x200066b8     0x4  Data  Lc  heap_4.o [1]
xNextTaskUnblockTime    0x20006708     0x4  Data  Lc  tasks.o [1]
xNumOfOverflows         0x20006700     0x4  Data  Lc  tasks.o [1]
xPendingReadyList       0x2000666c    0x14  Data  Lc  tasks.o [1]
xPortStartScheduler     0x080008f9    0x88  Code  Gb  port.o [1]
xSchedulerRunning       0x200066f4     0x4  Data  Lc  tasks.o [1]
xStart                  0x200066a8     0x8  Data  Lc  heap_4.o [1]
xSuspendedTaskList      0x20006694    0x14  Data  Lc  tasks.o [1]
xTaskGenericCreate      0x08000125   0x14e  Code  Gb  tasks.o [1]
xTaskIncrementTick      0x0800042f   0x134  Code  Gb  tasks.o [1]
xTaskResumeAll          0x08000347    0xe8  Code  Gb  tasks.o [1]
xTasksWaitingTermination
                        0x20006680    0x14  Data  Lc  tasks.o [1]
xTickCount              0x200066ec     0x4  Data  Lc  tasks.o [1]
xYieldPending           0x200066fc     0x4  Data  Lc  tasks.o [1]


[1] = F:\phoenix\PRO\IAR+FreeRTOS+STM32L1xx\Project\EWARMv6\Debug\Obj
[2] = command line
[3] = dl7M_tlf.a
[4] = rt7M_tl.a
[5] = shb_l.a

  10 438 bytes of readonly  code memory
     244 bytes of readonly  data memory
  26 385 bytes of readwrite data memory

Errors: none
Warnings: none
