###############################################################################
#
# IAR ELF Linker V7.50.2.10312/W32 for ARM                25/Nov/2016  10:37:10
# Copyright 2007-2015 IAR Systems AB.
#
#    Output file  =  
#        F:\phoenix\PRO\IAR+FreeRTOS+STM32L1xx\Project\EWARMv6\Debug\Exe\c.out
#    Map file     =  
#        F:\phoenix\PRO\IAR+FreeRTOS+STM32L1xx\Project\EWARMv6\Debug\List\c.map
#    Command line =  
#        F:\phoenix\PRO\IAR+FreeRTOS+STM32L1xx\Project\EWARMv6\Debug\Obj\adxl345.o
#        F:\phoenix\PRO\IAR+FreeRTOS+STM32L1xx\Project\EWARMv6\Debug\Obj\beep.o
#        F:\phoenix\PRO\IAR+FreeRTOS+STM32L1xx\Project\EWARMv6\Debug\Obj\bsp.o
#        F:\phoenix\PRO\IAR+FreeRTOS+STM32L1xx\Project\EWARMv6\Debug\Obj\croutine.o
#        F:\phoenix\PRO\IAR+FreeRTOS+STM32L1xx\Project\EWARMv6\Debug\Obj\event_groups.o
#        F:\phoenix\PRO\IAR+FreeRTOS+STM32L1xx\Project\EWARMv6\Debug\Obj\hal_acc_sensor.o
#        F:\phoenix\PRO\IAR+FreeRTOS+STM32L1xx\Project\EWARMv6\Debug\Obj\hal_beep.o
#        F:\phoenix\PRO\IAR+FreeRTOS+STM32L1xx\Project\EWARMv6\Debug\Obj\hal_brightness.o
#        F:\phoenix\PRO\IAR+FreeRTOS+STM32L1xx\Project\EWARMv6\Debug\Obj\hal_led.o
#        F:\phoenix\PRO\IAR+FreeRTOS+STM32L1xx\Project\EWARMv6\Debug\Obj\hal_nfc.o
#        F:\phoenix\PRO\IAR+FreeRTOS+STM32L1xx\Project\EWARMv6\Debug\Obj\hal_platform.o
#        F:\phoenix\PRO\IAR+FreeRTOS+STM32L1xx\Project\EWARMv6\Debug\Obj\hal_tempRh.o
#        F:\phoenix\PRO\IAR+FreeRTOS+STM32L1xx\Project\EWARMv6\Debug\Obj\heap_4.o
#        F:\phoenix\PRO\IAR+FreeRTOS+STM32L1xx\Project\EWARMv6\Debug\Obj\I2c.o
#        F:\phoenix\PRO\IAR+FreeRTOS+STM32L1xx\Project\EWARMv6\Debug\Obj\list.o
#        F:\phoenix\PRO\IAR+FreeRTOS+STM32L1xx\Project\EWARMv6\Debug\Obj\main.o
#        F:\phoenix\PRO\IAR+FreeRTOS+STM32L1xx\Project\EWARMv6\Debug\Obj\misc.o
#        F:\phoenix\PRO\IAR+FreeRTOS+STM32L1xx\Project\EWARMv6\Debug\Obj\nt3h1101.o
#        F:\phoenix\PRO\IAR+FreeRTOS+STM32L1xx\Project\EWARMv6\Debug\Obj\opt3001.o
#        F:\phoenix\PRO\IAR+FreeRTOS+STM32L1xx\Project\EWARMv6\Debug\Obj\platform.o
#        F:\phoenix\PRO\IAR+FreeRTOS+STM32L1xx\Project\EWARMv6\Debug\Obj\port.o
#        F:\phoenix\PRO\IAR+FreeRTOS+STM32L1xx\Project\EWARMv6\Debug\Obj\portasm.o
#        F:\phoenix\PRO\IAR+FreeRTOS+STM32L1xx\Project\EWARMv6\Debug\Obj\queue.o
#        F:\phoenix\PRO\IAR+FreeRTOS+STM32L1xx\Project\EWARMv6\Debug\Obj\SHT20.o
#        F:\phoenix\PRO\IAR+FreeRTOS+STM32L1xx\Project\EWARMv6\Debug\Obj\startup_stm32l1xx_mdp.o
#        F:\phoenix\PRO\IAR+FreeRTOS+STM32L1xx\Project\EWARMv6\Debug\Obj\stm32l1xx_adc.o
#        F:\phoenix\PRO\IAR+FreeRTOS+STM32L1xx\Project\EWARMv6\Debug\Obj\stm32l1xx_aes.o
#        F:\phoenix\PRO\IAR+FreeRTOS+STM32L1xx\Project\EWARMv6\Debug\Obj\stm32l1xx_aes_util.o
#        F:\phoenix\PRO\IAR+FreeRTOS+STM32L1xx\Project\EWARMv6\Debug\Obj\stm32l1xx_comp.o
#        F:\phoenix\PRO\IAR+FreeRTOS+STM32L1xx\Project\EWARMv6\Debug\Obj\stm32l1xx_crc.o
#        F:\phoenix\PRO\IAR+FreeRTOS+STM32L1xx\Project\EWARMv6\Debug\Obj\stm32l1xx_dac.o
#        F:\phoenix\PRO\IAR+FreeRTOS+STM32L1xx\Project\EWARMv6\Debug\Obj\stm32l1xx_dbgmcu.o
#        F:\phoenix\PRO\IAR+FreeRTOS+STM32L1xx\Project\EWARMv6\Debug\Obj\stm32l1xx_dma.o
#        F:\phoenix\PRO\IAR+FreeRTOS+STM32L1xx\Project\EWARMv6\Debug\Obj\stm32l1xx_exti.o
#        F:\phoenix\PRO\IAR+FreeRTOS+STM32L1xx\Project\EWARMv6\Debug\Obj\stm32l1xx_flash.o
#        F:\phoenix\PRO\IAR+FreeRTOS+STM32L1xx\Project\EWARMv6\Debug\Obj\stm32l1xx_flash_ramfunc.o
#        F:\phoenix\PRO\IAR+FreeRTOS+STM32L1xx\Project\EWARMv6\Debug\Obj\stm32l1xx_fsmc.o
#        F:\phoenix\PRO\IAR+FreeRTOS+STM32L1xx\Project\EWARMv6\Debug\Obj\stm32l1xx_gpio.o
#        F:\phoenix\PRO\IAR+FreeRTOS+STM32L1xx\Project\EWARMv6\Debug\Obj\stm32l1xx_i2c.o
#        F:\phoenix\PRO\IAR+FreeRTOS+STM32L1xx\Project\EWARMv6\Debug\Obj\stm32l1xx_it.o
#        F:\phoenix\PRO\IAR+FreeRTOS+STM32L1xx\Project\EWARMv6\Debug\Obj\stm32l1xx_iwdg.o
#        F:\phoenix\PRO\IAR+FreeRTOS+STM32L1xx\Project\EWARMv6\Debug\Obj\stm32l1xx_lcd.o
#        F:\phoenix\PRO\IAR+FreeRTOS+STM32L1xx\Project\EWARMv6\Debug\Obj\stm32l1xx_opamp.o
#        F:\phoenix\PRO\IAR+FreeRTOS+STM32L1xx\Project\EWARMv6\Debug\Obj\stm32l1xx_pwr.o
#        F:\phoenix\PRO\IAR+FreeRTOS+STM32L1xx\Project\EWARMv6\Debug\Obj\stm32l1xx_rcc.o
#        F:\phoenix\PRO\IAR+FreeRTOS+STM32L1xx\Project\EWARMv6\Debug\Obj\stm32l1xx_rtc.o
#        F:\phoenix\PRO\IAR+FreeRTOS+STM32L1xx\Project\EWARMv6\Debug\Obj\stm32l1xx_sdio.o
#        F:\phoenix\PRO\IAR+FreeRTOS+STM32L1xx\Project\EWARMv6\Debug\Obj\stm32l1xx_spi.o
#        F:\phoenix\PRO\IAR+FreeRTOS+STM32L1xx\Project\EWARMv6\Debug\Obj\stm32l1xx_syscfg.o
#        F:\phoenix\PRO\IAR+FreeRTOS+STM32L1xx\Project\EWARMv6\Debug\Obj\stm32l1xx_tim.o
#        F:\phoenix\PRO\IAR+FreeRTOS+STM32L1xx\Project\EWARMv6\Debug\Obj\stm32l1xx_usart.o
#        F:\phoenix\PRO\IAR+FreeRTOS+STM32L1xx\Project\EWARMv6\Debug\Obj\stm32l1xx_wwdg.o
#        F:\phoenix\PRO\IAR+FreeRTOS+STM32L1xx\Project\EWARMv6\Debug\Obj\system_stm32l1xx.o
#        F:\phoenix\PRO\IAR+FreeRTOS+STM32L1xx\Project\EWARMv6\Debug\Obj\tasks.o
#        F:\phoenix\PRO\IAR+FreeRTOS+STM32L1xx\Project\EWARMv6\Debug\Obj\timers.o
#        F:\phoenix\PRO\IAR+FreeRTOS+STM32L1xx\Project\EWARMv6\Debug\Obj\usart.o
#        F:\phoenix\PRO\IAR+FreeRTOS+STM32L1xx\Project\EWARMv6\Debug\Obj\WS2812.o
#        -o
#        F:\phoenix\PRO\IAR+FreeRTOS+STM32L1xx\Project\EWARMv6\Debug\Exe\c.out
#        --map
#        F:\phoenix\PRO\IAR+FreeRTOS+STM32L1xx\Project\EWARMv6\Debug\List\c.map
#        --config
#        F:\phoenix\PRO\IAR+FreeRTOS+STM32L1xx\Project\EWARMv6\SU_driver_IAR.icf
#        --semihosting --entry __iar_program_start --vfe
#
###############################################################################

*******************************************************************************
*** RUNTIME MODEL ATTRIBUTES
***

CppFlavor                     = *
__SystemLibrary               = DLib
__dlib_dynamic_initialization = normal


*******************************************************************************
*** PLACEMENT SUMMARY
***

"A1":  place at 0x08000000 { ro section .intvec };
"P1":  place in [from 0x08000000 to 0x0803ffff] { ro };
"P2":  place in [from 0x20000000 to 0x20007fff] { rw, block CSTACK, block HEAP };

  Section             Kind        Address    Size  Object
  -------             ----        -------    ----  ------
"A1":                                       0x124
  .intvec             ro code  0x08000000   0x124  startup_stm32l1xx_mdp.o [1]
                             - 0x08000124   0x124

"P1":                                      0x7aa9
  .text               ro code  0x08000124   0xd8e  xprintffull_nomb.o [3]
  .text               ro code  0x08000eb2    0x76  lz77_init_single.o [5]
  .text               ro code  0x08000f28    0x16  strchr.o [5]
  .text               ro code  0x08000f40    0x36  strlen.o [5]
  .text               ro code  0x08000f78    0x58  memchr.o [5]
  .text               ro code  0x08000fd0    0xee  I64DivMod.o [5]
  .text               ro code  0x080010c0    0x76  ABImemcpy_unaligned.o [5]
  .text               ro code  0x08001136    0x42  xdnorm.o [4]
  .text               ro code  0x08001178    0x2e  DblCmpLe.o [4]
  .text               ro code  0x080011a8    0x2e  DblCmpGe.o [4]
  .text               ro code  0x080011d8   0x10c  xdscale.o [4]
  .text               ro code  0x080012e4    0x58  DblToI32.o [4]
  .text               ro code  0x0800133c    0x30  I32ToDbl.o [4]
  .text               ro code  0x0800136c   0x180  DblSub.o [4]
  .text               ro code  0x080014ec   0x1a2  DblMul.o [4]
  .text               ro code  0x08001690   0x256  DblDiv.o [4]
  .text               ro code  0x080018e8    0x6c  localeconv.o [3]
  .text               ro code  0x08001954     0xe  div.o [3]
  .text               ro code  0x08001964     0x2  I64DivZer.o [5]
  .text               ro code  0x08001968    0xe8  DblAdd.o [4]
  .text               ro code  0x08001a50     0x2  xtls.o [3]
  .text               ro code  0x08001a58   0x850  pow.o [4]
  .text               ro code  0x080022a8    0x7a  xdint.o [4]
  .text               ro code  0x08002324    0x20  DblCmpEq.o [4]
  .text               ro code  0x08002344     0xc  errno.o [3]
  .text               ro code  0x08002350    0xac  xlog.o [4]
  .text               ro code  0x080023fc   0x2bc  xexp.o [4]
  .text               ro code  0x080026b8    0x32  xdtest.o [4]
  .text               ro code  0x080026ec   0x70c  tasks.o [1]
  CODE                ro code  0x08002df8    0x94  portasm.o [1]
  .text               ro code  0x08002e8c   0x178  port.o [1]
  .text               ro code  0x08003004    0x9e  list.o [1]
  .text               ro code  0x080030a4   0x24c  heap_4.o [1]
  .text               ro code  0x080032f0   0x66a  SHT20.o [1]
  .text               ro code  0x0800395c   0x248  stm32l1xx_i2c.o [1]
  .text               ro code  0x08003ba4   0x160  I2c.o [1]
  .text               ro code  0x08003d04    0x32  I32ToFlt.o [4]
  .text               ro code  0x08003d38    0xfc  FltDiv.o [4]
  .text               ro code  0x08003e34    0x4e  FltToDbl.o [4]
  .text               ro code  0x08003e84    0x90  DblToFlt.o [4]
  .text               ro code  0x08003f14    0xd8  FltMul.o [4]
  .text               ro code  0x08003fec    0x84  FltAdd.o [4]
  .text               ro code  0x08004070   0x1ac  stm32l1xx_rcc.o [1]
  .text               ro code  0x0800421c   0x102  stm32l1xx_gpio.o [1]
  .text               ro code  0x08004320    0xd6  FltSub.o [4]
  .text               ro code  0x080043f8   0x5dc  adxl345.o [1]
  .text               ro code  0x080049d4   0x5d0  usart.o [1]
  .text               ro code  0x08004fa4   0x1e4  stm32l1xx_dma.o [1]
  .text               ro code  0x08005188   0x20c  stm32l1xx_usart.o [1]
  .text               ro code  0x08005394    0x88  misc.o [1]
  .text               ro code  0x0800541c   0x544  nt3h1101.o [1]
  .text               ro code  0x08005960    0x64  stm32l1xx_syscfg.o [1]
  .text               ro code  0x080059c4    0x98  stm32l1xx_exti.o [1]
  .text               ro code  0x08005a5c   0x524  opt3001.o [1]
  .text               ro code  0x08005f80   0x51c  main.o [1]
  .text               ro code  0x0800649c    0x38  bsp.o [1]
  .text               ro code  0x080064d4    0x24  scanf.o [3]
  .text               ro code  0x080064f8    0x24  printf.o [3]
  .text               ro code  0x0800651c    0x16  hal_beep.o [1]
  .text               ro code  0x08006532    0x50  hal_platform.o [1]
  .text               ro code  0x08006582    0x22  hal_brightness.o [1]
  .text               ro code  0x080065a4    0x1a  hal_tempRh.o [1]
  .text               ro code  0x080065be    0x18  hal_acc_sensor.o [1]
  .text               ro code  0x080065d6    0x2e  hal_nfc.o [1]
  .text               ro code  0x08006604    0x20  hal_led.o [1]
  .text               ro code  0x08006624   0x2f8  WS2812.o [1]
  .text               ro code  0x0800691c   0x4f8  xscanfsmall_nomb.o [3]
  .text               ro code  0x08006e14    0x54  beep.o [1]
  .text               ro code  0x08006e68   0x158  platform.o [1]
  .text               ro code  0x08006fc0    0xd8  stm32l1xx_tim.o [1]
  .text               ro code  0x08007098    0x14  isxxx.o [3]
  .text               ro code  0x080070ac    0x88  xstol.o [3]
  .text               ro code  0x08007134   0x198  xstoul.o [3]
  .text               ro code  0x080072cc    0x18  setlocale.o [3]
  .text               ro code  0x080072e4    0x14  xlocale_c.o [3]
  .text               ro code  0x080072f8    0x14  tolower.o [3]
  .text               ro code  0x0800730c     0xc  xlocale_c.o [3]
  .text               ro code  0x08007318   0x130  system_stm32l1xx.o [1]
  .rodata             const    0x08007448    0x7c  main.o [1]
  .rodata             const    0x080074c4    0x60  main.o [1]
  .text               ro code  0x08007524    0x52  ungetc.o [3]
  .text               ro code  0x08007576     0x4  xsyslock_nop.o [3]
  .text               ro code  0x0800757a    0x40  zero_init3.o [5]
  .text               ro code  0x080075bc    0x28  data_init.o [5]
  .rodata             const    0x080075e4    0x24  main.o [1]
  .rodata             const    0x08007608    0x24  main.o [1]
  .rodata             const    0x0800762c    0x24  main.o [1]
  .rodata             const    0x08007650    0x24  main.o [1]
  .iar.init_table     const    0x08007674    0x20  - Linker created -
  .rodata             const    0x08007694    0x20  main.o [1]
  .rodata             const    0x080076b4    0x20  main.o [1]
  .rodata             const    0x080076d4    0x1c  main.o [1]
  .rodata             const    0x080076f0    0x1c  main.o [1]
  .rodata             const    0x0800770c    0x1c  main.o [1]
  .rodata             const    0x08007728    0x1c  main.o [1]
  .rodata             const    0x08007744    0x1c  main.o [1]
  .rodata             const    0x08007760    0x1c  main.o [1]
  .text               ro code  0x0800777c    0x1a  cmain.o [5]
  .text               ro code  0x08007796     0x4  low_level_init.o [3]
  .text               ro code  0x0800779a     0x4  exit.o [3]
  .text               ro code  0x080077a0     0xa  cexit.o [5]
  .text               ro code  0x080077ac    0x14  exit.o [6]
  .rodata             const    0x080077c0    0x18  main.o [1]
  .rodata             const    0x080077d8    0x18  main.o [1]
  .rodata             const    0x080077f0    0x18  main.o [1]
  .rodata             const    0x08007808    0x18  main.o [1]
  .rodata             const    0x08007820    0x18  main.o [1]
  .rodata             const    0x08007838    0x18  main.o [1]
  .rodata             const    0x08007850    0x18  main.o [1]
  .rodata             const    0x08007868    0x18  main.o [1]
  .text               ro code  0x08007880    0x16  xprout.o [3]
  .text               ro code  0x08007898     0xc  putchar.o [3]
  .rodata             const    0x080078a4    0x14  main.o [1]
  .rodata             const    0x080078b8    0x14  main.o [1]
  .rodata             const    0x080078cc    0x14  main.o [1]
  .rodata             const    0x080078e0    0x14  main.o [1]
  .rodata             const    0x080078f4    0x14  main.o [1]
  .rodata             const    0x08007908    0x14  main.o [1]
  .rodata             const    0x0800791c    0x14  main.o [1]
  .rodata             const    0x08007930    0x14  main.o [1]
  .rodata             const    0x08007944    0x14  main.o [1]
  .rodata             const    0x08007958    0x14  main.o [1]
  .rodata             const    0x0800796c    0x14  main.o [1]
  .rodata             const    0x08007980    0x10  main.o [1]
  .rodata             const    0x08007990    0x10  main.o [1]
  .rodata             const    0x080079a0    0x10  main.o [1]
  .rodata             const    0x080079b0    0x10  main.o [1]
  .text               ro code  0x080079c0    0x10  startup_stm32l1xx_mdp.o [1]
  .text               ro code  0x080079d0    0x10  getchar.o [3]
  .text               ro code  0x080079e0     0xe  xscin.o [3]
  .rodata             const    0x080079f0     0xc  main.o [1]
  .rodata             const    0x080079fc     0xc  main.o [1]
  .rodata             const    0x08007a08     0xc  main.o [1]
  .rodata             const    0x08007a14     0xc  main.o [1]
  .rodata             const    0x08007a20     0xc  main.o [1]
  .rodata             const    0x08007a2c     0xc  main.o [1]
  .rodata             const    0x08007a38     0xc  main.o [1]
  .text               ro code  0x08007a44     0xc  stm32l1xx_it.o [1]
  .text               ro code  0x08007a50     0xc  cstartup_M.o [5]
  .rodata             const    0x08007a5c     0x8  main.o [1]
  .rodata             const    0x08007a64     0x8  tasks.o [1]
  .rodata             const    0x08007a6c     0x4  heap_4.o [1]
  .text               ro code  0x08007a70     0x4  startup_stm32l1xx_mdp.o [1]
  .text               ro code  0x08007a74     0x4  startup_stm32l1xx_mdp.o [1]
  .text               ro code  0x08007a78     0x4  startup_stm32l1xx_mdp.o [1]
  .text               ro code  0x08007a7c     0x4  startup_stm32l1xx_mdp.o [1]
  .text               ro code  0x08007a80     0x4  startup_stm32l1xx_mdp.o [1]
  .text               ro code  0x08007a84     0x4  startup_stm32l1xx_mdp.o [1]
  .text               ro code  0x08007a88     0x4  startup_stm32l1xx_mdp.o [1]
  .text               ro code  0x08007a8c     0x4  startup_stm32l1xx_mdp.o [1]
  .text               ro code  0x08007a90     0x4  startup_stm32l1xx_mdp.o [1]
  .text               ro code  0x08007a94     0x4  startup_stm32l1xx_mdp.o [1]
  .text               ro code  0x08007a98     0x4  startup_stm32l1xx_mdp.o [1]
  .text               ro code  0x08007a9c     0x4  startup_stm32l1xx_mdp.o [1]
  .text               ro code  0x08007aa0     0x4  startup_stm32l1xx_mdp.o [1]
  .text               ro code  0x08007aa4     0x4  startup_stm32l1xx_mdp.o [1]
  .text               ro code  0x08007aa8     0x4  startup_stm32l1xx_mdp.o [1]
  .text               ro code  0x08007aac     0x4  startup_stm32l1xx_mdp.o [1]
  .text               ro code  0x08007ab0     0x4  startup_stm32l1xx_mdp.o [1]
  .text               ro code  0x08007ab4     0x4  startup_stm32l1xx_mdp.o [1]
  .text               ro code  0x08007ab8     0x4  startup_stm32l1xx_mdp.o [1]
  .text               ro code  0x08007abc     0x4  startup_stm32l1xx_mdp.o [1]
  .text               ro code  0x08007ac0     0x4  startup_stm32l1xx_mdp.o [1]
  .text               ro code  0x08007ac4     0x4  startup_stm32l1xx_mdp.o [1]
  .text               ro code  0x08007ac8     0x4  startup_stm32l1xx_mdp.o [1]
  .text               ro code  0x08007acc     0x4  startup_stm32l1xx_mdp.o [1]
  .text               ro code  0x08007ad0     0x4  startup_stm32l1xx_mdp.o [1]
  .text               ro code  0x08007ad4     0x4  startup_stm32l1xx_mdp.o [1]
  .text               ro code  0x08007ad8     0x4  startup_stm32l1xx_mdp.o [1]
  .text               ro code  0x08007adc     0x4  startup_stm32l1xx_mdp.o [1]
  .text               ro code  0x08007ae0     0x4  startup_stm32l1xx_mdp.o [1]
  .text               ro code  0x08007ae4     0x4  startup_stm32l1xx_mdp.o [1]
  .text               ro code  0x08007ae8     0x4  startup_stm32l1xx_mdp.o [1]
  .text               ro code  0x08007aec     0x4  startup_stm32l1xx_mdp.o [1]
  .text               ro code  0x08007af0     0x4  startup_stm32l1xx_mdp.o [1]
  .text               ro code  0x08007af4     0x4  startup_stm32l1xx_mdp.o [1]
  .text               ro code  0x08007af8     0x4  startup_stm32l1xx_mdp.o [1]
  .text               ro code  0x08007afc     0x4  startup_stm32l1xx_mdp.o [1]
  .text               ro code  0x08007b00     0x4  startup_stm32l1xx_mdp.o [1]
  .text               ro code  0x08007b04     0x4  startup_stm32l1xx_mdp.o [1]
  .text               ro code  0x08007b08     0x4  startup_stm32l1xx_mdp.o [1]
  .text               ro code  0x08007b0c     0x4  startup_stm32l1xx_mdp.o [1]
  .text               ro code  0x08007b10     0x4  startup_stm32l1xx_mdp.o [1]
  .text               ro code  0x08007b14     0x4  startup_stm32l1xx_mdp.o [1]
  .text               ro code  0x08007b18     0x4  startup_stm32l1xx_mdp.o [1]
  .text               ro code  0x08007b1c     0x4  startup_stm32l1xx_mdp.o [1]
  .text               ro code  0x08007b20     0x4  startup_stm32l1xx_mdp.o [1]
  .text               ro code  0x08007b24     0x4  startup_stm32l1xx_mdp.o [1]
  .text               ro code  0x08007b28     0x4  startup_stm32l1xx_mdp.o [1]
  .text               ro code  0x08007b2c     0x4  startup_stm32l1xx_mdp.o [1]
  .text               ro code  0x08007b30     0x4  startup_stm32l1xx_mdp.o [1]
  .text               ro code  0x08007b34     0x4  startup_stm32l1xx_mdp.o [1]
  .text               ro code  0x08007b38     0x4  startup_stm32l1xx_mdp.o [1]
  .text               ro code  0x08007b3c     0x4  startup_stm32l1xx_mdp.o [1]
  .text               ro code  0x08007b40     0x4  startup_stm32l1xx_mdp.o [1]
  .text               ro code  0x08007b44     0x4  startup_stm32l1xx_mdp.o [1]
  .text               ro code  0x08007b48     0x4  startup_stm32l1xx_mdp.o [1]
  .text               ro code  0x08007b4c     0x4  startup_stm32l1xx_mdp.o [1]
  .text               ro code  0x08007b50     0x4  startup_stm32l1xx_mdp.o [1]
  .text               ro code  0x08007b54     0x4  startup_stm32l1xx_mdp.o [1]
  .text               ro code  0x08007b58     0x4  startup_stm32l1xx_mdp.o [1]
  .text               ro code  0x08007b5c     0x4  startup_stm32l1xx_mdp.o [1]
  .text               ro code  0x08007b60     0x4  startup_stm32l1xx_mdp.o [1]
  .text               ro code  0x08007b64     0x4  startup_stm32l1xx_mdp.o [1]
  .text               ro code  0x08007b68     0x4  startup_stm32l1xx_mdp.o [1]
  .rodata             const    0x08007b6c     0x0  zero_init3.o [5]
  .rodata             const    0x08007b6c     0x0  lz77_init_single.o [5]
  Initializer bytes   const    0x08007b6c    0x61  <for P2-1>
                             - 0x08007bcd  0x7aa9

"P2", part 1 of 3:                          0x320
  P2-1                         0x20000000   0x320  <Init block>
    .data             inited   0x20000000     0x4  port.o [1]
    .data             inited   0x20000004     0xc  stm32l1xx_rcc.o [1]
    .data             inited   0x20000010    0x10  stm32l1xx_rcc.o [1]
    .data             inited   0x20000020   0x180  WS2812.o [1]
    .data             inited   0x200001a0    0x40  xfiles.o [3]
    .data             inited   0x200001e0    0x40  xfiles.o [3]
    __DLIB_PERTHREAD  inited   0x20000220     0x4  errno.o [3]
    __DLIB_PERTHREAD  inited   0x20000224    0x88  localeconv.o [3]
    __DLIB_PERTHREAD  inited   0x200002ac    0x74  setlocale.o [3]
                             - 0x20000320   0x320

"P2", part 2 of 3:                          0x800
  CSTACK                       0x20000320   0x800  <Block>
    CSTACK            uninit   0x20000320   0x800  <Block tail>
                             - 0x20000b20   0x800

"P2", part 3 of 3:                         0x5e08
  .bss                zero     0x20000b20  0x4400  heap_4.o [1]
  .bss                zero     0x20004f20   0x400  usart.o [1]
  .bss                zero     0x20005320   0x400  usart.o [1]
  .bss                zero     0x20005720   0x400  usart.o [1]
  .bss                zero     0x20005b20   0x400  usart.o [1]
  .bss                zero     0x20005f20   0x400  usart.o [1]
  .bss                zero     0x20006320   0x400  usart.o [1]
  .bss                zero     0x20006720    0x64  tasks.o [1]
  .bss                zero     0x20006784    0x50  xfiles.o [3]
  .bss                zero     0x200067d4    0x28  usart.o [1]
  .bss                zero     0x200067fc    0x28  usart.o [1]
  .bss                zero     0x20006824    0x28  usart.o [1]
  .bss                zero     0x2000684c    0x14  tasks.o [1]
  .bss                zero     0x20006860    0x14  tasks.o [1]
  .bss                zero     0x20006874    0x14  tasks.o [1]
  .bss                zero     0x20006888    0x14  tasks.o [1]
  .bss                zero     0x2000689c    0x14  tasks.o [1]
  .bss                zero     0x200068b0     0x8  heap_4.o [1]
  .bss                zero     0x200068b8     0x4  adxl345.o [1]
  .bss                zero     0x200068bc     0x4  heap_4.o [1]
  .bss                zero     0x200068c0     0x4  heap_4.o [1]
  .bss                zero     0x200068c4     0x4  heap_4.o [1]
  .bss                zero     0x200068c8     0x4  heap_4.o [1]
  .bss                zero     0x200068cc     0x4  main.o [1]
  .bss                zero     0x200068d0     0x4  main.o [1]
  .bss                zero     0x200068d4     0x4  main.o [1]
  .bss                zero     0x200068d8     0x4  main.o [1]
  .bss                zero     0x200068dc     0x4  nt3h1101.o [1]
  .bss                zero     0x200068e0     0x4  opt3001.o [1]
  .bss                zero     0x200068e4     0x4  port.o [1]
  .bss                zero     0x200068e8     0x4  SHT20.o [1]
  .bss                zero     0x200068ec     0x4  tasks.o [1]
  .bss                zero     0x200068f0     0x4  tasks.o [1]
  .bss                zero     0x200068f4     0x4  tasks.o [1]
  .bss                zero     0x200068f8     0x4  tasks.o [1]
  .bss                zero     0x200068fc     0x4  tasks.o [1]
  .bss                zero     0x20006900     0x4  tasks.o [1]
  .bss                zero     0x20006904     0x4  tasks.o [1]
  .bss                zero     0x20006908     0x4  tasks.o [1]
  .bss                zero     0x2000690c     0x4  tasks.o [1]
  .bss                zero     0x20006910     0x4  tasks.o [1]
  .bss                zero     0x20006914     0x4  tasks.o [1]
  .bss                zero     0x20006918     0x4  tasks.o [1]
  .bss                zero     0x2000691c     0x4  tasks.o [1]
  .bss                zero     0x20006920     0x4  tasks.o [1]
  .bss                zero     0x20006924     0x1  main.o [1]
  .bss                zero     0x20006925     0x1  port.o [1]
                             - 0x20006926  0x5e06


*******************************************************************************
*** INIT TABLE
***

          Address     Size
          -------     ----
Zero (__iar_zero_init3)
    1 destination range, total size 0x5e06:
          0x20000b20  0x5e06

Copy/lz77 (__iar_lz77_init_single3)
    1 source range, total size 0x61 (12% of destination):
          0x08007b6c    0x61
    1 destination range, total size 0x320:
          0x20000000   0x320



*******************************************************************************
*** MODULE SUMMARY
***

    Module                   ro code  ro data  rw data
    ------                   -------  -------  -------
F:\phoenix\PRO\IAR+FreeRTOS+STM32L1xx\Project\EWARMv6\Debug\Obj: [1]
    I2c.o                        352
    SHT20.o                    1 642                 4
    WS2812.o                     760       47      384
    adxl345.o                  1 500                 4
    beep.o                        84
    bsp.o                         56
    hal_acc_sensor.o              24
    hal_beep.o                    22
    hal_brightness.o              34
    hal_led.o                     32
    hal_nfc.o                     46
    hal_platform.o                80
    hal_tempRh.o                  26
    heap_4.o                     588        4   17 432
    list.o                       158
    main.o                     1 308    1 164       17
    misc.o                       136
    nt3h1101.o                 1 348                 4
    opt3001.o                  1 316                 4
    platform.o                   344
    port.o                       376                 9
    portasm.o                    148
    startup_stm32l1xx_mdp.o      560
    stm32l1xx_dma.o              484
    stm32l1xx_exti.o             152
    stm32l1xx_gpio.o             258
    stm32l1xx_i2c.o              584
    stm32l1xx_it.o                12
    stm32l1xx_rcc.o              428        3       28
    stm32l1xx_syscfg.o           100
    stm32l1xx_tim.o              216
    stm32l1xx_usart.o            524
    system_stm32l1xx.o           304
    tasks.o                    1 804        8      256
    usart.o                    1 488             6 264
    --------------------------------------------------
    Total:                    17 294    1 226   24 406

command line: [2]
    --------------------------------------------------
    Total:

dl7M_tlf.a: [3]
    div.o                         14
    errno.o                       12        1        4
    exit.o                         4
    getchar.o                     16
    isxxx.o                       20
    localeconv.o                 108       16      136
    low_level_init.o               4
    printf.o                      36
    putchar.o                     12
    scanf.o                       36
    setlocale.o                   24       15      116
    tolower.o                     20
    ungetc.o                      82
    xfiles.o                               15      208
    xlocale_c.o                   32
    xprintffull_nomb.o         3 470
    xprout.o                      22
    xscanfsmall_nomb.o         1 272
    xscin.o                       14
    xstol.o                      136
    xstoul.o                     408
    xsyslock_nop.o                 4
    xtls.o                         2
    --------------------------------------------------
    Total:                     5 748       47      464

m7M_tl.a: [4]
    DblAdd.o                     232
    DblCmpEq.o                    32
    DblCmpGe.o                    46
    DblCmpLe.o                    46
    DblDiv.o                     598
    DblMul.o                     418
    DblSub.o                     384
    DblToFlt.o                   144
    DblToI32.o                    88
    FltAdd.o                     132
    FltDiv.o                     252
    FltMul.o                     216
    FltSub.o                     214
    FltToDbl.o                    78
    I32ToDbl.o                    48
    I32ToFlt.o                    50
    pow.o                      2 128
    xdint.o                      122
    xdnorm.o                      66
    xdscale.o                    268
    xdtest.o                      50
    xexp.o                       700
    xlog.o                       172
    --------------------------------------------------
    Total:                     6 484

rt7M_tl.a: [5]
    ABImemcpy_unaligned.o        118
    I64DivMod.o                  238
    I64DivZer.o                    2
    cexit.o                       10
    cmain.o                       26
    cstartup_M.o                  12
    data_init.o                   40
    lz77_init_single.o           118
    memchr.o                      88
    strchr.o                      22
    strlen.o                      54
    zero_init3.o                  64
    --------------------------------------------------
    Total:                       792

shb_l.a: [6]
    exit.o                        20
    --------------------------------------------------
    Total:                        20

    Gaps                          48        2
    Linker created                         32    2 048
------------------------------------------------------
    Grand Total:              30 386    1 307   26 918


*******************************************************************************
*** ENTRY LIST
***

Entry                      Address    Size  Type      Object
-----                      -------    ----  ----      ------
.iar.init_table$$Base   0x08007674           --   Gb  - Linker created -
.iar.init_table$$Limit  0x08007694           --   Gb  - Linker created -
?main                   0x0800777d          Code  Gb  cmain.o [5]
APBAHBPrescTable        0x20000010    0x10  Data  Lc  stm32l1xx_rcc.o [1]
AppTaskCreate           0x0800633d    0x80  Code  Lc  main.o [1]
BusFault_Handler        0x08007a4b     0x2  Code  Gb  stm32l1xx_it.o [1]
CSTACK$$Base            0x20000320           --   Gb  - Linker created -
CSTACK$$Limit           0x20000b20           --   Gb  - Linker created -
ComToUart               0x08004a35    0x2a  Code  Lc  usart.o [1]
ConfigUartNVIC          0x08004e0f    0x4c  Code  Lc  usart.o [1]
DMA_ClearFlag           0x08005139    0x10  Code  Gb  stm32l1xx_dma.o [1]
DMA_Cmd                 0x080050ed    0x1c  Code  Gb  stm32l1xx_dma.o [1]
DMA_DeInit              0x08004fa5   0x10a  Code  Gb  stm32l1xx_dma.o [1]
DMA_GetFlagStatus       0x0800510f    0x2a  Code  Gb  stm32l1xx_dma.o [1]
DMA_Init                0x080050af    0x3e  Code  Gb  stm32l1xx_dma.o [1]
DMA_SetCurrDataCounter  0x08005109     0x6  Code  Gb  stm32l1xx_dma.o [1]
DebugMon_Handler        0x08007a4f     0x2  Code  Gb  stm32l1xx_it.o [1]
EXTI_Init               0x080059c5    0x88  Code  Gb  stm32l1xx_exti.o [1]
GPIO_Init               0x0800421d    0xa4  Code  Gb  stm32l1xx_gpio.o [1]
GPIO_PinAFConfig        0x080042c5    0x5a  Code  Gb  stm32l1xx_gpio.o [1]
GPIO_SetBits            0x080042c1     0x4  Code  Gb  stm32l1xx_gpio.o [1]
HardFault_Handler       0x08007a47     0x2  Code  Gb  stm32l1xx_it.o [1]
I2C_AcknowledgeConfig   0x08003ae9    0x1c  Code  Gb  stm32l1xx_i2c.o [1]
I2C_CheckEvent          0x08003b27    0x38  Code  Gb  stm32l1xx_i2c.o [1]
I2C_Cmd                 0x08003a95    0x1c  Code  Gb  stm32l1xx_i2c.o [1]
I2C_DeInit              0x0800395d    0x36  Code  Gb  stm32l1xx_i2c.o [1]
I2C_GenerateSTART       0x08003ab1    0x1c  Code  Gb  stm32l1xx_i2c.o [1]
I2C_GenerateSTOP        0x08003acd    0x1c  Code  Gb  stm32l1xx_i2c.o [1]
I2C_GetFlagStatus       0x08003b5f    0x46  Code  Gb  stm32l1xx_i2c.o [1]
I2C_Init                0x08003993    0xf2  Code  Gb  stm32l1xx_i2c.o [1]
I2C_ReceiveData         0x08003b21     0x6  Code  Gb  stm32l1xx_i2c.o [1]
I2C_Send7bitAddress     0x08003b05    0x16  Code  Gb  stm32l1xx_i2c.o [1]
I2C_SendData            0x08003b1b     0x6  Code  Gb  stm32l1xx_i2c.o [1]
InitHardUart            0x08004bf1   0x21e  Code  Lc  usart.o [1]
LED_BYTE_Buffer         0x20000020   0x180  Data  Gb  WS2812.o [1]
LoadInt                 0x080006a9    0x6e  Code  Lc  xprintffull_nomb.o [3]
MemManage_Handler       0x08007a49     0x2  Code  Gb  stm32l1xx_it.o [1]
NMI_Handler             0x08007a45     0x2  Code  Gb  stm32l1xx_it.o [1]
NVIC_Init               0x0800539f    0x6a  Code  Gb  misc.o [1]
NVIC_PriorityGroupConfig
                        0x08005395     0xa  Code  Gb  misc.o [1]
NVIC_SystemReset        0x08006e69    0x1a  Code  Lc  platform.o [1]
PLLMulTable             0x20000004     0xc  Data  Lc  stm32l1xx_rcc.o [1]
PendSV_Handler          0x08002df9          Code  Gb  portasm.o [1]
RCC_AHBPeriphClockCmd   0x0800417b    0x1e  Code  Gb  stm32l1xx_rcc.o [1]
RCC_APB1PeriphClockCmd  0x080041b7    0x1e  Code  Gb  stm32l1xx_rcc.o [1]
RCC_APB1PeriphResetCmd  0x080041d5    0x1e  Code  Gb  stm32l1xx_rcc.o [1]
RCC_APB2PeriphClockCmd  0x08004199    0x1e  Code  Gb  stm32l1xx_rcc.o [1]
RCC_GetClocksFreq       0x08004071   0x10a  Code  Gb  stm32l1xx_rcc.o [1]
Region$$Table$$Base     0x08007674           --   Gb  - Linker created -
Region$$Table$$Limit    0x08007694           --   Gb  - Linker created -
SVC_Handler             0x08002e4b          Code  Gb  portasm.o [1]
SYSCFG_EXTILineConfig   0x0800596b    0x50  Code  Gb  stm32l1xx_syscfg.o [1]
SYSCFG_GetBootMode      0x08005961     0xa  Code  Gb  stm32l1xx_syscfg.o [1]
SetSysClock             0x0800736b    0xb0  Code  Lc  system_stm32l1xx.o [1]
SysTick_Handler         0x08002fb5    0x1e  Code  Gb  port.o [1]
SystemInit              0x08007319    0x52  Code  Gb  system_stm32l1xx.o [1]
TIM_Cmd                 0x08007025    0x1c  Code  Gb  stm32l1xx_tim.o [1]
TIM_DMACmd              0x08007083    0x16  Code  Gb  stm32l1xx_tim.o [1]
TIM_OC1Init             0x08007041    0x42  Code  Gb  stm32l1xx_tim.o [1]
TIM_TimeBaseInit        0x08006fc1    0x4e  Code  Gb  stm32l1xx_tim.o [1]
UARTx_TX_DMA_Init       0x080049e5    0x50  Code  Gb  usart.o [1]
USART1_IRQHandler       0x08004efb     0xa  Code  Gb  usart.o [1]
USART2_IRQHandler       0x08004f05     0xa  Code  Gb  usart.o [1]
USART3_IRQHandler       0x08004f0f     0xa  Code  Gb  usart.o [1]
USART_ClearFlag         0x08005319     0xc  Code  Gb  stm32l1xx_usart.o [1]
USART_Cmd               0x08005279    0x1c  Code  Gb  stm32l1xx_usart.o [1]
USART_GetFlagStatus     0x080052fb    0x1e  Code  Gb  stm32l1xx_usart.o [1]
USART_GetITStatus       0x08005325    0x70  Code  Gb  stm32l1xx_usart.o [1]
USART_ITConfig          0x080052a5    0x56  Code  Gb  stm32l1xx_usart.o [1]
USART_Init              0x08005189    0xe8  Code  Gb  stm32l1xx_usart.o [1]
USART_ReceiveData       0x0800529d     0x8  Code  Gb  stm32l1xx_usart.o [1]
USART_SendData          0x08005295     0x8  Code  Gb  stm32l1xx_usart.o [1]
UartGetChar             0x08004e5b    0x50  Code  Lc  usart.o [1]
UartIRQ                 0x08004eab    0x50  Code  Lc  usart.o [1]
UartVarInit             0x08004a81   0x170  Code  Lc  usart.o [1]
UsageFault_Handler      0x08007a4d     0x2  Code  Gb  stm32l1xx_it.o [1]
WS2812_Timer_Init       0x08006625    0xee  Code  Gb  WS2812.o [1]
_GenldFullNoMb          0x08000c1f   0x24c  Code  Lc  xprintffull_nomb.o [3]
_GetintSmallNoMb        0x08006bcd   0x232  Code  Lc  xscanfsmall_nomb.o [3]
_GetstrSmallNoMb        0x08006b1f    0xac  Code  Lc  xscanfsmall_nomb.o [3]
_IsdstStr               0x200002b0     0x4  Data  Gb  setlocale.o [3]
_LdtobFullNoMb          0x0800081d   0x3fc  Code  Lc  xprintffull_nomb.o [3]
_LitobFullNoMb          0x08000717   0x106  Code  Lc  xprintffull_nomb.o [3]
_LocaleC_isspace        0x080072e5    0x14  Code  Gb  xlocale_c.o [3]
_LocaleC_tolower        0x0800730d     0xc  Code  Gb  xlocale_c.o [3]
_LocaleForCat           0x080072cd    0x12  Code  Gb  setlocale.o [3]
_LocaleReturnString     0x200002d0    0x50  Data  Lc  setlocale.o [3]
_Locale_Profile         0x200002b4    0x1c  Data  Gb  setlocale.o [3]
_Locale_aeabi_lconv     0x20000274    0x38  Data  Gb  localeconv.o [3]
_Locale_lconv           0x20000224    0x50  Data  Gb  localeconv.o [3]
_PrintfFullNoMb         0x08000125   0x57e  Code  Gb  xprintffull_nomb.o [3]
_Prout                  0x08007881    0x16  Code  Gb  xprout.o [3]
_PutcharsFullNoMb       0x08000e6b    0x2e  Code  Lc  xprintffull_nomb.o [3]
_ScanfSmallNoMb         0x08006937   0x1e2  Code  Gb  xscanfsmall_nomb.o [3]
_Scin                   0x080079e1     0xe  Code  Gb  xscin.o [3]
_TzoneStr               0x200002ac     0x4  Data  Gb  setlocale.o [3]
_UngetN                 0x0800691d    0x1a  Code  Lc  xscanfsmall_nomb.o [3]
__aeabi_cdcmpeq         0x08002325          Code  Gb  DblCmpEq.o [4]
__aeabi_cdcmple         0x08001179          Code  Gb  DblCmpLe.o [4]
__aeabi_cdrcmple        0x080011a9          Code  Gb  DblCmpGe.o [4]
__aeabi_d2f             0x08003e85          Code  Gb  DblToFlt.o [4]
__aeabi_d2iz            0x080012e5          Code  Gb  DblToI32.o [4]
__aeabi_d2uiz           0x08001311          Code  Gb  DblToI32.o [4]
__aeabi_dadd            0x08001969          Code  Gb  DblAdd.o [4]
__aeabi_ddiv            0x08001691          Code  Gb  DblDiv.o [4]
__aeabi_dmul            0x080014ed          Code  Gb  DblMul.o [4]
__aeabi_dsub            0x0800136d          Code  Gb  DblSub.o [4]
__aeabi_errno_addr      0x08002345     0x6  Code  Gb  errno.o [3]
__aeabi_f2d             0x08003e35          Code  Gb  FltToDbl.o [4]
__aeabi_fadd            0x08003fed          Code  Gb  FltAdd.o [4]
__aeabi_fdiv            0x08003d39          Code  Gb  FltDiv.o [4]
__aeabi_fmul            0x08003f15          Code  Gb  FltMul.o [4]
__aeabi_i2d             0x0800133d          Code  Gb  I32ToDbl.o [4]
__aeabi_i2f             0x08003d05          Code  Gb  I32ToFlt.o [4]
__aeabi_ldiv0           0x08001965          Code  Gb  I64DivZer.o [5]
__aeabi_ui2d            0x08001351          Code  Gb  I32ToDbl.o [4]
__aeabi_ui2f            0x08003d19          Code  Gb  I32ToFlt.o [4]
__aeabi_uldivmod        0x08000fd1          Code  Gb  I64DivMod.o [5]
__cmain                 0x0800777d          Code  Gb  cmain.o [5]
__exit                  0x080077ad    0x14  Code  Gb  exit.o [6]
__iar_Dint              0x080022a9    0x7a  Code  Gb  xdint.o [4]
__iar_Dnorm             0x08001137    0x42  Code  Gb  xdnorm.o [4]
__iar_Dscale            0x080011d9   0x10c  Code  Gb  xdscale.o [4]
__iar_Dtest             0x080026b9    0x32  Code  Gb  xdtest.o [4]
__iar_Errno             0x20000220     0x4  Data  Gb  errno.o [3]
__iar_Exp               0x080023fd   0x2b6  Code  Gb  xexp.o [4]
__iar_Locale_lconv_init
                        0x080018e9    0x3a  Code  Gb  localeconv.o [3]
__iar_Lockfilelock      0x08007577     0x2  Code  Gb  xsyslock_nop.o [3]
__iar_Logpoly           0x08002351    0x70  Code  Gb  xlog.o [4]
__iar_Memchr            0x08000f79          Code  Gb  memchr.o [5]
__iar_Stdin             0x200001a0    0x40  Data  Gb  xfiles.o [3]
__iar_Stdout            0x200001e0    0x40  Data  Gb  xfiles.o [3]
__iar_Stolx             0x080070ad    0x88  Code  Gb  xstol.o [3]
__iar_Stoul             0x08007279     0x4  Code  Gb  xstoul.o [3]
__iar_Stoulx            0x08007135   0x13e  Code  Gb  xstoul.o [3]
__iar_Strchr            0x08000f29          Code  Gb  strchr.o [5]
__iar_Unlockfilelock    0x08007579     0x2  Code  Gb  xsyslock_nop.o [3]
__iar_d2uiz             0x0800131d          Code  Gb  DblToI32.o [4]
__iar_dadd              0x0800197d          Code  Gb  DblAdd.o [4]
__iar_data_init3        0x080075bd    0x28  Code  Gb  data_init.o [5]
__iar_dlib_perthread_access
                        0x08001a51     0x2  Code  Gb  xtls.o [3]
__iar_dsub              0x08001381          Code  Gb  DblSub.o [4]
__iar_dsubStart         0x08001393          Code  Gb  DblSub.o [4]
__iar_fadd              0x08003ffd          Code  Gb  FltAdd.o [4]
__iar_fsub              0x08004321          Code  Gb  FltSub.o [4]
__iar_fsubStart         0x08004331          Code  Gb  FltSub.o [4]
__iar_lz77_init_single3
                        0x08000eb3    0x76  Code  Gb  lz77_init_single.o [5]
__iar_program_start     0x08007a51          Code  Gb  cstartup_M.o [5]
__iar_ui2d              0x08001355          Code  Gb  I32ToDbl.o [4]
__iar_ui2f              0x08003d1d          Code  Gb  I32ToFlt.o [4]
__iar_unaligned___aeabi_memcpy
                        0x080010c1          Code  Gb  ABImemcpy_unaligned.o [5]
__iar_unaligned___aeabi_memcpy4
                        0x080010e1          Code  Gb  ABImemcpy_unaligned.o [5]
__iar_unaligned___aeabi_memcpy8
                        0x080010e1          Code  Gb  ABImemcpy_unaligned.o [5]
__iar_zero_init3        0x0800757b    0x40  Code  Gb  zero_init3.o [5]
__low_level_init        0x08007797     0x4  Code  Gb  low_level_init.o [3]
__ungetchar             0x080079d7     0x6  Code  Gb  getchar.o [3]
__vector_table          0x08000000          Data  Gb  startup_stm32l1xx_mdp.o [1]
_call_main              0x08007789          Code  Gb  cmain.o [5]
_exit                   0x080077a1          Code  Gb  cexit.o [5]
_main                   0x08007793          Code  Gb  cmain.o [5]
adxl345_init            0x08004903     0xc  Code  Gb  adxl345.o [1]
adxl345_read_bytes      0x0800463f   0x2c4  Code  Gb  adxl345.o [1]
adxl345_read_one_byte   0x080043f9   0x246  Code  Gb  adxl345.o [1]
adxl345_timeout         0x200068b8     0x4  Data  Lc  adxl345.o [1]
beep                    0x08006e47    0x16  Code  Gb  beep.o [1]
beep_init               0x08006e15    0x32  Code  Gb  beep.o [1]
bsp_Init                0x080064b1    0x24  Code  Gb  bsp.o [1]
bsp_InitUart            0x080049d5    0x10  Code  Gb  usart.o [1]
comGetChar              0x08004a5f    0x22  Code  Gb  usart.o [1]
delay                   0x0800649d    0x14  Code  Gb  bsp.o [1]
digits                  0x0800727c    0x28  Data  Lc  xstoul.o [3]
div                     0x08001955     0xe  Code  Gb  div.o [3]
exit                    0x0800779b     0x4  Code  Gb  exit.o [3]
fgetc                   0x08004f8d    0x18  Code  Gb  usart.o [1]
fputc                   0x08004f19    0x22  Code  Gb  usart.o [1]
g_RxBuf1                0x20005320   0x400  Data  Lc  usart.o [1]
g_RxBuf2                0x20005b20   0x400  Data  Lc  usart.o [1]
g_RxBuf3                0x20006320   0x400  Data  Lc  usart.o [1]
g_TxBuf1                0x20004f20   0x400  Data  Lc  usart.o [1]
g_TxBuf2                0x20005720   0x400  Data  Lc  usart.o [1]
g_TxBuf3                0x20005f20   0x400  Data  Lc  usart.o [1]
g_tUart1                0x200067d4    0x28  Data  Lc  usart.o [1]
g_tUart2                0x200067fc    0x28  Data  Lc  usart.o [1]
g_tUart3                0x20006824    0x28  Data  Lc  usart.o [1]
getAcceleration         0x0800490f    0xa4  Code  Gb  adxl345.o [1]
getTempRh               0x08003919    0x42  Code  Gb  SHT20.o [1]
get_boot_index          0x08006f61    0x3e  Code  Gb  platform.o [1]
get_device_id           0x08006e91     0xc  Code  Gb  platform.o [1]
get_device_revision     0x08006e9d     0xa  Code  Gb  platform.o [1]
get_flash_size          0x08006ea7    0x6e  Code  Gb  platform.o [1]
get_unique_id           0x08006f15    0x4c  Code  Gb  platform.o [1]
get_version             0x08006f9f     0x6  Code  Gb  platform.o [1]
getchar                 0x080079d1     0x6  Code  Gb  getchar.o [3]
hal_beep                0x08006525     0xe  Code  Gb  hal_beep.o [1]
hal_beep_init           0x0800651d     0x8  Code  Gb  hal_beep.o [1]
hal_getAcceleration     0x080065bf    0x18  Code  Gb  hal_acc_sensor.o [1]
hal_get_boot_index      0x0800656b     0xc  Code  Gb  hal_platform.o [1]
hal_get_device_id       0x0800653b     0xc  Code  Gb  hal_platform.o [1]
hal_get_device_revision
                        0x08006547     0xc  Code  Gb  hal_platform.o [1]
hal_get_flash_size      0x08006553     0xc  Code  Gb  hal_platform.o [1]
hal_get_tempRH          0x080065a5    0x1a  Code  Gb  hal_tempRh.o [1]
hal_get_unique_id       0x0800655f     0xc  Code  Gb  hal_platform.o [1]
hal_get_version         0x08006577     0xc  Code  Gb  hal_platform.o [1]
hal_nfc_get_id          0x080065ef    0x16  Code  Gb  hal_nfc.o [1]
hal_nfc_init            0x080065d7     0x8  Code  Gb  hal_nfc.o [1]
hal_nfc_power_off       0x080065e7     0x8  Code  Gb  hal_nfc.o [1]
hal_nfc_power_on        0x080065df     0x8  Code  Gb  hal_nfc.o [1]
hal_opt3001_get_lux     0x08006591    0x14  Code  Gb  hal_brightness.o [1]
hal_opt3001_reg_init    0x08006583     0xe  Code  Gb  hal_brightness.o [1]
hal_set_led             0x08006605    0x20  Code  Gb  hal_led.o [1]
hal_system_reset        0x08006533     0x8  Code  Gb  hal_platform.o [1]
i2c1_init               0x08003ba5    0x94  Code  Gb  I2c.o [1]
i2c1_recover            0x08003c39    0xbe  Code  Gb  I2c.o [1]
input_hex_to_int        0x08005f97    0xc6  Code  Gb  main.o [1]
internal_Pow            0x08001a59   0x418  Code  Lc  pow.o [4]
isspace                 0x08007099    0x14  Code  Gb  isxxx.o [3]
lnbias                  0x08001e88   0x420  Data  Lc  pow.o [4]
localeconv              0x08001923    0x16  Code  Gb  localeconv.o [3]
low_level_setled        0x08006713   0x1d0  Code  Gb  WS2812.o [1]
main                    0x08005f81    0x10  Code  Gb  main.o [1]
memchr                  0x08000f79          Code  Gb  memchr.o [5]
ndigs                   0x080072a4    0x28  Data  Lc  xstoul.o [3]
nt3h1101_get_id         0x080056db    0x5c  Code  Gb  nt3h1101.o [1]
nt3h1101_init           0x08005955     0xc  Code  Gb  nt3h1101.o [1]
nt3h1101_int_init       0x080058b3    0x72  Code  Gb  nt3h1101.o [1]
nt3h1101_power_ctl_init
                        0x0800541d    0x30  Code  Gb  nt3h1101.o [1]
nt3h1101_power_off      0x08005471     0xc  Code  Gb  nt3h1101.o [1]
nt3h1101_power_on       0x0800544d    0x24  Code  Gb  nt3h1101.o [1]
nt3h1101_read_one_block
                        0x0800547d   0x25e  Code  Gb  nt3h1101.o [1]
nt3h1101_timeout        0x200068dc     0x4  Data  Lc  nt3h1101.o [1]
nt3h1101_write_reg      0x08005737   0x17c  Code  Gb  nt3h1101.o [1]
obuf                    0x20006784    0x50  Data  Lc  xfiles.o [3]
opt3001_get_lux         0x08005eed    0x6e  Code  Gb  opt3001.o [1]
opt3001_read_two_byte   0x08005bf1   0x28c  Code  Lc  opt3001.o [1]
opt3001_reg_init        0x08005e7d    0x70  Code  Gb  opt3001.o [1]
opt3001_timeout         0x200068e0     0x4  Data  Lc  opt3001.o [1]
opt3001_write_two_byte  0x08005a5d   0x194  Code  Lc  opt3001.o [1]
pow                     0x08001e77     0xe  Code  Gb  pow.o [4]
printf                  0x080064f9    0x24  Code  Gb  printf.o [3]
prvAddCurrentTaskToDelayedList
                        0x08002ced    0x4a  Code  Lc  tasks.o [1]
prvAllocateTCBAndStack  0x08002d37    0x3c  Code  Lc  tasks.o [1]
prvCheckTasksWaitingTermination
                        0x08002c83    0x66  Code  Lc  tasks.o [1]
prvDeleteTCB            0x08002d73    0x12  Code  Lc  tasks.o [1]
prvHeapInit             0x08003203    0x6e  Code  Lc  heap_4.o [1]
prvIdleTask             0x08002ba1    0x18  Code  Lc  tasks.o [1]
prvInitialiseTCBVariables
                        0x08002bc5    0x66  Code  Lc  tasks.o [1]
prvInitialiseTaskLists  0x08002c2b    0x58  Code  Lc  tasks.o [1]
prvInsertBlockIntoFreeList
                        0x08003271    0x62  Code  Lc  heap_4.o [1]
prvResetNextTaskUnblockTime
                        0x08002d85    0x2a  Code  Lc  tasks.o [1]
prvTaskExitError        0x08002ea9    0x18  Code  Lc  port.o [1]
putchar                 0x08007899     0xc  Code  Gb  putchar.o [3]
pvPortMalloc            0x080030a5    0xfa  Code  Gb  heap_4.o [1]
pxCurrentTCB            0x200068ec     0x4  Data  Gb  tasks.o [1]
pxDelayedTaskList       0x200068f0     0x4  Data  Lc  tasks.o [1]
pxEnd                   0x200068bc     0x4  Data  Lc  heap_4.o [1]
pxOverflowDelayedTaskList
                        0x200068f4     0x4  Data  Lc  tasks.o [1]
pxPortInitialiseStack   0x08002e8d    0x1c  Code  Gb  port.o [1]
pxReadyTasksLists       0x20006720    0x64  Data  Lc  tasks.o [1]
scanf                   0x080064d5    0x24  Code  Gb  scanf.o [3]
set_led                 0x080068fd    0x20  Code  Gb  WS2812.o [1]
sht20_read_rh           0x08003627   0x2be  Code  Lc  SHT20.o [1]
sht20_read_temp         0x080032f1   0x336  Code  Lc  SHT20.o [1]
sht20_timeout           0x200068e8     0x4  Data  Lc  SHT20.o [1]
strchr                  0x08000f29          Code  Gb  strchr.o [5]
strlen                  0x08000f41          Code  Gb  strlen.o [5]
system_reset            0x08006e83     0xe  Code  Gb  platform.o [1]
tolower                 0x080072f9    0x14  Code  Gb  tolower.o [3]
ucHeap                  0x20000b20  0x4400  Data  Lc  heap_4.o [1]
ucMaxSysCallPriority    0x20006925     0x1  Data  Lc  port.o [1]
ulMaxPRIGROUPValue      0x200068e4     0x4  Data  Lc  port.o [1]
ulPortSetInterruptMask  0x08002e37          Code  Gb  portasm.o [1]
ungetc                  0x08007525    0x52  Code  Gb  ungetc.o [3]
uxCriticalNesting       0x20000000     0x4  Data  Lc  port.o [1]
uxCurrentNumberOfTasks  0x200068fc     0x4  Data  Lc  tasks.o [1]
uxListRemove            0x0800307b    0x28  Code  Gb  list.o [1]
uxPendedTicks           0x2000690c     0x4  Data  Lc  tasks.o [1]
uxSchedulerSuspended    0x20006920     0x4  Data  Lc  tasks.o [1]
uxTaskNumber            0x20006918     0x4  Data  Lc  tasks.o [1]
uxTasksDeleted          0x200068f8     0x4  Data  Lc  tasks.o [1]
uxTopReadyPriority      0x20006904     0x4  Data  Lc  tasks.o [1]
vListInitialise         0x08003005    0x1e  Code  Gb  list.o [1]
vListInitialiseItem     0x08003023     0x6  Code  Gb  list.o [1]
vListInsert             0x08003041    0x3a  Code  Gb  list.o [1]
vListInsertEnd          0x08003029    0x18  Code  Gb  list.o [1]
vPortClearInterruptMask
                        0x08002e45          Code  Gb  portasm.o [1]
vPortEnterCritical      0x08002f5b    0x30  Code  Gb  port.o [1]
vPortExitCritical       0x08002f8b    0x2a  Code  Gb  port.o [1]
vPortFree               0x0800319f    0x64  Code  Gb  heap_4.o [1]
vPortSetupTimerInterrupt
                        0x08002fd3    0x10  Code  Wk  port.o [1]
vPortStartFirstTask     0x08002e6b          Code  Gb  portasm.o [1]
vPortYield              0x08002f49    0x12  Code  Gb  port.o [1]
vTaskDelay              0x0800283b    0x6c  Code  Gb  tasks.o [1]
vTaskLED                0x08005f93     0x2  Code  Lc  main.o [1]
vTaskMsgPro             0x08005f95     0x2  Code  Lc  main.o [1]
vTaskStart              0x08006061   0x2ce  Code  Lc  main.o [1]
vTaskStartScheduler     0x080028a7    0x58  Code  Gb  tasks.o [1]
vTaskSuspendAll         0x080028ff    0x10  Code  Gb  tasks.o [1]
vTaskSwitchContext      0x08002b2b    0x6a  Code  Gb  tasks.o [1]
vTaskTaskUserIF         0x08005f91     0x2  Code  Lc  main.o [1]
xBlockAllocatedBit      0x200068c8     0x4  Data  Lc  heap_4.o [1]
xDelayedTaskList1       0x2000684c    0x14  Data  Lc  tasks.o [1]
xDelayedTaskList2       0x20006860    0x14  Data  Lc  tasks.o [1]
xFreeBytesRemaining     0x200068c0     0x4  Data  Lc  heap_4.o [1]
xHandleTaskLED          0x200068d0     0x4  Data  Lc  main.o [1]
xHandleTaskMsgPro       0x200068d4     0x4  Data  Lc  main.o [1]
xHandleTaskStart        0x200068d8     0x4  Data  Lc  main.o [1]
xHandleTaskUserIF       0x200068cc     0x4  Data  Lc  main.o [1]
xHeapStructSize         0x08007a6c     0x4  Data  Lc  heap_4.o [1]
xMinimumEverFreeBytesRemaining
                        0x200068c4     0x4  Data  Lc  heap_4.o [1]
xNextTaskUnblockTime    0x2000691c     0x4  Data  Lc  tasks.o [1]
xNumOfOverflows         0x20006914     0x4  Data  Lc  tasks.o [1]
xPendingReadyList       0x20006874    0x14  Data  Lc  tasks.o [1]
xPortStartScheduler     0x08002ec1    0x88  Code  Gb  port.o [1]
xSchedulerRunning       0x20006908     0x4  Data  Lc  tasks.o [1]
xStart                  0x200068b0     0x8  Data  Lc  heap_4.o [1]
xSuspendedTaskList      0x2000689c    0x14  Data  Lc  tasks.o [1]
xTaskGenericCreate      0x080026ed   0x14e  Code  Gb  tasks.o [1]
xTaskIncrementTick      0x080029f7   0x134  Code  Gb  tasks.o [1]
xTaskResumeAll          0x0800290f    0xe8  Code  Gb  tasks.o [1]
xTasksWaitingTermination
                        0x20006888    0x14  Data  Lc  tasks.o [1]
xTickCount              0x20006900     0x4  Data  Lc  tasks.o [1]
xYieldPending           0x20006910     0x4  Data  Lc  tasks.o [1]


[1] = F:\phoenix\PRO\IAR+FreeRTOS+STM32L1xx\Project\EWARMv6\Debug\Obj
[2] = command line
[3] = dl7M_tlf.a
[4] = m7M_tl.a
[5] = rt7M_tl.a
[6] = shb_l.a

  30 386 bytes of readonly  code memory
   1 307 bytes of readonly  data memory
  26 918 bytes of readwrite data memory

Errors: none
Warnings: none
