###############################################################################
#
# IAR ELF Linker V7.50.2.10312/W32 for ARM                30/Nov/2016  11:34:19
# Copyright 2007-2015 IAR Systems AB.
#
#    Output file  =  
#        F:\phoenix\PRO\IAR+FreeRTOS+STM32L1xx\Project\EWARMv6\Debug\Exe\c.out
#    Map file     =  
#        F:\phoenix\PRO\IAR+FreeRTOS+STM32L1xx\Project\EWARMv6\Debug\List\c.map
#    Command line =  
#        F:\phoenix\PRO\IAR+FreeRTOS+STM32L1xx\Project\EWARMv6\Debug\Obj\adc.o
#        F:\phoenix\PRO\IAR+FreeRTOS+STM32L1xx\Project\EWARMv6\Debug\Obj\adxl345.o
#        F:\phoenix\PRO\IAR+FreeRTOS+STM32L1xx\Project\EWARMv6\Debug\Obj\beep.o
#        F:\phoenix\PRO\IAR+FreeRTOS+STM32L1xx\Project\EWARMv6\Debug\Obj\bsp.o
#        F:\phoenix\PRO\IAR+FreeRTOS+STM32L1xx\Project\EWARMv6\Debug\Obj\croutine.o
#        F:\phoenix\PRO\IAR+FreeRTOS+STM32L1xx\Project\EWARMv6\Debug\Obj\eeprom.o
#        F:\phoenix\PRO\IAR+FreeRTOS+STM32L1xx\Project\EWARMv6\Debug\Obj\event_groups.o
#        F:\phoenix\PRO\IAR+FreeRTOS+STM32L1xx\Project\EWARMv6\Debug\Obj\hal_acc_sensor.o
#        F:\phoenix\PRO\IAR+FreeRTOS+STM32L1xx\Project\EWARMv6\Debug\Obj\hal_beep.o
#        F:\phoenix\PRO\IAR+FreeRTOS+STM32L1xx\Project\EWARMv6\Debug\Obj\hal_brightness.o
#        F:\phoenix\PRO\IAR+FreeRTOS+STM32L1xx\Project\EWARMv6\Debug\Obj\hal_led.o
#        F:\phoenix\PRO\IAR+FreeRTOS+STM32L1xx\Project\EWARMv6\Debug\Obj\hal_nfc.o
#        F:\phoenix\PRO\IAR+FreeRTOS+STM32L1xx\Project\EWARMv6\Debug\Obj\hal_platform.o
#        F:\phoenix\PRO\IAR+FreeRTOS+STM32L1xx\Project\EWARMv6\Debug\Obj\hal_tempRh.o
#        F:\phoenix\PRO\IAR+FreeRTOS+STM32L1xx\Project\EWARMv6\Debug\Obj\heap_4.o
#        F:\phoenix\PRO\IAR+FreeRTOS+STM32L1xx\Project\EWARMv6\Debug\Obj\I2c.o
#        F:\phoenix\PRO\IAR+FreeRTOS+STM32L1xx\Project\EWARMv6\Debug\Obj\list.o
#        F:\phoenix\PRO\IAR+FreeRTOS+STM32L1xx\Project\EWARMv6\Debug\Obj\main.o
#        F:\phoenix\PRO\IAR+FreeRTOS+STM32L1xx\Project\EWARMv6\Debug\Obj\misc.o
#        F:\phoenix\PRO\IAR+FreeRTOS+STM32L1xx\Project\EWARMv6\Debug\Obj\nfc_module.o
#        F:\phoenix\PRO\IAR+FreeRTOS+STM32L1xx\Project\EWARMv6\Debug\Obj\nt3h1101.o
#        F:\phoenix\PRO\IAR+FreeRTOS+STM32L1xx\Project\EWARMv6\Debug\Obj\opt3001.o
#        F:\phoenix\PRO\IAR+FreeRTOS+STM32L1xx\Project\EWARMv6\Debug\Obj\platform.o
#        F:\phoenix\PRO\IAR+FreeRTOS+STM32L1xx\Project\EWARMv6\Debug\Obj\port.o
#        F:\phoenix\PRO\IAR+FreeRTOS+STM32L1xx\Project\EWARMv6\Debug\Obj\portasm.o
#        F:\phoenix\PRO\IAR+FreeRTOS+STM32L1xx\Project\EWARMv6\Debug\Obj\queue.o
#        F:\phoenix\PRO\IAR+FreeRTOS+STM32L1xx\Project\EWARMv6\Debug\Obj\SHT20.o
#        F:\phoenix\PRO\IAR+FreeRTOS+STM32L1xx\Project\EWARMv6\Debug\Obj\startup_stm32l1xx_mdp.o
#        F:\phoenix\PRO\IAR+FreeRTOS+STM32L1xx\Project\EWARMv6\Debug\Obj\stm32l1xx_adc.o
#        F:\phoenix\PRO\IAR+FreeRTOS+STM32L1xx\Project\EWARMv6\Debug\Obj\stm32l1xx_aes.o
#        F:\phoenix\PRO\IAR+FreeRTOS+STM32L1xx\Project\EWARMv6\Debug\Obj\stm32l1xx_aes_util.o
#        F:\phoenix\PRO\IAR+FreeRTOS+STM32L1xx\Project\EWARMv6\Debug\Obj\stm32l1xx_comp.o
#        F:\phoenix\PRO\IAR+FreeRTOS+STM32L1xx\Project\EWARMv6\Debug\Obj\stm32l1xx_crc.o
#        F:\phoenix\PRO\IAR+FreeRTOS+STM32L1xx\Project\EWARMv6\Debug\Obj\stm32l1xx_dac.o
#        F:\phoenix\PRO\IAR+FreeRTOS+STM32L1xx\Project\EWARMv6\Debug\Obj\stm32l1xx_dbgmcu.o
#        F:\phoenix\PRO\IAR+FreeRTOS+STM32L1xx\Project\EWARMv6\Debug\Obj\stm32l1xx_dma.o
#        F:\phoenix\PRO\IAR+FreeRTOS+STM32L1xx\Project\EWARMv6\Debug\Obj\stm32l1xx_exti.o
#        F:\phoenix\PRO\IAR+FreeRTOS+STM32L1xx\Project\EWARMv6\Debug\Obj\stm32l1xx_flash.o
#        F:\phoenix\PRO\IAR+FreeRTOS+STM32L1xx\Project\EWARMv6\Debug\Obj\stm32l1xx_flash_ramfunc.o
#        F:\phoenix\PRO\IAR+FreeRTOS+STM32L1xx\Project\EWARMv6\Debug\Obj\stm32l1xx_fsmc.o
#        F:\phoenix\PRO\IAR+FreeRTOS+STM32L1xx\Project\EWARMv6\Debug\Obj\stm32l1xx_gpio.o
#        F:\phoenix\PRO\IAR+FreeRTOS+STM32L1xx\Project\EWARMv6\Debug\Obj\stm32l1xx_i2c.o
#        F:\phoenix\PRO\IAR+FreeRTOS+STM32L1xx\Project\EWARMv6\Debug\Obj\stm32l1xx_it.o
#        F:\phoenix\PRO\IAR+FreeRTOS+STM32L1xx\Project\EWARMv6\Debug\Obj\stm32l1xx_iwdg.o
#        F:\phoenix\PRO\IAR+FreeRTOS+STM32L1xx\Project\EWARMv6\Debug\Obj\stm32l1xx_lcd.o
#        F:\phoenix\PRO\IAR+FreeRTOS+STM32L1xx\Project\EWARMv6\Debug\Obj\stm32l1xx_opamp.o
#        F:\phoenix\PRO\IAR+FreeRTOS+STM32L1xx\Project\EWARMv6\Debug\Obj\stm32l1xx_pwr.o
#        F:\phoenix\PRO\IAR+FreeRTOS+STM32L1xx\Project\EWARMv6\Debug\Obj\stm32l1xx_rcc.o
#        F:\phoenix\PRO\IAR+FreeRTOS+STM32L1xx\Project\EWARMv6\Debug\Obj\stm32l1xx_rtc.o
#        F:\phoenix\PRO\IAR+FreeRTOS+STM32L1xx\Project\EWARMv6\Debug\Obj\stm32l1xx_sdio.o
#        F:\phoenix\PRO\IAR+FreeRTOS+STM32L1xx\Project\EWARMv6\Debug\Obj\stm32l1xx_spi.o
#        F:\phoenix\PRO\IAR+FreeRTOS+STM32L1xx\Project\EWARMv6\Debug\Obj\stm32l1xx_syscfg.o
#        F:\phoenix\PRO\IAR+FreeRTOS+STM32L1xx\Project\EWARMv6\Debug\Obj\stm32l1xx_tim.o
#        F:\phoenix\PRO\IAR+FreeRTOS+STM32L1xx\Project\EWARMv6\Debug\Obj\stm32l1xx_usart.o
#        F:\phoenix\PRO\IAR+FreeRTOS+STM32L1xx\Project\EWARMv6\Debug\Obj\stm32l1xx_wwdg.o
#        F:\phoenix\PRO\IAR+FreeRTOS+STM32L1xx\Project\EWARMv6\Debug\Obj\system_stm32l1xx.o
#        F:\phoenix\PRO\IAR+FreeRTOS+STM32L1xx\Project\EWARMv6\Debug\Obj\tasks.o
#        F:\phoenix\PRO\IAR+FreeRTOS+STM32L1xx\Project\EWARMv6\Debug\Obj\timers.o
#        F:\phoenix\PRO\IAR+FreeRTOS+STM32L1xx\Project\EWARMv6\Debug\Obj\usart.o
#        F:\phoenix\PRO\IAR+FreeRTOS+STM32L1xx\Project\EWARMv6\Debug\Obj\WS2812.o
#        -o
#        F:\phoenix\PRO\IAR+FreeRTOS+STM32L1xx\Project\EWARMv6\Debug\Exe\c.out
#        --map
#        F:\phoenix\PRO\IAR+FreeRTOS+STM32L1xx\Project\EWARMv6\Debug\List\c.map
#        --config
#        F:\phoenix\PRO\IAR+FreeRTOS+STM32L1xx\Project\EWARMv6\SU_driver_IAR.icf
#        --semihosting --entry __iar_program_start --vfe
#
###############################################################################

*******************************************************************************
*** RUNTIME MODEL ATTRIBUTES
***

CppFlavor                     = *
__SystemLibrary               = DLib
__dlib_dynamic_initialization = normal


*******************************************************************************
*** PLACEMENT SUMMARY
***

"A1":  place at 0x08000000 { ro section .intvec };
"P1":  place in [from 0x08000000 to 0x0803ffff] { ro };
"P2":  place in [from 0x20000000 to 0x20007fff] { rw, block CSTACK, block HEAP };

  Section             Kind        Address    Size  Object
  -------             ----        -------    ----  ------
"A1":                                       0x124
  .intvec             ro code  0x08000000   0x124  startup_stm32l1xx_mdp.o [1]
                             - 0x08000124   0x124

"P1":                                      0x86ae
  .text               ro code  0x08000124   0xd8e  xprintffull_nomb.o [3]
  .text               ro code  0x08000eb2    0x76  lz77_init_single.o [5]
  .text               ro code  0x08000f28    0x16  strchr.o [5]
  .text               ro code  0x08000f40    0x36  strlen.o [5]
  .text               ro code  0x08000f78    0x58  memchr.o [5]
  .text               ro code  0x08000fd0    0xee  I64DivMod.o [5]
  .text               ro code  0x080010c0    0x76  ABImemcpy_unaligned.o [5]
  .text               ro code  0x08001136    0x42  xdnorm.o [4]
  .text               ro code  0x08001178    0x2e  DblCmpLe.o [4]
  .text               ro code  0x080011a8    0x2e  DblCmpGe.o [4]
  .text               ro code  0x080011d8   0x10c  xdscale.o [4]
  .text               ro code  0x080012e4    0x58  DblToI32.o [4]
  .text               ro code  0x0800133c    0x30  I32ToDbl.o [4]
  .text               ro code  0x0800136c   0x180  DblSub.o [4]
  .text               ro code  0x080014ec   0x1a2  DblMul.o [4]
  .text               ro code  0x08001690   0x256  DblDiv.o [4]
  .text               ro code  0x080018e8    0x6c  localeconv.o [3]
  .text               ro code  0x08001954     0xe  div.o [3]
  .text               ro code  0x08001964     0x2  I64DivZer.o [5]
  .text               ro code  0x08001968    0xe8  DblAdd.o [4]
  .text               ro code  0x08001a50     0x2  xtls.o [3]
  .text               ro code  0x08001a58   0x850  pow.o [4]
  .text               ro code  0x080022a8    0x7a  xdint.o [4]
  .text               ro code  0x08002324    0x20  DblCmpEq.o [4]
  .text               ro code  0x08002344     0xc  errno.o [3]
  .text               ro code  0x08002350    0xac  xlog.o [4]
  .text               ro code  0x080023fc   0x2bc  xexp.o [4]
  .text               ro code  0x080026b8    0x32  xdtest.o [4]
  .text               ro code  0x080026ec   0x7ec  adxl345.o [1]
  .text               ro code  0x08002ed8   0x248  stm32l1xx_i2c.o [1]
  .text               ro code  0x08003120   0x160  I2c.o [1]
  .text               ro code  0x08003280    0x32  I32ToFlt.o [4]
  .text               ro code  0x080032b4    0xd8  FltMul.o [4]
  .text               ro code  0x0800338c    0xfc  FltDiv.o [4]
  .text               ro code  0x08003488   0x228  stm32l1xx_rcc.o [1]
  .text               ro code  0x080036b0   0x102  stm32l1xx_gpio.o [1]
  .text               ro code  0x080037b4   0x70c  tasks.o [1]
  CODE                ro code  0x08003ec0    0x94  portasm.o [1]
  .text               ro code  0x08003f54   0x178  port.o [1]
  .text               ro code  0x080040cc    0x9e  list.o [1]
  .text               ro code  0x0800416c   0x24c  heap_4.o [1]
  .text               ro code  0x080043b8   0x6c0  nt3h1101.o [1]
  .text               ro code  0x08004a78    0x24  printf.o [3]
  .text               ro code  0x08004a9c    0x72  hal_nfc.o [1]
  .text               ro code  0x08004b10    0x64  stm32l1xx_syscfg.o [1]
  .text               ro code  0x08004b74    0x98  stm32l1xx_exti.o [1]
  .text               ro code  0x08004c0c    0x88  misc.o [1]
  .text               ro code  0x08004c94   0x66a  SHT20.o [1]
  .text               ro code  0x08005300    0x4e  FltToDbl.o [4]
  .text               ro code  0x08005350    0x90  DblToFlt.o [4]
  .text               ro code  0x080053e0    0x84  FltAdd.o [4]
  .text               ro code  0x08005464    0xd6  FltSub.o [4]
  .text               ro code  0x0800553c   0x644  main.o [1]
  .text               ro code  0x08005b80    0x38  bsp.o [1]
  .text               ro code  0x08005bb8    0x24  scanf.o [3]
  .text               ro code  0x08005bdc    0x16  hal_beep.o [1]
  .text               ro code  0x08005bf2    0x50  hal_platform.o [1]
  .text               ro code  0x08005c42    0x22  hal_brightness.o [1]
  .text               ro code  0x08005c64    0x1a  hal_tempRh.o [1]
  .text               ro code  0x08005c7e    0x20  hal_acc_sensor.o [1]
  .text               ro code  0x08005c9e    0x20  hal_led.o [1]
  .text               ro code  0x08005cbe   0x26e  nfc_module.o [1]
  .text               ro code  0x08005f2c    0xc4  adc.o [1]
  .text               ro code  0x08005ff0   0x5d0  usart.o [1]
  .text               ro code  0x080065c0   0x2fc  WS2812.o [1]
  .text               ro code  0x080068bc   0x4f8  xscanfsmall_nomb.o [3]
  .text               ro code  0x08006db4    0x54  beep.o [1]
  .text               ro code  0x08006e08   0x158  platform.o [1]
  .text               ro code  0x08006f60   0x524  opt3001.o [1]
  .text               ro code  0x08007484   0x280  stm32l1xx_adc.o [1]
  .text               ro code  0x08007704   0x1e4  stm32l1xx_dma.o [1]
  .text               ro code  0x080078e8   0x20c  stm32l1xx_usart.o [1]
  .text               ro code  0x08007af4    0xd8  stm32l1xx_tim.o [1]
  .text               ro code  0x08007bcc    0x14  isxxx.o [3]
  .text               ro code  0x08007be0    0x88  xstol.o [3]
  .text               ro code  0x08007c68   0x198  xstoul.o [3]
  .text               ro code  0x08007e00    0x18  setlocale.o [3]
  .text               ro code  0x08007e18    0x14  xlocale_c.o [3]
  .text               ro code  0x08007e2c    0x14  tolower.o [3]
  .text               ro code  0x08007e40     0xc  xlocale_c.o [3]
  .text               ro code  0x08007e4c   0x130  system_stm32l1xx.o [1]
  .rodata             const    0x08007f7c    0x7c  main.o [1]
  .rodata             const    0x08007ff8    0x60  main.o [1]
  .text               ro code  0x08008058    0x52  ungetc.o [3]
  .text               ro code  0x080080aa     0x4  xsyslock_nop.o [3]
  .text               ro code  0x080080ae    0x40  zero_init3.o [5]
  .rodata             const    0x080080f0    0x28  main.o [1]
  .text               ro code  0x08008118    0x28  data_init.o [5]
  .rodata             const    0x08008140    0x24  main.o [1]
  .rodata             const    0x08008164    0x24  main.o [1]
  .rodata             const    0x08008188    0x24  main.o [1]
  .rodata             const    0x080081ac    0x24  main.o [1]
  .iar.init_table     const    0x080081d0    0x20  - Linker created -
  .rodata             const    0x080081f0    0x20  main.o [1]
  .rodata             const    0x08008210    0x20  main.o [1]
  .rodata             const    0x08008230    0x1c  main.o [1]
  .rodata             const    0x0800824c    0x1c  main.o [1]
  .rodata             const    0x08008268    0x1c  main.o [1]
  .rodata             const    0x08008284    0x1c  main.o [1]
  .rodata             const    0x080082a0    0x1c  main.o [1]
  .rodata             const    0x080082bc    0x1c  main.o [1]
  .rodata             const    0x080082d8    0x1c  main.o [1]
  .text               ro code  0x080082f4    0x1a  cmain.o [5]
  .text               ro code  0x0800830e     0x4  low_level_init.o [3]
  .text               ro code  0x08008312     0x4  exit.o [3]
  .text               ro code  0x08008318     0xa  cexit.o [5]
  .text               ro code  0x08008324    0x14  exit.o [6]
  .rodata             const    0x08008338    0x18  main.o [1]
  .rodata             const    0x08008350    0x18  main.o [1]
  .rodata             const    0x08008368    0x18  main.o [1]
  .rodata             const    0x08008380    0x18  main.o [1]
  .rodata             const    0x08008398    0x18  main.o [1]
  .rodata             const    0x080083b0    0x18  main.o [1]
  .rodata             const    0x080083c8    0x18  main.o [1]
  .rodata             const    0x080083e0    0x18  main.o [1]
  .rodata             const    0x080083f8    0x18  main.o [1]
  .text               ro code  0x08008410    0x16  xprout.o [3]
  .text               ro code  0x08008428     0xc  putchar.o [3]
  .rodata             const    0x08008434    0x14  main.o [1]
  .rodata             const    0x08008448    0x14  main.o [1]
  .rodata             const    0x0800845c    0x14  main.o [1]
  .rodata             const    0x08008470    0x14  main.o [1]
  .rodata             const    0x08008484    0x14  main.o [1]
  .rodata             const    0x08008498    0x14  main.o [1]
  .rodata             const    0x080084ac    0x14  main.o [1]
  .rodata             const    0x080084c0    0x14  main.o [1]
  .rodata             const    0x080084d4    0x14  main.o [1]
  .rodata             const    0x080084e8    0x14  main.o [1]
  .rodata             const    0x080084fc    0x14  main.o [1]
  .rodata             const    0x08008510    0x14  main.o [1]
  .rodata             const    0x08008524    0x14  main.o [1]
  .rodata             const    0x08008538    0x14  nt3h1101.o [1]
  .rodata             const    0x0800854c    0x10  main.o [1]
  .rodata             const    0x0800855c    0x10  main.o [1]
  .rodata             const    0x0800856c    0x10  main.o [1]
  .rodata             const    0x0800857c    0x10  main.o [1]
  .rodata             const    0x0800858c    0x10  main.o [1]
  .rodata             const    0x0800859c    0x10  main.o [1]
  .rodata             const    0x080085ac    0x10  main.o [1]
  .text               ro code  0x080085bc    0x10  startup_stm32l1xx_mdp.o [1]
  .text               ro code  0x080085cc    0x10  getchar.o [3]
  .text               ro code  0x080085dc     0xe  xscin.o [3]
  .rodata             const    0x080085ec     0xc  main.o [1]
  .rodata             const    0x080085f8     0xc  main.o [1]
  .rodata             const    0x08008604     0xc  main.o [1]
  .rodata             const    0x08008610     0xc  main.o [1]
  .rodata             const    0x0800861c     0xc  main.o [1]
  .rodata             const    0x08008628     0xc  main.o [1]
  .rodata             const    0x08008634     0xc  main.o [1]
  .text               ro code  0x08008640     0xc  stm32l1xx_it.o [1]
  .text               ro code  0x0800864c     0xc  cstartup_M.o [5]
  .rodata             const    0x08008658     0x8  main.o [1]
  .rodata             const    0x08008660     0x8  main.o [1]
  .rodata             const    0x08008668     0x8  tasks.o [1]
  .rodata             const    0x08008670     0x4  heap_4.o [1]
  .text               ro code  0x08008674     0x4  startup_stm32l1xx_mdp.o [1]
  .text               ro code  0x08008678     0x4  startup_stm32l1xx_mdp.o [1]
  .text               ro code  0x0800867c     0x4  startup_stm32l1xx_mdp.o [1]
  .text               ro code  0x08008680     0x4  startup_stm32l1xx_mdp.o [1]
  .text               ro code  0x08008684     0x4  startup_stm32l1xx_mdp.o [1]
  .text               ro code  0x08008688     0x4  startup_stm32l1xx_mdp.o [1]
  .text               ro code  0x0800868c     0x4  startup_stm32l1xx_mdp.o [1]
  .text               ro code  0x08008690     0x4  startup_stm32l1xx_mdp.o [1]
  .text               ro code  0x08008694     0x4  startup_stm32l1xx_mdp.o [1]
  .text               ro code  0x08008698     0x4  startup_stm32l1xx_mdp.o [1]
  .text               ro code  0x0800869c     0x4  startup_stm32l1xx_mdp.o [1]
  .text               ro code  0x080086a0     0x4  startup_stm32l1xx_mdp.o [1]
  .text               ro code  0x080086a4     0x4  startup_stm32l1xx_mdp.o [1]
  .text               ro code  0x080086a8     0x4  startup_stm32l1xx_mdp.o [1]
  .text               ro code  0x080086ac     0x4  startup_stm32l1xx_mdp.o [1]
  .text               ro code  0x080086b0     0x4  startup_stm32l1xx_mdp.o [1]
  .text               ro code  0x080086b4     0x4  startup_stm32l1xx_mdp.o [1]
  .text               ro code  0x080086b8     0x4  startup_stm32l1xx_mdp.o [1]
  .text               ro code  0x080086bc     0x4  startup_stm32l1xx_mdp.o [1]
  .text               ro code  0x080086c0     0x4  startup_stm32l1xx_mdp.o [1]
  .text               ro code  0x080086c4     0x4  startup_stm32l1xx_mdp.o [1]
  .text               ro code  0x080086c8     0x4  startup_stm32l1xx_mdp.o [1]
  .text               ro code  0x080086cc     0x4  startup_stm32l1xx_mdp.o [1]
  .text               ro code  0x080086d0     0x4  startup_stm32l1xx_mdp.o [1]
  .text               ro code  0x080086d4     0x4  startup_stm32l1xx_mdp.o [1]
  .text               ro code  0x080086d8     0x4  startup_stm32l1xx_mdp.o [1]
  .text               ro code  0x080086dc     0x4  startup_stm32l1xx_mdp.o [1]
  .text               ro code  0x080086e0     0x4  startup_stm32l1xx_mdp.o [1]
  .text               ro code  0x080086e4     0x4  startup_stm32l1xx_mdp.o [1]
  .text               ro code  0x080086e8     0x4  startup_stm32l1xx_mdp.o [1]
  .text               ro code  0x080086ec     0x4  startup_stm32l1xx_mdp.o [1]
  .text               ro code  0x080086f0     0x4  startup_stm32l1xx_mdp.o [1]
  .text               ro code  0x080086f4     0x4  startup_stm32l1xx_mdp.o [1]
  .text               ro code  0x080086f8     0x4  startup_stm32l1xx_mdp.o [1]
  .text               ro code  0x080086fc     0x4  startup_stm32l1xx_mdp.o [1]
  .text               ro code  0x08008700     0x4  startup_stm32l1xx_mdp.o [1]
  .text               ro code  0x08008704     0x4  startup_stm32l1xx_mdp.o [1]
  .text               ro code  0x08008708     0x4  startup_stm32l1xx_mdp.o [1]
  .text               ro code  0x0800870c     0x4  startup_stm32l1xx_mdp.o [1]
  .text               ro code  0x08008710     0x4  startup_stm32l1xx_mdp.o [1]
  .text               ro code  0x08008714     0x4  startup_stm32l1xx_mdp.o [1]
  .text               ro code  0x08008718     0x4  startup_stm32l1xx_mdp.o [1]
  .text               ro code  0x0800871c     0x4  startup_stm32l1xx_mdp.o [1]
  .text               ro code  0x08008720     0x4  startup_stm32l1xx_mdp.o [1]
  .text               ro code  0x08008724     0x4  startup_stm32l1xx_mdp.o [1]
  .text               ro code  0x08008728     0x4  startup_stm32l1xx_mdp.o [1]
  .text               ro code  0x0800872c     0x4  startup_stm32l1xx_mdp.o [1]
  .text               ro code  0x08008730     0x4  startup_stm32l1xx_mdp.o [1]
  .text               ro code  0x08008734     0x4  startup_stm32l1xx_mdp.o [1]
  .text               ro code  0x08008738     0x4  startup_stm32l1xx_mdp.o [1]
  .text               ro code  0x0800873c     0x4  startup_stm32l1xx_mdp.o [1]
  .text               ro code  0x08008740     0x4  startup_stm32l1xx_mdp.o [1]
  .text               ro code  0x08008744     0x4  startup_stm32l1xx_mdp.o [1]
  .text               ro code  0x08008748     0x4  startup_stm32l1xx_mdp.o [1]
  .text               ro code  0x0800874c     0x4  startup_stm32l1xx_mdp.o [1]
  .text               ro code  0x08008750     0x4  startup_stm32l1xx_mdp.o [1]
  .text               ro code  0x08008754     0x4  startup_stm32l1xx_mdp.o [1]
  .text               ro code  0x08008758     0x4  startup_stm32l1xx_mdp.o [1]
  .text               ro code  0x0800875c     0x4  startup_stm32l1xx_mdp.o [1]
  .text               ro code  0x08008760     0x4  startup_stm32l1xx_mdp.o [1]
  .text               ro code  0x08008764     0x4  startup_stm32l1xx_mdp.o [1]
  .text               ro code  0x08008768     0x4  startup_stm32l1xx_mdp.o [1]
  .text               ro code  0x0800876c     0x4  startup_stm32l1xx_mdp.o [1]
  .rodata             const    0x08008770     0x0  zero_init3.o [5]
  .rodata             const    0x08008770     0x0  lz77_init_single.o [5]
  Initializer bytes   const    0x08008770    0x62  <for P2-1>
                             - 0x080087d2  0x86ae

"P2", part 1 of 3:                          0x380
  P2-1                         0x20000000   0x380  <Init block>
    .data             inited   0x20000000     0x4  port.o [1]
    .data             inited   0x20000004     0xc  stm32l1xx_rcc.o [1]
    .data             inited   0x20000010    0x10  stm32l1xx_rcc.o [1]
    .data             inited   0x20000020   0x1e0  WS2812.o [1]
    .data             inited   0x20000200    0x40  xfiles.o [3]
    .data             inited   0x20000240    0x40  xfiles.o [3]
    __DLIB_PERTHREAD  inited   0x20000280     0x4  errno.o [3]
    __DLIB_PERTHREAD  inited   0x20000284    0x88  localeconv.o [3]
    __DLIB_PERTHREAD  inited   0x2000030c    0x74  setlocale.o [3]
                             - 0x20000380   0x380

"P2", part 2 of 3:                          0x800
  CSTACK                       0x20000380   0x800  <Block>
    CSTACK            uninit   0x20000380   0x800  <Block tail>
                             - 0x20000b80   0x800

"P2", part 3 of 3:                         0x5e14
  .bss                zero     0x20000b80  0x4400  heap_4.o [1]
  .bss                zero     0x20004f80   0x400  usart.o [1]
  .bss                zero     0x20005380   0x400  usart.o [1]
  .bss                zero     0x20005780   0x400  usart.o [1]
  .bss                zero     0x20005b80   0x400  usart.o [1]
  .bss                zero     0x20005f80   0x400  usart.o [1]
  .bss                zero     0x20006380   0x400  usart.o [1]
  .bss                zero     0x20006780    0x64  tasks.o [1]
  .bss                zero     0x200067e4    0x50  xfiles.o [3]
  .bss                zero     0x20006834    0x28  usart.o [1]
  .bss                zero     0x2000685c    0x28  usart.o [1]
  .bss                zero     0x20006884    0x28  usart.o [1]
  .bss                zero     0x200068ac    0x14  tasks.o [1]
  .bss                zero     0x200068c0    0x14  tasks.o [1]
  .bss                zero     0x200068d4    0x14  tasks.o [1]
  .bss                zero     0x200068e8    0x14  tasks.o [1]
  .bss                zero     0x200068fc    0x14  tasks.o [1]
  .bss                zero     0x20006910     0x8  heap_4.o [1]
  .bss                zero     0x20006918     0x4  adxl345.o [1]
  .bss                zero     0x2000691c     0x4  adxl345.o [1]
  .bss                zero     0x20006920     0x4  adxl345.o [1]
  .bss                zero     0x20006924     0x4  adxl345.o [1]
  .bss                zero     0x20006928     0x4  heap_4.o [1]
  .bss                zero     0x2000692c     0x4  heap_4.o [1]
  .bss                zero     0x20006930     0x4  heap_4.o [1]
  .bss                zero     0x20006934     0x4  heap_4.o [1]
  .bss                zero     0x20006938     0x4  main.o [1]
  .bss                zero     0x2000693c     0x4  main.o [1]
  .bss                zero     0x20006940     0x4  main.o [1]
  .bss                zero     0x20006944     0x4  main.o [1]
  .bss                zero     0x20006948     0x4  nt3h1101.o [1]
  .bss                zero     0x2000694c     0x4  opt3001.o [1]
  .bss                zero     0x20006950     0x4  port.o [1]
  .bss                zero     0x20006954     0x4  SHT20.o [1]
  .bss                zero     0x20006958     0x4  tasks.o [1]
  .bss                zero     0x2000695c     0x4  tasks.o [1]
  .bss                zero     0x20006960     0x4  tasks.o [1]
  .bss                zero     0x20006964     0x4  tasks.o [1]
  .bss                zero     0x20006968     0x4  tasks.o [1]
  .bss                zero     0x2000696c     0x4  tasks.o [1]
  .bss                zero     0x20006970     0x4  tasks.o [1]
  .bss                zero     0x20006974     0x4  tasks.o [1]
  .bss                zero     0x20006978     0x4  tasks.o [1]
  .bss                zero     0x2000697c     0x4  tasks.o [1]
  .bss                zero     0x20006980     0x4  tasks.o [1]
  .bss                zero     0x20006984     0x4  tasks.o [1]
  .bss                zero     0x20006988     0x4  tasks.o [1]
  .bss                zero     0x2000698c     0x4  tasks.o [1]
  .bss                zero     0x20006990     0x1  main.o [1]
  .bss                zero     0x20006991     0x1  port.o [1]
                             - 0x20006992  0x5e12


*******************************************************************************
*** INIT TABLE
***

          Address     Size
          -------     ----
Zero (__iar_zero_init3)
    1 destination range, total size 0x5e12:
          0x20000b80  0x5e12

Copy/lz77 (__iar_lz77_init_single3)
    1 source range, total size 0x62 (10% of destination):
          0x08008770    0x62
    1 destination range, total size 0x380:
          0x20000000   0x380



*******************************************************************************
*** MODULE SUMMARY
***

    Module                   ro code  ro data  rw data
    ------                   -------  -------  -------
F:\phoenix\PRO\IAR+FreeRTOS+STM32L1xx\Project\EWARMv6\Debug\Obj: [1]
    I2c.o                        352
    SHT20.o                    1 642                 4
    WS2812.o                     764       53      480
    adc.o                        196
    adxl345.o                  2 028                16
    beep.o                        84
    bsp.o                         56
    hal_acc_sensor.o              32
    hal_beep.o                    22
    hal_brightness.o              34
    hal_led.o                     32
    hal_nfc.o                    114
    hal_platform.o                80
    hal_tempRh.o                  26
    heap_4.o                     588        4   17 432
    list.o                       158
    main.o                     1 604    1 352       17
    misc.o                       136
    nfc_module.o                 622
    nt3h1101.o                 1 728       20        4
    opt3001.o                  1 316                 4
    platform.o                   344
    port.o                       376                 9
    portasm.o                    148
    startup_stm32l1xx_mdp.o      560
    stm32l1xx_adc.o              640
    stm32l1xx_dma.o              484
    stm32l1xx_exti.o             152
    stm32l1xx_gpio.o             258
    stm32l1xx_i2c.o              584
    stm32l1xx_it.o                12
    stm32l1xx_rcc.o              552        3       28
    stm32l1xx_syscfg.o           100
    stm32l1xx_tim.o              216
    stm32l1xx_usart.o            524
    system_stm32l1xx.o           304
    tasks.o                    1 804        8      256
    usart.o                    1 488             6 264
    --------------------------------------------------
    Total:                    20 160    1 440   24 514

command line: [2]
    --------------------------------------------------
    Total:

dl7M_tlf.a: [3]
    div.o                         14
    errno.o                       12                 4
    exit.o                         4
    getchar.o                     16
    isxxx.o                       20
    localeconv.o                 108       15      136
    low_level_init.o               4
    printf.o                      36
    putchar.o                     12
    scanf.o                       36
    setlocale.o                   24       13      116
    tolower.o                     20
    ungetc.o                      82
    xfiles.o                               14      208
    xlocale_c.o                   32
    xprintffull_nomb.o         3 470
    xprout.o                      22
    xscanfsmall_nomb.o         1 272
    xscin.o                       14
    xstol.o                      136
    xstoul.o                     408
    xsyslock_nop.o                 4
    xtls.o                         2
    --------------------------------------------------
    Total:                     5 748       42      464

m7M_tl.a: [4]
    DblAdd.o                     232
    DblCmpEq.o                    32
    DblCmpGe.o                    46
    DblCmpLe.o                    46
    DblDiv.o                     598
    DblMul.o                     418
    DblSub.o                     384
    DblToFlt.o                   144
    DblToI32.o                    88
    FltAdd.o                     132
    FltDiv.o                     252
    FltMul.o                     216
    FltSub.o                     214
    FltToDbl.o                    78
    I32ToDbl.o                    48
    I32ToFlt.o                    50
    pow.o                      2 128
    xdint.o                      122
    xdnorm.o                      66
    xdscale.o                    268
    xdtest.o                      50
    xexp.o                       700
    xlog.o                       172
    --------------------------------------------------
    Total:                     6 484

rt7M_tl.a: [5]
    ABImemcpy_unaligned.o        118
    I64DivMod.o                  238
    I64DivZer.o                    2
    cexit.o                       10
    cmain.o                       26
    cstartup_M.o                  12
    data_init.o                   40
    lz77_init_single.o           118
    memchr.o                      88
    strchr.o                      22
    strlen.o                      54
    zero_init3.o                  64
    --------------------------------------------------
    Total:                       792

shb_l.a: [6]
    exit.o                        20
    --------------------------------------------------
    Total:                        20

    Gaps                          48        4
    Linker created                         32    2 048
------------------------------------------------------
    Grand Total:              33 252    1 518   27 026


*******************************************************************************
*** ENTRY LIST
***

Entry                      Address    Size  Type      Object
-----                      -------    ----  ----      ------
.iar.init_table$$Base   0x080081d0           --   Gb  - Linker created -
.iar.init_table$$Limit  0x080081f0           --   Gb  - Linker created -
?main                   0x080082f5          Code  Gb  cmain.o [5]
ADC_Cmd                 0x080074f5    0x1a  Code  Gb  stm32l1xx_adc.o [1]
ADC_DeInit              0x08007485    0x20  Code  Gb  stm32l1xx_adc.o [1]
ADC_GetConversionValue  0x080076e5     0x6  Code  Gb  stm32l1xx_adc.o [1]
ADC_GetFlagStatus       0x080076eb    0x1a  Code  Gb  stm32l1xx_adc.o [1]
ADC_Init                0x080074a5    0x50  Code  Gb  stm32l1xx_adc.o [1]
ADC_RegularChannelConfig
                        0x0800751d   0x1be  Code  Gb  stm32l1xx_adc.o [1]
ADC_SoftwareStartConv   0x080076db     0xa  Code  Gb  stm32l1xx_adc.o [1]
APBAHBPrescTable        0x20000010    0x10  Data  Lc  stm32l1xx_rcc.o [1]
AppTaskCreate           0x08005a01    0x80  Code  Lc  main.o [1]
BusFault_Handler        0x08008647     0x2  Code  Gb  stm32l1xx_it.o [1]
CSTACK$$Base            0x20000380           --   Gb  - Linker created -
CSTACK$$Limit           0x20000b80           --   Gb  - Linker created -
ComToUart               0x08006051    0x2a  Code  Lc  usart.o [1]
ConfigUartNVIC          0x0800642b    0x4c  Code  Lc  usart.o [1]
DMA_ClearFlag           0x08007899    0x10  Code  Gb  stm32l1xx_dma.o [1]
DMA_Cmd                 0x0800784d    0x1c  Code  Gb  stm32l1xx_dma.o [1]
DMA_DeInit              0x08007705   0x10a  Code  Gb  stm32l1xx_dma.o [1]
DMA_GetFlagStatus       0x0800786f    0x2a  Code  Gb  stm32l1xx_dma.o [1]
DMA_Init                0x0800780f    0x3e  Code  Gb  stm32l1xx_dma.o [1]
DMA_SetCurrDataCounter  0x08007869     0x6  Code  Gb  stm32l1xx_dma.o [1]
DebugMon_Handler        0x0800864b     0x2  Code  Gb  stm32l1xx_it.o [1]
EXTI_Init               0x08004b75    0x88  Code  Gb  stm32l1xx_exti.o [1]
GPIO_Init               0x080036b1    0xa4  Code  Gb  stm32l1xx_gpio.o [1]
GPIO_PinAFConfig        0x08003759    0x5a  Code  Gb  stm32l1xx_gpio.o [1]
GPIO_SetBits            0x08003755     0x4  Code  Gb  stm32l1xx_gpio.o [1]
HardFault_Handler       0x08008643     0x2  Code  Gb  stm32l1xx_it.o [1]
I2C_AcknowledgeConfig   0x08003065    0x1c  Code  Gb  stm32l1xx_i2c.o [1]
I2C_CheckEvent          0x080030a3    0x38  Code  Gb  stm32l1xx_i2c.o [1]
I2C_Cmd                 0x08003011    0x1c  Code  Gb  stm32l1xx_i2c.o [1]
I2C_DeInit              0x08002ed9    0x36  Code  Gb  stm32l1xx_i2c.o [1]
I2C_GenerateSTART       0x0800302d    0x1c  Code  Gb  stm32l1xx_i2c.o [1]
I2C_GenerateSTOP        0x08003049    0x1c  Code  Gb  stm32l1xx_i2c.o [1]
I2C_GetFlagStatus       0x080030db    0x46  Code  Gb  stm32l1xx_i2c.o [1]
I2C_Init                0x08002f0f    0xf2  Code  Gb  stm32l1xx_i2c.o [1]
I2C_ReceiveData         0x0800309d     0x6  Code  Gb  stm32l1xx_i2c.o [1]
I2C_Send7bitAddress     0x08003081    0x16  Code  Gb  stm32l1xx_i2c.o [1]
I2C_SendData            0x08003097     0x6  Code  Gb  stm32l1xx_i2c.o [1]
InitHardUart            0x0800620d   0x21e  Code  Lc  usart.o [1]
LED_BYTE_Buffer         0x20000020   0x1e0  Data  Gb  WS2812.o [1]
LoadInt                 0x080006a9    0x6e  Code  Lc  xprintffull_nomb.o [3]
MemManage_Handler       0x08008645     0x2  Code  Gb  stm32l1xx_it.o [1]
NMI_Handler             0x08008641     0x2  Code  Gb  stm32l1xx_it.o [1]
NVIC_Init               0x08004c17    0x6a  Code  Gb  misc.o [1]
NVIC_PriorityGroupConfig
                        0x08004c0d     0xa  Code  Gb  misc.o [1]
NVIC_SystemReset        0x08006e09    0x1a  Code  Lc  platform.o [1]
PLLMulTable             0x20000004     0xc  Data  Lc  stm32l1xx_rcc.o [1]
PendSV_Handler          0x08003ec1          Code  Gb  portasm.o [1]
RCC_AHBPeriphClockCmd   0x0800359d    0x1e  Code  Gb  stm32l1xx_rcc.o [1]
RCC_APB1PeriphClockCmd  0x080035d9    0x1e  Code  Gb  stm32l1xx_rcc.o [1]
RCC_APB1PeriphResetCmd  0x08003615    0x1e  Code  Gb  stm32l1xx_rcc.o [1]
RCC_APB2PeriphClockCmd  0x080035bb    0x1e  Code  Gb  stm32l1xx_rcc.o [1]
RCC_APB2PeriphResetCmd  0x080035f7    0x1e  Code  Gb  stm32l1xx_rcc.o [1]
RCC_GetClocksFreq       0x08003493   0x10a  Code  Gb  stm32l1xx_rcc.o [1]
RCC_GetFlagStatus       0x08003633    0x46  Code  Gb  stm32l1xx_rcc.o [1]
RCC_HSICmd              0x08003489     0xa  Code  Gb  stm32l1xx_rcc.o [1]
Region$$Table$$Base     0x080081d0           --   Gb  - Linker created -
Region$$Table$$Limit    0x080081f0           --   Gb  - Linker created -
SVC_Handler             0x08003f13          Code  Gb  portasm.o [1]
SYSCFG_EXTILineConfig   0x08004b1b    0x50  Code  Gb  stm32l1xx_syscfg.o [1]
SYSCFG_GetBootMode      0x08004b11     0xa  Code  Gb  stm32l1xx_syscfg.o [1]
SetSysClock             0x08007e9f    0xb0  Code  Lc  system_stm32l1xx.o [1]
SysTick_Handler         0x0800407d    0x1e  Code  Gb  port.o [1]
SystemInit              0x08007e4d    0x52  Code  Gb  system_stm32l1xx.o [1]
TIM_Cmd                 0x08007b59    0x1c  Code  Gb  stm32l1xx_tim.o [1]
TIM_DMACmd              0x08007bb7    0x16  Code  Gb  stm32l1xx_tim.o [1]
TIM_OC1Init             0x08007b75    0x42  Code  Gb  stm32l1xx_tim.o [1]
TIM_TimeBaseInit        0x08007af5    0x4e  Code  Gb  stm32l1xx_tim.o [1]
UARTx_TX_DMA_Init       0x08006001    0x50  Code  Gb  usart.o [1]
USART1_IRQHandler       0x08006517     0xa  Code  Gb  usart.o [1]
USART2_IRQHandler       0x08006521     0xa  Code  Gb  usart.o [1]
USART3_IRQHandler       0x0800652b     0xa  Code  Gb  usart.o [1]
USART_ClearFlag         0x08007a79     0xc  Code  Gb  stm32l1xx_usart.o [1]
USART_Cmd               0x080079d9    0x1c  Code  Gb  stm32l1xx_usart.o [1]
USART_GetFlagStatus     0x08007a5b    0x1e  Code  Gb  stm32l1xx_usart.o [1]
USART_GetITStatus       0x08007a85    0x70  Code  Gb  stm32l1xx_usart.o [1]
USART_ITConfig          0x08007a05    0x56  Code  Gb  stm32l1xx_usart.o [1]
USART_Init              0x080078e9    0xe8  Code  Gb  stm32l1xx_usart.o [1]
USART_ReceiveData       0x080079fd     0x8  Code  Gb  stm32l1xx_usart.o [1]
USART_SendData          0x080079f5     0x8  Code  Gb  stm32l1xx_usart.o [1]
UartGetChar             0x08006477    0x50  Code  Lc  usart.o [1]
UartIRQ                 0x080064c7    0x50  Code  Lc  usart.o [1]
UartVarInit             0x0800609d   0x170  Code  Lc  usart.o [1]
UsageFault_Handler      0x08008649     0x2  Code  Gb  stm32l1xx_it.o [1]
WS2812_Timer_Init       0x080065c1    0xee  Code  Gb  WS2812.o [1]
_GenldFullNoMb          0x08000c1f   0x24c  Code  Lc  xprintffull_nomb.o [3]
_GetintSmallNoMb        0x08006b6d   0x232  Code  Lc  xscanfsmall_nomb.o [3]
_GetstrSmallNoMb        0x08006abf    0xac  Code  Lc  xscanfsmall_nomb.o [3]
_IsdstStr               0x20000310     0x4  Data  Gb  setlocale.o [3]
_LdtobFullNoMb          0x0800081d   0x3fc  Code  Lc  xprintffull_nomb.o [3]
_LitobFullNoMb          0x08000717   0x106  Code  Lc  xprintffull_nomb.o [3]
_LocaleC_isspace        0x08007e19    0x14  Code  Gb  xlocale_c.o [3]
_LocaleC_tolower        0x08007e41     0xc  Code  Gb  xlocale_c.o [3]
_LocaleForCat           0x08007e01    0x12  Code  Gb  setlocale.o [3]
_LocaleReturnString     0x20000330    0x50  Data  Lc  setlocale.o [3]
_Locale_Profile         0x20000314    0x1c  Data  Gb  setlocale.o [3]
_Locale_aeabi_lconv     0x200002d4    0x38  Data  Gb  localeconv.o [3]
_Locale_lconv           0x20000284    0x50  Data  Gb  localeconv.o [3]
_PrintfFullNoMb         0x08000125   0x57e  Code  Gb  xprintffull_nomb.o [3]
_Prout                  0x08008411    0x16  Code  Gb  xprout.o [3]
_PutcharsFullNoMb       0x08000e6b    0x2e  Code  Lc  xprintffull_nomb.o [3]
_ScanfSmallNoMb         0x080068d7   0x1e2  Code  Gb  xscanfsmall_nomb.o [3]
_Scin                   0x080085dd     0xe  Code  Gb  xscin.o [3]
_TzoneStr               0x2000030c     0x4  Data  Gb  setlocale.o [3]
_UngetN                 0x080068bd    0x1a  Code  Lc  xscanfsmall_nomb.o [3]
__aeabi_cdcmpeq         0x08002325          Code  Gb  DblCmpEq.o [4]
__aeabi_cdcmple         0x08001179          Code  Gb  DblCmpLe.o [4]
__aeabi_cdrcmple        0x080011a9          Code  Gb  DblCmpGe.o [4]
__aeabi_d2f             0x08005351          Code  Gb  DblToFlt.o [4]
__aeabi_d2iz            0x080012e5          Code  Gb  DblToI32.o [4]
__aeabi_d2uiz           0x08001311          Code  Gb  DblToI32.o [4]
__aeabi_dadd            0x08001969          Code  Gb  DblAdd.o [4]
__aeabi_ddiv            0x08001691          Code  Gb  DblDiv.o [4]
__aeabi_dmul            0x080014ed          Code  Gb  DblMul.o [4]
__aeabi_dsub            0x0800136d          Code  Gb  DblSub.o [4]
__aeabi_errno_addr      0x08002345     0x6  Code  Gb  errno.o [3]
__aeabi_f2d             0x08005301          Code  Gb  FltToDbl.o [4]
__aeabi_fadd            0x080053e1          Code  Gb  FltAdd.o [4]
__aeabi_fdiv            0x0800338d          Code  Gb  FltDiv.o [4]
__aeabi_fmul            0x080032b5          Code  Gb  FltMul.o [4]
__aeabi_i2d             0x0800133d          Code  Gb  I32ToDbl.o [4]
__aeabi_i2f             0x08003281          Code  Gb  I32ToFlt.o [4]
__aeabi_ldiv0           0x08001965          Code  Gb  I64DivZer.o [5]
__aeabi_ui2d            0x08001351          Code  Gb  I32ToDbl.o [4]
__aeabi_ui2f            0x08003295          Code  Gb  I32ToFlt.o [4]
__aeabi_uldivmod        0x08000fd1          Code  Gb  I64DivMod.o [5]
__cmain                 0x080082f5          Code  Gb  cmain.o [5]
__exit                  0x08008325    0x14  Code  Gb  exit.o [6]
__iar_Dint              0x080022a9    0x7a  Code  Gb  xdint.o [4]
__iar_Dnorm             0x08001137    0x42  Code  Gb  xdnorm.o [4]
__iar_Dscale            0x080011d9   0x10c  Code  Gb  xdscale.o [4]
__iar_Dtest             0x080026b9    0x32  Code  Gb  xdtest.o [4]
__iar_Errno             0x20000280     0x4  Data  Gb  errno.o [3]
__iar_Exp               0x080023fd   0x2b6  Code  Gb  xexp.o [4]
__iar_Locale_lconv_init
                        0x080018e9    0x3a  Code  Gb  localeconv.o [3]
__iar_Lockfilelock      0x080080ab     0x2  Code  Gb  xsyslock_nop.o [3]
__iar_Logpoly           0x08002351    0x70  Code  Gb  xlog.o [4]
__iar_Memchr            0x08000f79          Code  Gb  memchr.o [5]
__iar_Stdin             0x20000200    0x40  Data  Gb  xfiles.o [3]
__iar_Stdout            0x20000240    0x40  Data  Gb  xfiles.o [3]
__iar_Stolx             0x08007be1    0x88  Code  Gb  xstol.o [3]
__iar_Stoul             0x08007dad     0x4  Code  Gb  xstoul.o [3]
__iar_Stoulx            0x08007c69   0x13e  Code  Gb  xstoul.o [3]
__iar_Strchr            0x08000f29          Code  Gb  strchr.o [5]
__iar_Unlockfilelock    0x080080ad     0x2  Code  Gb  xsyslock_nop.o [3]
__iar_d2uiz             0x0800131d          Code  Gb  DblToI32.o [4]
__iar_dadd              0x0800197d          Code  Gb  DblAdd.o [4]
__iar_data_init3        0x08008119    0x28  Code  Gb  data_init.o [5]
__iar_dlib_perthread_access
                        0x08001a51     0x2  Code  Gb  xtls.o [3]
__iar_dsub              0x08001381          Code  Gb  DblSub.o [4]
__iar_dsubStart         0x08001393          Code  Gb  DblSub.o [4]
__iar_fadd              0x080053f1          Code  Gb  FltAdd.o [4]
__iar_fsub              0x08005465          Code  Gb  FltSub.o [4]
__iar_fsubStart         0x08005475          Code  Gb  FltSub.o [4]
__iar_lz77_init_single3
                        0x08000eb3    0x76  Code  Gb  lz77_init_single.o [5]
__iar_program_start     0x0800864d          Code  Gb  cstartup_M.o [5]
__iar_ui2d              0x08001355          Code  Gb  I32ToDbl.o [4]
__iar_ui2f              0x08003299          Code  Gb  I32ToFlt.o [4]
__iar_unaligned___aeabi_memcpy
                        0x080010c1          Code  Gb  ABImemcpy_unaligned.o [5]
__iar_unaligned___aeabi_memcpy4
                        0x080010e1          Code  Gb  ABImemcpy_unaligned.o [5]
__iar_unaligned___aeabi_memcpy8
                        0x080010e1          Code  Gb  ABImemcpy_unaligned.o [5]
__iar_zero_init3        0x080080af    0x40  Code  Gb  zero_init3.o [5]
__low_level_init        0x0800830f     0x4  Code  Gb  low_level_init.o [3]
__ungetchar             0x080085d3     0x6  Code  Gb  getchar.o [3]
__vector_table          0x08000000          Data  Gb  startup_stm32l1xx_mdp.o [1]
_call_main              0x08008301          Code  Gb  cmain.o [5]
_exit                   0x08008319          Code  Gb  cexit.o [5]
_main                   0x0800830b          Code  Gb  cmain.o [5]
adxl345_init            0x08002d47    0xc2  Code  Gb  adxl345.o [1]
adxl345_read_bytes      0x08002a83   0x2c4  Code  Gb  adxl345.o [1]
adxl345_read_one_byte   0x080026ed   0x246  Code  Gb  adxl345.o [1]
adxl345_timeout         0x20006924     0x4  Data  Lc  adxl345.o [1]
adxl345_write_one_byte  0x08002933   0x150  Code  Gb  adxl345.o [1]
beep                    0x08006de7    0x16  Code  Gb  beep.o [1]
beep_init               0x08006db5    0x32  Code  Gb  beep.o [1]
bsp_Init                0x08005b95    0x24  Code  Gb  bsp.o [1]
bsp_InitUart            0x08005ff1    0x10  Code  Gb  usart.o [1]
bw_rate_reg             0x20006920     0x4  Data  Gb  adxl345.o [1]
comGetChar              0x0800607b    0x22  Code  Gb  usart.o [1]
data_format_reg         0x20006918     0x4  Data  Gb  adxl345.o [1]
delay                   0x08005b81    0x14  Code  Gb  bsp.o [1]
digits                  0x08007db0    0x28  Data  Lc  xstoul.o [3]
div                     0x08001955     0xe  Code  Gb  div.o [3]
exit                    0x08008313     0x4  Code  Gb  exit.o [3]
fgetc                   0x080065a9    0x18  Code  Gb  usart.o [1]
fputc                   0x08006535    0x22  Code  Gb  usart.o [1]
g_RxBuf1                0x20005380   0x400  Data  Lc  usart.o [1]
g_RxBuf2                0x20005b80   0x400  Data  Lc  usart.o [1]
g_RxBuf3                0x20006380   0x400  Data  Lc  usart.o [1]
g_TxBuf1                0x20004f80   0x400  Data  Lc  usart.o [1]
g_TxBuf2                0x20005780   0x400  Data  Lc  usart.o [1]
g_TxBuf3                0x20005f80   0x400  Data  Lc  usart.o [1]
g_tUart1                0x20006834    0x28  Data  Lc  usart.o [1]
g_tUart2                0x2000685c    0x28  Data  Lc  usart.o [1]
g_tUart3                0x20006884    0x28  Data  Lc  usart.o [1]
getAcceleration         0x08002e09    0xa4  Code  Gb  adxl345.o [1]
getTempRh               0x080052bd    0x42  Code  Gb  SHT20.o [1]
get_boot_index          0x08006f01    0x3e  Code  Gb  platform.o [1]
get_device_id           0x08006e31     0xc  Code  Gb  platform.o [1]
get_device_revision     0x08006e3d     0xa  Code  Gb  platform.o [1]
get_flash_size          0x08006e47    0x6e  Code  Gb  platform.o [1]
get_unique_id           0x08006eb5    0x4c  Code  Gb  platform.o [1]
get_version             0x08006f3f     0x6  Code  Gb  platform.o [1]
getchar                 0x080085cd     0x6  Code  Gb  getchar.o [3]
hal_acc_init            0x08005c97     0x8  Code  Gb  hal_acc_sensor.o [1]
hal_beep                0x08005be5     0xe  Code  Gb  hal_beep.o [1]
hal_beep_init           0x08005bdd     0x8  Code  Gb  hal_beep.o [1]
hal_getAcceleration     0x08005c7f    0x18  Code  Gb  hal_acc_sensor.o [1]
hal_get_boot_index      0x08005c2b     0xc  Code  Gb  hal_platform.o [1]
hal_get_device_id       0x08005bfb     0xc  Code  Gb  hal_platform.o [1]
hal_get_device_revision
                        0x08005c07     0xc  Code  Gb  hal_platform.o [1]
hal_get_flash_size      0x08005c13     0xc  Code  Gb  hal_platform.o [1]
hal_get_tempRH          0x08005c65    0x1a  Code  Gb  hal_tempRh.o [1]
hal_get_unique_id       0x08005c1f     0xc  Code  Gb  hal_platform.o [1]
hal_get_version         0x08005c37     0xc  Code  Gb  hal_platform.o [1]
hal_nfc_get_id          0x08004af9    0x16  Code  Gb  hal_nfc.o [1]
hal_nfc_init            0x08004a9d     0x8  Code  Gb  hal_nfc.o [1]
hal_nfc_power_off       0x08004aad     0x8  Code  Gb  hal_nfc.o [1]
hal_nfc_power_on        0x08004aa5     0x8  Code  Gb  hal_nfc.o [1]
hal_nfc_read_one_block  0x08004ad3    0x26  Code  Gb  hal_nfc.o [1]
hal_nfc_write_one_block
                        0x08004ab5    0x1e  Code  Gb  hal_nfc.o [1]
hal_opt3001_get_lux     0x08005c51    0x14  Code  Gb  hal_brightness.o [1]
hal_opt3001_reg_init    0x08005c43     0xe  Code  Gb  hal_brightness.o [1]
hal_set_led             0x08005c9f    0x20  Code  Gb  hal_led.o [1]
hal_system_reset        0x08005bf3     0x8  Code  Gb  hal_platform.o [1]
i2c1_init               0x08003121    0x94  Code  Gb  I2c.o [1]
i2c1_recover            0x080031b5    0xbe  Code  Gb  I2c.o [1]
input_hex_to_int        0x08005553    0xc6  Code  Gb  main.o [1]
internal_Pow            0x08001a59   0x418  Code  Lc  pow.o [4]
isspace                 0x08007bcd    0x14  Code  Gb  isxxx.o [3]
lnbias                  0x08001e88   0x420  Data  Lc  pow.o [4]
localeconv              0x08001923    0x16  Code  Gb  localeconv.o [3]
low_level_setled        0x080066af   0x1d4  Code  Gb  WS2812.o [1]
main                    0x0800553d    0x10  Code  Gb  main.o [1]
memchr                  0x08000f79          Code  Gb  memchr.o [5]
ndigs                   0x08007dd8    0x28  Data  Lc  xstoul.o [3]
nfc_clear_info_flag     0x08005e83    0xaa  Code  Gb  nfc_module.o [1]
nfc_read_info           0x08005d4f   0x134  Code  Gb  nfc_module.o [1]
nfc_read_info_flag      0x08005cbf    0x90  Code  Gb  nfc_module.o [1]
nt3h1101_get_id         0x080047f1    0x5c  Code  Gb  nt3h1101.o [1]
nt3h1101_init           0x08004a6d     0xc  Code  Gb  nt3h1101.o [1]
nt3h1101_int_init       0x080049c9    0x72  Code  Gb  nt3h1101.o [1]
nt3h1101_power_ctl_init
                        0x080043b9    0x30  Code  Gb  nt3h1101.o [1]
nt3h1101_power_off      0x08004429     0xc  Code  Gb  nt3h1101.o [1]
nt3h1101_power_on       0x080043e9    0x40  Code  Gb  nt3h1101.o [1]
nt3h1101_read_one_block
                        0x08004435   0x25e  Code  Gb  nt3h1101.o [1]
nt3h1101_timeout        0x20006948     0x4  Data  Lc  nt3h1101.o [1]
nt3h1101_write_one_block
                        0x08004693   0x15e  Code  Gb  nt3h1101.o [1]
nt3h1101_write_reg      0x0800484d   0x17c  Code  Gb  nt3h1101.o [1]
obuf                    0x200067e4    0x50  Data  Lc  xfiles.o [3]
opt3001_get_lux         0x080073f1    0x6e  Code  Gb  opt3001.o [1]
opt3001_read_two_byte   0x080070f5   0x28c  Code  Lc  opt3001.o [1]
opt3001_reg_init        0x08007381    0x70  Code  Gb  opt3001.o [1]
opt3001_timeout         0x2000694c     0x4  Data  Lc  opt3001.o [1]
opt3001_write_two_byte  0x08006f61   0x194  Code  Lc  opt3001.o [1]
pow                     0x08001e77     0xe  Code  Gb  pow.o [4]
power_adc_conversion    0x08005f2d    0xc4  Code  Gb  adc.o [1]
power_ctl_reg           0x2000691c     0x4  Data  Gb  adxl345.o [1]
printf                  0x08004a79    0x24  Code  Gb  printf.o [3]
prvAddCurrentTaskToDelayedList
                        0x08003db5    0x4a  Code  Lc  tasks.o [1]
prvAllocateTCBAndStack  0x08003dff    0x3c  Code  Lc  tasks.o [1]
prvCheckTasksWaitingTermination
                        0x08003d4b    0x66  Code  Lc  tasks.o [1]
prvDeleteTCB            0x08003e3b    0x12  Code  Lc  tasks.o [1]
prvHeapInit             0x080042cb    0x6e  Code  Lc  heap_4.o [1]
prvIdleTask             0x08003c69    0x18  Code  Lc  tasks.o [1]
prvInitialiseTCBVariables
                        0x08003c8d    0x66  Code  Lc  tasks.o [1]
prvInitialiseTaskLists  0x08003cf3    0x58  Code  Lc  tasks.o [1]
prvInsertBlockIntoFreeList
                        0x08004339    0x62  Code  Lc  heap_4.o [1]
prvResetNextTaskUnblockTime
                        0x08003e4d    0x2a  Code  Lc  tasks.o [1]
prvTaskExitError        0x08003f71    0x18  Code  Lc  port.o [1]
putchar                 0x08008429     0xc  Code  Gb  putchar.o [3]
pvPortMalloc            0x0800416d    0xfa  Code  Gb  heap_4.o [1]
pxCurrentTCB            0x20006958     0x4  Data  Gb  tasks.o [1]
pxDelayedTaskList       0x2000695c     0x4  Data  Lc  tasks.o [1]
pxEnd                   0x20006928     0x4  Data  Lc  heap_4.o [1]
pxOverflowDelayedTaskList
                        0x20006960     0x4  Data  Lc  tasks.o [1]
pxPortInitialiseStack   0x08003f55    0x1c  Code  Gb  port.o [1]
pxReadyTasksLists       0x20006780    0x64  Data  Lc  tasks.o [1]
scanf                   0x08005bb9    0x24  Code  Gb  scanf.o [3]
set_led                 0x0800689d    0x20  Code  Gb  WS2812.o [1]
sht20_read_rh           0x08004fcb   0x2be  Code  Lc  SHT20.o [1]
sht20_read_temp         0x08004c95   0x336  Code  Lc  SHT20.o [1]
sht20_timeout           0x20006954     0x4  Data  Lc  SHT20.o [1]
strchr                  0x08000f29          Code  Gb  strchr.o [5]
strlen                  0x08000f41          Code  Gb  strlen.o [5]
system_reset            0x08006e23     0xe  Code  Gb  platform.o [1]
tolower                 0x08007e2d    0x14  Code  Gb  tolower.o [3]
ucHeap                  0x20000b80  0x4400  Data  Lc  heap_4.o [1]
ucMaxSysCallPriority    0x20006991     0x1  Data  Lc  port.o [1]
ulMaxPRIGROUPValue      0x20006950     0x4  Data  Lc  port.o [1]
ulPortSetInterruptMask  0x08003eff          Code  Gb  portasm.o [1]
ungetc                  0x08008059    0x52  Code  Gb  ungetc.o [3]
uxCriticalNesting       0x20000000     0x4  Data  Lc  port.o [1]
uxCurrentNumberOfTasks  0x20006968     0x4  Data  Lc  tasks.o [1]
uxListRemove            0x08004143    0x28  Code  Gb  list.o [1]
uxPendedTicks           0x20006978     0x4  Data  Lc  tasks.o [1]
uxSchedulerSuspended    0x2000698c     0x4  Data  Lc  tasks.o [1]
uxTaskNumber            0x20006984     0x4  Data  Lc  tasks.o [1]
uxTasksDeleted          0x20006964     0x4  Data  Lc  tasks.o [1]
uxTopReadyPriority      0x20006970     0x4  Data  Lc  tasks.o [1]
vListInitialise         0x080040cd    0x1e  Code  Gb  list.o [1]
vListInitialiseItem     0x080040eb     0x6  Code  Gb  list.o [1]
vListInsert             0x08004109    0x3a  Code  Gb  list.o [1]
vListInsertEnd          0x080040f1    0x18  Code  Gb  list.o [1]
vPortClearInterruptMask
                        0x08003f0d          Code  Gb  portasm.o [1]
vPortEnterCritical      0x08004023    0x30  Code  Gb  port.o [1]
vPortExitCritical       0x08004053    0x2a  Code  Gb  port.o [1]
vPortFree               0x08004267    0x64  Code  Gb  heap_4.o [1]
vPortSetupTimerInterrupt
                        0x0800409b    0x10  Code  Wk  port.o [1]
vPortStartFirstTask     0x08003f33          Code  Gb  portasm.o [1]
vPortYield              0x08004011    0x12  Code  Gb  port.o [1]
vTaskDelay              0x08003903    0x6c  Code  Gb  tasks.o [1]
vTaskLED                0x0800554f     0x2  Code  Lc  main.o [1]
vTaskMsgPro             0x08005551     0x2  Code  Lc  main.o [1]
vTaskStart              0x0800561d   0x3d6  Code  Lc  main.o [1]
vTaskStartScheduler     0x0800396f    0x58  Code  Gb  tasks.o [1]
vTaskSuspendAll         0x080039c7    0x10  Code  Gb  tasks.o [1]
vTaskSwitchContext      0x08003bf3    0x6a  Code  Gb  tasks.o [1]
vTaskTaskUserIF         0x0800554d     0x2  Code  Lc  main.o [1]
xBlockAllocatedBit      0x20006934     0x4  Data  Lc  heap_4.o [1]
xDelayedTaskList1       0x200068ac    0x14  Data  Lc  tasks.o [1]
xDelayedTaskList2       0x200068c0    0x14  Data  Lc  tasks.o [1]
xFreeBytesRemaining     0x2000692c     0x4  Data  Lc  heap_4.o [1]
xHandleTaskLED          0x2000693c     0x4  Data  Lc  main.o [1]
xHandleTaskMsgPro       0x20006940     0x4  Data  Lc  main.o [1]
xHandleTaskStart        0x20006944     0x4  Data  Lc  main.o [1]
xHandleTaskUserIF       0x20006938     0x4  Data  Lc  main.o [1]
xHeapStructSize         0x08008670     0x4  Data  Lc  heap_4.o [1]
xMinimumEverFreeBytesRemaining
                        0x20006930     0x4  Data  Lc  heap_4.o [1]
xNextTaskUnblockTime    0x20006988     0x4  Data  Lc  tasks.o [1]
xNumOfOverflows         0x20006980     0x4  Data  Lc  tasks.o [1]
xPendingReadyList       0x200068d4    0x14  Data  Lc  tasks.o [1]
xPortStartScheduler     0x08003f89    0x88  Code  Gb  port.o [1]
xSchedulerRunning       0x20006974     0x4  Data  Lc  tasks.o [1]
xStart                  0x20006910     0x8  Data  Lc  heap_4.o [1]
xSuspendedTaskList      0x200068fc    0x14  Data  Lc  tasks.o [1]
xTaskGenericCreate      0x080037b5   0x14e  Code  Gb  tasks.o [1]
xTaskIncrementTick      0x08003abf   0x134  Code  Gb  tasks.o [1]
xTaskResumeAll          0x080039d7    0xe8  Code  Gb  tasks.o [1]
xTasksWaitingTermination
                        0x200068e8    0x14  Data  Lc  tasks.o [1]
xTickCount              0x2000696c     0x4  Data  Lc  tasks.o [1]
xYieldPending           0x2000697c     0x4  Data  Lc  tasks.o [1]


[1] = F:\phoenix\PRO\IAR+FreeRTOS+STM32L1xx\Project\EWARMv6\Debug\Obj
[2] = command line
[3] = dl7M_tlf.a
[4] = m7M_tl.a
[5] = rt7M_tl.a
[6] = shb_l.a

  33 252 bytes of readonly  code memory
   1 518 bytes of readonly  data memory
  27 026 bytes of readwrite data memory

Errors: none
Warnings: none
