###############################################################################
#
# IAR ELF Linker V7.50.2.10312/W32 for ARM                17/Nov/2016  09:45:26
# Copyright 2007-2015 IAR Systems AB.
#
#    Output file  =  
#        E:\temp_pro\SU_driver_IAR_2016_10_31\Project\EWARMv6\Debug\Exe\c.out
#    Map file     =  
#        E:\temp_pro\SU_driver_IAR_2016_10_31\Project\EWARMv6\Debug\List\c.map
#    Command line =  
#        E:\temp_pro\SU_driver_IAR_2016_10_31\Project\EWARMv6\Debug\Obj\bsp.o
#        E:\temp_pro\SU_driver_IAR_2016_10_31\Project\EWARMv6\Debug\Obj\croutine.o
#        E:\temp_pro\SU_driver_IAR_2016_10_31\Project\EWARMv6\Debug\Obj\event_groups.o
#        E:\temp_pro\SU_driver_IAR_2016_10_31\Project\EWARMv6\Debug\Obj\heap_4.o
#        E:\temp_pro\SU_driver_IAR_2016_10_31\Project\EWARMv6\Debug\Obj\list.o
#        E:\temp_pro\SU_driver_IAR_2016_10_31\Project\EWARMv6\Debug\Obj\main.o
#        E:\temp_pro\SU_driver_IAR_2016_10_31\Project\EWARMv6\Debug\Obj\misc.o
#        E:\temp_pro\SU_driver_IAR_2016_10_31\Project\EWARMv6\Debug\Obj\port.o
#        E:\temp_pro\SU_driver_IAR_2016_10_31\Project\EWARMv6\Debug\Obj\portasm.o
#        E:\temp_pro\SU_driver_IAR_2016_10_31\Project\EWARMv6\Debug\Obj\queue.o
#        E:\temp_pro\SU_driver_IAR_2016_10_31\Project\EWARMv6\Debug\Obj\startup_stm32l1xx_mdp.o
#        E:\temp_pro\SU_driver_IAR_2016_10_31\Project\EWARMv6\Debug\Obj\stm32l1xx_adc.o
#        E:\temp_pro\SU_driver_IAR_2016_10_31\Project\EWARMv6\Debug\Obj\stm32l1xx_aes.o
#        E:\temp_pro\SU_driver_IAR_2016_10_31\Project\EWARMv6\Debug\Obj\stm32l1xx_aes_util.o
#        E:\temp_pro\SU_driver_IAR_2016_10_31\Project\EWARMv6\Debug\Obj\stm32l1xx_comp.o
#        E:\temp_pro\SU_driver_IAR_2016_10_31\Project\EWARMv6\Debug\Obj\stm32l1xx_crc.o
#        E:\temp_pro\SU_driver_IAR_2016_10_31\Project\EWARMv6\Debug\Obj\stm32l1xx_dac.o
#        E:\temp_pro\SU_driver_IAR_2016_10_31\Project\EWARMv6\Debug\Obj\stm32l1xx_dbgmcu.o
#        E:\temp_pro\SU_driver_IAR_2016_10_31\Project\EWARMv6\Debug\Obj\stm32l1xx_dma.o
#        E:\temp_pro\SU_driver_IAR_2016_10_31\Project\EWARMv6\Debug\Obj\stm32l1xx_exti.o
#        E:\temp_pro\SU_driver_IAR_2016_10_31\Project\EWARMv6\Debug\Obj\stm32l1xx_flash.o
#        E:\temp_pro\SU_driver_IAR_2016_10_31\Project\EWARMv6\Debug\Obj\stm32l1xx_flash_ramfunc.o
#        E:\temp_pro\SU_driver_IAR_2016_10_31\Project\EWARMv6\Debug\Obj\stm32l1xx_fsmc.o
#        E:\temp_pro\SU_driver_IAR_2016_10_31\Project\EWARMv6\Debug\Obj\stm32l1xx_gpio.o
#        E:\temp_pro\SU_driver_IAR_2016_10_31\Project\EWARMv6\Debug\Obj\stm32l1xx_i2c.o
#        E:\temp_pro\SU_driver_IAR_2016_10_31\Project\EWARMv6\Debug\Obj\stm32l1xx_it.o
#        E:\temp_pro\SU_driver_IAR_2016_10_31\Project\EWARMv6\Debug\Obj\stm32l1xx_iwdg.o
#        E:\temp_pro\SU_driver_IAR_2016_10_31\Project\EWARMv6\Debug\Obj\stm32l1xx_lcd.o
#        E:\temp_pro\SU_driver_IAR_2016_10_31\Project\EWARMv6\Debug\Obj\stm32l1xx_opamp.o
#        E:\temp_pro\SU_driver_IAR_2016_10_31\Project\EWARMv6\Debug\Obj\stm32l1xx_pwr.o
#        E:\temp_pro\SU_driver_IAR_2016_10_31\Project\EWARMv6\Debug\Obj\stm32l1xx_rcc.o
#        E:\temp_pro\SU_driver_IAR_2016_10_31\Project\EWARMv6\Debug\Obj\stm32l1xx_rtc.o
#        E:\temp_pro\SU_driver_IAR_2016_10_31\Project\EWARMv6\Debug\Obj\stm32l1xx_sdio.o
#        E:\temp_pro\SU_driver_IAR_2016_10_31\Project\EWARMv6\Debug\Obj\stm32l1xx_spi.o
#        E:\temp_pro\SU_driver_IAR_2016_10_31\Project\EWARMv6\Debug\Obj\stm32l1xx_syscfg.o
#        E:\temp_pro\SU_driver_IAR_2016_10_31\Project\EWARMv6\Debug\Obj\stm32l1xx_tim.o
#        E:\temp_pro\SU_driver_IAR_2016_10_31\Project\EWARMv6\Debug\Obj\stm32l1xx_usart.o
#        E:\temp_pro\SU_driver_IAR_2016_10_31\Project\EWARMv6\Debug\Obj\stm32l1xx_wwdg.o
#        E:\temp_pro\SU_driver_IAR_2016_10_31\Project\EWARMv6\Debug\Obj\system_stm32l1xx.o
#        E:\temp_pro\SU_driver_IAR_2016_10_31\Project\EWARMv6\Debug\Obj\tasks.o
#        E:\temp_pro\SU_driver_IAR_2016_10_31\Project\EWARMv6\Debug\Obj\timers.o
#        E:\temp_pro\SU_driver_IAR_2016_10_31\Project\EWARMv6\Debug\Obj\usart.o
#        -o
#        E:\temp_pro\SU_driver_IAR_2016_10_31\Project\EWARMv6\Debug\Exe\c.out
#        --map
#        E:\temp_pro\SU_driver_IAR_2016_10_31\Project\EWARMv6\Debug\List\c.map
#        --config
#        E:\temp_pro\SU_driver_IAR_2016_10_31\Project\EWARMv6\SU_driver_IAR.icf
#        --semihosting --entry __iar_program_start --vfe
#
###############################################################################

*******************************************************************************
*** RUNTIME MODEL ATTRIBUTES
***

CppFlavor       = *
__SystemLibrary = DLib


*******************************************************************************
*** PLACEMENT SUMMARY
***

"A1":  place at 0x08000000 { ro section .intvec };
"P1":  place in [from 0x08000000 to 0x0803ffff] { ro };
"P2":  place in [from 0x20000000 to 0x20007fff] { rw, block CSTACK, block HEAP };

  Section            Kind        Address    Size  Object
  -------            ----        -------    ----  ------
"A1":                                      0x124
  .intvec            ro code  0x08000000   0x124  startup_stm32l1xx_mdp.o [1]
                            - 0x08000124   0x124

"P1":                                     0x1da1
  .text              ro code  0x08000124   0x70c  tasks.o [1]
  CODE               ro code  0x08000830    0x94  portasm.o [1]
  .text              ro code  0x080008c4   0x178  port.o [1]
  .text              ro code  0x08000a3c    0x9e  list.o [1]
  .text              ro code  0x08000adc   0x24c  heap_4.o [1]
  .text              ro code  0x08000d28   0x51c  usart.o [1]
  .text              ro code  0x08001244   0x188  stm32l1xx_rcc.o [1]
  .text              ro code  0x080013cc   0x180  stm32l1xx_dma.o [1]
  .text              ro code  0x0800154c    0xfe  stm32l1xx_gpio.o [1]
  .text              ro code  0x0800164c   0x20c  stm32l1xx_usart.o [1]
  .text              ro code  0x08001858    0x88  misc.o [1]
  .text              ro code  0x080018e0   0x14c  xprintftiny.o [3]
  .text              ro code  0x08001a2c    0x36  strlen.o [4]
  .text              ro code  0x08001a64   0x130  system_stm32l1xx.o [1]
  .text              ro code  0x08001b94    0x5c  main.o [1]
  .text              ro code  0x08001bf0    0x10  bsp.o [1]
  .text              ro code  0x08001c00    0x24  printf.o [3]
  .text              ro code  0x08001c24    0x40  zero_init3.o [4]
  .text              ro code  0x08001c64    0x38  packbits_init_single.o [4]
  .text              ro code  0x08001c9c    0x28  data_init.o [4]
  .iar.init_table    const    0x08001cc4    0x20  - Linker created -
  .text              ro code  0x08001ce4    0x1a  cmain.o [4]
  .text              ro code  0x08001cfe     0x4  low_level_init.o [3]
  .text              ro code  0x08001d02     0x4  exit.o [3]
  .text              ro code  0x08001d08     0xa  cexit.o [4]
  .text              ro code  0x08001d14    0x14  exit.o [5]
  .text              ro code  0x08001d28    0x16  xprout.o [3]
  .text              ro code  0x08001d40     0xc  putchar.o [3]
  .text              ro code  0x08001d4c    0x10  startup_stm32l1xx_mdp.o [1]
  .rodata            const    0x08001d5c     0xc  main.o [1]
  .text              ro code  0x08001d68     0xc  stm32l1xx_it.o [1]
  .text              ro code  0x08001d74     0xc  cstartup_M.o [4]
  .rodata            const    0x08001d80     0x8  tasks.o [1]
  .rodata            const    0x08001d88     0x4  heap_4.o [1]
  .text              ro code  0x08001d8c     0x4  startup_stm32l1xx_mdp.o [1]
  .text              ro code  0x08001d90     0x4  startup_stm32l1xx_mdp.o [1]
  .text              ro code  0x08001d94     0x4  startup_stm32l1xx_mdp.o [1]
  .text              ro code  0x08001d98     0x4  startup_stm32l1xx_mdp.o [1]
  .text              ro code  0x08001d9c     0x4  startup_stm32l1xx_mdp.o [1]
  .text              ro code  0x08001da0     0x4  startup_stm32l1xx_mdp.o [1]
  .text              ro code  0x08001da4     0x4  startup_stm32l1xx_mdp.o [1]
  .text              ro code  0x08001da8     0x4  startup_stm32l1xx_mdp.o [1]
  .text              ro code  0x08001dac     0x4  startup_stm32l1xx_mdp.o [1]
  .text              ro code  0x08001db0     0x4  startup_stm32l1xx_mdp.o [1]
  .text              ro code  0x08001db4     0x4  startup_stm32l1xx_mdp.o [1]
  .text              ro code  0x08001db8     0x4  startup_stm32l1xx_mdp.o [1]
  .text              ro code  0x08001dbc     0x4  startup_stm32l1xx_mdp.o [1]
  .text              ro code  0x08001dc0     0x4  startup_stm32l1xx_mdp.o [1]
  .text              ro code  0x08001dc4     0x4  startup_stm32l1xx_mdp.o [1]
  .text              ro code  0x08001dc8     0x4  startup_stm32l1xx_mdp.o [1]
  .text              ro code  0x08001dcc     0x4  startup_stm32l1xx_mdp.o [1]
  .text              ro code  0x08001dd0     0x4  startup_stm32l1xx_mdp.o [1]
  .text              ro code  0x08001dd4     0x4  startup_stm32l1xx_mdp.o [1]
  .text              ro code  0x08001dd8     0x4  startup_stm32l1xx_mdp.o [1]
  .text              ro code  0x08001ddc     0x4  startup_stm32l1xx_mdp.o [1]
  .text              ro code  0x08001de0     0x4  startup_stm32l1xx_mdp.o [1]
  .text              ro code  0x08001de4     0x4  startup_stm32l1xx_mdp.o [1]
  .text              ro code  0x08001de8     0x4  startup_stm32l1xx_mdp.o [1]
  .text              ro code  0x08001dec     0x4  startup_stm32l1xx_mdp.o [1]
  .text              ro code  0x08001df0     0x4  startup_stm32l1xx_mdp.o [1]
  .text              ro code  0x08001df4     0x4  startup_stm32l1xx_mdp.o [1]
  .text              ro code  0x08001df8     0x4  startup_stm32l1xx_mdp.o [1]
  .text              ro code  0x08001dfc     0x4  startup_stm32l1xx_mdp.o [1]
  .text              ro code  0x08001e00     0x4  startup_stm32l1xx_mdp.o [1]
  .text              ro code  0x08001e04     0x4  startup_stm32l1xx_mdp.o [1]
  .text              ro code  0x08001e08     0x4  startup_stm32l1xx_mdp.o [1]
  .text              ro code  0x08001e0c     0x4  startup_stm32l1xx_mdp.o [1]
  .text              ro code  0x08001e10     0x4  startup_stm32l1xx_mdp.o [1]
  .text              ro code  0x08001e14     0x4  startup_stm32l1xx_mdp.o [1]
  .text              ro code  0x08001e18     0x4  startup_stm32l1xx_mdp.o [1]
  .text              ro code  0x08001e1c     0x4  startup_stm32l1xx_mdp.o [1]
  .text              ro code  0x08001e20     0x4  startup_stm32l1xx_mdp.o [1]
  .text              ro code  0x08001e24     0x4  startup_stm32l1xx_mdp.o [1]
  .text              ro code  0x08001e28     0x4  startup_stm32l1xx_mdp.o [1]
  .text              ro code  0x08001e2c     0x4  startup_stm32l1xx_mdp.o [1]
  .text              ro code  0x08001e30     0x4  startup_stm32l1xx_mdp.o [1]
  .text              ro code  0x08001e34     0x4  startup_stm32l1xx_mdp.o [1]
  .text              ro code  0x08001e38     0x4  startup_stm32l1xx_mdp.o [1]
  .text              ro code  0x08001e3c     0x4  startup_stm32l1xx_mdp.o [1]
  .text              ro code  0x08001e40     0x4  startup_stm32l1xx_mdp.o [1]
  .text              ro code  0x08001e44     0x4  startup_stm32l1xx_mdp.o [1]
  .text              ro code  0x08001e48     0x4  startup_stm32l1xx_mdp.o [1]
  .text              ro code  0x08001e4c     0x4  startup_stm32l1xx_mdp.o [1]
  .text              ro code  0x08001e50     0x4  startup_stm32l1xx_mdp.o [1]
  .text              ro code  0x08001e54     0x4  startup_stm32l1xx_mdp.o [1]
  .text              ro code  0x08001e58     0x4  startup_stm32l1xx_mdp.o [1]
  .text              ro code  0x08001e5c     0x4  startup_stm32l1xx_mdp.o [1]
  .text              ro code  0x08001e60     0x4  startup_stm32l1xx_mdp.o [1]
  .text              ro code  0x08001e64     0x4  startup_stm32l1xx_mdp.o [1]
  .text              ro code  0x08001e68     0x4  startup_stm32l1xx_mdp.o [1]
  .text              ro code  0x08001e6c     0x4  startup_stm32l1xx_mdp.o [1]
  .text              ro code  0x08001e70     0x4  startup_stm32l1xx_mdp.o [1]
  .text              ro code  0x08001e74     0x4  startup_stm32l1xx_mdp.o [1]
  .text              ro code  0x08001e78     0x4  startup_stm32l1xx_mdp.o [1]
  .text              ro code  0x08001e7c     0x4  startup_stm32l1xx_mdp.o [1]
  .text              ro code  0x08001e80     0x4  startup_stm32l1xx_mdp.o [1]
  .text              ro code  0x08001e84     0x4  startup_stm32l1xx_mdp.o [1]
  .rodata            const    0x08001e88     0x0  zero_init3.o [4]
  .rodata            const    0x08001e88     0x0  packbits_init_single.o [4]
  Initializer bytes  const    0x08001e88    0x3d  <for P2-1>
                            - 0x08001ec5  0x1da1

"P2", part 1 of 3:                          0x60
  P2-1                        0x20000000    0x60  <Init block>
    .data            inited   0x20000000     0x4  port.o [1]
    .data            inited   0x20000004     0xc  stm32l1xx_rcc.o [1]
    .data            inited   0x20000010    0x10  stm32l1xx_rcc.o [1]
    .data            inited   0x20000020    0x40  xfiles.o [3]
                            - 0x20000060    0x60

"P2", part 2 of 3:                         0x800
  CSTACK                      0x20000060   0x800  <Block>
    CSTACK           uninit   0x20000060   0x800  <Block tail>
                            - 0x20000860   0x800

"P2", part 3 of 3:                        0x5dec
  .bss               zero     0x20000860  0x4400  heap_4.o [1]
  .bss               zero     0x20004c60   0x400  usart.o [1]
  .bss               zero     0x20005060   0x400  usart.o [1]
  .bss               zero     0x20005460   0x400  usart.o [1]
  .bss               zero     0x20005860   0x400  usart.o [1]
  .bss               zero     0x20005c60   0x400  usart.o [1]
  .bss               zero     0x20006060   0x400  usart.o [1]
  .bss               zero     0x20006460    0x64  tasks.o [1]
  .bss               zero     0x200064c4    0x50  xfiles.o [3]
  .bss               zero     0x20006514    0x28  usart.o [1]
  .bss               zero     0x2000653c    0x28  usart.o [1]
  .bss               zero     0x20006564    0x28  usart.o [1]
  .bss               zero     0x2000658c    0x14  tasks.o [1]
  .bss               zero     0x200065a0    0x14  tasks.o [1]
  .bss               zero     0x200065b4    0x14  tasks.o [1]
  .bss               zero     0x200065c8    0x14  tasks.o [1]
  .bss               zero     0x200065dc    0x14  tasks.o [1]
  .bss               zero     0x200065f0     0x8  heap_4.o [1]
  .bss               zero     0x200065f8     0x4  heap_4.o [1]
  .bss               zero     0x200065fc     0x4  heap_4.o [1]
  .bss               zero     0x20006600     0x4  heap_4.o [1]
  .bss               zero     0x20006604     0x4  heap_4.o [1]
  .bss               zero     0x20006608     0x4  main.o [1]
  .bss               zero     0x2000660c     0x4  port.o [1]
  .bss               zero     0x20006610     0x4  tasks.o [1]
  .bss               zero     0x20006614     0x4  tasks.o [1]
  .bss               zero     0x20006618     0x4  tasks.o [1]
  .bss               zero     0x2000661c     0x4  tasks.o [1]
  .bss               zero     0x20006620     0x4  tasks.o [1]
  .bss               zero     0x20006624     0x4  tasks.o [1]
  .bss               zero     0x20006628     0x4  tasks.o [1]
  .bss               zero     0x2000662c     0x4  tasks.o [1]
  .bss               zero     0x20006630     0x4  tasks.o [1]
  .bss               zero     0x20006634     0x4  tasks.o [1]
  .bss               zero     0x20006638     0x4  tasks.o [1]
  .bss               zero     0x2000663c     0x4  tasks.o [1]
  .bss               zero     0x20006640     0x4  tasks.o [1]
  .bss               zero     0x20006644     0x4  tasks.o [1]
  .bss               zero     0x20006648     0x1  port.o [1]
                            - 0x20006649  0x5de9


*******************************************************************************
*** INIT TABLE
***

          Address     Size
          -------     ----
Zero (__iar_zero_init3)
    1 destination range, total size 0x5de9:
          0x20000860  0x5de9

Copy/packbits (__iar_packbits_init_single3)
    1 source range, total size 0x3d (63% of destination):
          0x08001e88    0x3d
    1 destination range, total size 0x60:
          0x20000000    0x60



*******************************************************************************
*** MODULE SUMMARY
***

    Module                   ro code  ro data  rw data
    ------                   -------  -------  -------
E:\temp_pro\SU_driver_IAR_2016_10_31\Project\EWARMv6\Debug\Obj: [1]
    bsp.o                         16
    heap_4.o                     588        4   17 432
    list.o                       158
    main.o                        92       12        4
    misc.o                       136
    port.o                       376        2        9
    portasm.o                    148
    startup_stm32l1xx_mdp.o      560
    stm32l1xx_dma.o              384
    stm32l1xx_gpio.o             254
    stm32l1xx_it.o                12
    stm32l1xx_rcc.o              392       18       28
    stm32l1xx_usart.o            524
    system_stm32l1xx.o           304
    tasks.o                    1 804        8      256
    usart.o                    1 308             6 264
    --------------------------------------------------
    Total:                     7 056       44   23 993

command line: [2]
    --------------------------------------------------
    Total:

dl7M_tlf.a: [3]
    exit.o                         4
    low_level_init.o               4
    printf.o                      36
    putchar.o                     12
    xfiles.o                               41      144
    xprintftiny.o                332
    xprout.o                      22
    --------------------------------------------------
    Total:                       410       41      144

rt7M_tl.a: [4]
    cexit.o                       10
    cmain.o                       26
    cstartup_M.o                  12
    data_init.o                   40
    packbits_init_single.o        56
    strlen.o                      54
    zero_init3.o                  64
    --------------------------------------------------
    Total:                       262

shb_l.a: [5]
    exit.o                        20
    --------------------------------------------------
    Total:                        20

    Gaps                          12
    Linker created                         32    2 048
------------------------------------------------------
    Grand Total:               7 760      117   26 185


*******************************************************************************
*** ENTRY LIST
***

Entry                      Address    Size  Type      Object
-----                      -------    ----  ----      ------
.iar.init_table$$Base   0x08001cc4           --   Gb  - Linker created -
.iar.init_table$$Limit  0x08001ce4           --   Gb  - Linker created -
?main                   0x08001ce5          Code  Gb  cmain.o [4]
APBAHBPrescTable        0x20000010    0x10  Data  Lc  stm32l1xx_rcc.o [1]
AppTaskCreate           0x08001bb9    0x26  Code  Lc  main.o [1]
BusFault_Handler        0x08001d6f     0x2  Code  Gb  stm32l1xx_it.o [1]
CSTACK$$Base            0x20000060           --   Gb  - Linker created -
CSTACK$$Limit           0x20000860           --   Gb  - Linker created -
ConfigUartNVIC          0x08001117    0x4c  Code  Lc  usart.o [1]
DMA_DeInit              0x080013cd   0x10a  Code  Gb  stm32l1xx_dma.o [1]
DMA_Init                0x080014d7    0x3e  Code  Gb  stm32l1xx_dma.o [1]
DebugMon_Handler        0x08001d73     0x2  Code  Gb  stm32l1xx_it.o [1]
GPIO_Init               0x0800154d    0xa4  Code  Gb  stm32l1xx_gpio.o [1]
GPIO_PinAFConfig        0x080015f1    0x5a  Code  Gb  stm32l1xx_gpio.o [1]
HardFault_Handler       0x08001d6b     0x2  Code  Gb  stm32l1xx_it.o [1]
InitHardUart            0x08000ef9   0x21e  Code  Lc  usart.o [1]
MemManage_Handler       0x08001d6d     0x2  Code  Gb  stm32l1xx_it.o [1]
NMI_Handler             0x08001d69     0x2  Code  Gb  stm32l1xx_it.o [1]
NVIC_Init               0x08001863    0x6a  Code  Gb  misc.o [1]
NVIC_PriorityGroupConfig
                        0x08001859     0xa  Code  Gb  misc.o [1]
PLLMulTable             0x20000004     0xc  Data  Lc  stm32l1xx_rcc.o [1]
PendSV_Handler          0x08000831          Code  Gb  portasm.o [1]
RCC_AHBPeriphClockCmd   0x0800134f    0x1e  Code  Gb  stm32l1xx_rcc.o [1]
RCC_APB1PeriphClockCmd  0x0800138b    0x1e  Code  Gb  stm32l1xx_rcc.o [1]
RCC_APB2PeriphClockCmd  0x0800136d    0x1e  Code  Gb  stm32l1xx_rcc.o [1]
RCC_GetClocksFreq       0x08001245   0x10a  Code  Gb  stm32l1xx_rcc.o [1]
Region$$Table$$Base     0x08001cc4           --   Gb  - Linker created -
Region$$Table$$Limit    0x08001ce4           --   Gb  - Linker created -
SVC_Handler             0x08000883          Code  Gb  portasm.o [1]
SetSysClock             0x08001ab7    0xb0  Code  Lc  system_stm32l1xx.o [1]
SysTick_Handler         0x080009ed    0x1e  Code  Gb  port.o [1]
SystemInit              0x08001a65    0x52  Code  Gb  system_stm32l1xx.o [1]
UARTx_TX_DMA_Init       0x08000d39    0x50  Code  Gb  usart.o [1]
USART1_IRQHandler       0x080011b3     0xa  Code  Gb  usart.o [1]
USART2_IRQHandler       0x080011bd     0xa  Code  Gb  usart.o [1]
USART3_IRQHandler       0x080011c7     0xa  Code  Gb  usart.o [1]
USART_ClearFlag         0x080017dd     0xc  Code  Gb  stm32l1xx_usart.o [1]
USART_Cmd               0x0800173d    0x1c  Code  Gb  stm32l1xx_usart.o [1]
USART_GetFlagStatus     0x080017bf    0x1e  Code  Gb  stm32l1xx_usart.o [1]
USART_GetITStatus       0x080017e9    0x70  Code  Gb  stm32l1xx_usart.o [1]
USART_ITConfig          0x08001769    0x56  Code  Gb  stm32l1xx_usart.o [1]
USART_Init              0x0800164d    0xe8  Code  Gb  stm32l1xx_usart.o [1]
USART_ReceiveData       0x08001761     0x8  Code  Gb  stm32l1xx_usart.o [1]
USART_SendData          0x08001759     0x8  Code  Gb  stm32l1xx_usart.o [1]
UartIRQ                 0x08001163    0x50  Code  Lc  usart.o [1]
UartVarInit             0x08000d89   0x170  Code  Lc  usart.o [1]
UsageFault_Handler      0x08001d71     0x2  Code  Gb  stm32l1xx_it.o [1]
_PrintfTiny             0x080018f9   0x134  Code  Gb  xprintftiny.o [3]
_Prout                  0x08001d29    0x16  Code  Gb  xprout.o [3]
__cmain                 0x08001ce5          Code  Gb  cmain.o [4]
__exit                  0x08001d15    0x14  Code  Gb  exit.o [5]
__iar_Stdout            0x20000020    0x40  Data  Gb  xfiles.o [3]
__iar_data_init3        0x08001c9d    0x28  Code  Gb  data_init.o [4]
__iar_packbits_init_single3
                        0x08001c65    0x38  Code  Gb  packbits_init_single.o [4]
__iar_program_start     0x08001d75          Code  Gb  cstartup_M.o [4]
__iar_zero_init3        0x08001c25    0x40  Code  Gb  zero_init3.o [4]
__low_level_init        0x08001cff     0x4  Code  Gb  low_level_init.o [3]
__vector_table          0x08000000          Data  Gb  startup_stm32l1xx_mdp.o [1]
_call_main              0x08001cf1          Code  Gb  cmain.o [4]
_exit                   0x08001d09          Code  Gb  cexit.o [4]
_main                   0x08001cfb          Code  Gb  cmain.o [4]
bsp_Init                0x08001bf1    0x10  Code  Gb  bsp.o [1]
bsp_InitUart            0x08000d29    0x10  Code  Gb  usart.o [1]
exit                    0x08001d03     0x4  Code  Gb  exit.o [3]
fputc                   0x080011d1    0x22  Code  Gb  usart.o [1]
g_RxBuf1                0x20005060   0x400  Data  Lc  usart.o [1]
g_RxBuf2                0x20005860   0x400  Data  Lc  usart.o [1]
g_RxBuf3                0x20006060   0x400  Data  Lc  usart.o [1]
g_TxBuf1                0x20004c60   0x400  Data  Lc  usart.o [1]
g_TxBuf2                0x20005460   0x400  Data  Lc  usart.o [1]
g_TxBuf3                0x20005c60   0x400  Data  Lc  usart.o [1]
g_tUart1                0x20006514    0x28  Data  Lc  usart.o [1]
g_tUart2                0x2000653c    0x28  Data  Lc  usart.o [1]
g_tUart3                0x20006564    0x28  Data  Lc  usart.o [1]
main                    0x08001b95    0x10  Code  Gb  main.o [1]
obuf                    0x200064c4    0x50  Data  Lc  xfiles.o [3]
out                     0x080018e1    0x18  Code  Lc  xprintftiny.o [3]
printf                  0x08001c01    0x24  Code  Gb  printf.o [3]
prvAddCurrentTaskToDelayedList
                        0x08000725    0x4a  Code  Lc  tasks.o [1]
prvAllocateTCBAndStack  0x0800076f    0x3c  Code  Lc  tasks.o [1]
prvCheckTasksWaitingTermination
                        0x080006bb    0x66  Code  Lc  tasks.o [1]
prvDeleteTCB            0x080007ab    0x12  Code  Lc  tasks.o [1]
prvHeapInit             0x08000c3b    0x6e  Code  Lc  heap_4.o [1]
prvIdleTask             0x080005d9    0x18  Code  Lc  tasks.o [1]
prvInitialiseTCBVariables
                        0x080005fd    0x66  Code  Lc  tasks.o [1]
prvInitialiseTaskLists  0x08000663    0x58  Code  Lc  tasks.o [1]
prvInsertBlockIntoFreeList
                        0x08000ca9    0x62  Code  Lc  heap_4.o [1]
prvResetNextTaskUnblockTime
                        0x080007bd    0x2a  Code  Lc  tasks.o [1]
prvTaskExitError        0x080008e1    0x18  Code  Lc  port.o [1]
putchar                 0x08001d41     0xc  Code  Gb  putchar.o [3]
pvPortMalloc            0x08000add    0xfa  Code  Gb  heap_4.o [1]
pxCurrentTCB            0x20006610     0x4  Data  Gb  tasks.o [1]
pxDelayedTaskList       0x20006614     0x4  Data  Lc  tasks.o [1]
pxEnd                   0x200065f8     0x4  Data  Lc  heap_4.o [1]
pxOverflowDelayedTaskList
                        0x20006618     0x4  Data  Lc  tasks.o [1]
pxPortInitialiseStack   0x080008c5    0x1c  Code  Gb  port.o [1]
pxReadyTasksLists       0x20006460    0x64  Data  Lc  tasks.o [1]
strlen                  0x08001a2d          Code  Gb  strlen.o [4]
ucHeap                  0x20000860  0x4400  Data  Lc  heap_4.o [1]
ucMaxSysCallPriority    0x20006648     0x1  Data  Lc  port.o [1]
ulMaxPRIGROUPValue      0x2000660c     0x4  Data  Lc  port.o [1]
ulPortSetInterruptMask  0x0800086f          Code  Gb  portasm.o [1]
uxCriticalNesting       0x20000000     0x4  Data  Lc  port.o [1]
uxCurrentNumberOfTasks  0x20006620     0x4  Data  Lc  tasks.o [1]
uxListRemove            0x08000ab3    0x28  Code  Gb  list.o [1]
uxPendedTicks           0x20006630     0x4  Data  Lc  tasks.o [1]
uxSchedulerSuspended    0x20006644     0x4  Data  Lc  tasks.o [1]
uxTaskNumber            0x2000663c     0x4  Data  Lc  tasks.o [1]
uxTasksDeleted          0x2000661c     0x4  Data  Lc  tasks.o [1]
uxTopReadyPriority      0x20006628     0x4  Data  Lc  tasks.o [1]
vListInitialise         0x08000a3d    0x1e  Code  Gb  list.o [1]
vListInitialiseItem     0x08000a5b     0x6  Code  Gb  list.o [1]
vListInsert             0x08000a79    0x3a  Code  Gb  list.o [1]
vListInsertEnd          0x08000a61    0x18  Code  Gb  list.o [1]
vPortClearInterruptMask
                        0x0800087d          Code  Gb  portasm.o [1]
vPortEnterCritical      0x08000993    0x30  Code  Gb  port.o [1]
vPortExitCritical       0x080009c3    0x2a  Code  Gb  port.o [1]
vPortFree               0x08000bd7    0x64  Code  Gb  heap_4.o [1]
vPortSetupTimerInterrupt
                        0x08000a0b    0x10  Code  Wk  port.o [1]
vPortStartFirstTask     0x080008a3          Code  Gb  portasm.o [1]
vPortYield              0x08000981    0x12  Code  Gb  port.o [1]
vTaskDelay              0x08000273    0x6c  Code  Gb  tasks.o [1]
vTaskStartScheduler     0x080002df    0x58  Code  Gb  tasks.o [1]
vTaskSuspendAll         0x08000337    0x10  Code  Gb  tasks.o [1]
vTaskSwitchContext      0x08000563    0x6a  Code  Gb  tasks.o [1]
vTaskTaskUserIF         0x08001ba5    0x14  Code  Lc  main.o [1]
xBlockAllocatedBit      0x20006604     0x4  Data  Lc  heap_4.o [1]
xDelayedTaskList1       0x2000658c    0x14  Data  Lc  tasks.o [1]
xDelayedTaskList2       0x200065a0    0x14  Data  Lc  tasks.o [1]
xFreeBytesRemaining     0x200065fc     0x4  Data  Lc  heap_4.o [1]
xHandleTaskUserIF       0x20006608     0x4  Data  Lc  main.o [1]
xHeapStructSize         0x08001d88     0x4  Data  Lc  heap_4.o [1]
xMinimumEverFreeBytesRemaining
                        0x20006600     0x4  Data  Lc  heap_4.o [1]
xNextTaskUnblockTime    0x20006640     0x4  Data  Lc  tasks.o [1]
xNumOfOverflows         0x20006638     0x4  Data  Lc  tasks.o [1]
xPendingReadyList       0x200065b4    0x14  Data  Lc  tasks.o [1]
xPortStartScheduler     0x080008f9    0x88  Code  Gb  port.o [1]
xSchedulerRunning       0x2000662c     0x4  Data  Lc  tasks.o [1]
xStart                  0x200065f0     0x8  Data  Lc  heap_4.o [1]
xSuspendedTaskList      0x200065dc    0x14  Data  Lc  tasks.o [1]
xTaskGenericCreate      0x08000125   0x14e  Code  Gb  tasks.o [1]
xTaskIncrementTick      0x0800042f   0x134  Code  Gb  tasks.o [1]
xTaskResumeAll          0x08000347    0xe8  Code  Gb  tasks.o [1]
xTasksWaitingTermination
                        0x200065c8    0x14  Data  Lc  tasks.o [1]
xTickCount              0x20006624     0x4  Data  Lc  tasks.o [1]
xYieldPending           0x20006634     0x4  Data  Lc  tasks.o [1]


[1] = E:\temp_pro\SU_driver_IAR_2016_10_31\Project\EWARMv6\Debug\Obj
[2] = command line
[3] = dl7M_tlf.a
[4] = rt7M_tl.a
[5] = shb_l.a

   7 760 bytes of readonly  code memory
     117 bytes of readonly  data memory
  26 185 bytes of readwrite data memory

Errors: none
Warnings: none
